[2024-03-27T13:52:08.534+0530][gc,heap] Heap region size: 1M
[2024-03-27T13:52:08.536+0530][gc     ] Using G1
[2024-03-27T13:52:08.536+0530][gc,heap,coops] Heap address: 0x0000000780000000, size: 1024 MB, Compressed Oops mode: Zero based, Oop shift amount: 3
[2024-03-27T13:52:09.050+0530][gc,start     ] GC(0) Pause Young (Concurrent Start) (Metadata GC Threshold)
[2024-03-27T13:52:09.050+0530][gc,task      ] GC(0) Using 9 workers of 9 for evacuation
[2024-03-27T13:52:09.055+0530][gc,phases    ] GC(0)   Pre Evacuate Collection Set: 0.0ms
[2024-03-27T13:52:09.055+0530][gc,phases    ] GC(0)   Evacuate Collection Set: 4.0ms
[2024-03-27T13:52:09.055+0530][gc,phases    ] GC(0)   Post Evacuate Collection Set: 0.2ms
[2024-03-27T13:52:09.055+0530][gc,phases    ] GC(0)   Other: 0.4ms
[2024-03-27T13:52:09.055+0530][gc,heap      ] GC(0) Eden regions: 46->0(44)
[2024-03-27T13:52:09.055+0530][gc,heap      ] GC(0) Survivor regions: 0->7(7)
[2024-03-27T13:52:09.055+0530][gc,heap      ] GC(0) Old regions: 0->1
[2024-03-27T13:52:09.055+0530][gc,heap      ] GC(0) Humongous regions: 0->0
[2024-03-27T13:52:09.055+0530][gc,metaspace ] GC(0) Metaspace: 20756K(21248K)->20756K(21248K) NonClass: 18410K(18688K)->18410K(18688K) Class: 2346K(2560K)->2346K(2560K)
[2024-03-27T13:52:09.055+0530][gc           ] GC(0) Pause Young (Concurrent Start) (Metadata GC Threshold) 46M->7M(1024M) 4.757ms
[2024-03-27T13:52:09.055+0530][gc,cpu       ] GC(0) User=0.01s Sys=0.00s Real=0.00s
[2024-03-27T13:52:09.055+0530][gc           ] GC(1) Concurrent Cycle
[2024-03-27T13:52:09.055+0530][gc,marking   ] GC(1) Concurrent Clear Claimed Marks
[2024-03-27T13:52:09.055+0530][gc,marking   ] GC(1) Concurrent Clear Claimed Marks 0.011ms
[2024-03-27T13:52:09.055+0530][gc,marking   ] GC(1) Concurrent Scan Root Regions
[2024-03-27T13:52:09.056+0530][gc,marking   ] GC(1) Concurrent Scan Root Regions 0.876ms
[2024-03-27T13:52:09.056+0530][gc,marking   ] GC(1) Concurrent Mark (0.533s)
[2024-03-27T13:52:09.056+0530][gc,marking   ] GC(1) Concurrent Mark From Roots
[2024-03-27T13:52:09.056+0530][gc,task      ] GC(1) Using 2 workers of 2 for marking
[2024-03-27T13:52:09.056+0530][gc,marking   ] GC(1) Concurrent Mark From Roots 0.125ms
[2024-03-27T13:52:09.056+0530][gc,marking   ] GC(1) Concurrent Preclean
[2024-03-27T13:52:09.056+0530][gc,marking   ] GC(1) Concurrent Preclean 0.017ms
[2024-03-27T13:52:09.056+0530][gc,marking   ] GC(1) Concurrent Mark (0.533s, 0.533s) 0.166ms
[2024-03-27T13:52:09.056+0530][gc,start     ] GC(1) Pause Remark
[2024-03-27T13:52:09.057+0530][gc,stringtable] GC(1) Cleaned string and symbol table, strings: 7265 processed, 0 removed, symbols: 64971 processed, 28 removed
[2024-03-27T13:52:09.057+0530][gc            ] GC(1) Pause Remark 7M->7M(1024M) 1.093ms
[2024-03-27T13:52:09.057+0530][gc,cpu        ] GC(1) User=0.01s Sys=0.00s Real=0.00s
[2024-03-27T13:52:09.057+0530][gc,marking    ] GC(1) Concurrent Rebuild Remembered Sets
[2024-03-27T13:52:09.057+0530][gc,marking    ] GC(1) Concurrent Rebuild Remembered Sets 0.085ms
[2024-03-27T13:52:09.057+0530][gc,start      ] GC(1) Pause Cleanup
[2024-03-27T13:52:09.057+0530][gc            ] GC(1) Pause Cleanup 7M->7M(1024M) 0.092ms
[2024-03-27T13:52:09.057+0530][gc,cpu        ] GC(1) User=0.00s Sys=0.00s Real=0.00s
[2024-03-27T13:52:09.057+0530][gc,marking    ] GC(1) Concurrent Cleanup for Next Mark
[2024-03-27T13:52:09.058+0530][gc,marking    ] GC(1) Concurrent Cleanup for Next Mark 1.328ms
[2024-03-27T13:52:09.058+0530][gc            ] GC(1) Concurrent Cycle 3.855ms
[2024-03-27T13:52:09.525+0530][gc,start      ] GC(2) Pause Young (Normal) (G1 Evacuation Pause)
[2024-03-27T13:52:09.525+0530][gc,task       ] GC(2) Using 9 workers of 9 for evacuation
[2024-03-27T13:52:09.530+0530][gc,phases     ] GC(2)   Pre Evacuate Collection Set: 0.0ms
[2024-03-27T13:52:09.530+0530][gc,phases     ] GC(2)   Evacuate Collection Set: 4.6ms
[2024-03-27T13:52:09.530+0530][gc,phases     ] GC(2)   Post Evacuate Collection Set: 0.2ms
[2024-03-27T13:52:09.530+0530][gc,phases     ] GC(2)   Other: 0.1ms
[2024-03-27T13:52:09.530+0530][gc,heap       ] GC(2) Eden regions: 44->0(48)
[2024-03-27T13:52:09.530+0530][gc,heap       ] GC(2) Survivor regions: 7->3(7)
[2024-03-27T13:52:09.530+0530][gc,heap       ] GC(2) Old regions: 1->7
[2024-03-27T13:52:09.530+0530][gc,heap       ] GC(2) Humongous regions: 129->129
[2024-03-27T13:52:09.531+0530][gc,metaspace  ] GC(2) Metaspace: 30077K(30976K)->30077K(30976K) NonClass: 26574K(27136K)->26574K(27136K) Class: 3502K(3840K)->3502K(3840K)
[2024-03-27T13:52:09.531+0530][gc            ] GC(2) Pause Young (Normal) (G1 Evacuation Pause) 180M->138M(1024M) 5.081ms
[2024-03-27T13:52:09.531+0530][gc,cpu        ] GC(2) User=0.02s Sys=0.01s Real=0.01s
[2024-03-27T13:52:09.685+0530][gc,start      ] GC(3) Pause Young (Concurrent Start) (Metadata GC Threshold)
[2024-03-27T13:52:09.685+0530][gc,task       ] GC(3) Using 9 workers of 9 for evacuation
[2024-03-27T13:52:09.687+0530][gc,phases     ] GC(3)   Pre Evacuate Collection Set: 0.0ms
[2024-03-27T13:52:09.687+0530][gc,phases     ] GC(3)   Evacuate Collection Set: 1.5ms
[2024-03-27T13:52:09.687+0530][gc,phases     ] GC(3)   Post Evacuate Collection Set: 0.2ms
[2024-03-27T13:52:09.687+0530][gc,phases     ] GC(3)   Other: 0.1ms
[2024-03-27T13:52:09.687+0530][gc,heap       ] GC(3) Eden regions: 29->0(47)
[2024-03-27T13:52:09.687+0530][gc,heap       ] GC(3) Survivor regions: 3->4(7)
[2024-03-27T13:52:09.687+0530][gc,heap       ] GC(3) Old regions: 7->7
[2024-03-27T13:52:09.687+0530][gc,heap       ] GC(3) Humongous regions: 129->129
[2024-03-27T13:52:09.687+0530][gc,metaspace  ] GC(3) Metaspace: 34867K(35840K)->34867K(35840K) NonClass: 30927K(31488K)->30927K(31488K) Class: 3939K(4352K)->3939K(4352K)
[2024-03-27T13:52:09.687+0530][gc            ] GC(3) Pause Young (Concurrent Start) (Metadata GC Threshold) 167M->139M(1024M) 1.935ms
[2024-03-27T13:52:09.687+0530][gc,cpu        ] GC(3) User=0.01s Sys=0.01s Real=0.00s
[2024-03-27T13:52:09.687+0530][gc            ] GC(4) Concurrent Cycle
[2024-03-27T13:52:09.687+0530][gc,marking    ] GC(4) Concurrent Clear Claimed Marks
[2024-03-27T13:52:09.687+0530][gc,marking    ] GC(4) Concurrent Clear Claimed Marks 0.015ms
[2024-03-27T13:52:09.687+0530][gc,marking    ] GC(4) Concurrent Scan Root Regions
[2024-03-27T13:52:09.688+0530][gc,marking    ] GC(4) Concurrent Scan Root Regions 0.976ms
[2024-03-27T13:52:09.688+0530][gc,marking    ] GC(4) Concurrent Mark (1.166s)
[2024-03-27T13:52:09.688+0530][gc,marking    ] GC(4) Concurrent Mark From Roots
[2024-03-27T13:52:09.688+0530][gc,task       ] GC(4) Using 2 workers of 2 for marking
[2024-03-27T13:52:09.690+0530][gc,marking    ] GC(4) Concurrent Mark From Roots 2.228ms
[2024-03-27T13:52:09.691+0530][gc,marking    ] GC(4) Concurrent Preclean
[2024-03-27T13:52:09.691+0530][gc,marking    ] GC(4) Concurrent Preclean 0.029ms
[2024-03-27T13:52:09.691+0530][gc,marking    ] GC(4) Concurrent Mark (1.166s, 1.168s) 2.302ms
[2024-03-27T13:52:09.691+0530][gc,start      ] GC(4) Pause Remark
[2024-03-27T13:52:09.692+0530][gc,stringtable] GC(4) Cleaned string and symbol table, strings: 11738 processed, 8 removed, symbols: 97179 processed, 28 removed
[2024-03-27T13:52:09.692+0530][gc            ] GC(4) Pause Remark 140M->140M(1024M) 1.077ms
[2024-03-27T13:52:09.692+0530][gc,cpu        ] GC(4) User=0.01s Sys=0.00s Real=0.00s
[2024-03-27T13:52:09.692+0530][gc,marking    ] GC(4) Concurrent Rebuild Remembered Sets
[2024-03-27T13:52:09.694+0530][gc,marking    ] GC(4) Concurrent Rebuild Remembered Sets 1.775ms
[2024-03-27T13:52:09.694+0530][gc,start      ] GC(4) Pause Cleanup
[2024-03-27T13:52:09.694+0530][gc            ] GC(4) Pause Cleanup 140M->140M(1024M) 0.116ms
[2024-03-27T13:52:09.694+0530][gc,cpu        ] GC(4) User=0.00s Sys=0.00s Real=0.00s
[2024-03-27T13:52:09.694+0530][gc,marking    ] GC(4) Concurrent Cleanup for Next Mark
[2024-03-27T13:52:09.696+0530][gc,marking    ] GC(4) Concurrent Cleanup for Next Mark 2.149ms
[2024-03-27T13:52:09.696+0530][gc            ] GC(4) Concurrent Cycle 8.969ms
[2024-03-27T13:54:49.465+0530][gc,start      ] GC(5) Pause Young (Normal) (G1 Evacuation Pause)
[2024-03-27T13:54:49.465+0530][gc,task       ] GC(5) Using 9 workers of 9 for evacuation
[2024-03-27T13:54:49.474+0530][gc,phases     ] GC(5)   Pre Evacuate Collection Set: 0.1ms
[2024-03-27T13:54:49.474+0530][gc,phases     ] GC(5)   Evacuate Collection Set: 7.8ms
[2024-03-27T13:54:49.474+0530][gc,phases     ] GC(5)   Post Evacuate Collection Set: 0.3ms
[2024-03-27T13:54:49.474+0530][gc,phases     ] GC(5)   Other: 0.5ms
[2024-03-27T13:54:49.474+0530][gc,heap       ] GC(5) Eden regions: 47->0(46)
[2024-03-27T13:54:49.474+0530][gc,heap       ] GC(5) Survivor regions: 4->5(7)
[2024-03-27T13:54:49.474+0530][gc,heap       ] GC(5) Old regions: 7->9
[2024-03-27T13:54:49.474+0530][gc,heap       ] GC(5) Humongous regions: 129->129
[2024-03-27T13:54:49.474+0530][gc,metaspace  ] GC(5) Metaspace: 43809K(45568K)->43809K(45568K) NonClass: 38565K(39424K)->38565K(39424K) Class: 5244K(6144K)->5244K(6144K)
[2024-03-27T13:54:49.474+0530][gc            ] GC(5) Pause Young (Normal) (G1 Evacuation Pause) 186M->142M(1024M) 8.784ms
[2024-03-27T13:54:49.474+0530][gc,cpu        ] GC(5) User=0.02s Sys=0.04s Real=0.01s
[2024-03-27T13:57:30.357+0530][gc,start      ] GC(6) Pause Young (Normal) (G1 Evacuation Pause)
[2024-03-27T13:57:30.358+0530][gc,task       ] GC(6) Using 9 workers of 9 for evacuation
[2024-03-27T13:57:30.380+0530][gc,mmu        ] GC(6) MMU target violated: 21.0ms (20.0ms/21.0ms)
[2024-03-27T13:57:30.380+0530][gc,phases     ] GC(6)   Pre Evacuate Collection Set: 0.3ms
[2024-03-27T13:57:30.380+0530][gc,phases     ] GC(6)   Evacuate Collection Set: 21.0ms
[2024-03-27T13:57:30.380+0530][gc,phases     ] GC(6)   Post Evacuate Collection Set: 0.6ms
[2024-03-27T13:57:30.380+0530][gc,phases     ] GC(6)   Other: 1.5ms
[2024-03-27T13:57:30.380+0530][gc,heap       ] GC(6) Eden regions: 46->0(45)
[2024-03-27T13:57:30.380+0530][gc,heap       ] GC(6) Survivor regions: 5->6(7)
[2024-03-27T13:57:30.380+0530][gc,heap       ] GC(6) Old regions: 9->11
[2024-03-27T13:57:30.380+0530][gc,heap       ] GC(6) Humongous regions: 129->129
[2024-03-27T13:57:30.380+0530][gc,metaspace  ] GC(6) Metaspace: 49052K(51712K)->49052K(51712K) NonClass: 42900K(44288K)->42900K(44288K) Class: 6151K(7424K)->6151K(7424K)
[2024-03-27T13:57:30.380+0530][gc            ] GC(6) Pause Young (Normal) (G1 Evacuation Pause) 188M->145M(1024M) 23.345ms
[2024-03-27T13:57:30.380+0530][gc,cpu        ] GC(6) User=0.04s Sys=0.03s Real=0.03s
[2024-03-27T14:09:56.737+0530][gc,start      ] GC(7) Pause Young (Normal) (G1 Evacuation Pause)
[2024-03-27T14:09:56.738+0530][gc,task       ] GC(7) Using 9 workers of 9 for evacuation
[2024-03-27T14:09:56.754+0530][gc,phases     ] GC(7)   Pre Evacuate Collection Set: 0.2ms
[2024-03-27T14:09:56.754+0530][gc,phases     ] GC(7)   Evacuate Collection Set: 15.4ms
[2024-03-27T14:09:56.754+0530][gc,phases     ] GC(7)   Post Evacuate Collection Set: 0.5ms
[2024-03-27T14:09:56.754+0530][gc,phases     ] GC(7)   Other: 1.3ms
[2024-03-27T14:09:56.754+0530][gc,heap       ] GC(7) Eden regions: 45->0(45)
[2024-03-27T14:09:56.754+0530][gc,heap       ] GC(7) Survivor regions: 6->6(7)
[2024-03-27T14:09:56.754+0530][gc,heap       ] GC(7) Old regions: 11->14
[2024-03-27T14:09:56.754+0530][gc,heap       ] GC(7) Humongous regions: 129->129
[2024-03-27T14:09:56.754+0530][gc,metaspace  ] GC(7) Metaspace: 49808K(52608K)->49808K(52608K) NonClass: 43613K(45056K)->43613K(45056K) Class: 6194K(7552K)->6194K(7552K)
[2024-03-27T14:09:56.754+0530][gc            ] GC(7) Pause Young (Normal) (G1 Evacuation Pause) 190M->147M(1024M) 17.458ms
[2024-03-27T14:09:56.754+0530][gc,cpu        ] GC(7) User=0.03s Sys=0.03s Real=0.02s
[2024-03-27T14:41:39.621+0530][gc,start      ] GC(8) Pause Young (Normal) (G1 Evacuation Pause)
[2024-03-27T14:41:39.624+0530][gc,task       ] GC(8) Using 9 workers of 9 for evacuation
[2024-03-27T14:41:39.645+0530][gc,mmu        ] GC(8) MMU target violated: 21.0ms (20.0ms/21.0ms)
[2024-03-27T14:41:39.645+0530][gc,phases     ] GC(8)   Pre Evacuate Collection Set: 0.6ms
[2024-03-27T14:41:39.645+0530][gc,phases     ] GC(8)   Evacuate Collection Set: 19.4ms
[2024-03-27T14:41:39.645+0530][gc,phases     ] GC(8)   Post Evacuate Collection Set: 0.7ms
[2024-03-27T14:41:39.645+0530][gc,phases     ] GC(8)   Other: 3.4ms
[2024-03-27T14:41:39.645+0530][gc,heap       ] GC(8) Eden regions: 45->0(48)
[2024-03-27T14:41:39.645+0530][gc,heap       ] GC(8) Survivor regions: 6->3(7)
[2024-03-27T14:41:39.645+0530][gc,heap       ] GC(8) Old regions: 14->17
[2024-03-27T14:41:39.645+0530][gc,heap       ] GC(8) Humongous regions: 129->129
[2024-03-27T14:41:39.645+0530][gc,metaspace  ] GC(8) Metaspace: 50107K(52864K)->50107K(52864K) NonClass: 43878K(45312K)->43878K(45312K) Class: 6228K(7552K)->6228K(7552K)
[2024-03-27T14:41:39.645+0530][gc            ] GC(8) Pause Young (Normal) (G1 Evacuation Pause) 192M->147M(1024M) 24.139ms
[2024-03-27T14:41:39.646+0530][gc,cpu        ] GC(8) User=0.02s Sys=0.04s Real=0.02s
[2024-03-27T15:23:18.059+0530][gc,start      ] GC(9) Pause Young (Normal) (G1 Evacuation Pause)
[2024-03-27T15:23:18.060+0530][gc,task       ] GC(9) Using 9 workers of 9 for evacuation
[2024-03-27T15:23:18.074+0530][gc,phases     ] GC(9)   Pre Evacuate Collection Set: 0.3ms
[2024-03-27T15:23:18.074+0530][gc,phases     ] GC(9)   Evacuate Collection Set: 11.1ms
[2024-03-27T15:23:18.074+0530][gc,phases     ] GC(9)   Post Evacuate Collection Set: 0.9ms
[2024-03-27T15:23:18.074+0530][gc,phases     ] GC(9)   Other: 3.2ms
[2024-03-27T15:23:18.074+0530][gc,heap       ] GC(9) Eden regions: 48->0(49)
[2024-03-27T15:23:18.074+0530][gc,heap       ] GC(9) Survivor regions: 3->2(7)
[2024-03-27T15:23:18.074+0530][gc,heap       ] GC(9) Old regions: 17->17
[2024-03-27T15:23:18.074+0530][gc,heap       ] GC(9) Humongous regions: 129->129
[2024-03-27T15:23:18.074+0530][gc,metaspace  ] GC(9) Metaspace: 50223K(52864K)->50223K(52864K) NonClass: 43989K(45312K)->43989K(45312K) Class: 6234K(7552K)->6234K(7552K)
[2024-03-27T15:23:18.074+0530][gc            ] GC(9) Pause Young (Normal) (G1 Evacuation Pause) 195M->147M(1024M) 14.606ms
[2024-03-27T15:23:18.074+0530][gc,cpu        ] GC(9) User=0.01s Sys=0.01s Real=0.02s
[2024-03-27T16:04:27.093+0530][gc,start      ] GC(10) Pause Young (Normal) (G1 Evacuation Pause)
[2024-03-27T16:04:27.097+0530][gc,task       ] GC(10) Using 9 workers of 9 for evacuation
[2024-03-27T16:04:27.135+0530][gc,mmu        ] GC(10) MMU target violated: 21.0ms (20.0ms/21.0ms)
[2024-03-27T16:04:27.135+0530][gc,phases     ] GC(10)   Pre Evacuate Collection Set: 0.4ms
[2024-03-27T16:04:27.135+0530][gc,phases     ] GC(10)   Evacuate Collection Set: 19.4ms
[2024-03-27T16:04:27.135+0530][gc,phases     ] GC(10)   Post Evacuate Collection Set: 14.3ms
[2024-03-27T16:04:27.135+0530][gc,phases     ] GC(10)   Other: 8.3ms
[2024-03-27T16:04:27.135+0530][gc,heap       ] GC(10) Eden regions: 49->0(49)
[2024-03-27T16:04:27.135+0530][gc,heap       ] GC(10) Survivor regions: 2->2(7)
[2024-03-27T16:04:27.135+0530][gc,heap       ] GC(10) Old regions: 17->17
[2024-03-27T16:04:27.135+0530][gc,heap       ] GC(10) Humongous regions: 129->129
[2024-03-27T16:04:27.135+0530][gc,metaspace  ] GC(10) Metaspace: 50267K(53120K)->50267K(53120K) NonClass: 44033K(45568K)->44033K(45568K) Class: 6234K(7552K)->6234K(7552K)
[2024-03-27T16:04:27.135+0530][gc            ] GC(10) Pause Young (Normal) (G1 Evacuation Pause) 196M->146M(1024M) 41.890ms
[2024-03-27T16:04:27.135+0530][gc,cpu        ] GC(10) User=0.01s Sys=0.01s Real=0.04s
[2024-03-27T20:28:34.095+0530][gc,start      ] GC(11) Pause Young (Normal) (G1 Evacuation Pause)
[2024-03-27T20:28:34.097+0530][gc,task       ] GC(11) Using 9 workers of 9 for evacuation
[2024-03-27T20:28:34.113+0530][gc,phases     ] GC(11)   Pre Evacuate Collection Set: 0.6ms
[2024-03-27T20:28:34.113+0530][gc,phases     ] GC(11)   Evacuate Collection Set: 12.5ms
[2024-03-27T20:28:34.113+0530][gc,phases     ] GC(11)   Post Evacuate Collection Set: 1.8ms
[2024-03-27T20:28:34.113+0530][gc,phases     ] GC(11)   Other: 4.4ms
[2024-03-27T20:28:34.113+0530][gc,heap       ] GC(11) Eden regions: 49->0(49)
[2024-03-27T20:28:34.113+0530][gc,heap       ] GC(11) Survivor regions: 2->2(7)
[2024-03-27T20:28:34.113+0530][gc,heap       ] GC(11) Old regions: 17->17
[2024-03-27T20:28:34.113+0530][gc,heap       ] GC(11) Humongous regions: 129->129
[2024-03-27T20:28:34.114+0530][gc,metaspace  ] GC(11) Metaspace: 50278K(53120K)->50278K(53120K) NonClass: 44044K(45568K)->44044K(45568K) Class: 6234K(7552K)->6234K(7552K)
[2024-03-27T20:28:34.114+0530][gc            ] GC(11) Pause Young (Normal) (G1 Evacuation Pause) 195M->146M(1024M) 18.769ms
[2024-03-27T20:28:34.114+0530][gc,cpu        ] GC(11) User=0.02s Sys=0.01s Real=0.02s
[2024-03-28T03:44:32.807+0530][gc,start      ] GC(12) Pause Young (Normal) (G1 Evacuation Pause)
[2024-03-28T03:44:32.809+0530][gc,task       ] GC(12) Using 9 workers of 9 for evacuation
[2024-03-28T03:44:32.825+0530][gc,phases     ] GC(12)   Pre Evacuate Collection Set: 0.7ms
[2024-03-28T03:44:32.825+0530][gc,phases     ] GC(12)   Evacuate Collection Set: 10.3ms
[2024-03-28T03:44:32.825+0530][gc,phases     ] GC(12)   Post Evacuate Collection Set: 1.5ms
[2024-03-28T03:44:32.825+0530][gc,phases     ] GC(12)   Other: 6.7ms
[2024-03-28T03:44:32.825+0530][gc,heap       ] GC(12) Eden regions: 49->0(49)
[2024-03-28T03:44:32.825+0530][gc,heap       ] GC(12) Survivor regions: 2->2(7)
[2024-03-28T03:44:32.825+0530][gc,heap       ] GC(12) Old regions: 17->17
[2024-03-28T03:44:32.825+0530][gc,heap       ] GC(12) Humongous regions: 129->129
[2024-03-28T03:44:32.825+0530][gc,metaspace  ] GC(12) Metaspace: 50280K(53120K)->50280K(53120K) NonClass: 44046K(45568K)->44046K(45568K) Class: 6234K(7552K)->6234K(7552K)
[2024-03-28T03:44:32.825+0530][gc            ] GC(12) Pause Young (Normal) (G1 Evacuation Pause) 195M->146M(1024M) 18.029ms
[2024-03-28T03:44:32.825+0530][gc,cpu        ] GC(12) User=0.01s Sys=0.02s Real=0.02s
[2024-03-28T13:44:53.124+0530][gc,start      ] GC(13) Pause Young (Normal) (G1 Evacuation Pause)
[2024-03-28T13:44:53.125+0530][gc,task       ] GC(13) Using 9 workers of 9 for evacuation
[2024-03-28T13:44:53.144+0530][gc,phases     ] GC(13)   Pre Evacuate Collection Set: 0.6ms
[2024-03-28T13:44:53.144+0530][gc,phases     ] GC(13)   Evacuate Collection Set: 15.3ms
[2024-03-28T13:44:53.144+0530][gc,phases     ] GC(13)   Post Evacuate Collection Set: 1.6ms
[2024-03-28T13:44:53.144+0530][gc,phases     ] GC(13)   Other: 4.1ms
[2024-03-28T13:44:53.144+0530][gc,heap       ] GC(13) Eden regions: 49->0(49)
[2024-03-28T13:44:53.144+0530][gc,heap       ] GC(13) Survivor regions: 2->2(7)
[2024-03-28T13:44:53.144+0530][gc,heap       ] GC(13) Old regions: 17->17
[2024-03-28T13:44:53.144+0530][gc,heap       ] GC(13) Humongous regions: 129->129
[2024-03-28T13:44:53.144+0530][gc,metaspace  ] GC(13) Metaspace: 50298K(53120K)->50298K(53120K) NonClass: 44064K(45568K)->44064K(45568K) Class: 6234K(7552K)->6234K(7552K)
[2024-03-28T13:44:53.144+0530][gc            ] GC(13) Pause Young (Normal) (G1 Evacuation Pause) 195M->146M(1024M) 20.711ms
[2024-03-28T13:44:53.144+0530][gc,cpu        ] GC(13) User=0.01s Sys=0.02s Real=0.02s
[2024-03-28T14:38:23.042+0530][gc,start      ] GC(14) Pause Young (Normal) (G1 Evacuation Pause)
[2024-03-28T14:38:23.043+0530][gc,task       ] GC(14) Using 9 workers of 9 for evacuation
[2024-03-28T14:38:23.054+0530][gc,phases     ] GC(14)   Pre Evacuate Collection Set: 0.4ms
[2024-03-28T14:38:23.054+0530][gc,phases     ] GC(14)   Evacuate Collection Set: 7.7ms
[2024-03-28T14:38:23.054+0530][gc,phases     ] GC(14)   Post Evacuate Collection Set: 1.3ms
[2024-03-28T14:38:23.054+0530][gc,phases     ] GC(14)   Other: 3.9ms
[2024-03-28T14:38:23.054+0530][gc,heap       ] GC(14) Eden regions: 49->0(51)
[2024-03-28T14:38:23.054+0530][gc,heap       ] GC(14) Survivor regions: 2->2(7)
[2024-03-28T14:38:23.054+0530][gc,heap       ] GC(14) Old regions: 17->17
[2024-03-28T14:38:23.054+0530][gc,heap       ] GC(14) Humongous regions: 129->129
[2024-03-28T14:38:23.054+0530][gc,metaspace  ] GC(14) Metaspace: 50312K(53120K)->50312K(53120K) NonClass: 44078K(45568K)->44078K(45568K) Class: 6234K(7552K)->6234K(7552K)
[2024-03-28T14:38:23.054+0530][gc            ] GC(14) Pause Young (Normal) (G1 Evacuation Pause) 195M->146M(1024M) 12.439ms
[2024-03-28T14:38:23.054+0530][gc,cpu        ] GC(14) User=0.02s Sys=0.03s Real=0.01s
[2024-03-28T15:21:22.809+0530][gc,start      ] GC(15) Pause Young (Normal) (G1 Evacuation Pause)
[2024-03-28T15:21:22.811+0530][gc,task       ] GC(15) Using 9 workers of 9 for evacuation
[2024-03-28T15:21:22.836+0530][gc,mmu        ] GC(15) MMU target violated: 21.0ms (20.0ms/21.0ms)
[2024-03-28T15:21:22.836+0530][gc,phases     ] GC(15)   Pre Evacuate Collection Set: 0.4ms
[2024-03-28T15:21:22.836+0530][gc,phases     ] GC(15)   Evacuate Collection Set: 22.4ms
[2024-03-28T15:21:22.836+0530][gc,phases     ] GC(15)   Post Evacuate Collection Set: 0.7ms
[2024-03-28T15:21:22.837+0530][gc,phases     ] GC(15)   Other: 5.3ms
[2024-03-28T15:21:22.837+0530][gc,heap       ] GC(15) Eden regions: 51->0(51)
[2024-03-28T15:21:22.837+0530][gc,heap       ] GC(15) Survivor regions: 2->2(7)
[2024-03-28T15:21:22.837+0530][gc,heap       ] GC(15) Old regions: 17->17
[2024-03-28T15:21:22.837+0530][gc,heap       ] GC(15) Humongous regions: 129->129
[2024-03-28T15:21:22.837+0530][gc,metaspace  ] GC(15) Metaspace: 50314K(53120K)->50314K(53120K) NonClass: 44080K(45568K)->44080K(45568K) Class: 6234K(7552K)->6234K(7552K)
[2024-03-28T15:21:22.837+0530][gc            ] GC(15) Pause Young (Normal) (G1 Evacuation Pause) 197M->146M(1024M) 27.640ms
[2024-03-28T15:21:22.837+0530][gc,cpu        ] GC(15) User=0.01s Sys=0.01s Real=0.03s
[2024-03-28T16:03:36.677+0530][gc,start      ] GC(16) Pause Young (Normal) (G1 Evacuation Pause)
[2024-03-28T16:03:36.679+0530][gc,task       ] GC(16) Using 9 workers of 9 for evacuation
[2024-03-28T16:03:36.704+0530][gc,mmu        ] GC(16) MMU target violated: 21.0ms (20.0ms/21.0ms)
[2024-03-28T16:03:36.704+0530][gc,phases     ] GC(16)   Pre Evacuate Collection Set: 0.3ms
[2024-03-28T16:03:36.704+0530][gc,phases     ] GC(16)   Evacuate Collection Set: 22.1ms
[2024-03-28T16:03:36.705+0530][gc,phases     ] GC(16)   Post Evacuate Collection Set: 2.5ms
[2024-03-28T16:03:36.706+0530][gc,phases     ] GC(16)   Other: 3.4ms
[2024-03-28T16:03:36.706+0530][gc,heap       ] GC(16) Eden regions: 50->0(50)
[2024-03-28T16:03:36.706+0530][gc,heap       ] GC(16) Survivor regions: 2->2(7)
[2024-03-28T16:03:36.706+0530][gc,heap       ] GC(16) Old regions: 17->17
[2024-03-28T16:03:36.706+0530][gc,heap       ] GC(16) Humongous regions: 129->129
[2024-03-28T16:03:36.706+0530][gc,metaspace  ] GC(16) Metaspace: 50317K(53120K)->50317K(53120K) NonClass: 44083K(45568K)->44083K(45568K) Class: 6234K(7552K)->6234K(7552K)
[2024-03-28T16:03:36.706+0530][gc            ] GC(16) Pause Young (Normal) (G1 Evacuation Pause) 196M->146M(1024M) 28.828ms
[2024-03-28T16:03:36.706+0530][gc,cpu        ] GC(16) User=0.02s Sys=0.01s Real=0.03s
[2024-03-28T16:07:59.561+0530][gc,heap,exit  ] Heap
[2024-03-28T16:07:59.562+0530][gc,heap,exit  ]  garbage-first heap   total 1048576K, used 159686K [0x0000000780000000, 0x00000007c0000000)
[2024-03-28T16:07:59.562+0530][gc,heap,exit  ]   region size 1024K, 12 young (12288K), 2 survivors (2048K)
[2024-03-28T16:07:59.562+0530][gc,heap,exit  ]  Metaspace       used 50483K, capacity 53129K, committed 53248K, reserved 1095680K
[2024-03-28T16:07:59.562+0530][gc,heap,exit  ]   class space    used 6273K, capacity 7572K, committed 7680K, reserved 1048576K
