[2024-03-05T22:51:46.084+0530][gc,heap] Heap region size: 1M
[2024-03-05T22:51:46.086+0530][gc     ] Using G1
[2024-03-05T22:51:46.086+0530][gc,heap,coops] Heap address: 0x0000000780000000, size: 1024 MB, Compressed Oops mode: Zero based, Oop shift amount: 3
[2024-03-05T22:51:46.613+0530][gc,start     ] GC(0) Pause Young (Concurrent Start) (Metadata GC Threshold)
[2024-03-05T22:51:46.613+0530][gc,task      ] GC(0) Using 9 workers of 9 for evacuation
[2024-03-05T22:51:46.617+0530][gc,phases    ] GC(0)   Pre Evacuate Collection Set: 0.0ms
[2024-03-05T22:51:46.617+0530][gc,phases    ] GC(0)   Evacuate Collection Set: 3.8ms
[2024-03-05T22:51:46.617+0530][gc,phases    ] GC(0)   Post Evacuate Collection Set: 0.2ms
[2024-03-05T22:51:46.617+0530][gc,phases    ] GC(0)   Other: 0.4ms
[2024-03-05T22:51:46.617+0530][gc,heap      ] GC(0) Eden regions: 46->0(44)
[2024-03-05T22:51:46.617+0530][gc,heap      ] GC(0) Survivor regions: 0->7(7)
[2024-03-05T22:51:46.617+0530][gc,heap      ] GC(0) Old regions: 0->0
[2024-03-05T22:51:46.617+0530][gc,heap      ] GC(0) Humongous regions: 0->0
[2024-03-05T22:51:46.617+0530][gc,metaspace ] GC(0) Metaspace: 20747K(21248K)->20747K(21248K) NonClass: 18401K(18688K)->18401K(18688K) Class: 2346K(2560K)->2346K(2560K)
[2024-03-05T22:51:46.617+0530][gc           ] GC(0) Pause Young (Concurrent Start) (Metadata GC Threshold) 46M->6M(1024M) 4.476ms
[2024-03-05T22:51:46.617+0530][gc,cpu       ] GC(0) User=0.01s Sys=0.01s Real=0.00s
[2024-03-05T22:51:46.617+0530][gc           ] GC(1) Concurrent Cycle
[2024-03-05T22:51:46.617+0530][gc,marking   ] GC(1) Concurrent Clear Claimed Marks
[2024-03-05T22:51:46.617+0530][gc,marking   ] GC(1) Concurrent Clear Claimed Marks 0.014ms
[2024-03-05T22:51:46.617+0530][gc,marking   ] GC(1) Concurrent Scan Root Regions
[2024-03-05T22:51:46.618+0530][gc,marking   ] GC(1) Concurrent Scan Root Regions 0.891ms
[2024-03-05T22:51:46.618+0530][gc,marking   ] GC(1) Concurrent Mark (0.546s)
[2024-03-05T22:51:46.618+0530][gc,marking   ] GC(1) Concurrent Mark From Roots
[2024-03-05T22:51:46.618+0530][gc,task      ] GC(1) Using 2 workers of 2 for marking
[2024-03-05T22:51:46.618+0530][gc,marking   ] GC(1) Concurrent Mark From Roots 0.214ms
[2024-03-05T22:51:46.618+0530][gc,marking   ] GC(1) Concurrent Preclean
[2024-03-05T22:51:46.619+0530][gc,marking   ] GC(1) Concurrent Preclean 0.016ms
[2024-03-05T22:51:46.619+0530][gc,marking   ] GC(1) Concurrent Mark (0.546s, 0.546s) 0.252ms
[2024-03-05T22:51:46.619+0530][gc,start     ] GC(1) Pause Remark
[2024-03-05T22:51:46.619+0530][gc,stringtable] GC(1) Cleaned string and symbol table, strings: 7279 processed, 0 removed, symbols: 64973 processed, 28 removed
[2024-03-05T22:51:46.620+0530][gc            ] GC(1) Pause Remark 7M->7M(1024M) 0.982ms
[2024-03-05T22:51:46.620+0530][gc,cpu        ] GC(1) User=0.01s Sys=0.00s Real=0.01s
[2024-03-05T22:51:46.620+0530][gc,marking    ] GC(1) Concurrent Rebuild Remembered Sets
[2024-03-05T22:51:46.620+0530][gc,marking    ] GC(1) Concurrent Rebuild Remembered Sets 0.043ms
[2024-03-05T22:51:46.620+0530][gc,start      ] GC(1) Pause Cleanup
[2024-03-05T22:51:46.620+0530][gc            ] GC(1) Pause Cleanup 7M->7M(1024M) 0.105ms
[2024-03-05T22:51:46.620+0530][gc,cpu        ] GC(1) User=0.00s Sys=0.00s Real=0.00s
[2024-03-05T22:51:46.620+0530][gc,marking    ] GC(1) Concurrent Cleanup for Next Mark
[2024-03-05T22:51:46.622+0530][gc,marking    ] GC(1) Concurrent Cleanup for Next Mark 1.913ms
[2024-03-05T22:51:46.622+0530][gc            ] GC(1) Concurrent Cycle 4.615ms
[2024-03-05T22:51:47.178+0530][gc,start      ] GC(2) Pause Young (Normal) (G1 Evacuation Pause)
[2024-03-05T22:51:47.178+0530][gc,task       ] GC(2) Using 9 workers of 9 for evacuation
[2024-03-05T22:51:47.183+0530][gc,phases     ] GC(2)   Pre Evacuate Collection Set: 0.0ms
[2024-03-05T22:51:47.183+0530][gc,phases     ] GC(2)   Evacuate Collection Set: 4.2ms
[2024-03-05T22:51:47.183+0530][gc,phases     ] GC(2)   Post Evacuate Collection Set: 0.3ms
[2024-03-05T22:51:47.183+0530][gc,phases     ] GC(2)   Other: 0.1ms
[2024-03-05T22:51:47.183+0530][gc,heap       ] GC(2) Eden regions: 44->0(48)
[2024-03-05T22:51:47.183+0530][gc,heap       ] GC(2) Survivor regions: 7->3(7)
[2024-03-05T22:51:47.183+0530][gc,heap       ] GC(2) Old regions: 0->7
[2024-03-05T22:51:47.183+0530][gc,heap       ] GC(2) Humongous regions: 129->129
[2024-03-05T22:51:47.183+0530][gc,metaspace  ] GC(2) Metaspace: 30116K(31104K)->30116K(31104K) NonClass: 26613K(27136K)->26613K(27136K) Class: 3503K(3968K)->3503K(3968K)
[2024-03-05T22:51:47.183+0530][gc            ] GC(2) Pause Young (Normal) (G1 Evacuation Pause) 179M->138M(1024M) 4.670ms
[2024-03-05T22:51:47.183+0530][gc,cpu        ] GC(2) User=0.03s Sys=0.01s Real=0.01s
[2024-03-05T22:51:47.335+0530][gc,start      ] GC(3) Pause Young (Concurrent Start) (Metadata GC Threshold)
[2024-03-05T22:51:47.335+0530][gc,task       ] GC(3) Using 9 workers of 9 for evacuation
[2024-03-05T22:51:47.338+0530][gc,phases     ] GC(3)   Pre Evacuate Collection Set: 0.0ms
[2024-03-05T22:51:47.338+0530][gc,phases     ] GC(3)   Evacuate Collection Set: 3.3ms
[2024-03-05T22:51:47.338+0530][gc,phases     ] GC(3)   Post Evacuate Collection Set: 0.1ms
[2024-03-05T22:51:47.338+0530][gc,phases     ] GC(3)   Other: 0.1ms
[2024-03-05T22:51:47.338+0530][gc,heap       ] GC(3) Eden regions: 29->0(47)
[2024-03-05T22:51:47.338+0530][gc,heap       ] GC(3) Survivor regions: 3->4(7)
[2024-03-05T22:51:47.338+0530][gc,heap       ] GC(3) Old regions: 7->7
[2024-03-05T22:51:47.338+0530][gc,heap       ] GC(3) Humongous regions: 129->129
[2024-03-05T22:51:47.338+0530][gc,metaspace  ] GC(3) Metaspace: 34911K(35840K)->34911K(35840K) NonClass: 30972K(31488K)->30972K(31488K) Class: 3939K(4352K)->3939K(4352K)
[2024-03-05T22:51:47.338+0530][gc            ] GC(3) Pause Young (Concurrent Start) (Metadata GC Threshold) 167M->139M(1024M) 3.612ms
[2024-03-05T22:51:47.339+0530][gc,cpu        ] GC(3) User=0.03s Sys=0.00s Real=0.00s
[2024-03-05T22:51:47.339+0530][gc            ] GC(4) Concurrent Cycle
[2024-03-05T22:51:47.339+0530][gc,marking    ] GC(4) Concurrent Clear Claimed Marks
[2024-03-05T22:51:47.339+0530][gc,marking    ] GC(4) Concurrent Clear Claimed Marks 0.017ms
[2024-03-05T22:51:47.339+0530][gc,marking    ] GC(4) Concurrent Scan Root Regions
[2024-03-05T22:51:47.340+0530][gc,marking    ] GC(4) Concurrent Scan Root Regions 1.109ms
[2024-03-05T22:51:47.340+0530][gc,marking    ] GC(4) Concurrent Mark (1.267s)
[2024-03-05T22:51:47.340+0530][gc,marking    ] GC(4) Concurrent Mark From Roots
[2024-03-05T22:51:47.340+0530][gc,task       ] GC(4) Using 2 workers of 2 for marking
[2024-03-05T22:51:47.342+0530][gc,marking    ] GC(4) Concurrent Mark From Roots 2.749ms
[2024-03-05T22:51:47.342+0530][gc,marking    ] GC(4) Concurrent Preclean
[2024-03-05T22:51:47.343+0530][gc,marking    ] GC(4) Concurrent Preclean 0.038ms
[2024-03-05T22:51:47.343+0530][gc,marking    ] GC(4) Concurrent Mark (1.267s, 1.270s) 2.824ms
[2024-03-05T22:51:47.343+0530][gc,start      ] GC(4) Pause Remark
[2024-03-05T22:51:47.344+0530][gc,stringtable] GC(4) Cleaned string and symbol table, strings: 11792 processed, 8 removed, symbols: 97198 processed, 28 removed
[2024-03-05T22:51:47.344+0530][gc            ] GC(4) Pause Remark 140M->140M(1024M) 1.146ms
[2024-03-05T22:51:47.344+0530][gc,cpu        ] GC(4) User=0.01s Sys=0.00s Real=0.00s
[2024-03-05T22:51:47.344+0530][gc,marking    ] GC(4) Concurrent Rebuild Remembered Sets
[2024-03-05T22:51:47.346+0530][gc,marking    ] GC(4) Concurrent Rebuild Remembered Sets 1.902ms
[2024-03-05T22:51:47.346+0530][gc,start      ] GC(4) Pause Cleanup
[2024-03-05T22:51:47.346+0530][gc            ] GC(4) Pause Cleanup 140M->140M(1024M) 0.111ms
[2024-03-05T22:51:47.346+0530][gc,cpu        ] GC(4) User=0.00s Sys=0.00s Real=0.00s
[2024-03-05T22:51:47.346+0530][gc,marking    ] GC(4) Concurrent Cleanup for Next Mark
[2024-03-05T22:51:47.348+0530][gc,marking    ] GC(4) Concurrent Cleanup for Next Mark 2.362ms
[2024-03-05T22:51:47.348+0530][gc            ] GC(4) Concurrent Cycle 9.897ms
[2024-03-05T23:09:47.673+0530][gc,start      ] GC(5) Pause Young (Normal) (G1 Evacuation Pause)
[2024-03-05T23:09:47.674+0530][gc,task       ] GC(5) Using 9 workers of 9 for evacuation
[2024-03-05T23:09:47.701+0530][gc,mmu        ] GC(5) MMU target violated: 21.0ms (20.0ms/21.0ms)
[2024-03-05T23:09:47.701+0530][gc,phases     ] GC(5)   Pre Evacuate Collection Set: 0.7ms
[2024-03-05T23:09:47.701+0530][gc,phases     ] GC(5)   Evacuate Collection Set: 24.7ms
[2024-03-05T23:09:47.701+0530][gc,phases     ] GC(5)   Post Evacuate Collection Set: 0.3ms
[2024-03-05T23:09:47.701+0530][gc,phases     ] GC(5)   Other: 2.2ms
[2024-03-05T23:09:47.701+0530][gc,heap       ] GC(5) Eden regions: 47->0(46)
[2024-03-05T23:09:47.701+0530][gc,heap       ] GC(5) Survivor regions: 4->5(7)
[2024-03-05T23:09:47.701+0530][gc,heap       ] GC(5) Old regions: 7->9
[2024-03-05T23:09:47.701+0530][gc,heap       ] GC(5) Humongous regions: 129->129
[2024-03-05T23:09:47.701+0530][gc,metaspace  ] GC(5) Metaspace: 43196K(44864K)->43196K(44864K) NonClass: 38174K(39104K)->38174K(39104K) Class: 5021K(5760K)->5021K(5760K)
[2024-03-05T23:09:47.701+0530][gc            ] GC(5) Pause Young (Normal) (G1 Evacuation Pause) 186M->142M(1024M) 27.986ms
[2024-03-05T23:09:47.701+0530][gc,cpu        ] GC(5) User=0.02s Sys=0.04s Real=0.03s
[2024-03-05T23:31:30.705+0530][gc,start      ] GC(6) Pause Young (Normal) (GCLocker Initiated GC)
[2024-03-05T23:31:30.707+0530][gc,task       ] GC(6) Using 9 workers of 9 for evacuation
[2024-03-05T23:31:30.727+0530][gc,phases     ] GC(6)   Pre Evacuate Collection Set: 2.5ms
[2024-03-05T23:31:30.727+0530][gc,phases     ] GC(6)   Evacuate Collection Set: 16.4ms
[2024-03-05T23:31:30.727+0530][gc,phases     ] GC(6)   Post Evacuate Collection Set: 0.7ms
[2024-03-05T23:31:30.727+0530][gc,phases     ] GC(6)   Other: 2.3ms
[2024-03-05T23:31:30.727+0530][gc,heap       ] GC(6) Eden regions: 46->0(45)
[2024-03-05T23:31:30.727+0530][gc,heap       ] GC(6) Survivor regions: 5->6(7)
[2024-03-05T23:31:30.727+0530][gc,heap       ] GC(6) Old regions: 9->11
[2024-03-05T23:31:30.727+0530][gc,heap       ] GC(6) Humongous regions: 129->129
[2024-03-05T23:31:30.727+0530][gc,metaspace  ] GC(6) Metaspace: 48194K(50880K)->48194K(50880K) NonClass: 42119K(43456K)->42119K(43456K) Class: 6075K(7424K)->6075K(7424K)
[2024-03-05T23:31:30.727+0530][gc            ] GC(6) Pause Young (Normal) (GCLocker Initiated GC) 188M->144M(1024M) 22.029ms
[2024-03-05T23:31:30.727+0530][gc,cpu        ] GC(6) User=0.02s Sys=0.03s Real=0.02s
[2024-03-05T23:46:59.308+0530][gc,start      ] GC(7) Pause Young (Normal) (G1 Evacuation Pause)
[2024-03-05T23:46:59.309+0530][gc,task       ] GC(7) Using 9 workers of 9 for evacuation
[2024-03-05T23:46:59.348+0530][gc,mmu        ] GC(7) MMU target violated: 21.0ms (20.0ms/21.0ms)
[2024-03-05T23:46:59.349+0530][gc,phases     ] GC(7)   Pre Evacuate Collection Set: 0.2ms
[2024-03-05T23:46:59.349+0530][gc,phases     ] GC(7)   Evacuate Collection Set: 37.7ms
[2024-03-05T23:46:59.349+0530][gc,phases     ] GC(7)   Post Evacuate Collection Set: 0.7ms
[2024-03-05T23:46:59.349+0530][gc,phases     ] GC(7)   Other: 2.4ms
[2024-03-05T23:46:59.349+0530][gc,heap       ] GC(7) Eden regions: 45->0(46)
[2024-03-05T23:46:59.349+0530][gc,heap       ] GC(7) Survivor regions: 6->5(7)
[2024-03-05T23:46:59.349+0530][gc,heap       ] GC(7) Old regions: 11->13
[2024-03-05T23:46:59.349+0530][gc,heap       ] GC(7) Humongous regions: 129->129
[2024-03-05T23:46:59.349+0530][gc,metaspace  ] GC(7) Metaspace: 50279K(52928K)->50279K(52928K) NonClass: 43978K(45248K)->43978K(45248K) Class: 6301K(7680K)->6301K(7680K)
[2024-03-05T23:46:59.349+0530][gc            ] GC(7) Pause Young (Normal) (G1 Evacuation Pause) 189M->146M(1024M) 41.033ms
[2024-03-05T23:46:59.349+0530][gc,cpu        ] GC(7) User=0.02s Sys=0.07s Real=0.04s
[2024-03-06T01:32:42.764+0530][gc,start      ] GC(8) Pause Young (Normal) (G1 Evacuation Pause)
[2024-03-06T01:32:42.765+0530][gc,task       ] GC(8) Using 9 workers of 9 for evacuation
[2024-03-06T01:32:42.788+0530][gc,mmu        ] GC(8) MMU target violated: 21.0ms (20.0ms/21.0ms)
[2024-03-06T01:32:42.788+0530][gc,phases     ] GC(8)   Pre Evacuate Collection Set: 0.5ms
[2024-03-06T01:32:42.788+0530][gc,phases     ] GC(8)   Evacuate Collection Set: 21.2ms
[2024-03-06T01:32:42.788+0530][gc,phases     ] GC(8)   Post Evacuate Collection Set: 0.4ms
[2024-03-06T01:32:42.788+0530][gc,phases     ] GC(8)   Other: 2.5ms
[2024-03-06T01:32:42.788+0530][gc,heap       ] GC(8) Eden regions: 46->0(48)
[2024-03-06T01:32:42.788+0530][gc,heap       ] GC(8) Survivor regions: 5->3(7)
[2024-03-06T01:32:42.788+0530][gc,heap       ] GC(8) Old regions: 13->16
[2024-03-06T01:32:42.788+0530][gc,heap       ] GC(8) Humongous regions: 129->129
[2024-03-06T01:32:42.788+0530][gc,metaspace  ] GC(8) Metaspace: 50439K(53184K)->50439K(53184K) NonClass: 44132K(45504K)->44132K(45504K) Class: 6306K(7680K)->6306K(7680K)
[2024-03-06T01:32:42.788+0530][gc            ] GC(8) Pause Young (Normal) (G1 Evacuation Pause) 192M->146M(1024M) 24.589ms
[2024-03-06T01:32:42.788+0530][gc,cpu        ] GC(8) User=0.03s Sys=0.02s Real=0.02s
[2024-03-06T02:50:43.010+0530][gc,start      ] GC(9) Pause Young (Normal) (G1 Evacuation Pause)
[2024-03-06T02:50:43.012+0530][gc,task       ] GC(9) Using 9 workers of 9 for evacuation
[2024-03-06T02:50:43.029+0530][gc,phases     ] GC(9)   Pre Evacuate Collection Set: 0.4ms
[2024-03-06T02:50:43.029+0530][gc,phases     ] GC(9)   Evacuate Collection Set: 13.7ms
[2024-03-06T02:50:43.029+0530][gc,phases     ] GC(9)   Post Evacuate Collection Set: 1.2ms
[2024-03-06T02:50:43.029+0530][gc,phases     ] GC(9)   Other: 3.8ms
[2024-03-06T02:50:43.029+0530][gc,heap       ] GC(9) Eden regions: 48->0(49)
[2024-03-06T02:50:43.029+0530][gc,heap       ] GC(9) Survivor regions: 3->2(7)
[2024-03-06T02:50:43.029+0530][gc,heap       ] GC(9) Old regions: 16->16
[2024-03-06T02:50:43.029+0530][gc,heap       ] GC(9) Humongous regions: 129->129
[2024-03-06T02:50:43.029+0530][gc,metaspace  ] GC(9) Metaspace: 50481K(53184K)->50481K(53184K) NonClass: 44175K(45504K)->44175K(45504K) Class: 6306K(7680K)->6306K(7680K)
[2024-03-06T02:50:43.029+0530][gc            ] GC(9) Pause Young (Normal) (G1 Evacuation Pause) 194M->146M(1024M) 18.333ms
[2024-03-06T02:50:43.029+0530][gc,cpu        ] GC(9) User=0.01s Sys=0.01s Real=0.01s
[2024-03-06T04:00:08.661+0530][gc,start      ] GC(10) Pause Young (Normal) (G1 Evacuation Pause)
[2024-03-06T04:00:08.661+0530][gc,task       ] GC(10) Using 9 workers of 9 for evacuation
[2024-03-06T04:00:08.692+0530][gc,mmu        ] GC(10) MMU target violated: 21.0ms (20.0ms/21.0ms)
[2024-03-06T04:00:08.692+0530][gc,phases     ] GC(10)   Pre Evacuate Collection Set: 0.3ms
[2024-03-06T04:00:08.692+0530][gc,phases     ] GC(10)   Evacuate Collection Set: 22.8ms
[2024-03-06T04:00:08.692+0530][gc,phases     ] GC(10)   Post Evacuate Collection Set: 6.8ms
[2024-03-06T04:00:08.692+0530][gc,phases     ] GC(10)   Other: 1.0ms
[2024-03-06T04:00:08.692+0530][gc,heap       ] GC(10) Eden regions: 49->0(49)
[2024-03-06T04:00:08.692+0530][gc,heap       ] GC(10) Survivor regions: 2->2(7)
[2024-03-06T04:00:08.692+0530][gc,heap       ] GC(10) Old regions: 16->16
[2024-03-06T04:00:08.692+0530][gc,heap       ] GC(10) Humongous regions: 129->129
[2024-03-06T04:00:08.692+0530][gc,metaspace  ] GC(10) Metaspace: 50487K(53184K)->50487K(53184K) NonClass: 44180K(45504K)->44180K(45504K) Class: 6306K(7680K)->6306K(7680K)
[2024-03-06T04:00:08.692+0530][gc            ] GC(10) Pause Young (Normal) (G1 Evacuation Pause) 195M->146M(1024M) 31.027ms
[2024-03-06T04:00:08.692+0530][gc,cpu        ] GC(10) User=0.01s Sys=0.01s Real=0.03s
[2024-03-06T04:42:24.029+0530][gc,start      ] GC(11) Pause Young (Normal) (G1 Evacuation Pause)
[2024-03-06T04:42:24.030+0530][gc,task       ] GC(11) Using 9 workers of 9 for evacuation
[2024-03-06T04:42:24.055+0530][gc,mmu        ] GC(11) MMU target violated: 21.0ms (20.0ms/21.0ms)
[2024-03-06T04:42:24.055+0530][gc,phases     ] GC(11)   Pre Evacuate Collection Set: 1.1ms
[2024-03-06T04:42:24.055+0530][gc,phases     ] GC(11)   Evacuate Collection Set: 21.0ms
[2024-03-06T04:42:24.055+0530][gc,phases     ] GC(11)   Post Evacuate Collection Set: 0.5ms
[2024-03-06T04:42:24.055+0530][gc,phases     ] GC(11)   Other: 3.9ms
[2024-03-06T04:42:24.055+0530][gc,heap       ] GC(11) Eden regions: 49->0(49)
[2024-03-06T04:42:24.055+0530][gc,heap       ] GC(11) Survivor regions: 2->2(7)
[2024-03-06T04:42:24.055+0530][gc,heap       ] GC(11) Old regions: 16->16
[2024-03-06T04:42:24.055+0530][gc,heap       ] GC(11) Humongous regions: 129->129
[2024-03-06T04:42:24.055+0530][gc,metaspace  ] GC(11) Metaspace: 50490K(53184K)->50490K(53184K) NonClass: 44183K(45504K)->44183K(45504K) Class: 6306K(7680K)->6306K(7680K)
[2024-03-06T04:42:24.055+0530][gc            ] GC(11) Pause Young (Normal) (G1 Evacuation Pause) 195M->146M(1024M) 26.343ms
[2024-03-06T04:42:24.055+0530][gc,cpu        ] GC(11) User=0.02s Sys=0.02s Real=0.03s
[2024-03-06T05:24:43.555+0530][gc,start      ] GC(12) Pause Young (Normal) (G1 Evacuation Pause)
[2024-03-06T05:24:43.556+0530][gc,task       ] GC(12) Using 9 workers of 9 for evacuation
[2024-03-06T05:24:43.570+0530][gc,phases     ] GC(12)   Pre Evacuate Collection Set: 0.4ms
[2024-03-06T05:24:43.570+0530][gc,phases     ] GC(12)   Evacuate Collection Set: 12.6ms
[2024-03-06T05:24:43.570+0530][gc,phases     ] GC(12)   Post Evacuate Collection Set: 0.4ms
[2024-03-06T05:24:43.570+0530][gc,phases     ] GC(12)   Other: 1.7ms
[2024-03-06T05:24:43.570+0530][gc,heap       ] GC(12) Eden regions: 49->0(49)
[2024-03-06T05:24:43.570+0530][gc,heap       ] GC(12) Survivor regions: 2->2(7)
[2024-03-06T05:24:43.570+0530][gc,heap       ] GC(12) Old regions: 16->16
[2024-03-06T05:24:43.570+0530][gc,heap       ] GC(12) Humongous regions: 129->129
[2024-03-06T05:24:43.570+0530][gc,metaspace  ] GC(12) Metaspace: 50513K(53184K)->50513K(53184K) NonClass: 44206K(45504K)->44206K(45504K) Class: 6306K(7680K)->6306K(7680K)
[2024-03-06T05:24:43.570+0530][gc            ] GC(12) Pause Young (Normal) (G1 Evacuation Pause) 195M->146M(1024M) 15.164ms
[2024-03-06T05:24:43.570+0530][gc,cpu        ] GC(12) User=0.01s Sys=0.01s Real=0.02s
[2024-03-06T06:53:13.912+0530][gc,start      ] GC(13) Pause Young (Normal) (G1 Evacuation Pause)
[2024-03-06T06:53:13.912+0530][gc,task       ] GC(13) Using 9 workers of 9 for evacuation
[2024-03-06T06:53:13.926+0530][gc,phases     ] GC(13)   Pre Evacuate Collection Set: 0.5ms
[2024-03-06T06:53:13.926+0530][gc,phases     ] GC(13)   Evacuate Collection Set: 12.3ms
[2024-03-06T06:53:13.926+0530][gc,phases     ] GC(13)   Post Evacuate Collection Set: 0.4ms
[2024-03-06T06:53:13.926+0530][gc,phases     ] GC(13)   Other: 1.5ms
[2024-03-06T06:53:13.926+0530][gc,heap       ] GC(13) Eden regions: 49->0(50)
[2024-03-06T06:53:13.927+0530][gc,heap       ] GC(13) Survivor regions: 2->2(7)
[2024-03-06T06:53:13.927+0530][gc,heap       ] GC(13) Old regions: 16->16
[2024-03-06T06:53:13.927+0530][gc,heap       ] GC(13) Humongous regions: 129->129
[2024-03-06T06:53:13.927+0530][gc,metaspace  ] GC(13) Metaspace: 50526K(53184K)->50526K(53184K) NonClass: 44219K(45504K)->44219K(45504K) Class: 6306K(7680K)->6306K(7680K)
[2024-03-06T06:53:13.927+0530][gc            ] GC(13) Pause Young (Normal) (G1 Evacuation Pause) 195M->146M(1024M) 14.639ms
[2024-03-06T06:53:13.927+0530][gc,cpu        ] GC(13) User=0.02s Sys=0.02s Real=0.01s
[2024-03-06T07:34:03.777+0530][gc,start      ] GC(14) Pause Young (Normal) (G1 Evacuation Pause)
[2024-03-06T07:34:03.779+0530][gc,task       ] GC(14) Using 9 workers of 9 for evacuation
[2024-03-06T07:34:03.804+0530][gc,mmu        ] GC(14) MMU target violated: 21.0ms (20.0ms/21.0ms)
[2024-03-06T07:34:03.804+0530][gc,phases     ] GC(14)   Pre Evacuate Collection Set: 2.4ms
[2024-03-06T07:34:03.804+0530][gc,phases     ] GC(14)   Evacuate Collection Set: 18.8ms
[2024-03-06T07:34:03.804+0530][gc,phases     ] GC(14)   Post Evacuate Collection Set: 1.3ms
[2024-03-06T07:34:03.804+0530][gc,phases     ] GC(14)   Other: 5.5ms
[2024-03-06T07:34:03.804+0530][gc,heap       ] GC(14) Eden regions: 49->0(50)
[2024-03-06T07:34:03.804+0530][gc,heap       ] GC(14) Survivor regions: 2->2(7)
[2024-03-06T07:34:03.804+0530][gc,heap       ] GC(14) Old regions: 16->16
[2024-03-06T07:34:03.804+0530][gc,heap       ] GC(14) Humongous regions: 129->129
[2024-03-06T07:34:03.805+0530][gc,metaspace  ] GC(14) Metaspace: 50529K(53440K)->50529K(53440K) NonClass: 44222K(45760K)->44222K(45760K) Class: 6306K(7680K)->6306K(7680K)
[2024-03-06T07:34:03.805+0530][gc            ] GC(14) Pause Young (Normal) (G1 Evacuation Pause) 195M->146M(1024M) 27.453ms
[2024-03-06T07:34:03.805+0530][gc,cpu        ] GC(14) User=0.02s Sys=0.02s Real=0.03s
[2024-03-06T08:14:53.471+0530][gc,start      ] GC(15) Pause Young (Normal) (G1 Evacuation Pause)
[2024-03-06T08:14:53.472+0530][gc,task       ] GC(15) Using 9 workers of 9 for evacuation
[2024-03-06T08:14:53.495+0530][gc,mmu        ] GC(15) MMU target violated: 21.0ms (20.0ms/21.0ms)
[2024-03-06T08:14:53.495+0530][gc,phases     ] GC(15)   Pre Evacuate Collection Set: 0.2ms
[2024-03-06T08:14:53.495+0530][gc,phases     ] GC(15)   Evacuate Collection Set: 19.0ms
[2024-03-06T08:14:53.495+0530][gc,phases     ] GC(15)   Post Evacuate Collection Set: 2.7ms
[2024-03-06T08:14:53.495+0530][gc,phases     ] GC(15)   Other: 2.9ms
[2024-03-06T08:14:53.495+0530][gc,heap       ] GC(15) Eden regions: 50->0(50)
[2024-03-06T08:14:53.495+0530][gc,heap       ] GC(15) Survivor regions: 2->2(7)
[2024-03-06T08:14:53.495+0530][gc,heap       ] GC(15) Old regions: 16->16
[2024-03-06T08:14:53.495+0530][gc,heap       ] GC(15) Humongous regions: 129->129
[2024-03-06T08:14:53.495+0530][gc,metaspace  ] GC(15) Metaspace: 50530K(53440K)->50530K(53440K) NonClass: 44223K(45760K)->44223K(45760K) Class: 6306K(7680K)->6306K(7680K)
[2024-03-06T08:14:53.495+0530][gc            ] GC(15) Pause Young (Normal) (G1 Evacuation Pause) 196M->146M(1024M) 24.402ms
[2024-03-06T08:14:53.495+0530][gc,cpu        ] GC(15) User=0.02s Sys=0.01s Real=0.02s
[2024-03-06T08:56:54.236+0530][gc,start      ] GC(16) Pause Young (Normal) (G1 Evacuation Pause)
[2024-03-06T08:56:54.238+0530][gc,task       ] GC(16) Using 9 workers of 9 for evacuation
[2024-03-06T08:56:54.267+0530][gc,mmu        ] GC(16) MMU target violated: 21.0ms (20.0ms/21.0ms)
[2024-03-06T08:56:54.270+0530][gc,phases     ] GC(16)   Pre Evacuate Collection Set: 1.5ms
[2024-03-06T08:56:54.271+0530][gc,phases     ] GC(16)   Evacuate Collection Set: 25.0ms
[2024-03-06T08:56:54.271+0530][gc,phases     ] GC(16)   Post Evacuate Collection Set: 1.6ms
[2024-03-06T08:56:54.271+0530][gc,phases     ] GC(16)   Other: 7.1ms
[2024-03-06T08:56:54.271+0530][gc,heap       ] GC(16) Eden regions: 50->0(50)
[2024-03-06T08:56:54.271+0530][gc,heap       ] GC(16) Survivor regions: 2->3(7)
[2024-03-06T08:56:54.271+0530][gc,heap       ] GC(16) Old regions: 16->16
[2024-03-06T08:56:54.271+0530][gc,heap       ] GC(16) Humongous regions: 129->129
[2024-03-06T08:56:54.271+0530][gc,metaspace  ] GC(16) Metaspace: 50541K(53440K)->50541K(53440K) NonClass: 44234K(45760K)->44234K(45760K) Class: 6306K(7680K)->6306K(7680K)
[2024-03-06T08:56:54.275+0530][gc            ] GC(16) Pause Young (Normal) (G1 Evacuation Pause) 196M->146M(1024M) 38.144ms
[2024-03-06T08:56:54.275+0530][gc,cpu        ] GC(16) User=0.03s Sys=0.03s Real=0.04s
[2024-03-06T09:38:00.963+0530][gc,start      ] GC(17) Pause Young (Normal) (G1 Evacuation Pause)
[2024-03-06T09:38:00.963+0530][gc,task       ] GC(17) Using 9 workers of 9 for evacuation
[2024-03-06T09:38:00.998+0530][gc,mmu        ] GC(17) MMU target violated: 21.0ms (20.0ms/21.0ms)
[2024-03-06T09:38:00.998+0530][gc,phases     ] GC(17)   Pre Evacuate Collection Set: 0.8ms
[2024-03-06T09:38:00.999+0530][gc,phases     ] GC(17)   Evacuate Collection Set: 26.8ms
[2024-03-06T09:38:00.999+0530][gc,phases     ] GC(17)   Post Evacuate Collection Set: 2.0ms
[2024-03-06T09:38:00.999+0530][gc,phases     ] GC(17)   Other: 6.9ms
[2024-03-06T09:38:00.999+0530][gc,heap       ] GC(17) Eden regions: 50->0(49)
[2024-03-06T09:38:00.999+0530][gc,heap       ] GC(17) Survivor regions: 3->3(7)
[2024-03-06T09:38:00.999+0530][gc,heap       ] GC(17) Old regions: 16->16
[2024-03-06T09:38:00.999+0530][gc,heap       ] GC(17) Humongous regions: 129->129
[2024-03-06T09:38:00.999+0530][gc,metaspace  ] GC(17) Metaspace: 50544K(53440K)->50544K(53440K) NonClass: 44237K(45760K)->44237K(45760K) Class: 6306K(7680K)->6306K(7680K)
[2024-03-06T09:38:00.999+0530][gc            ] GC(17) Pause Young (Normal) (G1 Evacuation Pause) 196M->146M(1024M) 35.916ms
[2024-03-06T09:38:00.999+0530][gc,cpu        ] GC(17) User=0.02s Sys=0.01s Real=0.03s
[2024-03-06T10:44:04.654+0530][gc,start      ] GC(18) Pause Young (Normal) (G1 Evacuation Pause)
[2024-03-06T10:44:04.656+0530][gc,task       ] GC(18) Using 9 workers of 9 for evacuation
[2024-03-06T10:44:04.675+0530][gc,phases     ] GC(18)   Pre Evacuate Collection Set: 0.4ms
[2024-03-06T10:44:04.675+0530][gc,phases     ] GC(18)   Evacuate Collection Set: 16.4ms
[2024-03-06T10:44:04.675+0530][gc,phases     ] GC(18)   Post Evacuate Collection Set: 1.2ms
[2024-03-06T10:44:04.676+0530][gc,phases     ] GC(18)   Other: 5.5ms
[2024-03-06T10:44:04.676+0530][gc,heap       ] GC(18) Eden regions: 48->0(49)
[2024-03-06T10:44:04.676+0530][gc,heap       ] GC(18) Survivor regions: 3->2(7)
[2024-03-06T10:44:04.676+0530][gc,heap       ] GC(18) Old regions: 16->16
[2024-03-06T10:44:04.676+0530][gc,heap       ] GC(18) Humongous regions: 129->129
[2024-03-06T10:44:04.676+0530][gc,metaspace  ] GC(18) Metaspace: 50546K(53440K)->50546K(53440K) NonClass: 44239K(45760K)->44239K(45760K) Class: 6306K(7680K)->6306K(7680K)
[2024-03-06T10:44:04.676+0530][gc            ] GC(18) Pause Young (Normal) (G1 Evacuation Pause) 194M->146M(1024M) 21.975ms
[2024-03-06T10:44:04.676+0530][gc,cpu        ] GC(18) User=0.01s Sys=0.01s Real=0.02s
[2024-03-06T11:23:52.448+0530][gc,start      ] GC(19) Pause Young (Normal) (G1 Evacuation Pause)
[2024-03-06T11:23:52.449+0530][gc,task       ] GC(19) Using 9 workers of 9 for evacuation
[2024-03-06T11:23:52.476+0530][gc,mmu        ] GC(19) MMU target violated: 21.0ms (20.0ms/21.0ms)
[2024-03-06T11:23:52.476+0530][gc,phases     ] GC(19)   Pre Evacuate Collection Set: 2.1ms
[2024-03-06T11:23:52.476+0530][gc,phases     ] GC(19)   Evacuate Collection Set: 20.0ms
[2024-03-06T11:23:52.476+0530][gc,phases     ] GC(19)   Post Evacuate Collection Set: 1.6ms
[2024-03-06T11:23:52.476+0530][gc,phases     ] GC(19)   Other: 6.6ms
[2024-03-06T11:23:52.476+0530][gc,heap       ] GC(19) Eden regions: 49->0(49)
[2024-03-06T11:23:52.476+0530][gc,heap       ] GC(19) Survivor regions: 2->2(7)
[2024-03-06T11:23:52.476+0530][gc,heap       ] GC(19) Old regions: 16->16
[2024-03-06T11:23:52.476+0530][gc,heap       ] GC(19) Humongous regions: 129->129
[2024-03-06T11:23:52.477+0530][gc,metaspace  ] GC(19) Metaspace: 50563K(53440K)->50563K(53440K) NonClass: 44256K(45760K)->44256K(45760K) Class: 6307K(7680K)->6307K(7680K)
[2024-03-06T11:23:52.477+0530][gc            ] GC(19) Pause Young (Normal) (G1 Evacuation Pause) 195M->146M(1024M) 28.872ms
[2024-03-06T11:23:52.477+0530][gc,cpu        ] GC(19) User=0.02s Sys=0.02s Real=0.03s
[2024-03-06T12:07:32.159+0530][gc,start      ] GC(20) Pause Young (Normal) (G1 Evacuation Pause)
[2024-03-06T12:07:32.161+0530][gc,task       ] GC(20) Using 9 workers of 9 for evacuation
[2024-03-06T12:07:32.185+0530][gc,mmu        ] GC(20) MMU target violated: 21.0ms (20.0ms/21.0ms)
[2024-03-06T12:07:32.185+0530][gc,phases     ] GC(20)   Pre Evacuate Collection Set: 1.2ms
[2024-03-06T12:07:32.185+0530][gc,phases     ] GC(20)   Evacuate Collection Set: 19.0ms
[2024-03-06T12:07:32.185+0530][gc,phases     ] GC(20)   Post Evacuate Collection Set: 2.3ms
[2024-03-06T12:07:32.185+0530][gc,phases     ] GC(20)   Other: 4.6ms
[2024-03-06T12:07:32.185+0530][gc,heap       ] GC(20) Eden regions: 49->0(50)
[2024-03-06T12:07:32.185+0530][gc,heap       ] GC(20) Survivor regions: 2->3(7)
[2024-03-06T12:07:32.185+0530][gc,heap       ] GC(20) Old regions: 16->16
[2024-03-06T12:07:32.185+0530][gc,heap       ] GC(20) Humongous regions: 129->129
[2024-03-06T12:07:32.186+0530][gc,metaspace  ] GC(20) Metaspace: 50571K(53440K)->50571K(53440K) NonClass: 44263K(45760K)->44263K(45760K) Class: 6307K(7680K)->6307K(7680K)
[2024-03-06T12:07:32.186+0530][gc            ] GC(20) Pause Young (Normal) (G1 Evacuation Pause) 195M->146M(1024M) 26.470ms
[2024-03-06T12:07:32.186+0530][gc,cpu        ] GC(20) User=0.03s Sys=0.02s Real=0.03s
[2024-03-06T13:31:15.227+0530][gc,start      ] GC(21) Pause Young (Normal) (G1 Evacuation Pause)
[2024-03-06T13:31:15.229+0530][gc,task       ] GC(21) Using 9 workers of 9 for evacuation
[2024-03-06T13:31:15.262+0530][gc,mmu        ] GC(21) MMU target violated: 21.0ms (20.0ms/21.0ms)
[2024-03-06T13:31:15.262+0530][gc,phases     ] GC(21)   Pre Evacuate Collection Set: 2.1ms
[2024-03-06T13:31:15.262+0530][gc,phases     ] GC(21)   Evacuate Collection Set: 26.8ms
[2024-03-06T13:31:15.262+0530][gc,phases     ] GC(21)   Post Evacuate Collection Set: 1.0ms
[2024-03-06T13:31:15.262+0530][gc,phases     ] GC(21)   Other: 6.6ms
[2024-03-06T13:31:15.262+0530][gc,heap       ] GC(21) Eden regions: 50->0(49)
[2024-03-06T13:31:15.262+0530][gc,heap       ] GC(21) Survivor regions: 3->2(7)
[2024-03-06T13:31:15.262+0530][gc,heap       ] GC(21) Old regions: 16->16
[2024-03-06T13:31:15.262+0530][gc,heap       ] GC(21) Humongous regions: 129->129
[2024-03-06T13:31:15.262+0530][gc,metaspace  ] GC(21) Metaspace: 50572K(53440K)->50572K(53440K) NonClass: 44265K(45760K)->44265K(45760K) Class: 6307K(7680K)->6307K(7680K)
[2024-03-06T13:31:15.262+0530][gc            ] GC(21) Pause Young (Normal) (G1 Evacuation Pause) 196M->146M(1024M) 35.688ms
[2024-03-06T13:31:15.262+0530][gc,cpu        ] GC(21) User=0.03s Sys=0.03s Real=0.04s
[2024-03-06T14:11:02.285+0530][gc,start      ] GC(22) Pause Young (Normal) (G1 Evacuation Pause)
[2024-03-06T14:11:02.288+0530][gc,task       ] GC(22) Using 9 workers of 9 for evacuation
[2024-03-06T14:11:02.312+0530][gc,mmu        ] GC(22) MMU target violated: 21.0ms (20.0ms/21.0ms)
[2024-03-06T14:11:02.312+0530][gc,phases     ] GC(22)   Pre Evacuate Collection Set: 2.2ms
[2024-03-06T14:11:02.312+0530][gc,phases     ] GC(22)   Evacuate Collection Set: 17.7ms
[2024-03-06T14:11:02.312+0530][gc,phases     ] GC(22)   Post Evacuate Collection Set: 1.1ms
[2024-03-06T14:11:02.312+0530][gc,phases     ] GC(22)   Other: 8.3ms
[2024-03-06T14:11:02.312+0530][gc,heap       ] GC(22) Eden regions: 49->0(51)
[2024-03-06T14:11:02.312+0530][gc,heap       ] GC(22) Survivor regions: 2->1(7)
[2024-03-06T14:11:02.312+0530][gc,heap       ] GC(22) Old regions: 16->18
[2024-03-06T14:11:02.312+0530][gc,heap       ] GC(22) Humongous regions: 129->129
[2024-03-06T14:11:02.313+0530][gc,metaspace  ] GC(22) Metaspace: 50576K(53440K)->50576K(53440K) NonClass: 44268K(45760K)->44268K(45760K) Class: 6307K(7680K)->6307K(7680K)
[2024-03-06T14:11:02.313+0530][gc            ] GC(22) Pause Young (Normal) (G1 Evacuation Pause) 195M->146M(1024M) 28.206ms
[2024-03-06T14:11:02.313+0530][gc,cpu        ] GC(22) User=0.03s Sys=0.03s Real=0.03s
[2024-03-06T14:59:06.536+0530][gc,start      ] GC(23) Pause Young (Normal) (G1 Evacuation Pause)
[2024-03-06T14:59:06.540+0530][gc,task       ] GC(23) Using 9 workers of 9 for evacuation
[2024-03-06T14:59:06.554+0530][gc,phases     ] GC(23)   Pre Evacuate Collection Set: 1.3ms
[2024-03-06T14:59:06.554+0530][gc,phases     ] GC(23)   Evacuate Collection Set: 7.4ms
[2024-03-06T14:59:06.554+0530][gc,phases     ] GC(23)   Post Evacuate Collection Set: 1.4ms
[2024-03-06T14:59:06.554+0530][gc,phases     ] GC(23)   Other: 8.8ms
[2024-03-06T14:59:06.554+0530][gc,heap       ] GC(23) Eden regions: 51->0(67)
[2024-03-06T14:59:06.554+0530][gc,heap       ] GC(23) Survivor regions: 1->1(7)
[2024-03-06T14:59:06.554+0530][gc,heap       ] GC(23) Old regions: 18->18
[2024-03-06T14:59:06.554+0530][gc,heap       ] GC(23) Humongous regions: 129->129
[2024-03-06T14:59:06.554+0530][gc,metaspace  ] GC(23) Metaspace: 50581K(53440K)->50581K(53440K) NonClass: 44274K(45760K)->44274K(45760K) Class: 6307K(7680K)->6307K(7680K)
[2024-03-06T14:59:06.554+0530][gc            ] GC(23) Pause Young (Normal) (G1 Evacuation Pause) 197M->146M(1024M) 18.125ms
[2024-03-06T14:59:06.554+0530][gc,cpu        ] GC(23) User=0.01s Sys=0.01s Real=0.02s
[2024-03-06T16:11:46.335+0530][gc,start      ] GC(24) Pause Young (Normal) (G1 Evacuation Pause)
[2024-03-06T16:11:46.336+0530][gc,task       ] GC(24) Using 9 workers of 9 for evacuation
[2024-03-06T16:11:46.348+0530][gc,phases     ] GC(24)   Pre Evacuate Collection Set: 1.4ms
[2024-03-06T16:11:46.349+0530][gc,phases     ] GC(24)   Evacuate Collection Set: 7.8ms
[2024-03-06T16:11:46.349+0530][gc,phases     ] GC(24)   Post Evacuate Collection Set: 0.9ms
[2024-03-06T16:11:46.349+0530][gc,phases     ] GC(24)   Other: 5.1ms
[2024-03-06T16:11:46.349+0530][gc,heap       ] GC(24) Eden regions: 67->0(134)
[2024-03-06T16:11:46.349+0530][gc,heap       ] GC(24) Survivor regions: 1->1(9)
[2024-03-06T16:11:46.349+0530][gc,heap       ] GC(24) Old regions: 18->18
[2024-03-06T16:11:46.349+0530][gc,heap       ] GC(24) Humongous regions: 129->129
[2024-03-06T16:11:46.350+0530][gc,metaspace  ] GC(24) Metaspace: 50585K(53440K)->50585K(53440K) NonClass: 44278K(45760K)->44278K(45760K) Class: 6307K(7680K)->6307K(7680K)
[2024-03-06T16:11:46.350+0530][gc            ] GC(24) Pause Young (Normal) (G1 Evacuation Pause) 213M->146M(1024M) 15.947ms
[2024-03-06T16:11:46.351+0530][gc,cpu        ] GC(24) User=0.00s Sys=0.01s Real=0.02s
[2024-03-07T10:55:16.976+0530][gc,start      ] GC(25) Pause Young (Normal) (G1 Evacuation Pause)
[2024-03-07T10:55:16.978+0530][gc,task       ] GC(25) Using 9 workers of 9 for evacuation
[2024-03-07T10:55:16.998+0530][gc,phases     ] GC(25)   Pre Evacuate Collection Set: 1.1ms
[2024-03-07T10:55:16.998+0530][gc,phases     ] GC(25)   Evacuate Collection Set: 13.9ms
[2024-03-07T10:55:16.998+0530][gc,phases     ] GC(25)   Post Evacuate Collection Set: 1.9ms
[2024-03-07T10:55:16.999+0530][gc,phases     ] GC(25)   Other: 6.5ms
[2024-03-07T10:55:16.999+0530][gc,heap       ] GC(25) Eden regions: 134->0(154)
[2024-03-07T10:55:16.999+0530][gc,heap       ] GC(25) Survivor regions: 1->1(17)
[2024-03-07T10:55:16.999+0530][gc,heap       ] GC(25) Old regions: 18->18
[2024-03-07T10:55:16.999+0530][gc,heap       ] GC(25) Humongous regions: 129->129
[2024-03-07T10:55:16.999+0530][gc,metaspace  ] GC(25) Metaspace: 50587K(53440K)->50587K(53440K) NonClass: 44279K(45760K)->44279K(45760K) Class: 6307K(7680K)->6307K(7680K)
[2024-03-07T10:55:16.999+0530][gc            ] GC(25) Pause Young (Normal) (G1 Evacuation Pause) 280M->146M(1024M) 22.585ms
[2024-03-07T10:55:16.999+0530][gc,cpu        ] GC(25) User=0.01s Sys=0.01s Real=0.02s
[2024-03-07T14:55:07.234+0530][gc,start      ] GC(26) Pause Young (Normal) (G1 Evacuation Pause)
[2024-03-07T14:55:07.236+0530][gc,task       ] GC(26) Using 9 workers of 9 for evacuation
[2024-03-07T14:55:07.253+0530][gc,phases     ] GC(26)   Pre Evacuate Collection Set: 1.1ms
[2024-03-07T14:55:07.253+0530][gc,phases     ] GC(26)   Evacuate Collection Set: 10.5ms
[2024-03-07T14:55:07.253+0530][gc,phases     ] GC(26)   Post Evacuate Collection Set: 1.4ms
[2024-03-07T14:55:07.253+0530][gc,phases     ] GC(26)   Other: 7.9ms
[2024-03-07T14:55:07.253+0530][gc,heap       ] GC(26) Eden regions: 154->0(194)
[2024-03-07T14:55:07.253+0530][gc,heap       ] GC(26) Survivor regions: 1->1(20)
[2024-03-07T14:55:07.253+0530][gc,heap       ] GC(26) Old regions: 18->18
[2024-03-07T14:55:07.253+0530][gc,heap       ] GC(26) Humongous regions: 129->129
[2024-03-07T14:55:07.253+0530][gc,metaspace  ] GC(26) Metaspace: 50590K(53440K)->50590K(53440K) NonClass: 44282K(45760K)->44282K(45760K) Class: 6307K(7680K)->6307K(7680K)
[2024-03-07T14:55:07.254+0530][gc            ] GC(26) Pause Young (Normal) (G1 Evacuation Pause) 300M->146M(1024M) 20.144ms
[2024-03-07T14:55:07.254+0530][gc,cpu        ] GC(26) User=0.01s Sys=0.01s Real=0.02s
[2024-03-07T17:41:04.099+0530][gc,start      ] GC(27) Pause Young (Normal) (G1 Evacuation Pause)
[2024-03-07T17:41:04.103+0530][gc,task       ] GC(27) Using 9 workers of 9 for evacuation
[2024-03-07T17:41:04.127+0530][gc,mmu        ] GC(27) MMU target violated: 21.0ms (20.0ms/21.0ms)
[2024-03-07T17:41:04.127+0530][gc,phases     ] GC(27)   Pre Evacuate Collection Set: 2.2ms
[2024-03-07T17:41:04.127+0530][gc,phases     ] GC(27)   Evacuate Collection Set: 7.9ms
[2024-03-07T17:41:04.127+0530][gc,phases     ] GC(27)   Post Evacuate Collection Set: 1.1ms
[2024-03-07T17:41:04.127+0530][gc,phases     ] GC(27)   Other: 19.1ms
[2024-03-07T17:41:04.127+0530][gc,heap       ] GC(27) Eden regions: 194->0(209)
[2024-03-07T17:41:04.127+0530][gc,heap       ] GC(27) Survivor regions: 1->1(25)
[2024-03-07T17:41:04.128+0530][gc,heap       ] GC(27) Old regions: 18->18
[2024-03-07T17:41:04.128+0530][gc,heap       ] GC(27) Humongous regions: 129->129
[2024-03-07T17:41:04.128+0530][gc,metaspace  ] GC(27) Metaspace: 50640K(53440K)->50640K(53440K) NonClass: 44333K(45760K)->44333K(45760K) Class: 6307K(7680K)->6307K(7680K)
[2024-03-07T17:41:04.128+0530][gc            ] GC(27) Pause Young (Normal) (G1 Evacuation Pause) 340M->146M(1024M) 28.589ms
[2024-03-07T17:41:04.128+0530][gc,cpu        ] GC(27) User=0.01s Sys=0.02s Real=0.03s
[2024-03-07T20:53:51.303+0530][gc,start      ] GC(28) Pause Young (Normal) (G1 Evacuation Pause)
[2024-03-07T20:53:51.305+0530][gc,task       ] GC(28) Using 9 workers of 9 for evacuation
[2024-03-07T20:53:51.320+0530][gc,phases     ] GC(28)   Pre Evacuate Collection Set: 2.4ms
[2024-03-07T20:53:51.320+0530][gc,phases     ] GC(28)   Evacuate Collection Set: 10.3ms
[2024-03-07T20:53:51.320+0530][gc,phases     ] GC(28)   Post Evacuate Collection Set: 1.2ms
[2024-03-07T20:53:51.320+0530][gc,phases     ] GC(28)   Other: 5.0ms
[2024-03-07T20:53:51.320+0530][gc,heap       ] GC(28) Eden regions: 209->0(233)
[2024-03-07T20:53:51.320+0530][gc,heap       ] GC(28) Survivor regions: 1->1(27)
[2024-03-07T20:53:51.320+0530][gc,heap       ] GC(28) Old regions: 18->18
[2024-03-07T20:53:51.320+0530][gc,heap       ] GC(28) Humongous regions: 129->129
[2024-03-07T20:53:51.320+0530][gc,metaspace  ] GC(28) Metaspace: 50702K(53440K)->50702K(53440K) NonClass: 44395K(45760K)->44395K(45760K) Class: 6307K(7680K)->6307K(7680K)
[2024-03-07T20:53:51.320+0530][gc            ] GC(28) Pause Young (Normal) (G1 Evacuation Pause) 355M->146M(1024M) 17.790ms
[2024-03-07T20:53:51.320+0530][gc,cpu        ] GC(28) User=0.01s Sys=0.01s Real=0.02s
[2024-03-08T01:54:14.224+0530][gc,start      ] GC(29) Pause Young (Normal) (G1 Evacuation Pause)
[2024-03-08T01:54:14.228+0530][gc,task       ] GC(29) Using 9 workers of 9 for evacuation
[2024-03-08T01:54:14.255+0530][gc,mmu        ] GC(29) MMU target violated: 21.0ms (20.0ms/21.0ms)
[2024-03-08T01:54:14.256+0530][gc,phases     ] GC(29)   Pre Evacuate Collection Set: 2.2ms
[2024-03-08T01:54:14.256+0530][gc,phases     ] GC(29)   Evacuate Collection Set: 8.4ms
[2024-03-08T01:54:14.256+0530][gc,phases     ] GC(29)   Post Evacuate Collection Set: 2.2ms
[2024-03-08T01:54:14.256+0530][gc,phases     ] GC(29)   Other: 26.4ms
[2024-03-08T01:54:14.256+0530][gc,heap       ] GC(29) Eden regions: 233->0(247)
[2024-03-08T01:54:14.256+0530][gc,heap       ] GC(29) Survivor regions: 1->1(30)
[2024-03-08T01:54:14.256+0530][gc,heap       ] GC(29) Old regions: 18->18
[2024-03-08T01:54:14.256+0530][gc,heap       ] GC(29) Humongous regions: 129->129
[2024-03-08T01:54:14.256+0530][gc,metaspace  ] GC(29) Metaspace: 50704K(53440K)->50704K(53440K) NonClass: 44397K(45760K)->44397K(45760K) Class: 6307K(7680K)->6307K(7680K)
[2024-03-08T01:54:14.257+0530][gc            ] GC(29) Pause Young (Normal) (G1 Evacuation Pause) 379M->146M(1024M) 32.946ms
[2024-03-08T01:54:14.257+0530][gc,cpu        ] GC(29) User=0.01s Sys=0.01s Real=0.03s
[2024-03-08T13:28:11.433+0530][gc,start      ] GC(30) Pause Young (Normal) (G1 Evacuation Pause)
[2024-03-08T13:28:11.435+0530][gc,task       ] GC(30) Using 9 workers of 9 for evacuation
[2024-03-08T13:28:11.453+0530][gc,phases     ] GC(30)   Pre Evacuate Collection Set: 1.5ms
[2024-03-08T13:28:11.453+0530][gc,phases     ] GC(30)   Evacuate Collection Set: 7.0ms
[2024-03-08T13:28:11.453+0530][gc,phases     ] GC(30)   Post Evacuate Collection Set: 0.8ms
[2024-03-08T13:28:11.453+0530][gc,phases     ] GC(30)   Other: 14.6ms
[2024-03-08T13:28:11.453+0530][gc,heap       ] GC(30) Eden regions: 247->0(264)
[2024-03-08T13:28:11.453+0530][gc,heap       ] GC(30) Survivor regions: 1->1(31)
[2024-03-08T13:28:11.453+0530][gc,heap       ] GC(30) Old regions: 18->18
[2024-03-08T13:28:11.453+0530][gc,heap       ] GC(30) Humongous regions: 129->129
[2024-03-08T13:28:11.453+0530][gc,metaspace  ] GC(30) Metaspace: 50705K(53440K)->50705K(53440K) NonClass: 44398K(45760K)->44398K(45760K) Class: 6307K(7680K)->6307K(7680K)
[2024-03-08T13:28:11.453+0530][gc            ] GC(30) Pause Young (Normal) (G1 Evacuation Pause) 393M->146M(1024M) 20.584ms
[2024-03-08T13:28:11.453+0530][gc,cpu        ] GC(30) User=0.01s Sys=0.01s Real=0.02s
[2024-03-09T17:31:18.939+0530][gc,start      ] GC(31) Pause Young (Normal) (G1 Evacuation Pause)
[2024-03-09T17:31:18.942+0530][gc,task       ] GC(31) Using 9 workers of 9 for evacuation
[2024-03-09T17:31:18.962+0530][gc,phases     ] GC(31)   Pre Evacuate Collection Set: 2.0ms
[2024-03-09T17:31:18.962+0530][gc,phases     ] GC(31)   Evacuate Collection Set: 9.7ms
[2024-03-09T17:31:18.962+0530][gc,phases     ] GC(31)   Post Evacuate Collection Set: 3.4ms
[2024-03-09T17:31:18.962+0530][gc,phases     ] GC(31)   Other: 10.2ms
[2024-03-09T17:31:18.962+0530][gc,heap       ] GC(31) Eden regions: 264->0(274)
[2024-03-09T17:31:18.962+0530][gc,heap       ] GC(31) Survivor regions: 1->1(34)
[2024-03-09T17:31:18.962+0530][gc,heap       ] GC(31) Old regions: 18->18
[2024-03-09T17:31:18.962+0530][gc,heap       ] GC(31) Humongous regions: 129->129
[2024-03-09T17:31:18.963+0530][gc,metaspace  ] GC(31) Metaspace: 50785K(53696K)->50785K(53696K) NonClass: 44478K(46016K)->44478K(46016K) Class: 6307K(7680K)->6307K(7680K)
[2024-03-09T17:31:18.963+0530][gc            ] GC(31) Pause Young (Normal) (G1 Evacuation Pause) 410M->146M(1024M) 23.966ms
[2024-03-09T17:31:18.963+0530][gc,cpu        ] GC(31) User=0.00s Sys=0.02s Real=0.03s
[2024-03-09T21:23:25.923+0530][gc,heap,exit  ] Heap
[2024-03-09T21:23:25.923+0530][gc,heap,exit  ]  garbage-first heap   total 1048576K, used 402975K [0x0000000780000000, 0x00000007c0000000)
[2024-03-09T21:23:25.923+0530][gc,heap,exit  ]   region size 1024K, 250 young (256000K), 1 survivors (1024K)
[2024-03-09T21:23:25.923+0530][gc,heap,exit  ]  Metaspace       used 50943K, capacity 53698K, committed 53824K, reserved 1095680K
[2024-03-09T21:23:25.923+0530][gc,heap,exit  ]   class space    used 6346K, capacity 7696K, committed 7808K, reserved 1048576K
