OpenJDK 64-Bit Server VM (25.372-b07) for bsd-amd64 JRE (1.8.0_372-b07), built on Apr 19 2023 10:02:40 by "jenkins" with gcc 4.2.1 Compatible Apple LLVM 10.0.1 (clang-1001.0.46.4)
Memory: 4k page, physical 16777216k(17140k free)

/proc/meminfo:

CommandLine flags: -XX:+ExplicitGCInvokesConcurrent -XX:GCLogFileSize=104857600 -XX:InitialHeapSize=1073741824 -XX:InitiatingHeapOccupancyPercent=35 -XX:+ManagementServer -XX:MaxGCPauseMillis=20 -XX:MaxHeapSize=1073741824 -XX:MaxInlineLevel=15 -XX:NumberOfGCLogFiles=10 -XX:+PrintGC -XX:+PrintGCDateStamps -XX:+PrintGCDetails -XX:+PrintGCTimeStamps -XX:+UseCompressedClassPointers -XX:+UseCompressedOops -XX:+UseG1GC -XX:+UseGCLogFileRotation 
2023-10-08T18:43:24.056+0530: 0.759: [GC pause (G1 Evacuation Pause) (young), 0.0094927 secs]
   [Parallel Time: 7.8 ms, GC Workers: 9]
      [GC Worker Start (ms): Min: 759.5, Avg: 759.6, Max: 759.7, Diff: 0.2]
      [Ext Root Scanning (ms): Min: 0.0, Avg: 0.6, Max: 3.2, Diff: 3.2, Sum: 5.8]
      [Update RS (ms): Min: 0.0, Avg: 0.0, Max: 0.0, Diff: 0.0, Sum: 0.0]
         [Processed Buffers: Min: 0, Avg: 0.0, Max: 0, Diff: 0, Sum: 0]
      [Scan RS (ms): Min: 0.0, Avg: 0.0, Max: 0.2, Diff: 0.2, Sum: 0.3]
      [Code Root Scanning (ms): Min: 0.0, Avg: 3.3, Max: 6.1, Diff: 6.1, Sum: 30.0]
      [Object Copy (ms): Min: 0.7, Avg: 1.8, Max: 3.8, Diff: 3.1, Sum: 16.0]
      [Termination (ms): Min: 0.0, Avg: 1.5, Max: 1.8, Diff: 1.8, Sum: 13.7]
         [Termination Attempts: Min: 1, Avg: 166.6, Max: 221, Diff: 220, Sum: 1499]
      [GC Worker Other (ms): Min: 0.0, Avg: 0.1, Max: 0.5, Diff: 0.5, Sum: 0.8]
      [GC Worker Total (ms): Min: 7.3, Avg: 7.4, Max: 7.6, Diff: 0.3, Sum: 66.8]
      [GC Worker End (ms): Min: 767.0, Avg: 767.0, Max: 767.1, Diff: 0.1]
   [Code Root Fixup: 0.0 ms]
   [Code Root Purge: 0.0 ms]
   [Clear CT: 0.1 ms]
   [Other: 1.6 ms]
      [Choose CSet: 0.0 ms]
      [Ref Proc: 1.1 ms]
      [Ref Enq: 0.0 ms]
      [Redirty Cards: 0.0 ms]
      [Humongous Register: 0.1 ms]
      [Humongous Reclaim: 0.0 ms]
      [Free CSet: 0.1 ms]
   [Eden: 52224.0K(52224.0K)->0.0B(47104.0K) Survivors: 0.0B->5120.0K Heap: 52224.0K(1024.0M)->4851.8K(1024.0M)]
 [Times: user=0.03 sys=0.01, real=0.01 secs] 
2023-10-08T18:43:24.361+0530: 1.064: [GC pause (G1 Evacuation Pause) (young), 0.0100880 secs]
   [Parallel Time: 8.5 ms, GC Workers: 9]
      [GC Worker Start (ms): Min: 1064.2, Avg: 1064.3, Max: 1064.4, Diff: 0.2]
      [Ext Root Scanning (ms): Min: 0.0, Avg: 0.4, Max: 2.0, Diff: 2.0, Sum: 3.4]
      [Update RS (ms): Min: 0.0, Avg: 0.0, Max: 0.0, Diff: 0.0, Sum: 0.0]
         [Processed Buffers: Min: 0, Avg: 0.0, Max: 0, Diff: 0, Sum: 0]
      [Scan RS (ms): Min: 0.0, Avg: 0.0, Max: 0.0, Diff: 0.0, Sum: 0.0]
      [Code Root Scanning (ms): Min: 0.0, Avg: 1.3, Max: 8.2, Diff: 8.2, Sum: 11.4]
      [Object Copy (ms): Min: 0.1, Avg: 1.6, Max: 2.5, Diff: 2.4, Sum: 14.5]
      [Termination (ms): Min: 0.0, Avg: 5.1, Max: 5.8, Diff: 5.8, Sum: 45.9]
         [Termination Attempts: Min: 1, Avg: 116.4, Max: 245, Diff: 244, Sum: 1048]
      [GC Worker Other (ms): Min: 0.0, Avg: 0.0, Max: 0.0, Diff: 0.0, Sum: 0.1]
      [GC Worker Total (ms): Min: 8.3, Avg: 8.4, Max: 8.5, Diff: 0.2, Sum: 75.4]
      [GC Worker End (ms): Min: 1072.6, Avg: 1072.6, Max: 1072.7, Diff: 0.0]
   [Code Root Fixup: 0.0 ms]
   [Code Root Purge: 0.0 ms]
   [Clear CT: 0.1 ms]
   [Other: 1.5 ms]
      [Choose CSet: 0.0 ms]
      [Ref Proc: 1.2 ms]
      [Ref Enq: 0.0 ms]
      [Redirty Cards: 0.0 ms]
      [Humongous Register: 0.0 ms]
      [Humongous Reclaim: 0.0 ms]
      [Free CSet: 0.0 ms]
   [Eden: 47104.0K(47104.0K)->0.0B(45056.0K) Survivors: 5120.0K->7168.0K Heap: 51955.8K(1024.0M)->9370.5K(1024.0M)]
 [Times: user=0.06 sys=0.01, real=0.01 secs] 
2023-10-08T18:43:24.724+0530: 1.428: [GC pause (G1 Evacuation Pause) (young), 0.0063223 secs]
   [Parallel Time: 5.2 ms, GC Workers: 9]
      [GC Worker Start (ms): Min: 1427.6, Avg: 1427.6, Max: 1427.8, Diff: 0.2]
      [Ext Root Scanning (ms): Min: 0.1, Avg: 0.4, Max: 1.3, Diff: 1.2, Sum: 3.9]
      [Update RS (ms): Min: 0.0, Avg: 0.2, Max: 0.8, Diff: 0.8, Sum: 1.6]
         [Processed Buffers: Min: 0, Avg: 0.2, Max: 1, Diff: 1, Sum: 2]
      [Scan RS (ms): Min: 0.0, Avg: 0.0, Max: 0.0, Diff: 0.0, Sum: 0.0]
      [Code Root Scanning (ms): Min: 0.9, Avg: 2.7, Max: 4.3, Diff: 3.3, Sum: 24.5]
      [Object Copy (ms): Min: 0.0, Avg: 1.2, Max: 2.8, Diff: 2.8, Sum: 10.8]
      [Termination (ms): Min: 0.0, Avg: 0.4, Max: 0.6, Diff: 0.6, Sum: 3.9]
         [Termination Attempts: Min: 1, Avg: 69.4, Max: 170, Diff: 169, Sum: 625]
      [GC Worker Other (ms): Min: 0.0, Avg: 0.0, Max: 0.1, Diff: 0.0, Sum: 0.2]
      [GC Worker Total (ms): Min: 4.9, Avg: 5.0, Max: 5.1, Diff: 0.2, Sum: 45.0]
      [GC Worker End (ms): Min: 1432.6, Avg: 1432.6, Max: 1432.7, Diff: 0.0]
   [Code Root Fixup: 0.0 ms]
   [Code Root Purge: 0.0 ms]
   [Clear CT: 0.1 ms]
   [Other: 1.1 ms]
      [Choose CSet: 0.0 ms]
      [Ref Proc: 0.8 ms]
      [Ref Enq: 0.0 ms]
      [Redirty Cards: 0.0 ms]
      [Humongous Register: 0.0 ms]
      [Humongous Reclaim: 0.0 ms]
      [Free CSet: 0.1 ms]
   [Eden: 45056.0K(45056.0K)->0.0B(45056.0K) Survivors: 7168.0K->7168.0K Heap: 54426.5K(1024.0M)->11332.5K(1024.0M)]
 [Times: user=0.02 sys=0.01, real=0.01 secs] 
2023-10-08T18:43:25.022+0530: 1.725: [GC pause (Metadata GC Threshold) (young) (initial-mark), 0.0060973 secs]
   [Parallel Time: 5.4 ms, GC Workers: 9]
      [GC Worker Start (ms): Min: 1725.1, Avg: 1725.2, Max: 1725.3, Diff: 0.2]
      [Ext Root Scanning (ms): Min: 0.6, Avg: 0.9, Max: 1.1, Diff: 0.5, Sum: 7.9]
      [Update RS (ms): Min: 0.0, Avg: 0.1, Max: 0.2, Diff: 0.2, Sum: 0.8]
         [Processed Buffers: Min: 0, Avg: 1.1, Max: 3, Diff: 3, Sum: 10]
      [Scan RS (ms): Min: 0.0, Avg: 0.0, Max: 0.0, Diff: 0.0, Sum: 0.0]
      [Code Root Scanning (ms): Min: 0.0, Avg: 2.4, Max: 4.2, Diff: 4.2, Sum: 22.0]
      [Object Copy (ms): Min: 0.0, Avg: 0.7, Max: 2.1, Diff: 2.1, Sum: 6.5]
      [Termination (ms): Min: 0.0, Avg: 1.1, Max: 2.4, Diff: 2.4, Sum: 10.2]
         [Termination Attempts: Min: 1, Avg: 5.8, Max: 13, Diff: 12, Sum: 52]
      [GC Worker Other (ms): Min: 0.0, Avg: 0.0, Max: 0.0, Diff: 0.0, Sum: 0.1]
      [GC Worker Total (ms): Min: 5.2, Avg: 5.3, Max: 5.3, Diff: 0.1, Sum: 47.5]
      [GC Worker End (ms): Min: 1730.4, Avg: 1730.5, Max: 1730.5, Diff: 0.0]
   [Code Root Fixup: 0.0 ms]
   [Code Root Purge: 0.0 ms]
   [Clear CT: 0.1 ms]
   [Other: 0.6 ms]
      [Choose CSet: 0.0 ms]
      [Ref Proc: 0.4 ms]
      [Ref Enq: 0.0 ms]
      [Redirty Cards: 0.0 ms]
      [Humongous Register: 0.0 ms]
      [Humongous Reclaim: 0.0 ms]
      [Free CSet: 0.0 ms]
   [Eden: 35840.0K(45056.0K)->0.0B(45056.0K) Survivors: 7168.0K->7168.0K Heap: 46663.5K(1024.0M)->11147.2K(1024.0M)]
 [Times: user=0.02 sys=0.01, real=0.00 secs] 
2023-10-08T18:43:25.028+0530: 1.732: [GC concurrent-root-region-scan-start]
2023-10-08T18:43:25.030+0530: 1.733: [GC concurrent-root-region-scan-end, 0.0014273 secs]
2023-10-08T18:43:25.030+0530: 1.733: [GC concurrent-mark-start]
2023-10-08T18:43:25.030+0530: 1.734: [GC concurrent-mark-end, 0.0006787 secs]
2023-10-08T18:43:25.031+0530: 1.734: [GC remark 2023-10-08T18:43:25.031+0530: 1.734: [Finalize Marking, 0.0008275 secs] 2023-10-08T18:43:25.032+0530: 1.735: [GC ref-proc, 0.0000399 secs] 2023-10-08T18:43:25.032+0530: 1.735: [Unloading, 0.0046326 secs], 0.0058333 secs]
 [Times: user=0.02 sys=0.00, real=0.00 secs] 
2023-10-08T18:43:25.037+0530: 1.741: [GC cleanup 11659K->8518K(1024M), 0.0006308 secs]
 [Times: user=0.00 sys=0.00, real=0.00 secs] 
2023-10-08T18:43:25.038+0530: 1.741: [GC concurrent-cleanup-start]
2023-10-08T18:43:25.038+0530: 1.741: [GC concurrent-cleanup-end, 0.0000092 secs]
2023-10-08T18:43:25.284+0530: 1.987: [GC pause (G1 Evacuation Pause) (young), 0.0075106 secs]
   [Parallel Time: 6.5 ms, GC Workers: 9]
      [GC Worker Start (ms): Min: 1987.1, Avg: 1987.2, Max: 1987.3, Diff: 0.2]
      [Ext Root Scanning (ms): Min: 0.0, Avg: 0.2, Max: 1.0, Diff: 0.9, Sum: 2.2]
      [Update RS (ms): Min: 0.0, Avg: 0.1, Max: 0.3, Diff: 0.3, Sum: 0.6]
         [Processed Buffers: Min: 0, Avg: 0.8, Max: 1, Diff: 1, Sum: 7]
      [Scan RS (ms): Min: 0.0, Avg: 0.0, Max: 0.0, Diff: 0.0, Sum: 0.0]
      [Code Root Scanning (ms): Min: 0.0, Avg: 2.3, Max: 6.1, Diff: 6.1, Sum: 20.5]
      [Object Copy (ms): Min: 0.1, Avg: 1.6, Max: 2.9, Diff: 2.9, Sum: 14.7]
      [Termination (ms): Min: 0.0, Avg: 2.1, Max: 2.9, Diff: 2.9, Sum: 18.8]
         [Termination Attempts: Min: 1, Avg: 136.6, Max: 302, Diff: 301, Sum: 1229]
      [GC Worker Other (ms): Min: 0.0, Avg: 0.0, Max: 0.1, Diff: 0.0, Sum: 0.2]
      [GC Worker Total (ms): Min: 6.2, Avg: 6.3, Max: 6.4, Diff: 0.2, Sum: 57.1]
      [GC Worker End (ms): Min: 1993.6, Avg: 1993.6, Max: 1993.6, Diff: 0.0]
   [Code Root Fixup: 0.0 ms]
   [Code Root Purge: 0.0 ms]
   [Clear CT: 0.1 ms]
   [Other: 0.9 ms]
      [Choose CSet: 0.0 ms]
      [Ref Proc: 0.6 ms]
      [Ref Enq: 0.0 ms]
      [Redirty Cards: 0.1 ms]
      [Humongous Register: 0.0 ms]
      [Humongous Reclaim: 0.0 ms]
      [Free CSet: 0.1 ms]
   [Eden: 45056.0K(45056.0K)->0.0B(45056.0K) Survivors: 7168.0K->7168.0K Heap: 53062.8K(1024.0M)->9776.0K(1024.0M)]
 [Times: user=0.03 sys=0.01, real=0.01 secs] 
2023-10-08T18:43:25.615+0530: 2.318: [GC pause (G1 Evacuation Pause) (young), 0.0068384 secs]
   [Parallel Time: 5.7 ms, GC Workers: 9]
      [GC Worker Start (ms): Min: 2318.2, Avg: 2318.3, Max: 2318.3, Diff: 0.1]
      [Ext Root Scanning (ms): Min: 0.1, Avg: 0.5, Max: 1.3, Diff: 1.2, Sum: 4.4]
      [Update RS (ms): Min: 0.0, Avg: 0.1, Max: 0.3, Diff: 0.3, Sum: 0.6]
         [Processed Buffers: Min: 0, Avg: 0.8, Max: 2, Diff: 2, Sum: 7]
      [Scan RS (ms): Min: 0.0, Avg: 0.0, Max: 0.0, Diff: 0.0, Sum: 0.0]
      [Code Root Scanning (ms): Min: 0.0, Avg: 3.0, Max: 5.0, Diff: 5.0, Sum: 26.8]
      [Object Copy (ms): Min: 0.0, Avg: 1.3, Max: 3.0, Diff: 3.0, Sum: 11.8]
      [Termination (ms): Min: 0.0, Avg: 0.7, Max: 1.4, Diff: 1.4, Sum: 5.9]
         [Termination Attempts: Min: 1, Avg: 15.2, Max: 38, Diff: 37, Sum: 137]
      [GC Worker Other (ms): Min: 0.0, Avg: 0.0, Max: 0.0, Diff: 0.0, Sum: 0.1]
      [GC Worker Total (ms): Min: 5.4, Avg: 5.5, Max: 5.6, Diff: 0.2, Sum: 49.6]
      [GC Worker End (ms): Min: 2323.8, Avg: 2323.8, Max: 2323.8, Diff: 0.0]
   [Code Root Fixup: 0.0 ms]
   [Code Root Purge: 0.0 ms]
   [Clear CT: 0.1 ms]
   [Other: 1.1 ms]
      [Choose CSet: 0.0 ms]
      [Ref Proc: 0.8 ms]
      [Ref Enq: 0.0 ms]
      [Redirty Cards: 0.0 ms]
      [Humongous Register: 0.0 ms]
      [Humongous Reclaim: 0.0 ms]
      [Free CSet: 0.0 ms]
   [Eden: 45056.0K(45056.0K)->0.0B(45056.0K) Survivors: 7168.0K->7168.0K Heap: 181.5M(1024.0M)->141.8M(1024.0M)]
 [Times: user=0.03 sys=0.01, real=0.01 secs] 
2023-10-08T18:43:25.787+0530: 2.491: [GC pause (G1 Evacuation Pause) (young), 0.0039470 secs]
   [Parallel Time: 3.0 ms, GC Workers: 9]
      [GC Worker Start (ms): Min: 2490.6, Avg: 2490.7, Max: 2490.9, Diff: 0.2]
      [Ext Root Scanning (ms): Min: 0.0, Avg: 0.2, Max: 0.9, Diff: 0.9, Sum: 1.8]
      [Update RS (ms): Min: 0.0, Avg: 0.2, Max: 0.4, Diff: 0.4, Sum: 1.5]
         [Processed Buffers: Min: 0, Avg: 1.6, Max: 5, Diff: 5, Sum: 14]
      [Scan RS (ms): Min: 0.5, Avg: 1.0, Max: 1.4, Diff: 0.8, Sum: 9.1]
      [Code Root Scanning (ms): Min: 0.0, Avg: 0.3, Max: 0.7, Diff: 0.7, Sum: 2.4]
      [Object Copy (ms): Min: 0.7, Avg: 1.1, Max: 1.4, Diff: 0.7, Sum: 9.8]
      [Termination (ms): Min: 0.0, Avg: 0.0, Max: 0.0, Diff: 0.0, Sum: 0.2]
         [Termination Attempts: Min: 1, Avg: 50.9, Max: 71, Diff: 70, Sum: 458]
      [GC Worker Other (ms): Min: 0.0, Avg: 0.0, Max: 0.1, Diff: 0.1, Sum: 0.3]
      [GC Worker Total (ms): Min: 2.6, Avg: 2.8, Max: 2.9, Diff: 0.2, Sum: 25.2]
      [GC Worker End (ms): Min: 2493.5, Avg: 2493.5, Max: 2493.6, Diff: 0.1]
   [Code Root Fixup: 0.0 ms]
   [Code Root Purge: 0.0 ms]
   [Clear CT: 0.1 ms]
   [Other: 0.9 ms]
      [Choose CSet: 0.0 ms]
      [Ref Proc: 0.7 ms]
      [Ref Enq: 0.0 ms]
      [Redirty Cards: 0.0 ms]
      [Humongous Register: 0.0 ms]
      [Humongous Reclaim: 0.0 ms]
      [Free CSet: 0.0 ms]
   [Eden: 45056.0K(45056.0K)->0.0B(55296.0K) Survivors: 7168.0K->7168.0K Heap: 185.8M(1024.0M)->142.3M(1024.0M)]
 [Times: user=0.02 sys=0.00, real=0.01 secs] 
2023-10-08T18:43:26.306+0530: 3.009: [GC pause (G1 Evacuation Pause) (young), 0.0047153 secs]
   [Parallel Time: 3.5 ms, GC Workers: 9]
      [GC Worker Start (ms): Min: 3009.0, Avg: 3009.2, Max: 3009.5, Diff: 0.5]
      [Ext Root Scanning (ms): Min: 0.0, Avg: 0.3, Max: 1.2, Diff: 1.2, Sum: 2.4]
      [Update RS (ms): Min: 0.0, Avg: 0.1, Max: 0.2, Diff: 0.2, Sum: 0.7]
         [Processed Buffers: Min: 0, Avg: 1.8, Max: 5, Diff: 5, Sum: 16]
      [Scan RS (ms): Min: 0.0, Avg: 0.0, Max: 0.0, Diff: 0.0, Sum: 0.1]
      [Code Root Scanning (ms): Min: 0.0, Avg: 1.3, Max: 2.9, Diff: 2.9, Sum: 11.7]
      [Object Copy (ms): Min: 0.2, Avg: 1.5, Max: 3.0, Diff: 2.9, Sum: 13.5]
      [Termination (ms): Min: 0.0, Avg: 0.1, Max: 0.1, Diff: 0.1, Sum: 1.0]
         [Termination Attempts: Min: 1, Avg: 2.8, Max: 4, Diff: 3, Sum: 25]
      [GC Worker Other (ms): Min: 0.0, Avg: 0.0, Max: 0.0, Diff: 0.0, Sum: 0.1]
      [GC Worker Total (ms): Min: 2.9, Avg: 3.3, Max: 3.4, Diff: 0.5, Sum: 29.5]
      [GC Worker End (ms): Min: 3012.4, Avg: 3012.4, Max: 3012.5, Diff: 0.0]
   [Code Root Fixup: 0.0 ms]
   [Code Root Purge: 0.0 ms]
   [Clear CT: 0.1 ms]
   [Other: 1.1 ms]
      [Choose CSet: 0.0 ms]
      [Ref Proc: 0.9 ms]
      [Ref Enq: 0.0 ms]
      [Redirty Cards: 0.1 ms]
      [Humongous Register: 0.0 ms]
      [Humongous Reclaim: 0.0 ms]
      [Free CSet: 0.0 ms]
   [Eden: 55296.0K(55296.0K)->0.0B(132.0M) Survivors: 7168.0K->8192.0K Heap: 196.3M(1024.0M)->145.2M(1024.0M)]
 [Times: user=0.01 sys=0.01, real=0.01 secs] 
2023-10-08T18:43:26.663+0530: 3.367: [GC pause (Metadata GC Threshold) (young) (initial-mark), 0.0066216 secs]
   [Parallel Time: 5.3 ms, GC Workers: 9]
      [GC Worker Start (ms): Min: 3367.0, Avg: 3367.1, Max: 3367.2, Diff: 0.1]
      [Ext Root Scanning (ms): Min: 0.6, Avg: 0.8, Max: 0.9, Diff: 0.3, Sum: 6.8]
      [Update RS (ms): Min: 0.0, Avg: 0.2, Max: 0.2, Diff: 0.2, Sum: 1.4]
         [Processed Buffers: Min: 0, Avg: 2.0, Max: 8, Diff: 8, Sum: 18]
      [Scan RS (ms): Min: 0.0, Avg: 0.0, Max: 0.0, Diff: 0.0, Sum: 0.1]
      [Code Root Scanning (ms): Min: 0.0, Avg: 2.0, Max: 4.0, Diff: 4.0, Sum: 18.4]
      [Object Copy (ms): Min: 0.1, Avg: 1.8, Max: 3.6, Diff: 3.6, Sum: 16.1]
      [Termination (ms): Min: 0.0, Avg: 0.3, Max: 0.5, Diff: 0.5, Sum: 2.7]
         [Termination Attempts: Min: 1, Avg: 1.3, Max: 2, Diff: 1, Sum: 12]
      [GC Worker Other (ms): Min: 0.0, Avg: 0.0, Max: 0.0, Diff: 0.0, Sum: 0.1]
      [GC Worker Total (ms): Min: 5.0, Avg: 5.0, Max: 5.1, Diff: 0.2, Sum: 45.4]
      [GC Worker End (ms): Min: 3372.1, Avg: 3372.1, Max: 3372.2, Diff: 0.0]
   [Code Root Fixup: 0.0 ms]
   [Code Root Purge: 0.0 ms]
   [Clear CT: 0.1 ms]
   [Other: 1.3 ms]
      [Choose CSet: 0.0 ms]
      [Ref Proc: 1.0 ms]
      [Ref Enq: 0.0 ms]
      [Redirty Cards: 0.0 ms]
      [Humongous Register: 0.0 ms]
      [Humongous Reclaim: 0.0 ms]
      [Free CSet: 0.1 ms]
   [Eden: 59392.0K(132.0M)->0.0B(138.0M) Survivors: 8192.0K->12288.0K Heap: 203.2M(1024.0M)->148.7M(1024.0M)]
 [Times: user=0.03 sys=0.01, real=0.01 secs] 
2023-10-08T18:43:26.670+0530: 3.374: [GC concurrent-root-region-scan-start]
2023-10-08T18:43:26.673+0530: 3.376: [GC concurrent-root-region-scan-end, 0.0028378 secs]
2023-10-08T18:43:26.673+0530: 3.376: [GC concurrent-mark-start]
2023-10-08T18:43:26.675+0530: 3.379: [GC concurrent-mark-end, 0.0021039 secs]
2023-10-08T18:43:26.676+0530: 3.379: [GC remark 2023-10-08T18:43:26.676+0530: 3.379: [Finalize Marking, 0.0002060 secs] 2023-10-08T18:43:26.676+0530: 3.380: [GC ref-proc, 0.0000760 secs] 2023-10-08T18:43:26.676+0530: 3.380: [Unloading, 0.0095432 secs], 0.0105209 secs]
 [Times: user=0.03 sys=0.01, real=0.01 secs] 
2023-10-08T18:43:26.687+0530: 3.391: [GC cleanup 149M->146M(1024M), 0.0008196 secs]
 [Times: user=0.00 sys=0.00, real=0.00 secs] 
2023-10-08T18:43:26.688+0530: 3.391: [GC concurrent-cleanup-start]
2023-10-08T18:43:26.688+0530: 3.391: [GC concurrent-cleanup-end, 0.0000092 secs]
2023-10-08T18:48:26.168+0530: 302.872: [GC pause (G1 Evacuation Pause) (young), 0.0767115 secs]
   [Parallel Time: 71.4 ms, GC Workers: 9]
      [GC Worker Start (ms): Min: 302873.2, Avg: 302876.0, Max: 302879.0, Diff: 5.8]
      [Ext Root Scanning (ms): Min: 0.2, Avg: 7.0, Max: 41.2, Diff: 41.0, Sum: 63.4]
      [Update RS (ms): Min: 0.0, Avg: 2.8, Max: 6.6, Diff: 6.6, Sum: 24.9]
         [Processed Buffers: Min: 0, Avg: 2.4, Max: 15, Diff: 15, Sum: 22]
      [Scan RS (ms): Min: 0.0, Avg: 0.0, Max: 0.1, Diff: 0.1, Sum: 0.3]
      [Code Root Scanning (ms): Min: 0.0, Avg: 16.1, Max: 22.9, Diff: 22.9, Sum: 144.6]
      [Object Copy (ms): Min: 25.7, Avg: 39.2, Max: 47.8, Diff: 22.1, Sum: 352.9]
      [Termination (ms): Min: 1.2, Avg: 3.3, Max: 4.3, Diff: 3.2, Sum: 29.8]
         [Termination Attempts: Min: 52, Avg: 57.9, Max: 68, Diff: 16, Sum: 521]
      [GC Worker Other (ms): Min: 0.0, Avg: 0.1, Max: 0.2, Diff: 0.2, Sum: 0.5]
      [GC Worker Total (ms): Min: 65.5, Avg: 68.5, Max: 71.3, Diff: 5.8, Sum: 616.5]
      [GC Worker End (ms): Min: 302944.5, Avg: 302944.5, Max: 302944.5, Diff: 0.0]
   [Code Root Fixup: 0.1 ms]
   [Code Root Purge: 0.0 ms]
   [Clear CT: 0.2 ms]
   [Other: 5.0 ms]
      [Choose CSet: 0.0 ms]
      [Ref Proc: 2.9 ms]
      [Ref Enq: 0.0 ms]
      [Redirty Cards: 0.0 ms]
      [Humongous Register: 0.8 ms]
      [Humongous Reclaim: 0.0 ms]
      [Free CSet: 0.3 ms]
   [Eden: 138.0M(138.0M)->0.0B(34816.0K) Survivors: 12288.0K->17408.0K Heap: 283.6M(1024.0M)->150.5M(1024.0M)]
 [Times: user=0.10 sys=0.21, real=0.08 secs] 
2023-10-08T18:55:11.603+0530: 708.308: [GC pause (G1 Evacuation Pause) (young), 0.0357575 secs]
   [Parallel Time: 33.2 ms, GC Workers: 9]
      [GC Worker Start (ms): Min: 708309.5, Avg: 708309.9, Max: 708310.2, Diff: 0.7]
      [Ext Root Scanning (ms): Min: 3.6, Avg: 5.5, Max: 16.1, Diff: 12.4, Sum: 49.2]
      [Update RS (ms): Min: 0.0, Avg: 1.8, Max: 2.5, Diff: 2.5, Sum: 16.6]
         [Processed Buffers: Min: 0, Avg: 1.6, Max: 6, Diff: 6, Sum: 14]
      [Scan RS (ms): Min: 0.0, Avg: 0.0, Max: 0.0, Diff: 0.0, Sum: 0.1]
      [Code Root Scanning (ms): Min: 0.0, Avg: 14.6, Max: 26.6, Diff: 26.6, Sum: 131.5]
      [Object Copy (ms): Min: 0.3, Avg: 9.0, Max: 21.3, Diff: 21.0, Sum: 81.1]
      [Termination (ms): Min: 0.0, Avg: 1.7, Max: 2.8, Diff: 2.8, Sum: 15.2]
         [Termination Attempts: Min: 1, Avg: 1.1, Max: 2, Diff: 1, Sum: 10]
      [GC Worker Other (ms): Min: 0.0, Avg: 0.0, Max: 0.1, Diff: 0.0, Sum: 0.3]
      [GC Worker Total (ms): Min: 32.3, Avg: 32.7, Max: 33.0, Diff: 0.7, Sum: 294.0]
      [GC Worker End (ms): Min: 708342.5, Avg: 708342.6, Max: 708342.6, Diff: 0.0]
   [Code Root Fixup: 0.1 ms]
   [Code Root Purge: 0.0 ms]
   [Clear CT: 0.1 ms]
   [Other: 2.4 ms]
      [Choose CSet: 0.0 ms]
      [Ref Proc: 0.5 ms]
      [Ref Enq: 0.0 ms]
      [Redirty Cards: 0.1 ms]
      [Humongous Register: 1.1 ms]
      [Humongous Reclaim: 0.0 ms]
      [Free CSet: 0.2 ms]
   [Eden: 34816.0K(34816.0K)->0.0B(45056.0K) Survivors: 17408.0K->7168.0K Heap: 184.5M(1024.0M)->150.2M(1024.0M)]
 [Times: user=0.10 sys=0.09, real=0.04 secs] 
2023-10-08T19:03:31.003+0530: 1207.601: [GC pause (G1 Evacuation Pause) (young), 0.0303939 secs]
   [Parallel Time: 27.6 ms, GC Workers: 9]
      [GC Worker Start (ms): Min: 1207602.3, Avg: 1207602.7, Max: 1207603.2, Diff: 0.9]
      [Ext Root Scanning (ms): Min: 1.6, Avg: 2.5, Max: 7.0, Diff: 5.4, Sum: 22.4]
      [Update RS (ms): Min: 0.0, Avg: 5.5, Max: 8.1, Diff: 8.1, Sum: 49.8]
         [Processed Buffers: Min: 0, Avg: 7.0, Max: 53, Diff: 53, Sum: 63]
      [Scan RS (ms): Min: 0.0, Avg: 0.5, Max: 2.0, Diff: 2.0, Sum: 4.9]
      [Code Root Scanning (ms): Min: 0.0, Avg: 1.9, Max: 4.9, Diff: 4.9, Sum: 16.9]
      [Object Copy (ms): Min: 14.6, Avg: 15.8, Max: 16.8, Diff: 2.3, Sum: 141.8]
      [Termination (ms): Min: 0.1, Avg: 0.1, Max: 0.1, Diff: 0.0, Sum: 0.8]
         [Termination Attempts: Min: 14, Avg: 25.8, Max: 36, Diff: 22, Sum: 232]
      [GC Worker Other (ms): Min: 0.1, Avg: 0.2, Max: 0.7, Diff: 0.7, Sum: 1.7]
      [GC Worker Total (ms): Min: 25.9, Avg: 26.5, Max: 27.4, Diff: 1.5, Sum: 238.2]
      [GC Worker End (ms): Min: 1207629.1, Avg: 1207629.2, Max: 1207629.8, Diff: 0.7]
   [Code Root Fixup: 0.1 ms]
   [Code Root Purge: 0.0 ms]
   [Clear CT: 0.1 ms]
   [Other: 2.6 ms]
      [Choose CSet: 0.0 ms]
      [Ref Proc: 0.4 ms]
      [Ref Enq: 0.0 ms]
      [Redirty Cards: 0.1 ms]
      [Humongous Register: 1.1 ms]
      [Humongous Reclaim: 0.0 ms]
      [Free CSet: 0.1 ms]
   [Eden: 45056.0K(45056.0K)->0.0B(45056.0K) Survivors: 7168.0K->7168.0K Heap: 194.2M(1024.0M)->153.0M(1024.0M)]
 [Times: user=0.06 sys=0.10, real=0.03 secs] 
2023-10-08T19:12:08.920+0530: 1725.506: [GC pause (G1 Evacuation Pause) (young), 0.0296737 secs]
   [Parallel Time: 26.8 ms, GC Workers: 9]
      [GC Worker Start (ms): Min: 1725507.6, Avg: 1725508.0, Max: 1725508.5, Diff: 0.9]
      [Ext Root Scanning (ms): Min: 1.2, Avg: 2.8, Max: 8.4, Diff: 7.2, Sum: 25.6]
      [Update RS (ms): Min: 0.0, Avg: 3.0, Max: 4.3, Diff: 4.3, Sum: 26.8]
         [Processed Buffers: Min: 0, Avg: 5.6, Max: 17, Diff: 17, Sum: 50]
      [Scan RS (ms): Min: 0.0, Avg: 0.1, Max: 0.4, Diff: 0.4, Sum: 1.2]
      [Code Root Scanning (ms): Min: 0.0, Avg: 2.1, Max: 4.7, Diff: 4.7, Sum: 18.7]
      [Object Copy (ms): Min: 14.9, Avg: 17.6, Max: 19.6, Diff: 4.7, Sum: 158.7]
      [Termination (ms): Min: 0.0, Avg: 0.1, Max: 0.2, Diff: 0.2, Sum: 1.0]
         [Termination Attempts: Min: 6, Avg: 11.0, Max: 13, Diff: 7, Sum: 99]
      [GC Worker Other (ms): Min: 0.0, Avg: 0.1, Max: 0.2, Diff: 0.2, Sum: 0.7]
      [GC Worker Total (ms): Min: 25.4, Avg: 25.9, Max: 26.3, Diff: 0.9, Sum: 232.8]
      [GC Worker End (ms): Min: 1725533.9, Avg: 1725533.9, Max: 1725533.9, Diff: 0.1]
   [Code Root Fixup: 0.0 ms]
   [Code Root Purge: 0.0 ms]
   [Clear CT: 0.1 ms]
   [Other: 2.8 ms]
      [Choose CSet: 0.0 ms]
      [Ref Proc: 0.4 ms]
      [Ref Enq: 0.0 ms]
      [Redirty Cards: 0.1 ms]
      [Humongous Register: 1.2 ms]
      [Humongous Reclaim: 0.0 ms]
      [Free CSet: 0.1 ms]
   [Eden: 45056.0K(45056.0K)->0.0B(45056.0K) Survivors: 7168.0K->7168.0K Heap: 197.0M(1024.0M)->157.9M(1024.0M)]
 [Times: user=0.06 sys=0.10, real=0.03 secs] 
2023-10-09T09:28:46.406+0530: 3257.034: [GC pause (G1 Evacuation Pause) (young), 0.0431647 secs]
   [Parallel Time: 33.6 ms, GC Workers: 9]
      [GC Worker Start (ms): Min: 3257041.1, Avg: 3257041.3, Max: 3257041.4, Diff: 0.3]
      [Ext Root Scanning (ms): Min: 0.0, Avg: 2.6, Max: 9.8, Diff: 9.8, Sum: 23.2]
      [Update RS (ms): Min: 0.0, Avg: 2.8, Max: 5.3, Diff: 5.3, Sum: 25.6]
         [Processed Buffers: Min: 0, Avg: 6.8, Max: 18, Diff: 18, Sum: 61]
      [Scan RS (ms): Min: 0.0, Avg: 0.7, Max: 2.1, Diff: 2.1, Sum: 6.4]
      [Code Root Scanning (ms): Min: 0.0, Avg: 1.9, Max: 9.5, Diff: 9.5, Sum: 17.3]
      [Object Copy (ms): Min: 14.2, Avg: 19.3, Max: 22.2, Diff: 8.0, Sum: 173.5]
      [Termination (ms): Min: 0.2, Avg: 1.0, Max: 1.6, Diff: 1.4, Sum: 9.3]
         [Termination Attempts: Min: 10, Avg: 47.1, Max: 73, Diff: 63, Sum: 424]
      [GC Worker Other (ms): Min: 0.2, Avg: 4.9, Max: 13.4, Diff: 13.2, Sum: 44.2]
      [GC Worker Total (ms): Min: 33.1, Avg: 33.3, Max: 33.5, Diff: 0.3, Sum: 299.6]
      [GC Worker End (ms): Min: 3257074.5, Avg: 3257074.6, Max: 3257074.6, Diff: 0.0]
   [Code Root Fixup: 0.0 ms]
   [Code Root Purge: 0.0 ms]
   [Clear CT: 0.3 ms]
   [Other: 9.2 ms]
      [Choose CSet: 0.0 ms]
      [Ref Proc: 0.8 ms]
      [Ref Enq: 0.0 ms]
      [Redirty Cards: 0.1 ms]
      [Humongous Register: 2.7 ms]
      [Humongous Reclaim: 0.0 ms]
      [Free CSet: 0.4 ms]
   [Eden: 45056.0K(45056.0K)->0.0B(47104.0K) Survivors: 7168.0K->5120.0K Heap: 201.9M(1024.0M)->163.4M(1024.0M)]
 [Times: user=0.07 sys=0.12, real=0.05 secs] 
2023-10-09T12:05:42.981+0530: 5448.186: [GC pause (G1 Evacuation Pause) (young), 0.0359914 secs]
   [Parallel Time: 29.9 ms, GC Workers: 9]
      [GC Worker Start (ms): Min: 5448189.5, Avg: 5448189.8, Max: 5448190.1, Diff: 0.5]
      [Ext Root Scanning (ms): Min: 2.8, Avg: 5.1, Max: 17.0, Diff: 14.2, Sum: 45.5]
      [Update RS (ms): Min: 0.0, Avg: 3.6, Max: 4.4, Diff: 4.4, Sum: 32.2]
         [Processed Buffers: Min: 0, Avg: 6.6, Max: 25, Diff: 25, Sum: 59]
      [Scan RS (ms): Min: 0.0, Avg: 2.3, Max: 3.4, Diff: 3.4, Sum: 20.7]
      [Code Root Scanning (ms): Min: 0.0, Avg: 1.4, Max: 6.8, Diff: 6.8, Sum: 13.0]
      [Object Copy (ms): Min: 9.8, Avg: 13.1, Max: 15.5, Diff: 5.7, Sum: 118.3]
      [Termination (ms): Min: 1.6, Avg: 2.8, Max: 3.7, Diff: 2.0, Sum: 25.1]
         [Termination Attempts: Min: 26, Avg: 51.2, Max: 71, Diff: 45, Sum: 461]
      [GC Worker Other (ms): Min: 0.4, Avg: 1.1, Max: 2.1, Diff: 1.7, Sum: 10.3]
      [GC Worker Total (ms): Min: 29.2, Avg: 29.5, Max: 29.7, Diff: 0.5, Sum: 265.2]
      [GC Worker End (ms): Min: 5448219.3, Avg: 5448219.3, Max: 5448219.3, Diff: 0.0]
   [Code Root Fixup: 0.0 ms]
   [Code Root Purge: 0.0 ms]
   [Clear CT: 0.4 ms]
   [Other: 5.7 ms]
      [Choose CSet: 0.0 ms]
      [Ref Proc: 1.2 ms]
      [Ref Enq: 0.0 ms]
      [Redirty Cards: 0.1 ms]
      [Humongous Register: 1.8 ms]
      [Humongous Reclaim: 0.0 ms]
      [Free CSet: 0.2 ms]
   [Eden: 47104.0K(47104.0K)->0.0B(48128.0K) Survivors: 5120.0K->4096.0K Heap: 209.4M(1024.0M)->162.2M(1024.0M)]
 [Times: user=0.06 sys=0.10, real=0.03 secs] 
2023-10-09T12:49:23.664+0530: 7702.520: [GC pause (G1 Evacuation Pause) (young), 0.0704250 secs]
   [Parallel Time: 64.6 ms, GC Workers: 9]
      [GC Worker Start (ms): Min: 7702523.8, Avg: 7702524.1, Max: 7702524.4, Diff: 0.6]
      [Ext Root Scanning (ms): Min: 0.0, Avg: 4.3, Max: 17.3, Diff: 17.3, Sum: 38.8]
      [Update RS (ms): Min: 0.0, Avg: 1.5, Max: 3.5, Diff: 3.5, Sum: 13.3]
         [Processed Buffers: Min: 0, Avg: 6.1, Max: 30, Diff: 30, Sum: 55]
      [Scan RS (ms): Min: 0.0, Avg: 1.6, Max: 2.8, Diff: 2.7, Sum: 14.6]
      [Code Root Scanning (ms): Min: 0.0, Avg: 3.8, Max: 23.9, Diff: 23.9, Sum: 34.2]
      [Object Copy (ms): Min: 29.5, Avg: 44.1, Max: 51.0, Diff: 21.5, Sum: 397.0]
      [Termination (ms): Min: 2.2, Avg: 6.2, Max: 8.0, Diff: 5.8, Sum: 55.4]
         [Termination Attempts: Min: 27, Avg: 47.4, Max: 64, Diff: 37, Sum: 427]
      [GC Worker Other (ms): Min: 0.0, Avg: 2.6, Max: 11.2, Diff: 11.1, Sum: 23.3]
      [GC Worker Total (ms): Min: 63.8, Avg: 64.1, Max: 64.4, Diff: 0.6, Sum: 576.7]
      [GC Worker End (ms): Min: 7702588.1, Avg: 7702588.1, Max: 7702588.1, Diff: 0.0]
   [Code Root Fixup: 0.0 ms]
   [Code Root Purge: 0.0 ms]
   [Clear CT: 0.2 ms]
   [Other: 5.7 ms]
      [Choose CSet: 0.0 ms]
      [Ref Proc: 0.8 ms]
      [Ref Enq: 0.0 ms]
      [Redirty Cards: 0.1 ms]
      [Humongous Register: 1.3 ms]
      [Humongous Reclaim: 0.0 ms]
      [Free CSet: 0.6 ms]
   [Eden: 48128.0K(48128.0K)->0.0B(48128.0K) Survivors: 4096.0K->4096.0K Heap: 209.2M(1024.0M)->162.1M(1024.0M)]
 [Times: user=0.06 sys=0.17, real=0.07 secs] 
2023-10-09T13:39:23.093+0530: 9953.204: [GC pause (G1 Evacuation Pause) (young), 0.0413524 secs]
   [Parallel Time: 32.0 ms, GC Workers: 9]
      [GC Worker Start (ms): Min: 9953209.7, Avg: 9953210.0, Max: 9953210.3, Diff: 0.6]
      [Ext Root Scanning (ms): Min: 1.2, Avg: 5.1, Max: 10.0, Diff: 8.7, Sum: 46.2]
      [Update RS (ms): Min: 0.0, Avg: 1.2, Max: 2.4, Diff: 2.4, Sum: 10.7]
         [Processed Buffers: Min: 0, Avg: 5.8, Max: 22, Diff: 22, Sum: 52]
      [Scan RS (ms): Min: 0.0, Avg: 1.5, Max: 2.9, Diff: 2.9, Sum: 13.6]
      [Code Root Scanning (ms): Min: 0.0, Avg: 1.7, Max: 7.7, Diff: 7.7, Sum: 15.3]
      [Object Copy (ms): Min: 9.5, Avg: 15.8, Max: 18.7, Diff: 9.2, Sum: 142.5]
      [Termination (ms): Min: 3.3, Avg: 4.3, Max: 5.6, Diff: 2.3, Sum: 38.6]
         [Termination Attempts: Min: 37, Avg: 63.7, Max: 85, Diff: 48, Sum: 573]
      [GC Worker Other (ms): Min: 0.7, Avg: 1.8, Max: 3.1, Diff: 2.5, Sum: 16.4]
      [GC Worker Total (ms): Min: 31.1, Avg: 31.5, Max: 31.8, Diff: 0.6, Sum: 283.3]
      [GC Worker End (ms): Min: 9953241.5, Avg: 9953241.5, Max: 9953241.5, Diff: 0.0]
   [Code Root Fixup: 0.0 ms]
   [Code Root Purge: 0.0 ms]
   [Clear CT: 0.2 ms]
   [Other: 9.2 ms]
      [Choose CSet: 0.0 ms]
      [Ref Proc: 1.6 ms]
      [Ref Enq: 0.0 ms]
      [Redirty Cards: 0.1 ms]
      [Humongous Register: 1.8 ms]
      [Humongous Reclaim: 0.0 ms]
      [Free CSet: 0.9 ms]
   [Eden: 48128.0K(48128.0K)->0.0B(47104.0K) Survivors: 4096.0K->5120.0K Heap: 209.1M(1024.0M)->163.1M(1024.0M)]
 [Times: user=0.06 sys=0.10, real=0.04 secs] 
2023-10-09T14:25:13.425+0530: 12189.702: [GC pause (G1 Evacuation Pause) (young), 0.0567383 secs]
   [Parallel Time: 47.7 ms, GC Workers: 9]
      [GC Worker Start (ms): Min: 12189708.5, Avg: 12189708.9, Max: 12189709.1, Diff: 0.6]
      [Ext Root Scanning (ms): Min: 3.5, Avg: 6.2, Max: 12.5, Diff: 9.0, Sum: 55.6]
      [Update RS (ms): Min: 0.0, Avg: 3.3, Max: 4.9, Diff: 4.9, Sum: 29.8]
         [Processed Buffers: Min: 0, Avg: 5.2, Max: 20, Diff: 20, Sum: 47]
      [Scan RS (ms): Min: 0.0, Avg: 1.4, Max: 2.2, Diff: 2.2, Sum: 12.2]
      [Code Root Scanning (ms): Min: 0.0, Avg: 0.8, Max: 5.1, Diff: 5.1, Sum: 7.6]
      [Object Copy (ms): Min: 20.4, Avg: 24.1, Max: 31.0, Diff: 10.6, Sum: 216.6]
      [Termination (ms): Min: 4.2, Avg: 10.2, Max: 13.2, Diff: 9.1, Sum: 92.0]
         [Termination Attempts: Min: 24, Avg: 62.2, Max: 81, Diff: 57, Sum: 560]
      [GC Worker Other (ms): Min: 0.1, Avg: 1.0, Max: 2.6, Diff: 2.5, Sum: 9.1]
      [GC Worker Total (ms): Min: 46.8, Avg: 47.0, Max: 47.3, Diff: 0.6, Sum: 422.9]
      [GC Worker End (ms): Min: 12189755.8, Avg: 12189755.8, Max: 12189755.9, Diff: 0.1]
   [Code Root Fixup: 0.0 ms]
   [Code Root Purge: 0.0 ms]
   [Clear CT: 0.2 ms]
   [Other: 8.8 ms]
      [Choose CSet: 0.0 ms]
      [Ref Proc: 1.3 ms]
      [Ref Enq: 0.0 ms]
      [Redirty Cards: 0.1 ms]
      [Humongous Register: 2.2 ms]
      [Humongous Reclaim: 0.0 ms]
      [Free CSet: 0.6 ms]
   [Eden: 47104.0K(47104.0K)->0.0B(47104.0K) Survivors: 5120.0K->5120.0K Heap: 209.1M(1024.0M)->163.2M(1024.0M)]
 [Times: user=0.10 sys=0.14, real=0.06 secs] 
2023-10-09T15:02:35.793+0530: 14432.191: [GC pause (G1 Evacuation Pause) (young), 0.0387313 secs]
   [Parallel Time: 32.6 ms, GC Workers: 9]
      [GC Worker Start (ms): Min: 14432194.6, Avg: 14432195.2, Max: 14432195.6, Diff: 0.9]
      [Ext Root Scanning (ms): Min: 3.4, Avg: 6.3, Max: 13.5, Diff: 10.1, Sum: 56.9]
      [Update RS (ms): Min: 0.0, Avg: 4.4, Max: 8.1, Diff: 8.1, Sum: 40.0]
         [Processed Buffers: Min: 0, Avg: 5.1, Max: 15, Diff: 15, Sum: 46]
      [Scan RS (ms): Min: 0.0, Avg: 0.7, Max: 1.5, Diff: 1.5, Sum: 6.4]
      [Code Root Scanning (ms): Min: 0.0, Avg: 1.7, Max: 6.0, Diff: 6.0, Sum: 15.4]
      [Object Copy (ms): Min: 9.9, Avg: 13.8, Max: 15.9, Diff: 6.1, Sum: 124.3]
      [Termination (ms): Min: 1.4, Avg: 3.0, Max: 3.8, Diff: 2.4, Sum: 26.7]
         [Termination Attempts: Min: 30, Avg: 46.8, Max: 63, Diff: 33, Sum: 421]
      [GC Worker Other (ms): Min: 0.3, Avg: 1.3, Max: 2.7, Diff: 2.4, Sum: 11.5]
      [GC Worker Total (ms): Min: 30.9, Avg: 31.3, Max: 31.8, Diff: 0.9, Sum: 281.3]
      [GC Worker End (ms): Min: 14432226.4, Avg: 14432226.5, Max: 14432226.5, Diff: 0.1]
   [Code Root Fixup: 0.0 ms]
   [Code Root Purge: 0.0 ms]
   [Clear CT: 0.2 ms]
   [Other: 5.9 ms]
      [Choose CSet: 0.0 ms]
      [Ref Proc: 1.7 ms]
      [Ref Enq: 0.0 ms]
      [Redirty Cards: 0.1 ms]
      [Humongous Register: 1.4 ms]
      [Humongous Reclaim: 0.0 ms]
      [Free CSet: 0.2 ms]
   [Eden: 47104.0K(47104.0K)->0.0B(48128.0K) Survivors: 5120.0K->4096.0K Heap: 209.2M(1024.0M)->161.7M(1024.0M)]
 [Times: user=0.06 sys=0.11, real=0.04 secs] 
2023-10-09T15:40:56.723+0530: 16733.182: [GC pause (G1 Evacuation Pause) (young), 0.0274013 secs]
   [Parallel Time: 19.9 ms, GC Workers: 9]
      [GC Worker Start (ms): Min: 16733187.9, Avg: 16733190.7, Max: 16733195.4, Diff: 7.5]
      [Ext Root Scanning (ms): Min: 0.0, Avg: 3.5, Max: 13.1, Diff: 13.1, Sum: 31.7]
      [Update RS (ms): Min: 0.0, Avg: 2.9, Max: 4.6, Diff: 4.6, Sum: 26.3]
         [Processed Buffers: Min: 0, Avg: 5.6, Max: 22, Diff: 22, Sum: 50]
      [Scan RS (ms): Min: 0.0, Avg: 0.3, Max: 0.7, Diff: 0.7, Sum: 3.0]
      [Code Root Scanning (ms): Min: 0.0, Avg: 0.5, Max: 3.9, Diff: 3.9, Sum: 4.5]
      [Object Copy (ms): Min: 2.3, Avg: 6.2, Max: 8.1, Diff: 5.8, Sum: 56.2]
      [Termination (ms): Min: 0.2, Avg: 1.1, Max: 1.5, Diff: 1.2, Sum: 9.7]
         [Termination Attempts: Min: 13, Avg: 41.9, Max: 60, Diff: 47, Sum: 377]
      [GC Worker Other (ms): Min: 0.0, Avg: 0.9, Max: 3.2, Diff: 3.2, Sum: 8.5]
      [GC Worker Total (ms): Min: 10.8, Avg: 15.6, Max: 18.3, Diff: 7.5, Sum: 140.0]
      [GC Worker End (ms): Min: 16733206.3, Avg: 16733206.3, Max: 16733206.3, Diff: 0.0]
   [Code Root Fixup: 0.0 ms]
   [Code Root Purge: 0.0 ms]
   [Clear CT: 0.2 ms]
   [Other: 7.4 ms]
      [Choose CSet: 0.0 ms]
      [Ref Proc: 1.5 ms]
      [Ref Enq: 0.0 ms]
      [Redirty Cards: 0.1 ms]
      [Humongous Register: 2.1 ms]
      [Humongous Reclaim: 0.0 ms]
      [Free CSet: 0.2 ms]
   [Eden: 48128.0K(48128.0K)->0.0B(48128.0K) Survivors: 4096.0K->4096.0K Heap: 208.7M(1024.0M)->162.3M(1024.0M)]
 [Times: user=0.03 sys=0.05, real=0.03 secs] 
2023-10-09T16:19:16.454+0530: 19032.877: [GC pause (G1 Evacuation Pause) (young), 0.0350195 secs]
   [Parallel Time: 27.3 ms, GC Workers: 9]
      [GC Worker Start (ms): Min: 19032881.4, Avg: 19032881.7, Max: 19032882.0, Diff: 0.5]
      [Ext Root Scanning (ms): Min: 1.5, Avg: 3.8, Max: 11.9, Diff: 10.4, Sum: 34.5]
      [Update RS (ms): Min: 0.0, Avg: 3.7, Max: 5.3, Diff: 5.3, Sum: 33.1]
         [Processed Buffers: Min: 0, Avg: 4.9, Max: 12, Diff: 12, Sum: 44]
      [Scan RS (ms): Min: 0.0, Avg: 0.7, Max: 1.1, Diff: 1.1, Sum: 6.0]
      [Code Root Scanning (ms): Min: 0.0, Avg: 0.9, Max: 8.2, Diff: 8.2, Sum: 8.3]
      [Object Copy (ms): Min: 8.0, Avg: 13.8, Max: 16.5, Diff: 8.5, Sum: 124.3]
      [Termination (ms): Min: 1.4, Avg: 2.7, Max: 3.5, Diff: 2.1, Sum: 24.4]
         [Termination Attempts: Min: 16, Avg: 40.9, Max: 65, Diff: 49, Sum: 368]
      [GC Worker Other (ms): Min: 0.6, Avg: 1.2, Max: 2.4, Diff: 1.8, Sum: 10.8]
      [GC Worker Total (ms): Min: 26.5, Avg: 26.8, Max: 27.0, Diff: 0.5, Sum: 241.2]
      [GC Worker End (ms): Min: 19032908.5, Avg: 19032908.5, Max: 19032908.5, Diff: 0.0]
   [Code Root Fixup: 0.0 ms]
   [Code Root Purge: 0.0 ms]
   [Clear CT: 0.2 ms]
   [Other: 7.5 ms]
      [Choose CSet: 0.0 ms]
      [Ref Proc: 1.4 ms]
      [Ref Enq: 0.0 ms]
      [Redirty Cards: 0.1 ms]
      [Humongous Register: 1.5 ms]
      [Humongous Reclaim: 0.0 ms]
      [Free CSet: 0.2 ms]
   [Eden: 48128.0K(48128.0K)->0.0B(47104.0K) Survivors: 4096.0K->5120.0K Heap: 209.3M(1024.0M)->163.1M(1024.0M)]
 [Times: user=0.06 sys=0.11, real=0.04 secs] 
2023-10-09T16:56:56.780+0530: 21293.187: [GC pause (G1 Evacuation Pause) (young), 0.0597095 secs]
   [Parallel Time: 47.7 ms, GC Workers: 9]
      [GC Worker Start (ms): Min: 21293196.9, Avg: 21293197.1, Max: 21293197.4, Diff: 0.5]
      [Ext Root Scanning (ms): Min: 1.1, Avg: 6.8, Max: 32.2, Diff: 31.0, Sum: 61.3]
      [Update RS (ms): Min: 0.0, Avg: 11.6, Max: 16.6, Diff: 16.6, Sum: 104.7]
         [Processed Buffers: Min: 0, Avg: 5.2, Max: 32, Diff: 32, Sum: 47]
      [Scan RS (ms): Min: 0.0, Avg: 1.3, Max: 2.8, Diff: 2.7, Sum: 11.6]
      [Code Root Scanning (ms): Min: 0.0, Avg: 3.1, Max: 9.8, Diff: 9.8, Sum: 27.5]
      [Object Copy (ms): Min: 8.3, Avg: 17.7, Max: 25.6, Diff: 17.3, Sum: 159.1]
      [Termination (ms): Min: 0.8, Avg: 5.0, Max: 6.4, Diff: 5.6, Sum: 44.6]
         [Termination Attempts: Min: 21, Avg: 39.1, Max: 52, Diff: 31, Sum: 352]
      [GC Worker Other (ms): Min: 0.5, Avg: 1.7, Max: 3.3, Diff: 2.8, Sum: 15.6]
      [GC Worker Total (ms): Min: 46.9, Avg: 47.2, Max: 47.4, Diff: 0.5, Sum: 424.5]
      [GC Worker End (ms): Min: 21293244.3, Avg: 21293244.3, Max: 21293244.3, Diff: 0.0]
   [Code Root Fixup: 0.0 ms]
   [Code Root Purge: 0.0 ms]
   [Clear CT: 0.1 ms]
   [Other: 11.9 ms]
      [Choose CSet: 0.0 ms]
      [Ref Proc: 1.2 ms]
      [Ref Enq: 0.0 ms]
      [Redirty Cards: 0.1 ms]
      [Humongous Register: 2.0 ms]
      [Humongous Reclaim: 0.0 ms]
      [Free CSet: 0.2 ms]
   [Eden: 47104.0K(47104.0K)->0.0B(47104.0K) Survivors: 5120.0K->5120.0K Heap: 209.1M(1024.0M)->162.6M(1024.0M)]
 [Times: user=0.06 sys=0.11, real=0.06 secs] 
2023-10-09T17:34:26.852+0530: 23543.200: [GC pause (G1 Evacuation Pause) (young), 0.0414911 secs]
   [Parallel Time: 35.6 ms, GC Workers: 9]
      [GC Worker Start (ms): Min: 23543203.6, Avg: 23543203.9, Max: 23543204.1, Diff: 0.6]
      [Ext Root Scanning (ms): Min: 1.3, Avg: 3.0, Max: 9.9, Diff: 8.7, Sum: 26.8]
      [Update RS (ms): Min: 0.0, Avg: 2.8, Max: 4.0, Diff: 4.0, Sum: 25.5]
         [Processed Buffers: Min: 0, Avg: 4.6, Max: 12, Diff: 12, Sum: 41]
      [Scan RS (ms): Min: 0.0, Avg: 0.4, Max: 0.8, Diff: 0.8, Sum: 3.8]
      [Code Root Scanning (ms): Min: 0.0, Avg: 1.1, Max: 8.9, Diff: 8.9, Sum: 9.9]
      [Object Copy (ms): Min: 14.1, Avg: 22.2, Max: 24.5, Diff: 10.5, Sum: 199.6]
      [Termination (ms): Min: 0.5, Avg: 3.9, Max: 5.0, Diff: 4.6, Sum: 35.1]
         [Termination Attempts: Min: 3, Avg: 63.7, Max: 89, Diff: 86, Sum: 573]
      [GC Worker Other (ms): Min: 0.3, Avg: 1.7, Max: 3.1, Diff: 2.8, Sum: 15.4]
      [GC Worker Total (ms): Min: 34.8, Avg: 35.1, Max: 35.4, Diff: 0.6, Sum: 316.1]
      [GC Worker End (ms): Min: 23543238.9, Avg: 23543239.0, Max: 23543239.0, Diff: 0.1]
   [Code Root Fixup: 0.0 ms]
   [Code Root Purge: 0.0 ms]
   [Clear CT: 0.1 ms]
   [Other: 5.8 ms]
      [Choose CSet: 0.0 ms]
      [Ref Proc: 1.0 ms]
      [Ref Enq: 0.0 ms]
      [Redirty Cards: 0.1 ms]
      [Humongous Register: 1.7 ms]
      [Humongous Reclaim: 0.0 ms]
      [Free CSet: 0.2 ms]
   [Eden: 47104.0K(47104.0K)->0.0B(47104.0K) Survivors: 5120.0K->5120.0K Heap: 208.6M(1024.0M)->163.2M(1024.0M)]
 [Times: user=0.07 sys=0.11, real=0.04 secs] 
2023-10-09T18:11:59.722+0530: 25796.031: [GC pause (G1 Evacuation Pause) (young), 0.0414270 secs]
   [Parallel Time: 26.6 ms, GC Workers: 9]
      [GC Worker Start (ms): Min: 25796040.0, Avg: 25796043.8, Max: 25796050.6, Diff: 10.6]
      [Ext Root Scanning (ms): Min: 0.0, Avg: 5.5, Max: 17.2, Diff: 17.2, Sum: 49.7]
      [Update RS (ms): Min: 0.0, Avg: 3.4, Max: 4.7, Diff: 4.7, Sum: 30.3]
         [Processed Buffers: Min: 0, Avg: 4.9, Max: 18, Diff: 18, Sum: 44]
      [Scan RS (ms): Min: 0.0, Avg: 0.5, Max: 1.0, Diff: 1.0, Sum: 4.8]
      [Code Root Scanning (ms): Min: 0.0, Avg: 1.0, Max: 4.0, Diff: 4.0, Sum: 8.9]
      [Object Copy (ms): Min: 6.1, Avg: 9.4, Max: 12.4, Diff: 6.3, Sum: 84.6]
      [Termination (ms): Min: 0.5, Avg: 2.2, Max: 2.8, Diff: 2.3, Sum: 19.5]
         [Termination Attempts: Min: 21, Avg: 47.0, Max: 62, Diff: 41, Sum: 423]
      [GC Worker Other (ms): Min: 0.0, Avg: 0.6, Max: 2.2, Diff: 2.2, Sum: 5.0]
      [GC Worker Total (ms): Min: 15.7, Avg: 22.5, Max: 26.4, Diff: 10.6, Sum: 202.8]
      [GC Worker End (ms): Min: 25796066.3, Avg: 25796066.4, Max: 25796066.4, Diff: 0.0]
   [Code Root Fixup: 0.1 ms]
   [Code Root Purge: 0.0 ms]
   [Clear CT: 0.2 ms]
   [Other: 14.5 ms]
      [Choose CSet: 0.0 ms]
      [Ref Proc: 4.3 ms]
      [Ref Enq: 0.0 ms]
      [Redirty Cards: 0.2 ms]
      [Humongous Register: 3.3 ms]
      [Humongous Reclaim: 0.0 ms]
      [Free CSet: 0.2 ms]
   [Eden: 47104.0K(47104.0K)->0.0B(47104.0K) Survivors: 5120.0K->5120.0K Heap: 209.2M(1024.0M)->163.2M(1024.0M)]
 [Times: user=0.06 sys=0.08, real=0.04 secs] 
2023-10-09T18:49:48.481+0530: 28064.799: [GC pause (G1 Evacuation Pause) (young), 0.0353560 secs]
   [Parallel Time: 28.7 ms, GC Workers: 9]
      [GC Worker Start (ms): Min: 28064802.4, Avg: 28064802.7, Max: 28064802.9, Diff: 0.5]
      [Ext Root Scanning (ms): Min: 2.9, Avg: 4.2, Max: 9.0, Diff: 6.1, Sum: 38.2]
      [Update RS (ms): Min: 0.0, Avg: 3.9, Max: 6.3, Diff: 6.3, Sum: 34.9]
         [Processed Buffers: Min: 0, Avg: 4.3, Max: 13, Diff: 13, Sum: 39]
      [Scan RS (ms): Min: 0.0, Avg: 0.4, Max: 0.6, Diff: 0.6, Sum: 3.2]
      [Code Root Scanning (ms): Min: 0.0, Avg: 1.2, Max: 7.5, Diff: 7.5, Sum: 10.6]
      [Object Copy (ms): Min: 2.7, Avg: 8.6, Max: 12.3, Diff: 9.6, Sum: 77.5]
      [Termination (ms): Min: 1.9, Avg: 4.5, Max: 10.2, Diff: 8.4, Sum: 40.4]
         [Termination Attempts: Min: 8, Avg: 79.3, Max: 122, Diff: 114, Sum: 714]
      [GC Worker Other (ms): Min: 0.4, Avg: 1.0, Max: 1.8, Diff: 1.4, Sum: 9.1]
      [GC Worker Total (ms): Min: 23.0, Avg: 23.8, Max: 28.0, Diff: 5.0, Sum: 213.9]
      [GC Worker End (ms): Min: 28064825.9, Avg: 28064826.4, Max: 28064830.9, Diff: 5.0]
   [Code Root Fixup: 0.0 ms]
   [Code Root Purge: 0.0 ms]
   [Clear CT: 0.2 ms]
   [Other: 6.4 ms]
      [Choose CSet: 0.0 ms]
      [Ref Proc: 1.2 ms]
      [Ref Enq: 0.0 ms]
      [Redirty Cards: 0.1 ms]
      [Humongous Register: 1.7 ms]
      [Humongous Reclaim: 0.0 ms]
      [Free CSet: 0.8 ms]
   [Eden: 47104.0K(47104.0K)->0.0B(47104.0K) Survivors: 5120.0K->5120.0K Heap: 209.2M(1024.0M)->163.2M(1024.0M)]
 [Times: user=0.07 sys=0.08, real=0.03 secs] 
2023-10-09T19:27:37.948+0530: 30334.394: [GC pause (G1 Evacuation Pause) (young), 0.0238263 secs]
   [Parallel Time: 18.6 ms, GC Workers: 9]
      [GC Worker Start (ms): Min: 30334397.6, Avg: 30334397.8, Max: 30334398.1, Diff: 0.5]
      [Ext Root Scanning (ms): Min: 0.8, Avg: 2.7, Max: 9.0, Diff: 8.1, Sum: 24.5]
      [Update RS (ms): Min: 0.0, Avg: 3.0, Max: 3.5, Diff: 3.5, Sum: 27.4]
         [Processed Buffers: Min: 0, Avg: 5.0, Max: 15, Diff: 15, Sum: 45]
      [Scan RS (ms): Min: 0.0, Avg: 0.5, Max: 0.7, Diff: 0.7, Sum: 4.5]
      [Code Root Scanning (ms): Min: 0.0, Avg: 0.7, Max: 2.9, Diff: 2.9, Sum: 6.0]
      [Object Copy (ms): Min: 6.7, Avg: 8.9, Max: 11.5, Diff: 4.7, Sum: 80.0]
      [Termination (ms): Min: 0.2, Avg: 1.8, Max: 2.3, Diff: 2.2, Sum: 16.6]
         [Termination Attempts: Min: 8, Avg: 55.2, Max: 72, Diff: 64, Sum: 497]
      [GC Worker Other (ms): Min: 0.1, Avg: 0.5, Max: 1.5, Diff: 1.4, Sum: 4.1]
      [GC Worker Total (ms): Min: 17.8, Avg: 18.1, Max: 18.4, Diff: 0.6, Sum: 163.0]
      [GC Worker End (ms): Min: 30334415.9, Avg: 30334416.0, Max: 30334416.0, Diff: 0.0]
   [Code Root Fixup: 0.0 ms]
   [Code Root Purge: 0.0 ms]
   [Clear CT: 0.2 ms]
   [Other: 5.1 ms]
      [Choose CSet: 0.0 ms]
      [Ref Proc: 0.9 ms]
      [Ref Enq: 0.0 ms]
      [Redirty Cards: 0.1 ms]
      [Humongous Register: 1.4 ms]
      [Humongous Reclaim: 0.0 ms]
      [Free CSet: 0.3 ms]
   [Eden: 47104.0K(47104.0K)->0.0B(47104.0K) Survivors: 5120.0K->5120.0K Heap: 209.2M(1024.0M)->162.9M(1024.0M)]
 [Times: user=0.05 sys=0.08, real=0.03 secs] 
2023-10-09T20:05:31.624+0530: 32608.193: [GC pause (G1 Evacuation Pause) (young), 0.0320570 secs]
   [Parallel Time: 24.9 ms, GC Workers: 9]
      [GC Worker Start (ms): Min: 32608198.1, Avg: 32608202.7, Max: 32608204.5, Diff: 6.4]
      [Ext Root Scanning (ms): Min: 0.0, Avg: 3.6, Max: 11.7, Diff: 11.7, Sum: 32.2]
      [Update RS (ms): Min: 0.3, Avg: 2.7, Max: 3.3, Diff: 3.1, Sum: 24.0]
         [Processed Buffers: Min: 0, Avg: 5.4, Max: 14, Diff: 14, Sum: 49]
      [Scan RS (ms): Min: 0.6, Avg: 1.0, Max: 1.2, Diff: 0.6, Sum: 8.9]
      [Code Root Scanning (ms): Min: 0.0, Avg: 1.1, Max: 4.2, Diff: 4.2, Sum: 10.3]
      [Object Copy (ms): Min: 5.6, Avg: 9.0, Max: 10.9, Diff: 5.3, Sum: 80.9]
      [Termination (ms): Min: 1.0, Avg: 1.7, Max: 2.2, Diff: 1.3, Sum: 15.0]
         [Termination Attempts: Min: 26, Avg: 40.6, Max: 54, Diff: 28, Sum: 365]
      [GC Worker Other (ms): Min: 0.0, Avg: 1.1, Max: 3.4, Diff: 3.4, Sum: 9.5]
      [GC Worker Total (ms): Min: 18.3, Avg: 20.1, Max: 24.6, Diff: 6.3, Sum: 180.8]
      [GC Worker End (ms): Min: 32608222.8, Avg: 32608222.8, Max: 32608222.8, Diff: 0.1]
   [Code Root Fixup: 0.0 ms]
   [Code Root Purge: 0.0 ms]
   [Clear CT: 0.3 ms]
   [Other: 6.9 ms]
      [Choose CSet: 0.0 ms]
      [Ref Proc: 0.9 ms]
      [Ref Enq: 0.0 ms]
      [Redirty Cards: 0.1 ms]
      [Humongous Register: 3.0 ms]
      [Humongous Reclaim: 0.0 ms]
      [Free CSet: 0.3 ms]
   [Eden: 47104.0K(47104.0K)->0.0B(47104.0K) Survivors: 5120.0K->5120.0K Heap: 208.9M(1024.0M)->163.2M(1024.0M)]
 [Times: user=0.06 sys=0.08, real=0.03 secs] 
2023-10-09T20:43:16.692+0530: 34873.191: [GC pause (G1 Evacuation Pause) (young), 0.0546850 secs]
   [Parallel Time: 48.6 ms, GC Workers: 9]
      [GC Worker Start (ms): Min: 34873193.3, Avg: 34873193.9, Max: 34873194.3, Diff: 1.0]
      [Ext Root Scanning (ms): Min: 1.9, Avg: 4.2, Max: 15.7, Diff: 13.8, Sum: 37.8]
      [Update RS (ms): Min: 0.0, Avg: 5.8, Max: 9.3, Diff: 9.3, Sum: 52.1]
         [Processed Buffers: Min: 0, Avg: 5.3, Max: 13, Diff: 13, Sum: 48]
      [Scan RS (ms): Min: 0.5, Avg: 1.3, Max: 1.6, Diff: 1.1, Sum: 11.3]
      [Code Root Scanning (ms): Min: 0.0, Avg: 2.1, Max: 7.1, Diff: 7.1, Sum: 18.5]
      [Object Copy (ms): Min: 16.6, Avg: 25.1, Max: 29.9, Diff: 13.3, Sum: 225.6]
      [Termination (ms): Min: 5.4, Avg: 8.2, Max: 10.5, Diff: 5.1, Sum: 73.5]
         [Termination Attempts: Min: 43, Avg: 52.9, Max: 75, Diff: 32, Sum: 476]
      [GC Worker Other (ms): Min: 0.1, Avg: 1.3, Max: 2.1, Diff: 2.1, Sum: 11.5]
      [GC Worker Total (ms): Min: 47.4, Avg: 47.8, Max: 48.4, Diff: 1.0, Sum: 430.3]
      [GC Worker End (ms): Min: 34873241.7, Avg: 34873241.7, Max: 34873241.7, Diff: 0.0]
   [Code Root Fixup: 0.1 ms]
   [Code Root Purge: 0.0 ms]
   [Clear CT: 0.2 ms]
   [Other: 5.8 ms]
      [Choose CSet: 0.0 ms]
      [Ref Proc: 2.2 ms]
      [Ref Enq: 0.0 ms]
      [Redirty Cards: 0.1 ms]
      [Humongous Register: 1.3 ms]
      [Humongous Reclaim: 0.0 ms]
      [Free CSet: 0.6 ms]
   [Eden: 47104.0K(47104.0K)->0.0B(46080.0K) Survivors: 5120.0K->6144.0K Heap: 209.2M(1024.0M)->163.6M(1024.0M)]
 [Times: user=0.07 sys=0.11, real=0.05 secs] 
2023-10-09T21:20:13.884+0530: 37090.436: [GC pause (G1 Evacuation Pause) (young), 0.0306428 secs]
   [Parallel Time: 26.6 ms, GC Workers: 9]
      [GC Worker Start (ms): Min: 37090438.0, Avg: 37090444.4, Max: 37090450.9, Diff: 13.0]
      [Ext Root Scanning (ms): Min: 0.0, Avg: 5.3, Max: 17.5, Diff: 17.5, Sum: 48.1]
      [Update RS (ms): Min: 0.0, Avg: 2.1, Max: 6.1, Diff: 6.1, Sum: 19.3]
         [Processed Buffers: Min: 0, Avg: 4.9, Max: 14, Diff: 14, Sum: 44]
      [Scan RS (ms): Min: 0.0, Avg: 0.5, Max: 0.8, Diff: 0.8, Sum: 4.9]
      [Code Root Scanning (ms): Min: 0.0, Avg: 0.6, Max: 2.9, Diff: 2.9, Sum: 5.8]
      [Object Copy (ms): Min: 6.4, Avg: 8.6, Max: 11.2, Diff: 4.8, Sum: 77.5]
      [Termination (ms): Min: 0.3, Avg: 1.8, Max: 2.3, Diff: 2.0, Sum: 16.6]
         [Termination Attempts: Min: 14, Avg: 50.2, Max: 67, Diff: 53, Sum: 452]
      [GC Worker Other (ms): Min: 0.0, Avg: 0.7, Max: 2.1, Diff: 2.0, Sum: 6.2]
      [GC Worker Total (ms): Min: 13.4, Avg: 19.8, Max: 26.3, Diff: 12.9, Sum: 178.4]
      [GC Worker End (ms): Min: 37090464.2, Avg: 37090464.3, Max: 37090464.3, Diff: 0.1]
   [Code Root Fixup: 0.0 ms]
   [Code Root Purge: 0.0 ms]
   [Clear CT: 0.2 ms]
   [Other: 3.8 ms]
      [Choose CSet: 0.0 ms]
      [Ref Proc: 0.9 ms]
      [Ref Enq: 0.0 ms]
      [Redirty Cards: 0.1 ms]
      [Humongous Register: 1.0 ms]
      [Humongous Reclaim: 0.0 ms]
      [Free CSet: 0.3 ms]
   [Eden: 46080.0K(46080.0K)->0.0B(50176.0K) Survivors: 6144.0K->2048.0K Heap: 208.6M(1024.0M)->162.4M(1024.0M)]
 [Times: user=0.06 sys=0.06, real=0.03 secs] 
2023-10-09T22:00:42.060+0530: 39518.501: [GC pause (G1 Evacuation Pause) (young), 0.0261589 secs]
   [Parallel Time: 21.9 ms, GC Workers: 9]
      [GC Worker Start (ms): Min: 39518503.7, Avg: 39518504.0, Max: 39518504.3, Diff: 0.6]
      [Ext Root Scanning (ms): Min: 1.9, Avg: 3.0, Max: 8.7, Diff: 6.8, Sum: 27.3]
      [Update RS (ms): Min: 0.0, Avg: 6.2, Max: 10.2, Diff: 10.2, Sum: 55.4]
         [Processed Buffers: Min: 0, Avg: 4.9, Max: 13, Diff: 13, Sum: 44]
      [Scan RS (ms): Min: 0.0, Avg: 0.1, Max: 0.5, Diff: 0.4, Sum: 1.1]
      [Code Root Scanning (ms): Min: 0.0, Avg: 1.0, Max: 9.2, Diff: 9.2, Sum: 9.2]
      [Object Copy (ms): Min: 0.6, Avg: 3.6, Max: 11.1, Diff: 10.5, Sum: 32.3]
      [Termination (ms): Min: 2.8, Avg: 6.5, Max: 10.0, Diff: 7.2, Sum: 58.1]
         [Termination Attempts: Min: 37, Avg: 72.1, Max: 109, Diff: 72, Sum: 649]
      [GC Worker Other (ms): Min: 0.0, Avg: 1.0, Max: 1.5, Diff: 1.4, Sum: 9.3]
      [GC Worker Total (ms): Min: 21.2, Avg: 21.4, Max: 21.7, Diff: 0.5, Sum: 192.8]
      [GC Worker End (ms): Min: 39518525.4, Avg: 39518525.4, Max: 39518525.4, Diff: 0.1]
   [Code Root Fixup: 0.0 ms]
   [Code Root Purge: 0.0 ms]
   [Clear CT: 0.2 ms]
   [Other: 4.1 ms]
      [Choose CSet: 0.0 ms]
      [Ref Proc: 0.5 ms]
      [Ref Enq: 0.0 ms]
      [Redirty Cards: 0.1 ms]
      [Humongous Register: 1.2 ms]
      [Humongous Reclaim: 0.0 ms]
      [Free CSet: 0.4 ms]
   [Eden: 50176.0K(50176.0K)->0.0B(51200.0K) Survivors: 2048.0K->1024.0K Heap: 211.4M(1024.0M)->162.9M(1024.0M)]
 [Times: user=0.06 sys=0.06, real=0.02 secs] 
2023-10-09T22:41:36.997+0530: 41973.327: [GC pause (G1 Evacuation Pause) (young), 0.0296815 secs]
   [Parallel Time: 20.9 ms, GC Workers: 9]
      [GC Worker Start (ms): Min: 41973334.3, Avg: 41973335.6, Max: 41973336.4, Diff: 2.1]
      [Ext Root Scanning (ms): Min: 2.0, Avg: 3.9, Max: 10.6, Diff: 8.6, Sum: 35.1]
      [Update RS (ms): Min: 0.0, Avg: 1.8, Max: 2.3, Diff: 2.3, Sum: 16.4]
         [Processed Buffers: Min: 0, Avg: 4.1, Max: 17, Diff: 17, Sum: 37]
      [Scan RS (ms): Min: 0.0, Avg: 0.0, Max: 0.1, Diff: 0.1, Sum: 0.1]
      [Code Root Scanning (ms): Min: 0.0, Avg: 0.0, Max: 0.0, Diff: 0.0, Sum: 0.0]
      [Object Copy (ms): Min: 1.6, Avg: 4.2, Max: 6.1, Diff: 4.5, Sum: 38.2]
      [Termination (ms): Min: 7.2, Avg: 8.6, Max: 10.3, Diff: 3.1, Sum: 77.1]
         [Termination Attempts: Min: 65, Avg: 85.0, Max: 105, Diff: 40, Sum: 765]
      [GC Worker Other (ms): Min: 0.0, Avg: 0.8, Max: 1.6, Diff: 1.6, Sum: 6.8]
      [GC Worker Total (ms): Min: 18.5, Avg: 19.3, Max: 20.6, Diff: 2.1, Sum: 173.8]
      [GC Worker End (ms): Min: 41973354.9, Avg: 41973355.0, Max: 41973355.0, Diff: 0.0]
   [Code Root Fixup: 0.1 ms]
   [Code Root Purge: 0.0 ms]
   [Clear CT: 0.1 ms]
   [Other: 8.6 ms]
      [Choose CSet: 0.0 ms]
      [Ref Proc: 0.6 ms]
      [Ref Enq: 0.0 ms]
      [Redirty Cards: 0.1 ms]
      [Humongous Register: 4.5 ms]
      [Humongous Reclaim: 0.0 ms]
      [Free CSet: 0.5 ms]
   [Eden: 51200.0K(51200.0K)->0.0B(51200.0K) Survivors: 1024.0K->1024.0K Heap: 212.9M(1024.0M)->163.1M(1024.0M)]
 [Times: user=0.07 sys=0.06, real=0.03 secs] 
2023-10-09T23:22:31.913+0530: 44428.297: [GC pause (G1 Evacuation Pause) (young), 0.0267536 secs]
   [Parallel Time: 17.9 ms, GC Workers: 9]
      [GC Worker Start (ms): Min: 44428303.6, Avg: 44428305.2, Max: 44428307.3, Diff: 3.7]
      [Ext Root Scanning (ms): Min: 1.7, Avg: 4.8, Max: 12.5, Diff: 10.8, Sum: 43.0]
      [Update RS (ms): Min: 0.0, Avg: 1.5, Max: 1.9, Diff: 1.9, Sum: 13.5]
         [Processed Buffers: Min: 0, Avg: 4.2, Max: 17, Diff: 17, Sum: 38]
      [Scan RS (ms): Min: 0.0, Avg: 0.0, Max: 0.3, Diff: 0.3, Sum: 0.3]
      [Code Root Scanning (ms): Min: 0.0, Avg: 0.0, Max: 0.0, Diff: 0.0, Sum: 0.0]
      [Object Copy (ms): Min: 0.3, Avg: 3.0, Max: 5.2, Diff: 4.9, Sum: 27.4]
      [Termination (ms): Min: 3.0, Avg: 4.7, Max: 6.5, Diff: 3.5, Sum: 42.4]
         [Termination Attempts: Min: 68, Avg: 112.8, Max: 158, Diff: 90, Sum: 1015]
      [GC Worker Other (ms): Min: 0.9, Avg: 1.7, Max: 2.4, Diff: 1.4, Sum: 14.9]
      [GC Worker Total (ms): Min: 13.6, Avg: 15.7, Max: 17.4, Diff: 3.7, Sum: 141.6]
      [GC Worker End (ms): Min: 44428320.9, Avg: 44428320.9, Max: 44428321.0, Diff: 0.1]
   [Code Root Fixup: 0.0 ms]
   [Code Root Purge: 0.0 ms]
   [Clear CT: 0.2 ms]
   [Other: 8.7 ms]
      [Choose CSet: 0.0 ms]
      [Ref Proc: 1.0 ms]
      [Ref Enq: 0.0 ms]
      [Redirty Cards: 0.1 ms]
      [Humongous Register: 1.7 ms]
      [Humongous Reclaim: 0.0 ms]
      [Free CSet: 0.2 ms]
   [Eden: 51200.0K(51200.0K)->0.0B(51200.0K) Survivors: 1024.0K->1024.0K Heap: 213.1M(1024.0M)->163.1M(1024.0M)]
 [Times: user=0.06 sys=0.05, real=0.03 secs] 
2023-10-10T00:03:35.830+0530: 46892.199: [GC pause (G1 Evacuation Pause) (young), 0.0440146 secs]
   [Parallel Time: 38.2 ms, GC Workers: 9]
      [GC Worker Start (ms): Min: 46892203.6, Avg: 46892205.8, Max: 46892207.7, Diff: 4.1]
      [Ext Root Scanning (ms): Min: 1.5, Avg: 5.4, Max: 11.4, Diff: 9.9, Sum: 48.9]
      [Update RS (ms): Min: 0.0, Avg: 0.8, Max: 1.1, Diff: 1.1, Sum: 7.6]
         [Processed Buffers: Min: 0, Avg: 4.3, Max: 9, Diff: 9, Sum: 39]
      [Scan RS (ms): Min: 0.0, Avg: 0.0, Max: 0.1, Diff: 0.1, Sum: 0.3]
      [Code Root Scanning (ms): Min: 0.0, Avg: 0.1, Max: 0.5, Diff: 0.5, Sum: 0.5]
      [Object Copy (ms): Min: 1.4, Avg: 6.3, Max: 16.0, Diff: 14.6, Sum: 56.4]
      [Termination (ms): Min: 13.0, Avg: 19.5, Max: 27.6, Diff: 14.6, Sum: 175.4]
         [Termination Attempts: Min: 48, Avg: 66.7, Max: 84, Diff: 36, Sum: 600]
      [GC Worker Other (ms): Min: 0.0, Avg: 0.8, Max: 2.5, Diff: 2.5, Sum: 7.0]
      [GC Worker Total (ms): Min: 28.7, Avg: 32.9, Max: 37.0, Diff: 8.3, Sum: 296.1]
      [GC Worker End (ms): Min: 46892236.4, Avg: 46892238.7, Max: 46892241.6, Diff: 5.2]
   [Code Root Fixup: 0.0 ms]
   [Code Root Purge: 0.0 ms]
   [Clear CT: 0.1 ms]
   [Other: 5.7 ms]
      [Choose CSet: 0.0 ms]
      [Ref Proc: 0.6 ms]
      [Ref Enq: 0.0 ms]
      [Redirty Cards: 0.1 ms]
      [Humongous Register: 1.5 ms]
      [Humongous Reclaim: 0.0 ms]
      [Free CSet: 0.2 ms]
   [Eden: 51200.0K(51200.0K)->0.0B(51200.0K) Survivors: 1024.0K->1024.0K Heap: 213.1M(1024.0M)->163.2M(1024.0M)]
 [Times: user=0.12 sys=0.06, real=0.04 secs] 
2023-10-10T00:44:38.797+0530: 49355.283: [GC pause (G1 Evacuation Pause) (young), 0.0306784 secs]
   [Parallel Time: 22.4 ms, GC Workers: 9]
      [GC Worker Start (ms): Min: 49355288.3, Avg: 49355295.6, Max: 49355301.9, Diff: 13.6]
      [Ext Root Scanning (ms): Min: 0.0, Avg: 6.3, Max: 17.2, Diff: 17.2, Sum: 56.6]
      [Update RS (ms): Min: 0.0, Avg: 0.7, Max: 1.4, Diff: 1.4, Sum: 6.2]
         [Processed Buffers: Min: 0, Avg: 4.3, Max: 15, Diff: 15, Sum: 39]
      [Scan RS (ms): Min: 0.0, Avg: 0.0, Max: 0.1, Diff: 0.1, Sum: 0.2]
      [Code Root Scanning (ms): Min: 0.0, Avg: 0.1, Max: 1.3, Diff: 1.3, Sum: 1.3]
      [Object Copy (ms): Min: 1.5, Avg: 3.0, Max: 6.3, Diff: 4.8, Sum: 27.2]
      [Termination (ms): Min: 2.0, Avg: 4.5, Max: 6.2, Diff: 4.2, Sum: 40.4]
         [Termination Attempts: Min: 34, Avg: 78.7, Max: 115, Diff: 81, Sum: 708]
      [GC Worker Other (ms): Min: 0.0, Avg: 0.2, Max: 0.8, Diff: 0.8, Sum: 1.8]
      [GC Worker Total (ms): Min: 8.5, Avg: 14.8, Max: 22.1, Diff: 13.6, Sum: 133.5]
      [GC Worker End (ms): Min: 49355310.4, Avg: 49355310.5, Max: 49355310.5, Diff: 0.0]
   [Code Root Fixup: 0.0 ms]
   [Code Root Purge: 0.0 ms]
   [Clear CT: 0.2 ms]
   [Other: 8.0 ms]
      [Choose CSet: 0.0 ms]
      [Ref Proc: 2.1 ms]
      [Ref Enq: 0.0 ms]
      [Redirty Cards: 0.1 ms]
      [Humongous Register: 2.0 ms]
      [Humongous Reclaim: 0.0 ms]
      [Free CSet: 0.3 ms]
   [Eden: 51200.0K(51200.0K)->0.0B(51200.0K) Survivors: 1024.0K->1024.0K Heap: 213.2M(1024.0M)->163.2M(1024.0M)]
 [Times: user=0.06 sys=0.05, real=0.03 secs] 
2023-10-10T01:25:36.624+0530: 51813.104: [GC pause (G1 Evacuation Pause) (young), 0.0387224 secs]
   [Parallel Time: 15.1 ms, GC Workers: 9]
      [GC Worker Start (ms): Min: 51813110.0, Avg: 51813111.3, Max: 51813112.2, Diff: 2.2]
      [Ext Root Scanning (ms): Min: 1.4, Avg: 3.9, Max: 11.7, Diff: 10.4, Sum: 35.2]
      [Update RS (ms): Min: 0.0, Avg: 1.2, Max: 1.6, Diff: 1.6, Sum: 10.9]
         [Processed Buffers: Min: 0, Avg: 4.4, Max: 27, Diff: 27, Sum: 40]
      [Scan RS (ms): Min: 0.0, Avg: 0.0, Max: 0.1, Diff: 0.1, Sum: 0.2]
      [Code Root Scanning (ms): Min: 0.0, Avg: 0.1, Max: 1.2, Diff: 1.2, Sum: 1.2]
      [Object Copy (ms): Min: 0.5, Avg: 3.1, Max: 4.3, Diff: 3.8, Sum: 27.7]
      [Termination (ms): Min: 2.6, Avg: 4.3, Max: 5.6, Diff: 3.0, Sum: 38.7]
         [Termination Attempts: Min: 40, Avg: 75.8, Max: 104, Diff: 64, Sum: 682]
      [GC Worker Other (ms): Min: 0.1, Avg: 0.9, Max: 2.2, Diff: 2.1, Sum: 8.5]
      [GC Worker Total (ms): Min: 12.7, Avg: 13.6, Max: 14.9, Diff: 2.2, Sum: 122.4]
      [GC Worker End (ms): Min: 51813124.9, Avg: 51813124.9, Max: 51813125.0, Diff: 0.0]
   [Code Root Fixup: 0.1 ms]
   [Code Root Purge: 0.0 ms]
   [Clear CT: 0.2 ms]
   [Other: 23.3 ms]
      [Choose CSet: 0.0 ms]
      [Ref Proc: 17.0 ms]
      [Ref Enq: 0.0 ms]
      [Redirty Cards: 0.1 ms]
      [Humongous Register: 4.5 ms]
      [Humongous Reclaim: 0.0 ms]
      [Free CSet: 0.2 ms]
   [Eden: 51200.0K(51200.0K)->0.0B(51200.0K) Survivors: 1024.0K->1024.0K Heap: 213.2M(1024.0M)->163.2M(1024.0M)]
 [Times: user=0.05 sys=0.06, real=0.04 secs] 
2023-10-10T02:06:43.178+0530: 54279.786: [GC pause (G1 Evacuation Pause) (young), 0.0257452 secs]
   [Parallel Time: 17.7 ms, GC Workers: 9]
      [GC Worker Start (ms): Min: 54279791.2, Avg: 54279795.0, Max: 54279798.4, Diff: 7.1]
      [Ext Root Scanning (ms): Min: 0.3, Avg: 4.8, Max: 12.5, Diff: 12.2, Sum: 43.4]
      [Update RS (ms): Min: 0.0, Avg: 1.2, Max: 1.4, Diff: 1.4, Sum: 10.4]
         [Processed Buffers: Min: 0, Avg: 4.7, Max: 18, Diff: 18, Sum: 42]
      [Scan RS (ms): Min: 0.0, Avg: 0.0, Max: 0.1, Diff: 0.1, Sum: 0.2]
      [Code Root Scanning (ms): Min: 0.0, Avg: 0.1, Max: 1.1, Diff: 1.1, Sum: 1.1]
      [Object Copy (ms): Min: 0.2, Avg: 3.2, Max: 6.0, Diff: 5.8, Sum: 28.6]
      [Termination (ms): Min: 1.3, Avg: 3.8, Max: 5.1, Diff: 3.8, Sum: 34.4]
         [Termination Attempts: Min: 29, Avg: 64.6, Max: 85, Diff: 56, Sum: 581]
      [GC Worker Other (ms): Min: 0.0, Avg: 0.4, Max: 1.4, Diff: 1.3, Sum: 3.2]
      [GC Worker Total (ms): Min: 10.1, Avg: 13.5, Max: 17.3, Diff: 7.1, Sum: 121.2]
      [GC Worker End (ms): Min: 54279808.5, Avg: 54279808.5, Max: 54279808.5, Diff: 0.0]
   [Code Root Fixup: 0.0 ms]
   [Code Root Purge: 0.0 ms]
   [Clear CT: 0.2 ms]
   [Other: 7.8 ms]
      [Choose CSet: 0.0 ms]
      [Ref Proc: 1.4 ms]
      [Ref Enq: 0.0 ms]
      [Redirty Cards: 0.1 ms]
      [Humongous Register: 1.2 ms]
      [Humongous Reclaim: 0.0 ms]
      [Free CSet: 0.3 ms]
   [Eden: 51200.0K(51200.0K)->0.0B(51200.0K) Survivors: 1024.0K->1024.0K Heap: 213.2M(1024.0M)->163.2M(1024.0M)]
 [Times: user=0.05 sys=0.05, real=0.03 secs] 
2023-10-10T02:47:46.624+0530: 56743.183: [GC pause (G1 Evacuation Pause) (young), 0.0270750 secs]
   [Parallel Time: 21.7 ms, GC Workers: 9]
      [GC Worker Start (ms): Min: 56743185.4, Avg: 56743192.2, Max: 56743200.5, Diff: 15.0]
      [Ext Root Scanning (ms): Min: 0.0, Avg: 7.9, Max: 16.5, Diff: 16.5, Sum: 70.7]
      [Update RS (ms): Min: 0.0, Avg: 0.4, Max: 2.1, Diff: 2.1, Sum: 3.8]
         [Processed Buffers: Min: 0, Avg: 4.6, Max: 30, Diff: 30, Sum: 41]
      [Scan RS (ms): Min: 0.0, Avg: 0.0, Max: 0.1, Diff: 0.1, Sum: 0.2]
      [Code Root Scanning (ms): Min: 0.0, Avg: 0.1, Max: 1.3, Diff: 1.3, Sum: 1.3]
      [Object Copy (ms): Min: 1.8, Avg: 2.6, Max: 3.8, Diff: 2.0, Sum: 23.6]
      [Termination (ms): Min: 2.2, Avg: 3.4, Max: 4.3, Diff: 2.1, Sum: 30.3]
         [Termination Attempts: Min: 52, Avg: 63.9, Max: 82, Diff: 30, Sum: 575]
      [GC Worker Other (ms): Min: 0.0, Avg: 0.3, Max: 1.3, Diff: 1.2, Sum: 2.7]
      [GC Worker Total (ms): Min: 6.4, Avg: 14.7, Max: 21.4, Diff: 15.0, Sum: 132.6]
      [GC Worker End (ms): Min: 56743206.9, Avg: 56743206.9, Max: 56743206.9, Diff: 0.0]
   [Code Root Fixup: 0.0 ms]
   [Code Root Purge: 0.0 ms]
   [Clear CT: 0.2 ms]
   [Other: 5.2 ms]
      [Choose CSet: 0.0 ms]
      [Ref Proc: 1.2 ms]
      [Ref Enq: 0.0 ms]
      [Redirty Cards: 0.1 ms]
      [Humongous Register: 1.4 ms]
      [Humongous Reclaim: 0.0 ms]
      [Free CSet: 0.2 ms]
   [Eden: 51200.0K(51200.0K)->0.0B(51200.0K) Survivors: 1024.0K->1024.0K Heap: 213.2M(1024.0M)->163.3M(1024.0M)]
 [Times: user=0.05 sys=0.04, real=0.03 secs] 
2023-10-10T03:28:36.682+0530: 59193.182: [GC pause (G1 Evacuation Pause) (young), 0.0255436 secs]
   [Parallel Time: 19.5 ms, GC Workers: 9]
      [GC Worker Start (ms): Min: 59193185.9, Avg: 59193189.9, Max: 59193192.2, Diff: 6.2]
      [Ext Root Scanning (ms): Min: 2.1, Avg: 5.3, Max: 13.8, Diff: 11.7, Sum: 47.5]
      [Update RS (ms): Min: 0.0, Avg: 1.4, Max: 3.0, Diff: 3.0, Sum: 12.6]
         [Processed Buffers: Min: 0, Avg: 4.2, Max: 13, Diff: 13, Sum: 38]
      [Scan RS (ms): Min: 0.0, Avg: 0.0, Max: 0.0, Diff: 0.0, Sum: 0.1]
      [Code Root Scanning (ms): Min: 0.0, Avg: 0.1, Max: 1.2, Diff: 1.2, Sum: 1.2]
      [Object Copy (ms): Min: 1.0, Avg: 3.8, Max: 5.4, Diff: 4.5, Sum: 34.5]
      [Termination (ms): Min: 1.7, Avg: 4.1, Max: 5.1, Diff: 3.4, Sum: 36.9]
         [Termination Attempts: Min: 23, Avg: 76.1, Max: 101, Diff: 78, Sum: 685]
      [GC Worker Other (ms): Min: 0.0, Avg: 0.5, Max: 1.4, Diff: 1.3, Sum: 4.2]
      [GC Worker Total (ms): Min: 13.0, Avg: 15.2, Max: 19.2, Diff: 6.2, Sum: 137.0]
      [GC Worker End (ms): Min: 59193205.1, Avg: 59193205.1, Max: 59193205.2, Diff: 0.0]
   [Code Root Fixup: 0.0 ms]
   [Code Root Purge: 0.0 ms]
   [Clear CT: 0.2 ms]
   [Other: 5.8 ms]
      [Choose CSet: 0.0 ms]
      [Ref Proc: 1.1 ms]
      [Ref Enq: 0.0 ms]
      [Redirty Cards: 0.1 ms]
      [Humongous Register: 1.8 ms]
      [Humongous Reclaim: 0.0 ms]
      [Free CSet: 0.2 ms]
   [Eden: 51200.0K(51200.0K)->0.0B(51200.0K) Survivors: 1024.0K->1024.0K Heap: 213.3M(1024.0M)->163.3M(1024.0M)]
 [Times: user=0.05 sys=0.06, real=0.02 secs] 
2023-10-10T04:09:51.671+0530: 61668.197: [GC pause (G1 Evacuation Pause) (young), 0.0355091 secs]
   [Parallel Time: 9.6 ms, GC Workers: 9]
      [GC Worker Start (ms): Min: 61668221.7, Avg: 61668221.9, Max: 61668222.2, Diff: 0.5]
      [Ext Root Scanning (ms): Min: 1.7, Avg: 3.1, Max: 7.8, Diff: 6.1, Sum: 28.0]
      [Update RS (ms): Min: 0.0, Avg: 0.8, Max: 1.0, Diff: 1.0, Sum: 6.9]
         [Processed Buffers: Min: 0, Avg: 4.9, Max: 18, Diff: 18, Sum: 44]
      [Scan RS (ms): Min: 0.0, Avg: 0.0, Max: 0.2, Diff: 0.2, Sum: 0.3]
      [Code Root Scanning (ms): Min: 0.0, Avg: 0.1, Max: 0.6, Diff: 0.6, Sum: 0.6]
      [Object Copy (ms): Min: 0.4, Avg: 2.1, Max: 3.2, Diff: 2.8, Sum: 18.9]
      [Termination (ms): Min: 1.1, Avg: 2.4, Max: 3.4, Diff: 2.2, Sum: 21.5]
         [Termination Attempts: Min: 61, Avg: 81.2, Max: 124, Diff: 63, Sum: 731]
      [GC Worker Other (ms): Min: 0.0, Avg: 0.7, Max: 1.5, Diff: 1.4, Sum: 6.3]
      [GC Worker Total (ms): Min: 8.9, Avg: 9.2, Max: 9.4, Diff: 0.5, Sum: 82.5]
      [GC Worker End (ms): Min: 61668231.1, Avg: 61668231.1, Max: 61668231.1, Diff: 0.0]
   [Code Root Fixup: 0.0 ms]
   [Code Root Purge: 0.0 ms]
   [Clear CT: 0.1 ms]
   [Other: 25.8 ms]
      [Choose CSet: 0.0 ms]
      [Ref Proc: 0.5 ms]
      [Ref Enq: 0.0 ms]
      [Redirty Cards: 0.1 ms]
      [Humongous Register: 1.6 ms]
      [Humongous Reclaim: 0.0 ms]
      [Free CSet: 0.1 ms]
   [Eden: 51200.0K(51200.0K)->0.0B(51200.0K) Survivors: 1024.0K->1024.0K Heap: 213.3M(1024.0M)->163.4M(1024.0M)]
 [Times: user=0.04 sys=0.04, real=0.03 secs] 
2023-10-10T04:50:46.692+0530: 64123.192: [GC pause (G1 Evacuation Pause) (young), 0.0205353 secs]
   [Parallel Time: 14.2 ms, GC Workers: 9]
      [GC Worker Start (ms): Min: 64123196.7, Avg: 64123197.0, Max: 64123197.4, Diff: 0.7]
      [Ext Root Scanning (ms): Min: 2.6, Avg: 4.3, Max: 10.2, Diff: 7.6, Sum: 39.0]
      [Update RS (ms): Min: 0.0, Avg: 1.1, Max: 1.4, Diff: 1.4, Sum: 9.8]
         [Processed Buffers: Min: 0, Avg: 4.8, Max: 23, Diff: 23, Sum: 43]
      [Scan RS (ms): Min: 0.0, Avg: 0.0, Max: 0.0, Diff: 0.0, Sum: 0.1]
      [Code Root Scanning (ms): Min: 0.0, Avg: 0.1, Max: 0.8, Diff: 0.8, Sum: 0.9]
      [Object Copy (ms): Min: 0.5, Avg: 3.1, Max: 4.8, Diff: 4.3, Sum: 27.8]
      [Termination (ms): Min: 2.0, Avg: 3.4, Max: 4.5, Diff: 2.5, Sum: 30.9]
         [Termination Attempts: Min: 40, Avg: 67.8, Max: 118, Diff: 78, Sum: 610]
      [GC Worker Other (ms): Min: 0.1, Avg: 1.6, Max: 2.5, Diff: 2.5, Sum: 14.8]
      [GC Worker Total (ms): Min: 13.3, Avg: 13.7, Max: 14.0, Diff: 0.7, Sum: 123.3]
      [GC Worker End (ms): Min: 64123210.7, Avg: 64123210.7, Max: 64123210.7, Diff: 0.0]
   [Code Root Fixup: 0.0 ms]
   [Code Root Purge: 0.0 ms]
   [Clear CT: 0.2 ms]
   [Other: 6.1 ms]
      [Choose CSet: 0.0 ms]
      [Ref Proc: 0.6 ms]
      [Ref Enq: 0.0 ms]
      [Redirty Cards: 0.1 ms]
      [Humongous Register: 3.5 ms]
      [Humongous Reclaim: 0.0 ms]
      [Free CSet: 0.2 ms]
   [Eden: 51200.0K(51200.0K)->0.0B(51200.0K) Survivors: 1024.0K->1024.0K Heap: 213.4M(1024.0M)->163.3M(1024.0M)]
 [Times: user=0.04 sys=0.05, real=0.02 secs] 
2023-10-10T05:31:46.747+0530: 66583.198: [GC pause (G1 Evacuation Pause) (young), 0.0276592 secs]
   [Parallel Time: 22.1 ms, GC Workers: 9]
      [GC Worker Start (ms): Min: 66583201.1, Avg: 66583204.5, Max: 66583213.0, Diff: 11.9]
      [Ext Root Scanning (ms): Min: 0.0, Avg: 9.1, Max: 16.6, Diff: 16.6, Sum: 82.3]
      [Update RS (ms): Min: 0.0, Avg: 0.9, Max: 1.7, Diff: 1.7, Sum: 8.5]
         [Processed Buffers: Min: 0, Avg: 5.0, Max: 18, Diff: 18, Sum: 45]
      [Scan RS (ms): Min: 0.0, Avg: 0.2, Max: 2.1, Diff: 2.1, Sum: 2.2]
      [Code Root Scanning (ms): Min: 0.0, Avg: 0.2, Max: 1.0, Diff: 1.0, Sum: 1.8]
      [Object Copy (ms): Min: 0.5, Avg: 3.3, Max: 6.6, Diff: 6.1, Sum: 29.5]
      [Termination (ms): Min: 2.5, Avg: 4.5, Max: 5.7, Diff: 3.2, Sum: 40.9]
         [Termination Attempts: Min: 46, Avg: 81.1, Max: 114, Diff: 68, Sum: 730]
      [GC Worker Other (ms): Min: 0.0, Avg: 0.1, Max: 0.3, Diff: 0.3, Sum: 0.7]
      [GC Worker Total (ms): Min: 10.0, Avg: 18.4, Max: 21.8, Diff: 11.8, Sum: 166.0]
      [GC Worker End (ms): Min: 66583222.9, Avg: 66583222.9, Max: 66583223.0, Diff: 0.1]
   [Code Root Fixup: 0.1 ms]
   [Code Root Purge: 0.0 ms]
   [Clear CT: 0.2 ms]
   [Other: 5.3 ms]
      [Choose CSet: 0.0 ms]
      [Ref Proc: 1.6 ms]
      [Ref Enq: 0.0 ms]
      [Redirty Cards: 0.1 ms]
      [Humongous Register: 1.5 ms]
      [Humongous Reclaim: 0.0 ms]
      [Free CSet: 0.2 ms]
   [Eden: 51200.0K(51200.0K)->0.0B(51200.0K) Survivors: 1024.0K->1024.0K Heap: 213.3M(1024.0M)->163.4M(1024.0M)]
 [Times: user=0.05 sys=0.04, real=0.03 secs] 
2023-10-10T10:50:09.986+0530: 69028.182: [GC pause (G1 Evacuation Pause) (young), 0.0345577 secs]
   [Parallel Time: 26.2 ms, GC Workers: 9]
      [GC Worker Start (ms): Min: 69028187.8, Avg: 69028188.3, Max: 69028188.8, Diff: 1.0]
      [Ext Root Scanning (ms): Min: 3.8, Avg: 5.9, Max: 13.4, Diff: 9.6, Sum: 53.5]
      [Update RS (ms): Min: 0.0, Avg: 1.9, Max: 2.6, Diff: 2.6, Sum: 17.1]
         [Processed Buffers: Min: 0, Avg: 4.4, Max: 20, Diff: 20, Sum: 40]
      [Scan RS (ms): Min: 0.0, Avg: 0.0, Max: 0.0, Diff: 0.0, Sum: 0.1]
      [Code Root Scanning (ms): Min: 0.0, Avg: 0.2, Max: 2.0, Diff: 2.0, Sum: 2.1]
      [Object Copy (ms): Min: 0.7, Avg: 6.3, Max: 13.0, Diff: 12.3, Sum: 56.8]
      [Termination (ms): Min: 3.1, Avg: 10.0, Max: 13.1, Diff: 10.0, Sum: 89.9]
         [Termination Attempts: Min: 45, Avg: 95.2, Max: 139, Diff: 94, Sum: 857]
      [GC Worker Other (ms): Min: 0.0, Avg: 1.2, Max: 2.4, Diff: 2.3, Sum: 10.7]
      [GC Worker Total (ms): Min: 25.1, Avg: 25.6, Max: 26.0, Diff: 1.0, Sum: 230.1]
      [GC Worker End (ms): Min: 69028213.8, Avg: 69028213.8, Max: 69028213.8, Diff: 0.0]
   [Code Root Fixup: 0.0 ms]
   [Code Root Purge: 0.0 ms]
   [Clear CT: 0.3 ms]
   [Other: 8.0 ms]
      [Choose CSet: 0.0 ms]
      [Ref Proc: 0.8 ms]
      [Ref Enq: 0.0 ms]
      [Redirty Cards: 0.1 ms]
      [Humongous Register: 2.1 ms]
      [Humongous Reclaim: 0.0 ms]
      [Free CSet: 0.6 ms]
   [Eden: 51200.0K(51200.0K)->0.0B(51200.0K) Survivors: 1024.0K->1024.0K Heap: 213.4M(1024.0M)->163.4M(1024.0M)]
 [Times: user=0.10 sys=0.06, real=0.04 secs] 
2023-10-10T11:30:40.021+0530: 71458.182: [GC pause (G1 Evacuation Pause) (young), 0.0234168 secs]
   [Parallel Time: 17.8 ms, GC Workers: 9]
      [GC Worker Start (ms): Min: 71458185.0, Avg: 71458186.5, Max: 71458190.7, Diff: 5.6]
      [Ext Root Scanning (ms): Min: 3.2, Avg: 7.3, Max: 12.0, Diff: 8.8, Sum: 65.9]
      [Update RS (ms): Min: 0.0, Avg: 1.0, Max: 2.1, Diff: 2.1, Sum: 9.4]
         [Processed Buffers: Min: 0, Avg: 4.9, Max: 13, Diff: 13, Sum: 44]
      [Scan RS (ms): Min: 0.0, Avg: 0.0, Max: 0.2, Diff: 0.2, Sum: 0.3]
      [Code Root Scanning (ms): Min: 0.0, Avg: 0.1, Max: 1.1, Diff: 1.1, Sum: 1.1]
      [Object Copy (ms): Min: 1.0, Avg: 2.5, Max: 4.3, Diff: 3.3, Sum: 22.4]
      [Termination (ms): Min: 3.1, Avg: 4.5, Max: 5.6, Diff: 2.6, Sum: 40.3]
         [Termination Attempts: Min: 87, Avg: 116.4, Max: 174, Diff: 87, Sum: 1048]
      [GC Worker Other (ms): Min: 0.0, Avg: 0.6, Max: 2.0, Diff: 1.9, Sum: 5.7]
      [GC Worker Total (ms): Min: 12.0, Avg: 16.1, Max: 17.6, Diff: 5.6, Sum: 145.1]
      [GC Worker End (ms): Min: 71458202.7, Avg: 71458202.7, Max: 71458202.7, Diff: 0.0]
   [Code Root Fixup: 0.0 ms]
   [Code Root Purge: 0.0 ms]
   [Clear CT: 0.4 ms]
   [Other: 5.2 ms]
      [Choose CSet: 0.0 ms]
      [Ref Proc: 1.4 ms]
      [Ref Enq: 0.0 ms]
      [Redirty Cards: 0.1 ms]
      [Humongous Register: 1.0 ms]
      [Humongous Reclaim: 0.0 ms]
      [Free CSet: 0.2 ms]
   [Eden: 51200.0K(51200.0K)->0.0B(51200.0K) Survivors: 1024.0K->1024.0K Heap: 213.4M(1024.0M)->163.4M(1024.0M)]
 [Times: user=0.05 sys=0.03, real=0.02 secs] 
2023-10-10T12:11:20.006+0530: 73898.188: [GC pause (G1 Evacuation Pause) (young), 0.0271580 secs]
   [Parallel Time: 19.8 ms, GC Workers: 9]
      [GC Worker Start (ms): Min: 73898192.7, Avg: 73898193.0, Max: 73898193.2, Diff: 0.6]
      [Ext Root Scanning (ms): Min: 4.6, Avg: 10.5, Max: 16.9, Diff: 12.3, Sum: 94.8]
      [Update RS (ms): Min: 0.0, Avg: 0.9, Max: 2.0, Diff: 2.0, Sum: 8.5]
         [Processed Buffers: Min: 0, Avg: 4.8, Max: 17, Diff: 17, Sum: 43]
      [Scan RS (ms): Min: 0.0, Avg: 0.0, Max: 0.0, Diff: 0.0, Sum: 0.1]
      [Code Root Scanning (ms): Min: 0.0, Avg: 0.1, Max: 0.9, Diff: 0.9, Sum: 0.9]
      [Object Copy (ms): Min: 0.1, Avg: 2.1, Max: 3.4, Diff: 3.4, Sum: 18.6]
      [Termination (ms): Min: 1.6, Avg: 3.1, Max: 4.3, Diff: 2.7, Sum: 27.6]
         [Termination Attempts: Min: 61, Avg: 97.7, Max: 140, Diff: 79, Sum: 879]
      [GC Worker Other (ms): Min: 0.7, Avg: 2.6, Max: 6.5, Diff: 5.9, Sum: 23.0]
      [GC Worker Total (ms): Min: 19.0, Avg: 19.3, Max: 19.5, Diff: 0.6, Sum: 173.4]
      [GC Worker End (ms): Min: 73898212.2, Avg: 73898212.2, Max: 73898212.3, Diff: 0.0]
   [Code Root Fixup: 0.0 ms]
   [Code Root Purge: 0.0 ms]
   [Clear CT: 0.2 ms]
   [Other: 7.2 ms]
      [Choose CSet: 0.0 ms]
      [Ref Proc: 1.4 ms]
      [Ref Enq: 0.0 ms]
      [Redirty Cards: 0.1 ms]
      [Humongous Register: 1.8 ms]
      [Humongous Reclaim: 0.0 ms]
      [Free CSet: 0.2 ms]
   [Eden: 51200.0K(51200.0K)->0.0B(51200.0K) Survivors: 1024.0K->1024.0K Heap: 213.4M(1024.0M)->163.3M(1024.0M)]
 [Times: user=0.04 sys=0.03, real=0.03 secs] 
2023-10-10T12:52:11.156+0530: 76349.315: [GC pause (G1 Evacuation Pause) (young), 0.0261958 secs]
   [Parallel Time: 18.1 ms, GC Workers: 9]
      [GC Worker Start (ms): Min: 76349320.8, Avg: 76349321.1, Max: 76349321.4, Diff: 0.5]
      [Ext Root Scanning (ms): Min: 2.7, Avg: 9.1, Max: 15.0, Diff: 12.3, Sum: 81.5]
      [Update RS (ms): Min: 0.0, Avg: 0.8, Max: 2.7, Diff: 2.7, Sum: 7.5]
         [Processed Buffers: Min: 0, Avg: 4.9, Max: 19, Diff: 19, Sum: 44]
      [Scan RS (ms): Min: 0.0, Avg: 0.0, Max: 0.0, Diff: 0.0, Sum: 0.1]
      [Code Root Scanning (ms): Min: 0.0, Avg: 0.1, Max: 0.9, Diff: 0.9, Sum: 0.9]
      [Object Copy (ms): Min: 0.3, Avg: 1.5, Max: 3.1, Diff: 2.8, Sum: 13.4]
      [Termination (ms): Min: 0.6, Avg: 2.9, Max: 4.1, Diff: 3.5, Sum: 25.7]
         [Termination Attempts: Min: 20, Avg: 71.8, Max: 114, Diff: 94, Sum: 646]
      [GC Worker Other (ms): Min: 0.8, Avg: 2.6, Max: 5.7, Diff: 4.9, Sum: 23.8]
      [GC Worker Total (ms): Min: 16.6, Avg: 17.0, Max: 17.5, Diff: 0.9, Sum: 153.0]
      [GC Worker End (ms): Min: 76349338.0, Avg: 76349338.1, Max: 76349338.7, Diff: 0.7]
   [Code Root Fixup: 0.0 ms]
   [Code Root Purge: 0.0 ms]
   [Clear CT: 0.2 ms]
   [Other: 7.9 ms]
      [Choose CSet: 0.0 ms]
      [Ref Proc: 1.1 ms]
      [Ref Enq: 0.0 ms]
      [Redirty Cards: 0.1 ms]
      [Humongous Register: 1.3 ms]
      [Humongous Reclaim: 0.0 ms]
      [Free CSet: 0.3 ms]
   [Eden: 51200.0K(51200.0K)->0.0B(51200.0K) Survivors: 1024.0K->1024.0K Heap: 213.3M(1024.0M)->163.3M(1024.0M)]
 [Times: user=0.03 sys=0.02, real=0.03 secs] 
2023-10-10T13:33:00.373+0530: 78798.583: [GC pause (G1 Evacuation Pause) (young), 0.0226697 secs]
   [Parallel Time: 14.0 ms, GC Workers: 9]
      [GC Worker Start (ms): Min: 78798590.1, Avg: 78798590.7, Max: 78798591.1, Diff: 1.0]
      [Ext Root Scanning (ms): Min: 2.3, Avg: 4.1, Max: 11.2, Diff: 8.9, Sum: 37.3]
      [Update RS (ms): Min: 0.0, Avg: 1.3, Max: 2.2, Diff: 2.2, Sum: 11.8]
         [Processed Buffers: Min: 0, Avg: 4.9, Max: 14, Diff: 14, Sum: 44]
      [Scan RS (ms): Min: 0.0, Avg: 0.0, Max: 0.1, Diff: 0.1, Sum: 0.2]
      [Code Root Scanning (ms): Min: 0.0, Avg: 0.2, Max: 1.8, Diff: 1.8, Sum: 2.2]
      [Object Copy (ms): Min: 0.4, Avg: 2.5, Max: 5.0, Diff: 4.7, Sum: 22.3]
      [Termination (ms): Min: 1.6, Avg: 3.8, Max: 5.2, Diff: 3.6, Sum: 34.2]
         [Termination Attempts: Min: 38, Avg: 76.0, Max: 114, Diff: 76, Sum: 684]
      [GC Worker Other (ms): Min: 0.0, Avg: 1.1, Max: 2.1, Diff: 2.1, Sum: 10.0]
      [GC Worker Total (ms): Min: 12.7, Avg: 13.1, Max: 13.6, Diff: 1.0, Sum: 117.9]
      [GC Worker End (ms): Min: 78798603.7, Avg: 78798603.8, Max: 78798603.8, Diff: 0.0]
   [Code Root Fixup: 0.0 ms]
   [Code Root Purge: 0.0 ms]
   [Clear CT: 0.3 ms]
   [Other: 8.4 ms]
      [Choose CSet: 0.0 ms]
      [Ref Proc: 1.1 ms]
      [Ref Enq: 0.0 ms]
      [Redirty Cards: 0.1 ms]
      [Humongous Register: 1.7 ms]
      [Humongous Reclaim: 0.0 ms]
      [Free CSet: 0.2 ms]
   [Eden: 51200.0K(51200.0K)->0.0B(51200.0K) Survivors: 1024.0K->1024.0K Heap: 213.3M(1024.0M)->163.3M(1024.0M)]
 [Times: user=0.04 sys=0.05, real=0.02 secs] 
2023-10-10T14:13:30.052+0530: 81228.366: [GC pause (G1 Evacuation Pause) (young), 0.0338002 secs]
   [Parallel Time: 24.5 ms, GC Workers: 9]
      [GC Worker Start (ms): Min: 81228371.7, Avg: 81228374.3, Max: 81228377.7, Diff: 6.0]
      [Ext Root Scanning (ms): Min: 1.3, Avg: 8.2, Max: 20.1, Diff: 18.7, Sum: 73.6]
      [Update RS (ms): Min: 0.0, Avg: 2.4, Max: 4.3, Diff: 4.3, Sum: 21.2]
         [Processed Buffers: Min: 0, Avg: 4.8, Max: 16, Diff: 16, Sum: 43]
      [Scan RS (ms): Min: 0.0, Avg: 0.2, Max: 1.6, Diff: 1.6, Sum: 1.7]
      [Code Root Scanning (ms): Min: 0.0, Avg: 0.3, Max: 3.0, Diff: 3.0, Sum: 3.0]
      [Object Copy (ms): Min: 0.1, Avg: 4.4, Max: 7.9, Diff: 7.8, Sum: 39.9]
      [Termination (ms): Min: 3.7, Avg: 5.9, Max: 7.3, Diff: 3.6, Sum: 53.1]
         [Termination Attempts: Min: 26, Avg: 70.2, Max: 82, Diff: 56, Sum: 632]
      [GC Worker Other (ms): Min: 0.0, Avg: 0.1, Max: 0.4, Diff: 0.4, Sum: 0.9]
      [GC Worker Total (ms): Min: 18.1, Avg: 21.5, Max: 24.1, Diff: 6.0, Sum: 193.4]
      [GC Worker End (ms): Min: 81228395.8, Avg: 81228395.8, Max: 81228395.8, Diff: 0.1]
   [Code Root Fixup: 0.0 ms]
   [Code Root Purge: 0.0 ms]
   [Clear CT: 0.4 ms]
   [Other: 8.9 ms]
      [Choose CSet: 0.0 ms]
      [Ref Proc: 2.0 ms]
      [Ref Enq: 0.0 ms]
      [Redirty Cards: 0.1 ms]
      [Humongous Register: 2.8 ms]
      [Humongous Reclaim: 0.0 ms]
      [Free CSet: 0.7 ms]
   [Eden: 51200.0K(51200.0K)->0.0B(51200.0K) Survivors: 1024.0K->1024.0K Heap: 213.3M(1024.0M)->163.3M(1024.0M)]
 [Times: user=0.06 sys=0.05, real=0.03 secs] 
2023-10-10T14:54:13.958+0530: 83672.210: [GC pause (G1 Evacuation Pause) (young), 0.0197178 secs]
   [Parallel Time: 13.1 ms, GC Workers: 9]
      [GC Worker Start (ms): Min: 83672214.2, Avg: 83672214.4, Max: 83672214.6, Diff: 0.4]
      [Ext Root Scanning (ms): Min: 2.5, Avg: 4.3, Max: 9.2, Diff: 6.8, Sum: 38.4]
      [Update RS (ms): Min: 0.0, Avg: 1.2, Max: 1.5, Diff: 1.5, Sum: 10.8]
         [Processed Buffers: Min: 0, Avg: 4.7, Max: 19, Diff: 19, Sum: 42]
      [Scan RS (ms): Min: 0.0, Avg: 0.0, Max: 0.0, Diff: 0.0, Sum: 0.1]
      [Code Root Scanning (ms): Min: 0.0, Avg: 0.2, Max: 2.0, Diff: 2.0, Sum: 2.0]
      [Object Copy (ms): Min: 0.3, Avg: 2.4, Max: 5.0, Diff: 4.7, Sum: 21.4]
      [Termination (ms): Min: 1.3, Avg: 3.4, Max: 4.7, Diff: 3.4, Sum: 30.7]
         [Termination Attempts: Min: 33, Avg: 76.4, Max: 110, Diff: 77, Sum: 688]
      [GC Worker Other (ms): Min: 0.3, Avg: 1.0, Max: 2.2, Diff: 1.9, Sum: 9.1]
      [GC Worker Total (ms): Min: 12.3, Avg: 12.5, Max: 12.7, Diff: 0.4, Sum: 112.5]
      [GC Worker End (ms): Min: 83672226.9, Avg: 83672226.9, Max: 83672226.9, Diff: 0.0]
   [Code Root Fixup: 0.0 ms]
   [Code Root Purge: 0.0 ms]
   [Clear CT: 0.2 ms]
   [Other: 6.4 ms]
      [Choose CSet: 0.0 ms]
      [Ref Proc: 1.1 ms]
      [Ref Enq: 0.0 ms]
      [Redirty Cards: 0.1 ms]
      [Humongous Register: 1.2 ms]
      [Humongous Reclaim: 0.0 ms]
      [Free CSet: 0.2 ms]
   [Eden: 51200.0K(51200.0K)->0.0B(51200.0K) Survivors: 1024.0K->1024.0K Heap: 213.3M(1024.0M)->163.3M(1024.0M)]
 [Times: user=0.04 sys=0.05, real=0.02 secs] 
2023-10-10T15:35:00.141+0530: 86118.419: [GC pause (G1 Evacuation Pause) (young), 0.0102557 secs]
   [Parallel Time: 7.4 ms, GC Workers: 9]
      [GC Worker Start (ms): Min: 86118420.1, Avg: 86118420.3, Max: 86118420.5, Diff: 0.4]
      [Ext Root Scanning (ms): Min: 1.2, Avg: 2.1, Max: 5.7, Diff: 4.5, Sum: 18.8]
      [Update RS (ms): Min: 0.0, Avg: 0.7, Max: 1.2, Diff: 1.2, Sum: 6.2]
         [Processed Buffers: Min: 0, Avg: 4.7, Max: 15, Diff: 15, Sum: 42]
      [Scan RS (ms): Min: 0.0, Avg: 0.0, Max: 0.0, Diff: 0.0, Sum: 0.1]
      [Code Root Scanning (ms): Min: 0.0, Avg: 0.1, Max: 1.1, Diff: 1.1, Sum: 1.1]
      [Object Copy (ms): Min: 0.2, Avg: 1.3, Max: 2.2, Diff: 2.0, Sum: 11.4]
      [Termination (ms): Min: 1.2, Avg: 2.2, Max: 2.7, Diff: 1.5, Sum: 19.6]
         [Termination Attempts: Min: 36, Avg: 61.3, Max: 86, Diff: 50, Sum: 552]
      [GC Worker Other (ms): Min: 0.0, Avg: 0.7, Max: 1.2, Diff: 1.2, Sum: 6.6]
      [GC Worker Total (ms): Min: 6.9, Avg: 7.1, Max: 7.3, Diff: 0.4, Sum: 63.8]
      [GC Worker End (ms): Min: 86118427.4, Avg: 86118427.4, Max: 86118427.5, Diff: 0.1]
   [Code Root Fixup: 0.0 ms]
   [Code Root Purge: 0.0 ms]
   [Clear CT: 0.1 ms]
   [Other: 2.7 ms]
      [Choose CSet: 0.0 ms]
      [Ref Proc: 0.9 ms]
      [Ref Enq: 0.0 ms]
      [Redirty Cards: 0.1 ms]
      [Humongous Register: 0.6 ms]
      [Humongous Reclaim: 0.0 ms]
      [Free CSet: 0.2 ms]
   [Eden: 51200.0K(51200.0K)->0.0B(101.0M) Survivors: 1024.0K->1024.0K Heap: 213.3M(1024.0M)->163.4M(1024.0M)]
 [Times: user=0.02 sys=0.03, real=0.01 secs] 
2023-10-10T16:57:20.491+0530: 91058.710: [GC pause (G1 Evacuation Pause) (young), 0.0255190 secs]
   [Parallel Time: 17.9 ms, GC Workers: 9]
      [GC Worker Start (ms): Min: 91058715.3, Avg: 91058715.6, Max: 91058715.9, Diff: 0.6]
      [Ext Root Scanning (ms): Min: 2.1, Avg: 4.0, Max: 10.5, Diff: 8.4, Sum: 36.4]
      [Update RS (ms): Min: 0.0, Avg: 1.4, Max: 1.8, Diff: 1.8, Sum: 12.6]
         [Processed Buffers: Min: 0, Avg: 4.7, Max: 19, Diff: 19, Sum: 42]
      [Scan RS (ms): Min: 0.0, Avg: 0.1, Max: 0.3, Diff: 0.3, Sum: 0.7]
      [Code Root Scanning (ms): Min: 0.0, Avg: 0.2, Max: 1.7, Diff: 1.7, Sum: 1.7]
      [Object Copy (ms): Min: 0.8, Avg: 3.9, Max: 5.8, Diff: 5.0, Sum: 35.3]
      [Termination (ms): Min: 5.3, Avg: 6.8, Max: 8.4, Diff: 3.1, Sum: 61.3]
         [Termination Attempts: Min: 123, Avg: 167.7, Max: 210, Diff: 87, Sum: 1509]
      [GC Worker Other (ms): Min: 0.6, Avg: 0.9, Max: 1.7, Diff: 1.2, Sum: 7.8]
      [GC Worker Total (ms): Min: 17.0, Avg: 17.3, Max: 17.6, Diff: 0.6, Sum: 155.7]
      [GC Worker End (ms): Min: 91058732.9, Avg: 91058732.9, Max: 91058732.9, Diff: 0.0]
   [Code Root Fixup: 0.0 ms]
   [Code Root Purge: 0.0 ms]
   [Clear CT: 0.2 ms]
   [Other: 7.4 ms]
      [Choose CSet: 0.0 ms]
      [Ref Proc: 1.6 ms]
      [Ref Enq: 0.0 ms]
      [Redirty Cards: 0.1 ms]
      [Humongous Register: 1.9 ms]
      [Humongous Reclaim: 0.0 ms]
      [Free CSet: 0.3 ms]
   [Eden: 101.0M(101.0M)->0.0B(130.0M) Survivors: 1024.0K->1024.0K Heap: 264.4M(1024.0M)->163.4M(1024.0M)]
 [Times: user=0.07 sys=0.06, real=0.02 secs] 
2023-10-10T18:43:15.164+0530: 97413.216: [GC pause (G1 Evacuation Pause) (young), 0.0256606 secs]
   [Parallel Time: 13.0 ms, GC Workers: 9]
      [GC Worker Start (ms): Min: 97413217.6, Avg: 97413217.6, Max: 97413217.7, Diff: 0.2]
      [Ext Root Scanning (ms): Min: 1.4, Avg: 3.0, Max: 6.1, Diff: 4.8, Sum: 27.4]
      [Update RS (ms): Min: 0.0, Avg: 0.5, Max: 0.8, Diff: 0.8, Sum: 4.5]
         [Processed Buffers: Min: 0, Avg: 4.6, Max: 13, Diff: 13, Sum: 41]
      [Scan RS (ms): Min: 0.0, Avg: 0.0, Max: 0.1, Diff: 0.1, Sum: 0.2]
      [Code Root Scanning (ms): Min: 0.0, Avg: 0.1, Max: 1.1, Diff: 1.1, Sum: 1.1]
      [Object Copy (ms): Min: 0.7, Avg: 2.9, Max: 4.6, Diff: 3.9, Sum: 26.2]
      [Termination (ms): Min: 4.0, Avg: 5.2, Max: 6.8, Diff: 2.7, Sum: 46.4]
         [Termination Attempts: Min: 221, Avg: 256.1, Max: 323, Diff: 102, Sum: 2305]
      [GC Worker Other (ms): Min: 0.6, Avg: 1.0, Max: 2.0, Diff: 1.4, Sum: 9.1]
      [GC Worker Total (ms): Min: 12.7, Avg: 12.8, Max: 12.9, Diff: 0.2, Sum: 114.9]
      [GC Worker End (ms): Min: 97413230.4, Avg: 97413230.4, Max: 97413230.4, Diff: 0.0]
   [Code Root Fixup: 0.0 ms]
   [Code Root Purge: 0.0 ms]
   [Clear CT: 0.4 ms]
   [Other: 12.2 ms]
      [Choose CSet: 0.0 ms]
      [Ref Proc: 9.5 ms]
      [Ref Enq: 0.0 ms]
      [Redirty Cards: 0.1 ms]
      [Humongous Register: 0.7 ms]
      [Humongous Reclaim: 0.0 ms]
      [Free CSet: 0.3 ms]
   [Eden: 130.0M(130.0M)->0.0B(81920.0K) Survivors: 1024.0K->1024.0K Heap: 293.4M(1024.0M)->163.5M(1024.0M)]
 [Times: user=0.09 sys=0.04, real=0.03 secs] 
2023-10-10T19:48:52.243+0530: 101350.439: [GC pause (G1 Evacuation Pause) (young), 0.0260330 secs]
   [Parallel Time: 16.7 ms, GC Workers: 9]
      [GC Worker Start (ms): Min: 101350443.1, Avg: 101350443.5, Max: 101350444.0, Diff: 0.9]
      [Ext Root Scanning (ms): Min: 2.7, Avg: 3.9, Max: 11.2, Diff: 8.5, Sum: 34.9]
      [Update RS (ms): Min: 0.0, Avg: 1.1, Max: 1.6, Diff: 1.6, Sum: 10.2]
         [Processed Buffers: Min: 0, Avg: 4.4, Max: 21, Diff: 21, Sum: 40]
      [Scan RS (ms): Min: 0.0, Avg: 0.0, Max: 0.3, Diff: 0.3, Sum: 0.4]
      [Code Root Scanning (ms): Min: 0.0, Avg: 0.2, Max: 1.7, Diff: 1.7, Sum: 1.7]
      [Object Copy (ms): Min: 1.8, Avg: 3.0, Max: 3.8, Diff: 2.0, Sum: 27.0]
      [Termination (ms): Min: 2.4, Avg: 5.3, Max: 7.0, Diff: 4.7, Sum: 47.3]
         [Termination Attempts: Min: 62, Avg: 111.1, Max: 138, Diff: 76, Sum: 1000]
      [GC Worker Other (ms): Min: 0.3, Avg: 2.5, Max: 3.2, Diff: 3.0, Sum: 22.6]
      [GC Worker Total (ms): Min: 15.5, Avg: 16.0, Max: 16.4, Diff: 0.9, Sum: 143.9]
      [GC Worker End (ms): Min: 101350459.5, Avg: 101350459.5, Max: 101350459.6, Diff: 0.1]
   [Code Root Fixup: 0.0 ms]
   [Code Root Purge: 0.0 ms]
   [Clear CT: 0.2 ms]
   [Other: 9.1 ms]
      [Choose CSet: 0.0 ms]
      [Ref Proc: 1.8 ms]
      [Ref Enq: 0.0 ms]
      [Redirty Cards: 0.1 ms]
      [Humongous Register: 1.4 ms]
      [Humongous Reclaim: 0.0 ms]
      [Free CSet: 0.3 ms]
   [Eden: 81920.0K(81920.0K)->0.0B(120.0M) Survivors: 1024.0K->1024.0K Heap: 243.5M(1024.0M)->163.4M(1024.0M)]
 [Times: user=0.06 sys=0.05, real=0.02 secs] 
2023-10-10T21:26:47.765+0530: 107226.156: [GC pause (G1 Evacuation Pause) (young), 0.0449063 secs]
   [Parallel Time: 34.8 ms, GC Workers: 9]
      [GC Worker Start (ms): Min: 107226160.3, Avg: 107226160.6, Max: 107226160.8, Diff: 0.5]
      [Ext Root Scanning (ms): Min: 2.1, Avg: 4.5, Max: 11.0, Diff: 9.0, Sum: 40.3]
      [Update RS (ms): Min: 0.0, Avg: 1.3, Max: 1.8, Diff: 1.8, Sum: 11.9]
         [Processed Buffers: Min: 0, Avg: 4.7, Max: 16, Diff: 16, Sum: 42]
      [Scan RS (ms): Min: 0.0, Avg: 0.1, Max: 0.2, Diff: 0.2, Sum: 0.6]
      [Code Root Scanning (ms): Min: 0.0, Avg: 0.2, Max: 2.1, Diff: 2.1, Sum: 2.1]
      [Object Copy (ms): Min: 2.7, Avg: 5.3, Max: 7.4, Diff: 4.6, Sum: 47.8]
      [Termination (ms): Min: 8.0, Avg: 14.2, Max: 21.4, Diff: 13.4, Sum: 128.1]
         [Termination Attempts: Min: 173, Avg: 203.8, Max: 262, Diff: 89, Sum: 1834]
      [GC Worker Other (ms): Min: 1.1, Avg: 2.6, Max: 4.1, Diff: 3.1, Sum: 23.4]
      [GC Worker Total (ms): Min: 25.7, Avg: 28.3, Max: 34.2, Diff: 8.5, Sum: 254.3]
      [GC Worker End (ms): Min: 107226186.5, Avg: 107226188.8, Max: 107226194.9, Diff: 8.4]
   [Code Root Fixup: 0.1 ms]
   [Code Root Purge: 0.0 ms]
   [Clear CT: 0.3 ms]
   [Other: 9.8 ms]
      [Choose CSet: 0.0 ms]
      [Ref Proc: 4.1 ms]
      [Ref Enq: 0.0 ms]
      [Redirty Cards: 0.1 ms]
      [Humongous Register: 1.7 ms]
      [Humongous Reclaim: 0.0 ms]
      [Free CSet: 0.3 ms]
   [Eden: 120.0M(120.0M)->0.0B(51200.0K) Survivors: 1024.0K->1024.0K Heap: 283.4M(1024.0M)->163.5M(1024.0M)]
 [Times: user=0.12 sys=0.08, real=0.05 secs] 
2023-10-10T22:07:18.434+0530: 109656.735: [GC pause (G1 Evacuation Pause) (young), 0.0602720 secs]
   [Parallel Time: 54.2 ms, GC Workers: 9]
      [GC Worker Start (ms): Min: 109656739.3, Avg: 109656739.5, Max: 109656739.8, Diff: 0.5]
      [Ext Root Scanning (ms): Min: 11.9, Avg: 35.3, Max: 51.1, Diff: 39.2, Sum: 317.6]
      [Update RS (ms): Min: 0.0, Avg: 2.0, Max: 6.4, Diff: 6.4, Sum: 18.3]
         [Processed Buffers: Min: 0, Avg: 4.8, Max: 18, Diff: 18, Sum: 43]
      [Scan RS (ms): Min: 0.0, Avg: 0.1, Max: 0.4, Diff: 0.4, Sum: 0.5]
      [Code Root Scanning (ms): Min: 0.0, Avg: 3.5, Max: 31.4, Diff: 31.4, Sum: 31.4]
      [Object Copy (ms): Min: 0.0, Avg: 7.1, Max: 27.4, Diff: 27.4, Sum: 63.9]
      [Termination (ms): Min: 0.0, Avg: 3.5, Max: 12.7, Diff: 12.7, Sum: 31.4]
         [Termination Attempts: Min: 1, Avg: 25.2, Max: 174, Diff: 173, Sum: 227]
      [GC Worker Other (ms): Min: 0.4, Avg: 0.9, Max: 2.4, Diff: 1.9, Sum: 8.5]
      [GC Worker Total (ms): Min: 52.0, Avg: 52.4, Max: 53.5, Diff: 1.5, Sum: 471.6]
      [GC Worker End (ms): Min: 109656791.8, Avg: 109656791.9, Max: 109656793.1, Diff: 1.3]
   [Code Root Fixup: 0.0 ms]
   [Code Root Purge: 0.0 ms]
   [Clear CT: 0.2 ms]
   [Other: 5.9 ms]
      [Choose CSet: 0.0 ms]
      [Ref Proc: 0.8 ms]
      [Ref Enq: 0.0 ms]
      [Redirty Cards: 0.1 ms]
      [Humongous Register: 1.4 ms]
      [Humongous Reclaim: 0.0 ms]
      [Free CSet: 0.3 ms]
   [Eden: 51200.0K(51200.0K)->0.0B(51200.0K) Survivors: 1024.0K->1024.0K Heap: 213.5M(1024.0M)->163.3M(1024.0M)]
 [Times: user=0.04 sys=0.12, real=0.06 secs] 
2023-10-10T22:48:30.882+0530: 112129.141: [GC pause (G1 Evacuation Pause) (young), 0.0188073 secs]
   [Parallel Time: 12.9 ms, GC Workers: 9]
      [GC Worker Start (ms): Min: 112129145.0, Avg: 112129145.3, Max: 112129145.5, Diff: 0.5]
      [Ext Root Scanning (ms): Min: 3.1, Avg: 4.1, Max: 9.1, Diff: 6.0, Sum: 37.2]
      [Update RS (ms): Min: 0.0, Avg: 1.2, Max: 2.3, Diff: 2.3, Sum: 10.9]
         [Processed Buffers: Min: 0, Avg: 4.4, Max: 16, Diff: 16, Sum: 40]
      [Scan RS (ms): Min: 0.0, Avg: 0.0, Max: 0.0, Diff: 0.0, Sum: 0.1]
      [Code Root Scanning (ms): Min: 0.0, Avg: 0.1, Max: 0.8, Diff: 0.8, Sum: 0.8]
      [Object Copy (ms): Min: 0.6, Avg: 2.5, Max: 5.1, Diff: 4.5, Sum: 22.9]
      [Termination (ms): Min: 1.5, Avg: 3.2, Max: 4.3, Diff: 2.9, Sum: 28.7]
         [Termination Attempts: Min: 31, Avg: 68.3, Max: 97, Diff: 66, Sum: 615]
      [GC Worker Other (ms): Min: 0.7, Avg: 1.2, Max: 1.8, Diff: 1.0, Sum: 11.1]
      [GC Worker Total (ms): Min: 12.2, Avg: 12.4, Max: 12.7, Diff: 0.5, Sum: 111.7]
      [GC Worker End (ms): Min: 112129157.7, Avg: 112129157.7, Max: 112129157.7, Diff: 0.0]
   [Code Root Fixup: 0.0 ms]
   [Code Root Purge: 0.0 ms]
   [Clear CT: 0.2 ms]
   [Other: 5.7 ms]
      [Choose CSet: 0.0 ms]
      [Ref Proc: 1.0 ms]
      [Ref Enq: 0.0 ms]
      [Redirty Cards: 0.1 ms]
      [Humongous Register: 1.4 ms]
      [Humongous Reclaim: 0.0 ms]
      [Free CSet: 0.2 ms]
   [Eden: 51200.0K(51200.0K)->0.0B(51200.0K) Survivors: 1024.0K->1024.0K Heap: 213.3M(1024.0M)->163.4M(1024.0M)]
 [Times: user=0.04 sys=0.04, real=0.02 secs] 
2023-10-10T23:29:39.929+0530: 114598.206: [GC pause (G1 Evacuation Pause) (young), 0.0218600 secs]
   [Parallel Time: 15.6 ms, GC Workers: 9]
      [GC Worker Start (ms): Min: 114598209.7, Avg: 114598209.9, Max: 114598210.1, Diff: 0.4]
      [Ext Root Scanning (ms): Min: 2.1, Avg: 3.1, Max: 7.6, Diff: 5.5, Sum: 28.1]
      [Update RS (ms): Min: 0.0, Avg: 1.3, Max: 1.7, Diff: 1.7, Sum: 11.7]
         [Processed Buffers: Min: 0, Avg: 4.7, Max: 16, Diff: 16, Sum: 42]
      [Scan RS (ms): Min: 0.0, Avg: 0.0, Max: 0.1, Diff: 0.1, Sum: 0.1]
      [Code Root Scanning (ms): Min: 0.0, Avg: 0.2, Max: 1.6, Diff: 1.6, Sum: 1.6]
      [Object Copy (ms): Min: 1.0, Avg: 3.0, Max: 5.9, Diff: 4.9, Sum: 27.4]
      [Termination (ms): Min: 4.2, Avg: 6.6, Max: 8.8, Diff: 4.6, Sum: 59.0]
         [Termination Attempts: Min: 28, Avg: 55.6, Max: 85, Diff: 57, Sum: 500]
      [GC Worker Other (ms): Min: 0.3, Avg: 1.0, Max: 1.4, Diff: 1.2, Sum: 9.0]
      [GC Worker Total (ms): Min: 15.0, Avg: 15.2, Max: 15.5, Diff: 0.5, Sum: 137.0]
      [GC Worker End (ms): Min: 114598225.1, Avg: 114598225.1, Max: 114598225.1, Diff: 0.0]
   [Code Root Fixup: 0.0 ms]
   [Code Root Purge: 0.0 ms]
   [Clear CT: 0.2 ms]
   [Other: 6.0 ms]
      [Choose CSet: 0.0 ms]
      [Ref Proc: 1.0 ms]
      [Ref Enq: 0.0 ms]
      [Redirty Cards: 0.1 ms]
      [Humongous Register: 1.2 ms]
      [Humongous Reclaim: 0.0 ms]
      [Free CSet: 0.4 ms]
   [Eden: 51200.0K(51200.0K)->0.0B(51200.0K) Survivors: 1024.0K->1024.0K Heap: 213.4M(1024.0M)->163.4M(1024.0M)]
 [Times: user=0.03 sys=0.05, real=0.03 secs] 
2023-10-11T00:10:34.970+0530: 117053.200: [GC pause (G1 Evacuation Pause) (young), 0.0188581 secs]
   [Parallel Time: 12.9 ms, GC Workers: 9]
      [GC Worker Start (ms): Min: 117053203.4, Avg: 117053203.7, Max: 117053203.9, Diff: 0.5]
      [Ext Root Scanning (ms): Min: 2.6, Avg: 4.2, Max: 9.2, Diff: 6.6, Sum: 37.5]
      [Update RS (ms): Min: 0.0, Avg: 0.9, Max: 1.2, Diff: 1.2, Sum: 8.5]
         [Processed Buffers: Min: 0, Avg: 4.8, Max: 13, Diff: 13, Sum: 43]
      [Scan RS (ms): Min: 0.0, Avg: 0.0, Max: 0.0, Diff: 0.0, Sum: 0.1]
      [Code Root Scanning (ms): Min: 0.0, Avg: 0.1, Max: 0.9, Diff: 0.9, Sum: 0.9]
      [Object Copy (ms): Min: 0.5, Avg: 2.5, Max: 4.1, Diff: 3.6, Sum: 22.5]
      [Termination (ms): Min: 2.6, Avg: 3.9, Max: 5.0, Diff: 2.4, Sum: 34.9]
         [Termination Attempts: Min: 57, Avg: 77.7, Max: 109, Diff: 52, Sum: 699]
      [GC Worker Other (ms): Min: 0.0, Avg: 0.8, Max: 1.7, Diff: 1.7, Sum: 7.0]
      [GC Worker Total (ms): Min: 12.1, Avg: 12.4, Max: 12.7, Diff: 0.5, Sum: 111.6]
      [GC Worker End (ms): Min: 117053216.0, Avg: 117053216.1, Max: 117053216.1, Diff: 0.0]
   [Code Root Fixup: 0.0 ms]
   [Code Root Purge: 0.0 ms]
   [Clear CT: 0.2 ms]
   [Other: 5.8 ms]
      [Choose CSet: 0.0 ms]
      [Ref Proc: 1.2 ms]
      [Ref Enq: 0.0 ms]
      [Redirty Cards: 0.1 ms]
      [Humongous Register: 1.5 ms]
      [Humongous Reclaim: 0.0 ms]
      [Free CSet: 0.2 ms]
   [Eden: 51200.0K(51200.0K)->0.0B(51200.0K) Survivors: 1024.0K->1024.0K Heap: 213.4M(1024.0M)->163.4M(1024.0M)]
 [Times: user=0.05 sys=0.05, real=0.02 secs] 
2023-10-11T00:51:33.976+0530: 119512.125: [GC pause (G1 Evacuation Pause) (young), 0.0289192 secs]
   [Parallel Time: 21.3 ms, GC Workers: 9]
      [GC Worker Start (ms): Min: 119512130.5, Avg: 119512134.4, Max: 119512137.3, Diff: 6.8]
      [Ext Root Scanning (ms): Min: 0.0, Avg: 4.7, Max: 10.6, Diff: 10.6, Sum: 41.9]
      [Update RS (ms): Min: 0.0, Avg: 0.8, Max: 1.0, Diff: 1.0, Sum: 7.1]
         [Processed Buffers: Min: 0, Avg: 4.7, Max: 11, Diff: 11, Sum: 42]
      [Scan RS (ms): Min: 0.0, Avg: 0.1, Max: 0.5, Diff: 0.5, Sum: 0.7]
      [Code Root Scanning (ms): Min: 0.0, Avg: 0.0, Max: 0.2, Diff: 0.2, Sum: 0.2]
      [Object Copy (ms): Min: 0.7, Avg: 3.4, Max: 6.0, Diff: 5.3, Sum: 30.3]
      [Termination (ms): Min: 4.8, Avg: 7.4, Max: 9.4, Diff: 4.6, Sum: 66.3]
         [Termination Attempts: Min: 29, Avg: 69.1, Max: 118, Diff: 89, Sum: 622]
      [GC Worker Other (ms): Min: 0.0, Avg: 0.9, Max: 3.0, Diff: 3.0, Sum: 7.7]
      [GC Worker Total (ms): Min: 14.2, Avg: 17.1, Max: 21.0, Diff: 6.8, Sum: 154.1]
      [GC Worker End (ms): Min: 119512151.5, Avg: 119512151.5, Max: 119512151.6, Diff: 0.1]
   [Code Root Fixup: 0.0 ms]
   [Code Root Purge: 0.0 ms]
   [Clear CT: 0.2 ms]
   [Other: 7.4 ms]
      [Choose CSet: 0.0 ms]
      [Ref Proc: 0.8 ms]
      [Ref Enq: 0.0 ms]
      [Redirty Cards: 0.1 ms]
      [Humongous Register: 3.5 ms]
      [Humongous Reclaim: 0.0 ms]
      [Free CSet: 0.3 ms]
   [Eden: 51200.0K(51200.0K)->0.0B(51200.0K) Survivors: 1024.0K->1024.0K Heap: 213.4M(1024.0M)->163.4M(1024.0M)]
 [Times: user=0.06 sys=0.05, real=0.03 secs] 
2023-10-11T01:32:55.473+0530: 121993.593: [GC pause (G1 Evacuation Pause) (young), 0.0258602 secs]
   [Parallel Time: 20.3 ms, GC Workers: 9]
      [GC Worker Start (ms): Min: 121993596.3, Avg: 121993600.2, Max: 121993603.7, Diff: 7.4]
      [Ext Root Scanning (ms): Min: 2.0, Avg: 6.9, Max: 14.8, Diff: 12.8, Sum: 62.0]
      [Update RS (ms): Min: 0.0, Avg: 1.2, Max: 1.8, Diff: 1.8, Sum: 10.8]
         [Processed Buffers: Min: 0, Avg: 4.9, Max: 17, Diff: 17, Sum: 44]
      [Scan RS (ms): Min: 0.0, Avg: 0.2, Max: 2.1, Diff: 2.1, Sum: 2.2]
      [Code Root Scanning (ms): Min: 0.0, Avg: 0.1, Max: 1.3, Diff: 1.3, Sum: 1.3]
      [Object Copy (ms): Min: 1.6, Avg: 3.0, Max: 5.0, Diff: 3.4, Sum: 27.1]
      [Termination (ms): Min: 1.3, Avg: 4.2, Max: 5.5, Diff: 4.2, Sum: 38.2]
         [Termination Attempts: Min: 19, Avg: 73.6, Max: 95, Diff: 76, Sum: 662]
      [GC Worker Other (ms): Min: 0.0, Avg: 0.5, Max: 1.5, Diff: 1.5, Sum: 4.2]
      [GC Worker Total (ms): Min: 12.8, Avg: 16.2, Max: 20.1, Diff: 7.4, Sum: 145.8]
      [GC Worker End (ms): Min: 121993616.4, Avg: 121993616.4, Max: 121993616.4, Diff: 0.0]
   [Code Root Fixup: 0.0 ms]
   [Code Root Purge: 0.0 ms]
   [Clear CT: 0.2 ms]
   [Other: 5.3 ms]
      [Choose CSet: 0.0 ms]
      [Ref Proc: 0.8 ms]
      [Ref Enq: 0.0 ms]
      [Redirty Cards: 0.1 ms]
      [Humongous Register: 1.6 ms]
      [Humongous Reclaim: 0.0 ms]
      [Free CSet: 0.2 ms]
   [Eden: 51200.0K(51200.0K)->0.0B(51200.0K) Survivors: 1024.0K->1024.0K Heap: 213.4M(1024.0M)->163.5M(1024.0M)]
 [Times: user=0.05 sys=0.05, real=0.03 secs] 
2023-10-11T02:14:02.772+0530: 124460.890: [GC pause (G1 Evacuation Pause) (young), 0.0226898 secs]
   [Parallel Time: 17.5 ms, GC Workers: 9]
      [GC Worker Start (ms): Min: 124460893.3, Avg: 124460896.1, Max: 124460897.8, Diff: 4.4]
      [Ext Root Scanning (ms): Min: 2.4, Avg: 5.2, Max: 11.1, Diff: 8.7, Sum: 46.9]
      [Update RS (ms): Min: 0.0, Avg: 1.3, Max: 1.8, Diff: 1.8, Sum: 11.3]
         [Processed Buffers: Min: 0, Avg: 4.7, Max: 24, Diff: 24, Sum: 42]
      [Scan RS (ms): Min: 0.0, Avg: 0.0, Max: 0.0, Diff: 0.0, Sum: 0.1]
      [Code Root Scanning (ms): Min: 0.0, Avg: 0.2, Max: 1.4, Diff: 1.4, Sum: 1.4]
      [Object Copy (ms): Min: 0.7, Avg: 2.8, Max: 5.5, Diff: 4.8, Sum: 24.8]
      [Termination (ms): Min: 2.0, Avg: 4.4, Max: 5.6, Diff: 3.5, Sum: 39.2]
         [Termination Attempts: Min: 31, Avg: 72.3, Max: 98, Diff: 67, Sum: 651]
      [GC Worker Other (ms): Min: 0.0, Avg: 0.7, Max: 1.5, Diff: 1.4, Sum: 6.2]
      [GC Worker Total (ms): Min: 12.8, Avg: 14.4, Max: 17.3, Diff: 4.5, Sum: 130.0]
      [GC Worker End (ms): Min: 124460910.6, Avg: 124460910.6, Max: 124460910.6, Diff: 0.1]
   [Code Root Fixup: 0.0 ms]
   [Code Root Purge: 0.0 ms]
   [Clear CT: 0.2 ms]
   [Other: 4.9 ms]
      [Choose CSet: 0.0 ms]
      [Ref Proc: 0.8 ms]
      [Ref Enq: 0.0 ms]
      [Redirty Cards: 0.1 ms]
      [Humongous Register: 1.2 ms]
      [Humongous Reclaim: 0.0 ms]
      [Free CSet: 0.2 ms]
   [Eden: 51200.0K(51200.0K)->0.0B(51200.0K) Survivors: 1024.0K->1024.0K Heap: 213.5M(1024.0M)->163.4M(1024.0M)]
 [Times: user=0.05 sys=0.05, real=0.02 secs] 
2023-10-11T02:55:02.329+0530: 126920.642: [GC pause (G1 Evacuation Pause) (young), 0.0172891 secs]
   [Parallel Time: 13.2 ms, GC Workers: 9]
      [GC Worker Start (ms): Min: 126920645.0, Avg: 126920645.2, Max: 126920645.5, Diff: 0.5]
      [Ext Root Scanning (ms): Min: 2.5, Avg: 3.7, Max: 8.7, Diff: 6.1, Sum: 33.1]
      [Update RS (ms): Min: 0.0, Avg: 1.0, Max: 1.3, Diff: 1.3, Sum: 9.3]
         [Processed Buffers: Min: 0, Avg: 4.9, Max: 21, Diff: 21, Sum: 44]
      [Scan RS (ms): Min: 0.0, Avg: 0.0, Max: 0.0, Diff: 0.0, Sum: 0.1]
      [Code Root Scanning (ms): Min: 0.0, Avg: 0.1, Max: 0.9, Diff: 0.9, Sum: 0.9]
      [Object Copy (ms): Min: 0.2, Avg: 2.5, Max: 4.6, Diff: 4.4, Sum: 22.1]
      [Termination (ms): Min: 2.3, Avg: 4.0, Max: 5.6, Diff: 3.4, Sum: 36.1]
         [Termination Attempts: Min: 46, Avg: 75.8, Max: 108, Diff: 62, Sum: 682]
      [GC Worker Other (ms): Min: 0.0, Avg: 1.2, Max: 1.7, Diff: 1.7, Sum: 10.5]
      [GC Worker Total (ms): Min: 12.2, Avg: 12.5, Max: 12.7, Diff: 0.5, Sum: 112.2]
      [GC Worker End (ms): Min: 126920657.7, Avg: 126920657.7, Max: 126920658.0, Diff: 0.4]
   [Code Root Fixup: 0.0 ms]
   [Code Root Purge: 0.0 ms]
   [Clear CT: 0.2 ms]
   [Other: 3.9 ms]
      [Choose CSet: 0.0 ms]
      [Ref Proc: 0.7 ms]
      [Ref Enq: 0.0 ms]
      [Redirty Cards: 0.1 ms]
      [Humongous Register: 1.2 ms]
      [Humongous Reclaim: 0.0 ms]
      [Free CSet: 0.2 ms]
   [Eden: 51200.0K(51200.0K)->0.0B(51200.0K) Survivors: 1024.0K->1024.0K Heap: 213.4M(1024.0M)->163.5M(1024.0M)]
 [Times: user=0.05 sys=0.04, real=0.02 secs] 
2023-10-11T03:36:09.960+0530: 129388.343: [GC pause (G1 Evacuation Pause) (young), 0.0190408 secs]
   [Parallel Time: 14.1 ms, GC Workers: 9]
      [GC Worker Start (ms): Min: 129388345.7, Avg: 129388347.3, Max: 129388348.1, Diff: 2.4]
      [Ext Root Scanning (ms): Min: 2.8, Avg: 4.5, Max: 8.9, Diff: 6.1, Sum: 40.3]
      [Update RS (ms): Min: 0.0, Avg: 0.8, Max: 1.1, Diff: 1.1, Sum: 7.0]
         [Processed Buffers: Min: 0, Avg: 4.8, Max: 19, Diff: 19, Sum: 43]
      [Scan RS (ms): Min: 0.0, Avg: 0.0, Max: 0.0, Diff: 0.0, Sum: 0.2]
      [Code Root Scanning (ms): Min: 0.0, Avg: 0.0, Max: 0.0, Diff: 0.0, Sum: 0.0]
      [Object Copy (ms): Min: 1.5, Avg: 2.3, Max: 3.9, Diff: 2.4, Sum: 21.0]
      [Termination (ms): Min: 2.6, Avg: 3.9, Max: 4.9, Diff: 2.3, Sum: 35.2]
         [Termination Attempts: Min: 38, Avg: 69.0, Max: 98, Diff: 60, Sum: 621]
      [GC Worker Other (ms): Min: 0.0, Avg: 0.7, Max: 1.6, Diff: 1.5, Sum: 6.5]
      [GC Worker Total (ms): Min: 11.4, Avg: 12.2, Max: 13.9, Diff: 2.5, Sum: 110.2]
      [GC Worker End (ms): Min: 129388359.5, Avg: 129388359.5, Max: 129388359.6, Diff: 0.1]
   [Code Root Fixup: 0.0 ms]
   [Code Root Purge: 0.0 ms]
   [Clear CT: 0.2 ms]
   [Other: 4.7 ms]
      [Choose CSet: 0.0 ms]
      [Ref Proc: 1.0 ms]
      [Ref Enq: 0.0 ms]
      [Redirty Cards: 0.2 ms]
      [Humongous Register: 1.1 ms]
      [Humongous Reclaim: 0.0 ms]
      [Free CSet: 0.2 ms]
   [Eden: 51200.0K(51200.0K)->0.0B(128.0M) Survivors: 1024.0K->1024.0K Heap: 213.5M(1024.0M)->163.4M(1024.0M)]
 [Times: user=0.04 sys=0.05, real=0.02 secs] 
2023-10-11T05:21:25.167+0530: 135703.519: [GC pause (G1 Evacuation Pause) (young), 0.0266932 secs]
   [Parallel Time: 17.5 ms, GC Workers: 9]
      [GC Worker Start (ms): Min: 135703524.0, Avg: 135703524.3, Max: 135703524.6, Diff: 0.6]
      [Ext Root Scanning (ms): Min: 1.9, Avg: 3.5, Max: 8.4, Diff: 6.5, Sum: 31.7]
      [Update RS (ms): Min: 0.0, Avg: 0.9, Max: 1.1, Diff: 1.1, Sum: 7.8]
         [Processed Buffers: Min: 0, Avg: 5.0, Max: 18, Diff: 18, Sum: 45]
      [Scan RS (ms): Min: 0.0, Avg: 0.0, Max: 0.2, Diff: 0.2, Sum: 0.4]
      [Code Root Scanning (ms): Min: 0.0, Avg: 0.0, Max: 0.0, Diff: 0.0, Sum: 0.0]
      [Object Copy (ms): Min: 2.1, Avg: 3.5, Max: 5.3, Diff: 3.2, Sum: 31.2]
      [Termination (ms): Min: 5.7, Avg: 7.6, Max: 9.4, Diff: 3.6, Sum: 68.7]
         [Termination Attempts: Min: 114, Avg: 200.0, Max: 256, Diff: 142, Sum: 1800]
      [GC Worker Other (ms): Min: 0.1, Avg: 1.5, Max: 2.5, Diff: 2.4, Sum: 13.4]
      [GC Worker Total (ms): Min: 16.7, Avg: 17.0, Max: 17.3, Diff: 0.6, Sum: 153.1]
      [GC Worker End (ms): Min: 135703541.3, Avg: 135703541.3, Max: 135703541.3, Diff: 0.0]
   [Code Root Fixup: 0.0 ms]
   [Code Root Purge: 0.0 ms]
   [Clear CT: 0.2 ms]
   [Other: 9.0 ms]
      [Choose CSet: 0.0 ms]
      [Ref Proc: 3.6 ms]
      [Ref Enq: 0.0 ms]
      [Redirty Cards: 0.1 ms]
      [Humongous Register: 1.4 ms]
      [Humongous Reclaim: 0.0 ms]
      [Free CSet: 0.2 ms]
   [Eden: 128.0M(128.0M)->0.0B(142.0M) Survivors: 1024.0K->1024.0K Heap: 291.4M(1024.0M)->163.6M(1024.0M)]
 [Times: user=0.09 sys=0.06, real=0.03 secs] 
2023-10-11T07:18:29.376+0530: 142727.754: [GC pause (G1 Evacuation Pause) (young), 0.0450775 secs]
   [Parallel Time: 36.1 ms, GC Workers: 9]
      [GC Worker Start (ms): Min: 142727758.6, Avg: 142727758.8, Max: 142727759.0, Diff: 0.4]
      [Ext Root Scanning (ms): Min: 2.0, Avg: 3.6, Max: 9.5, Diff: 7.5, Sum: 32.4]
      [Update RS (ms): Min: 0.0, Avg: 1.1, Max: 1.6, Diff: 1.6, Sum: 10.2]
         [Processed Buffers: Min: 0, Avg: 5.0, Max: 17, Diff: 17, Sum: 45]
      [Scan RS (ms): Min: 0.0, Avg: 0.1, Max: 0.3, Diff: 0.2, Sum: 0.8]
      [Code Root Scanning (ms): Min: 0.0, Avg: 0.0, Max: 0.0, Diff: 0.0, Sum: 0.0]
      [Object Copy (ms): Min: 2.0, Avg: 6.8, Max: 14.8, Diff: 12.8, Sum: 61.5]
      [Termination (ms): Min: 10.3, Avg: 18.7, Max: 25.5, Diff: 15.1, Sum: 168.4]
         [Termination Attempts: Min: 129, Avg: 203.1, Max: 288, Diff: 159, Sum: 1828]
      [GC Worker Other (ms): Min: 0.3, Avg: 1.2, Max: 2.1, Diff: 1.8, Sum: 11.2]
      [GC Worker Total (ms): Min: 30.6, Avg: 31.6, Max: 35.9, Diff: 5.2, Sum: 284.5]
      [GC Worker End (ms): Min: 142727789.6, Avg: 142727790.4, Max: 142727794.4, Diff: 4.9]
   [Code Root Fixup: 0.0 ms]
   [Code Root Purge: 0.0 ms]
   [Clear CT: 0.3 ms]
   [Other: 8.7 ms]
      [Choose CSet: 0.0 ms]
      [Ref Proc: 2.7 ms]
      [Ref Enq: 0.0 ms]
      [Redirty Cards: 0.1 ms]
      [Humongous Register: 1.3 ms]
      [Humongous Reclaim: 0.0 ms]
      [Free CSet: 0.6 ms]
   [Eden: 142.0M(142.0M)->0.0B(51200.0K) Survivors: 1024.0K->1024.0K Heap: 305.6M(1024.0M)->163.6M(1024.0M)]
 [Times: user=0.15 sys=0.07, real=0.05 secs] 
2023-10-11T07:59:34.720+0530: 145193.200: [GC pause (G1 Evacuation Pause) (young), 0.0308088 secs]
   [Parallel Time: 24.4 ms, GC Workers: 9]
      [GC Worker Start (ms): Min: 145193203.8, Avg: 145193204.0, Max: 145193204.3, Diff: 0.5]
      [Ext Root Scanning (ms): Min: 3.5, Avg: 4.9, Max: 11.5, Diff: 8.0, Sum: 44.3]
      [Update RS (ms): Min: 0.0, Avg: 1.6, Max: 2.1, Diff: 2.1, Sum: 14.3]
         [Processed Buffers: Min: 0, Avg: 4.9, Max: 19, Diff: 19, Sum: 44]
      [Scan RS (ms): Min: 0.0, Avg: 0.0, Max: 0.2, Diff: 0.2, Sum: 0.3]
      [Code Root Scanning (ms): Min: 0.0, Avg: 0.0, Max: 0.0, Diff: 0.0, Sum: 0.0]
      [Object Copy (ms): Min: 1.4, Avg: 3.0, Max: 6.5, Diff: 5.0, Sum: 26.6]
      [Termination (ms): Min: 1.9, Avg: 6.1, Max: 14.6, Diff: 12.8, Sum: 54.5]
         [Termination Attempts: Min: 12, Avg: 67.0, Max: 108, Diff: 96, Sum: 603]
      [GC Worker Other (ms): Min: 0.6, Avg: 1.0, Max: 1.5, Diff: 0.9, Sum: 9.0]
      [GC Worker Total (ms): Min: 15.0, Avg: 16.6, Max: 23.6, Diff: 8.6, Sum: 149.0]
      [GC Worker End (ms): Min: 145193219.2, Avg: 145193220.6, Max: 145193227.7, Diff: 8.5]
   [Code Root Fixup: 0.0 ms]
   [Code Root Purge: 0.0 ms]
   [Clear CT: 0.2 ms]
   [Other: 6.3 ms]
      [Choose CSet: 0.0 ms]
      [Ref Proc: 1.4 ms]
      [Ref Enq: 0.0 ms]
      [Redirty Cards: 0.1 ms]
      [Humongous Register: 1.4 ms]
      [Humongous Reclaim: 0.0 ms]
      [Free CSet: 0.4 ms]
   [Eden: 51200.0K(51200.0K)->0.0B(51200.0K) Survivors: 1024.0K->1024.0K Heap: 213.6M(1024.0M)->163.5M(1024.0M)]
 [Times: user=0.05 sys=0.05, real=0.04 secs] 
2023-10-11T08:40:49.848+0530: 147668.197: [GC pause (G1 Evacuation Pause) (young), 0.0155564 secs]
   [Parallel Time: 10.8 ms, GC Workers: 9]
      [GC Worker Start (ms): Min: 147668199.8, Avg: 147668200.1, Max: 147668200.3, Diff: 0.5]
      [Ext Root Scanning (ms): Min: 3.0, Avg: 4.1, Max: 8.5, Diff: 5.5, Sum: 36.9]
      [Update RS (ms): Min: 0.0, Avg: 0.5, Max: 0.7, Diff: 0.7, Sum: 4.9]
         [Processed Buffers: Min: 0, Avg: 4.7, Max: 8, Diff: 8, Sum: 42]
      [Scan RS (ms): Min: 0.0, Avg: 0.0, Max: 0.0, Diff: 0.0, Sum: 0.1]
      [Code Root Scanning (ms): Min: 0.0, Avg: 0.0, Max: 0.0, Diff: 0.0, Sum: 0.0]
      [Object Copy (ms): Min: 0.1, Avg: 1.8, Max: 4.4, Diff: 4.3, Sum: 15.8]
      [Termination (ms): Min: 0.5, Avg: 2.8, Max: 3.8, Diff: 3.3, Sum: 25.0]
         [Termination Attempts: Min: 33, Avg: 96.8, Max: 131, Diff: 98, Sum: 871]
      [GC Worker Other (ms): Min: 0.1, Avg: 1.0, Max: 1.6, Diff: 1.5, Sum: 9.1]
      [GC Worker Total (ms): Min: 10.0, Avg: 10.2, Max: 10.5, Diff: 0.5, Sum: 91.9]
      [GC Worker End (ms): Min: 147668210.2, Avg: 147668210.3, Max: 147668210.3, Diff: 0.0]
   [Code Root Fixup: 0.0 ms]
   [Code Root Purge: 0.0 ms]
   [Clear CT: 0.2 ms]
   [Other: 4.5 ms]
      [Choose CSet: 0.0 ms]
      [Ref Proc: 1.0 ms]
      [Ref Enq: 0.0 ms]
      [Redirty Cards: 0.1 ms]
      [Humongous Register: 1.3 ms]
      [Humongous Reclaim: 0.0 ms]
      [Free CSet: 0.2 ms]
   [Eden: 51200.0K(51200.0K)->0.0B(77824.0K) Survivors: 1024.0K->1024.0K Heap: 213.5M(1024.0M)->163.4M(1024.0M)]
 [Times: user=0.04 sys=0.03, real=0.02 secs] 
2023-10-11T09:43:23.518+0530: 151421.880: [GC pause (G1 Evacuation Pause) (young), 0.0247444 secs]
   [Parallel Time: 19.0 ms, GC Workers: 9]
      [GC Worker Start (ms): Min: 151421884.3, Avg: 151421886.8, Max: 151421888.4, Diff: 4.1]
      [Ext Root Scanning (ms): Min: 0.8, Avg: 4.5, Max: 10.0, Diff: 9.2, Sum: 40.3]
      [Update RS (ms): Min: 0.0, Avg: 0.6, Max: 0.8, Diff: 0.8, Sum: 5.3]
         [Processed Buffers: Min: 0, Avg: 4.8, Max: 18, Diff: 18, Sum: 43]
      [Scan RS (ms): Min: 0.0, Avg: 0.0, Max: 0.0, Diff: 0.0, Sum: 0.2]
      [Code Root Scanning (ms): Min: 0.0, Avg: 0.0, Max: 0.0, Diff: 0.0, Sum: 0.0]
      [Object Copy (ms): Min: 1.7, Avg: 3.1, Max: 4.3, Diff: 2.6, Sum: 27.8]
      [Termination (ms): Min: 5.4, Avg: 6.6, Max: 8.1, Diff: 2.7, Sum: 59.7]
         [Termination Attempts: Min: 98, Avg: 121.0, Max: 149, Diff: 51, Sum: 1089]
      [GC Worker Other (ms): Min: 0.0, Avg: 0.8, Max: 2.8, Diff: 2.8, Sum: 7.5]
      [GC Worker Total (ms): Min: 13.8, Avg: 15.6, Max: 18.7, Diff: 4.9, Sum: 140.8]
      [GC Worker End (ms): Min: 151421902.2, Avg: 151421902.4, Max: 151421903.0, Diff: 0.8]
   [Code Root Fixup: 0.0 ms]
   [Code Root Purge: 0.0 ms]
   [Clear CT: 0.2 ms]
   [Other: 5.5 ms]
      [Choose CSet: 0.0 ms]
      [Ref Proc: 1.0 ms]
      [Ref Enq: 0.0 ms]
      [Redirty Cards: 0.1 ms]
      [Humongous Register: 1.9 ms]
      [Humongous Reclaim: 0.0 ms]
      [Free CSet: 0.3 ms]
   [Eden: 77824.0K(77824.0K)->0.0B(112.0M) Survivors: 1024.0K->1024.0K Heap: 239.4M(1024.0M)->163.5M(1024.0M)]
 [Times: user=0.07 sys=0.05, real=0.03 secs] 
2023-10-11T11:14:43.121+0530: 156901.435: [GC pause (G1 Evacuation Pause) (young), 0.0531245 secs]
   [Parallel Time: 41.9 ms, GC Workers: 9]
      [GC Worker Start (ms): Min: 156901442.1, Avg: 156901443.0, Max: 156901443.9, Diff: 1.7]
      [Ext Root Scanning (ms): Min: 2.9, Avg: 4.3, Max: 7.7, Diff: 4.7, Sum: 38.5]
      [Update RS (ms): Min: 0.0, Avg: 1.1, Max: 1.4, Diff: 1.4, Sum: 9.6]
         [Processed Buffers: Min: 0, Avg: 5.0, Max: 19, Diff: 19, Sum: 45]
      [Scan RS (ms): Min: 0.0, Avg: 0.0, Max: 0.1, Diff: 0.0, Sum: 0.2]
      [Code Root Scanning (ms): Min: 0.0, Avg: 0.0, Max: 0.0, Diff: 0.0, Sum: 0.0]
      [Object Copy (ms): Min: 3.0, Avg: 8.6, Max: 14.4, Diff: 11.5, Sum: 77.8]
      [Termination (ms): Min: 19.6, Avg: 25.4, Max: 29.5, Diff: 9.9, Sum: 228.5]
         [Termination Attempts: Min: 202, Avg: 238.0, Max: 335, Diff: 133, Sum: 2142]
      [GC Worker Other (ms): Min: 0.3, Avg: 1.4, Max: 3.0, Diff: 2.7, Sum: 12.5]
      [GC Worker Total (ms): Min: 39.8, Avg: 40.8, Max: 41.6, Diff: 1.8, Sum: 367.1]
      [GC Worker End (ms): Min: 156901483.7, Avg: 156901483.8, Max: 156901483.8, Diff: 0.1]
   [Code Root Fixup: 0.0 ms]
   [Code Root Purge: 0.0 ms]
   [Clear CT: 0.4 ms]
   [Other: 10.7 ms]
      [Choose CSet: 0.0 ms]
      [Ref Proc: 2.9 ms]
      [Ref Enq: 0.0 ms]
      [Redirty Cards: 0.1 ms]
      [Humongous Register: 2.6 ms]
      [Humongous Reclaim: 0.0 ms]
      [Free CSet: 0.5 ms]
   [Eden: 112.0M(112.0M)->0.0B(51200.0K) Survivors: 1024.0K->1024.0K Heap: 275.5M(1024.0M)->163.5M(1024.0M)]
 [Times: user=0.17 sys=0.07, real=0.05 secs] 
2023-10-11T11:55:18.511+0530: 159336.828: [GC pause (G1 Evacuation Pause) (young), 0.0212555 secs]
   [Parallel Time: 14.0 ms, GC Workers: 9]
      [GC Worker Start (ms): Min: 159336833.1, Avg: 159336833.3, Max: 159336833.5, Diff: 0.5]
      [Ext Root Scanning (ms): Min: 2.4, Avg: 4.0, Max: 7.7, Diff: 5.3, Sum: 36.0]
      [Update RS (ms): Min: 0.0, Avg: 1.0, Max: 2.0, Diff: 2.0, Sum: 8.8]
         [Processed Buffers: Min: 0, Avg: 4.9, Max: 13, Diff: 13, Sum: 44]
      [Scan RS (ms): Min: 0.0, Avg: 0.0, Max: 0.0, Diff: 0.0, Sum: 0.1]
      [Code Root Scanning (ms): Min: 0.0, Avg: 0.0, Max: 0.0, Diff: 0.0, Sum: 0.0]
      [Object Copy (ms): Min: 1.3, Avg: 2.5, Max: 4.8, Diff: 3.5, Sum: 22.1]
      [Termination (ms): Min: 2.2, Avg: 4.4, Max: 5.8, Diff: 3.5, Sum: 39.5]
         [Termination Attempts: Min: 64, Avg: 109.2, Max: 153, Diff: 89, Sum: 983]
      [GC Worker Other (ms): Min: 0.4, Avg: 1.4, Max: 2.2, Diff: 1.8, Sum: 12.9]
      [GC Worker Total (ms): Min: 13.0, Avg: 13.3, Max: 13.5, Diff: 0.5, Sum: 119.4]
      [GC Worker End (ms): Min: 159336846.6, Avg: 159336846.6, Max: 159336846.6, Diff: 0.0]
   [Code Root Fixup: 0.0 ms]
   [Code Root Purge: 0.0 ms]
   [Clear CT: 0.3 ms]
   [Other: 7.0 ms]
      [Choose CSet: 0.0 ms]
      [Ref Proc: 1.3 ms]
      [Ref Enq: 0.0 ms]
      [Redirty Cards: 0.1 ms]
      [Humongous Register: 1.6 ms]
      [Humongous Reclaim: 0.0 ms]
      [Free CSet: 0.2 ms]
   [Eden: 51200.0K(51200.0K)->0.0B(64512.0K) Survivors: 1024.0K->1024.0K Heap: 213.5M(1024.0M)->163.5M(1024.0M)]
 [Times: user=0.06 sys=0.04, real=0.02 secs] 
2023-10-11T12:47:04.873+0530: 162443.204: [GC pause (G1 Evacuation Pause) (young), 0.0202632 secs]
   [Parallel Time: 14.4 ms, GC Workers: 9]
      [GC Worker Start (ms): Min: 162443207.4, Avg: 162443207.7, Max: 162443207.9, Diff: 0.5]
      [Ext Root Scanning (ms): Min: 2.8, Avg: 4.8, Max: 8.7, Diff: 5.9, Sum: 43.3]
      [Update RS (ms): Min: 0.0, Avg: 1.1, Max: 1.6, Diff: 1.6, Sum: 10.1]
         [Processed Buffers: Min: 0, Avg: 5.0, Max: 13, Diff: 13, Sum: 45]
      [Scan RS (ms): Min: 0.0, Avg: 0.0, Max: 0.0, Diff: 0.0, Sum: 0.2]
      [Code Root Scanning (ms): Min: 0.0, Avg: 0.0, Max: 0.0, Diff: 0.0, Sum: 0.0]
      [Object Copy (ms): Min: 1.9, Avg: 2.6, Max: 3.8, Diff: 1.9, Sum: 23.3]
      [Termination (ms): Min: 2.6, Avg: 4.1, Max: 5.2, Diff: 2.6, Sum: 36.9]
         [Termination Attempts: Min: 50, Avg: 90.9, Max: 119, Diff: 69, Sum: 818]
      [GC Worker Other (ms): Min: 0.5, Avg: 1.3, Max: 2.7, Diff: 2.2, Sum: 11.3]
      [GC Worker Total (ms): Min: 13.7, Avg: 13.9, Max: 14.2, Diff: 0.5, Sum: 125.1]
      [GC Worker End (ms): Min: 162443221.6, Avg: 162443221.6, Max: 162443221.6, Diff: 0.1]
   [Code Root Fixup: 0.0 ms]
   [Code Root Purge: 0.0 ms]
   [Clear CT: 0.2 ms]
   [Other: 5.6 ms]
      [Choose CSet: 0.0 ms]
      [Ref Proc: 1.5 ms]
      [Ref Enq: 0.0 ms]
      [Redirty Cards: 0.1 ms]
      [Humongous Register: 1.3 ms]
      [Humongous Reclaim: 0.0 ms]
      [Free CSet: 0.2 ms]
   [Eden: 64512.0K(64512.0K)->0.0B(152.0M) Survivors: 1024.0K->1024.0K Heap: 226.5M(1024.0M)->163.5M(1024.0M)]
 [Times: user=0.05 sys=0.05, real=0.02 secs] 
2023-10-11T14:51:13.799+0530: 169892.206: [GC pause (G1 Evacuation Pause) (young), 0.0589780 secs]
   [Parallel Time: 47.4 ms, GC Workers: 9]
      [GC Worker Start (ms): Min: 169892211.0, Avg: 169892211.1, Max: 169892211.2, Diff: 0.2]
      [Ext Root Scanning (ms): Min: 3.3, Avg: 4.3, Max: 7.6, Diff: 4.3, Sum: 38.4]
      [Update RS (ms): Min: 0.5, Avg: 18.1, Max: 40.5, Diff: 39.9, Sum: 162.5]
         [Processed Buffers: Min: 0, Avg: 5.0, Max: 13, Diff: 13, Sum: 45]
      [Scan RS (ms): Min: 0.0, Avg: 0.0, Max: 0.1, Diff: 0.1, Sum: 0.2]
      [Code Root Scanning (ms): Min: 0.0, Avg: 0.0, Max: 0.0, Diff: 0.0, Sum: 0.0]
      [Object Copy (ms): Min: 0.0, Avg: 4.2, Max: 10.8, Diff: 10.8, Sum: 38.1]
      [Termination (ms): Min: 0.0, Avg: 13.9, Max: 34.0, Diff: 34.0, Sum: 124.7]
         [Termination Attempts: Min: 1, Avg: 226.9, Max: 630, Diff: 629, Sum: 2042]
      [GC Worker Other (ms): Min: 0.7, Avg: 6.1, Max: 41.7, Diff: 40.9, Sum: 54.5]
      [GC Worker Total (ms): Min: 46.2, Avg: 46.5, Max: 47.1, Diff: 0.9, Sum: 418.4]
      [GC Worker End (ms): Min: 169892257.4, Avg: 169892257.6, Max: 169892258.2, Diff: 0.8]
   [Code Root Fixup: 0.0 ms]
   [Code Root Purge: 0.0 ms]
   [Clear CT: 0.3 ms]
   [Other: 11.2 ms]
      [Choose CSet: 0.0 ms]
      [Ref Proc: 5.6 ms]
      [Ref Enq: 0.0 ms]
      [Redirty Cards: 0.0 ms]
      [Humongous Register: 1.2 ms]
      [Humongous Reclaim: 0.0 ms]
      [Free CSet: 0.2 ms]
   [Eden: 152.0M(152.0M)->0.0B(51200.0K) Survivors: 1024.0K->1024.0K Heap: 315.5M(1024.0M)->163.7M(1024.0M)]
 [Times: user=0.14 sys=0.05, real=0.06 secs] 
2023-10-11T15:32:01.886+0530: 172340.335: [GC pause (G1 Evacuation Pause) (young), 0.0206739 secs]
   [Parallel Time: 12.6 ms, GC Workers: 9]
      [GC Worker Start (ms): Min: 172340340.5, Avg: 172340340.9, Max: 172340341.3, Diff: 0.7]
      [Ext Root Scanning (ms): Min: 2.5, Avg: 3.6, Max: 9.0, Diff: 6.5, Sum: 32.1]
      [Update RS (ms): Min: 0.0, Avg: 1.2, Max: 1.6, Diff: 1.6, Sum: 10.5]
         [Processed Buffers: Min: 0, Avg: 4.2, Max: 15, Diff: 15, Sum: 38]
      [Scan RS (ms): Min: 0.0, Avg: 0.0, Max: 0.3, Diff: 0.3, Sum: 0.4]
      [Code Root Scanning (ms): Min: 0.0, Avg: 0.0, Max: 0.0, Diff: 0.0, Sum: 0.0]
      [Object Copy (ms): Min: 0.7, Avg: 2.1, Max: 4.1, Diff: 3.4, Sum: 18.8]
      [Termination (ms): Min: 1.4, Avg: 3.8, Max: 5.2, Diff: 3.8, Sum: 34.4]
         [Termination Attempts: Min: 20, Avg: 73.0, Max: 96, Diff: 76, Sum: 657]
      [GC Worker Other (ms): Min: 0.3, Avg: 0.9, Max: 1.4, Diff: 1.1, Sum: 8.0]
      [GC Worker Total (ms): Min: 11.2, Avg: 11.6, Max: 11.9, Diff: 0.7, Sum: 104.2]
      [GC Worker End (ms): Min: 172340352.4, Avg: 172340352.4, Max: 172340352.5, Diff: 0.0]
   [Code Root Fixup: 0.0 ms]
   [Code Root Purge: 0.0 ms]
   [Clear CT: 0.2 ms]
   [Other: 7.9 ms]
      [Choose CSet: 0.0 ms]
      [Ref Proc: 0.9 ms]
      [Ref Enq: 0.0 ms]
      [Redirty Cards: 0.1 ms]
      [Humongous Register: 1.5 ms]
      [Humongous Reclaim: 0.0 ms]
      [Free CSet: 0.2 ms]
   [Eden: 51200.0K(51200.0K)->0.0B(51200.0K) Survivors: 1024.0K->1024.0K Heap: 213.7M(1024.0M)->163.6M(1024.0M)]
 [Times: user=0.04 sys=0.05, real=0.02 secs] 
2023-10-11T16:12:30.421+0530: 174768.836: [GC pause (G1 Evacuation Pause) (young), 0.0202435 secs]
   [Parallel Time: 14.6 ms, GC Workers: 9]
      [GC Worker Start (ms): Min: 174768840.7, Avg: 174768840.9, Max: 174768841.2, Diff: 0.5]
      [Ext Root Scanning (ms): Min: 2.7, Avg: 4.5, Max: 9.7, Diff: 7.1, Sum: 40.1]
      [Update RS (ms): Min: 0.0, Avg: 1.4, Max: 1.7, Diff: 1.7, Sum: 12.6]
         [Processed Buffers: Min: 0, Avg: 4.8, Max: 13, Diff: 13, Sum: 43]
      [Scan RS (ms): Min: 0.0, Avg: 0.0, Max: 0.3, Diff: 0.3, Sum: 0.4]
      [Code Root Scanning (ms): Min: 0.0, Avg: 0.0, Max: 0.0, Diff: 0.0, Sum: 0.0]
      [Object Copy (ms): Min: 1.3, Avg: 3.1, Max: 3.8, Diff: 2.6, Sum: 27.8]
      [Termination (ms): Min: 2.0, Avg: 3.6, Max: 4.6, Diff: 2.6, Sum: 32.7]
         [Termination Attempts: Min: 36, Avg: 73.2, Max: 110, Diff: 74, Sum: 659]
      [GC Worker Other (ms): Min: 0.7, Avg: 1.3, Max: 2.7, Diff: 2.0, Sum: 11.6]
      [GC Worker Total (ms): Min: 13.7, Avg: 13.9, Max: 14.1, Diff: 0.4, Sum: 125.3]
      [GC Worker End (ms): Min: 174768854.8, Avg: 174768854.9, Max: 174768854.9, Diff: 0.0]
   [Code Root Fixup: 0.0 ms]
   [Code Root Purge: 0.0 ms]
   [Clear CT: 0.2 ms]
   [Other: 5.5 ms]
      [Choose CSet: 0.0 ms]
      [Ref Proc: 0.6 ms]
      [Ref Enq: 0.0 ms]
      [Redirty Cards: 0.1 ms]
      [Humongous Register: 1.4 ms]
      [Humongous Reclaim: 0.0 ms]
      [Free CSet: 0.2 ms]
   [Eden: 51200.0K(51200.0K)->0.0B(51200.0K) Survivors: 1024.0K->1024.0K Heap: 213.6M(1024.0M)->163.4M(1024.0M)]
 [Times: user=0.04 sys=0.06, real=0.02 secs] 
2023-10-11T16:53:24.908+0530: 177223.193: [GC pause (G1 Evacuation Pause) (young), 0.0155213 secs]
   [Parallel Time: 9.4 ms, GC Workers: 9]
      [GC Worker Start (ms): Min: 177223196.7, Avg: 177223197.1, Max: 177223198.8, Diff: 2.2]
      [Ext Root Scanning (ms): Min: 3.0, Avg: 4.0, Max: 6.2, Diff: 3.2, Sum: 36.4]
      [Update RS (ms): Min: 0.0, Avg: 1.0, Max: 1.3, Diff: 1.3, Sum: 9.2]
         [Processed Buffers: Min: 0, Avg: 4.9, Max: 21, Diff: 21, Sum: 44]
      [Scan RS (ms): Min: 0.0, Avg: 0.0, Max: 0.0, Diff: 0.0, Sum: 0.0]
      [Code Root Scanning (ms): Min: 0.0, Avg: 0.0, Max: 0.0, Diff: 0.0, Sum: 0.0]
      [Object Copy (ms): Min: 0.5, Avg: 1.0, Max: 1.8, Diff: 1.3, Sum: 9.3]
      [Termination (ms): Min: 0.8, Avg: 1.5, Max: 2.1, Diff: 1.3, Sum: 13.9]
         [Termination Attempts: Min: 11, Avg: 40.3, Max: 60, Diff: 49, Sum: 363]
      [GC Worker Other (ms): Min: 0.0, Avg: 0.8, Max: 1.7, Diff: 1.7, Sum: 7.4]
      [GC Worker Total (ms): Min: 6.8, Avg: 8.5, Max: 9.0, Diff: 2.2, Sum: 76.3]
      [GC Worker End (ms): Min: 177223205.6, Avg: 177223205.6, Max: 177223205.6, Diff: 0.0]
   [Code Root Fixup: 0.0 ms]
   [Code Root Purge: 0.0 ms]
   [Clear CT: 0.1 ms]
   [Other: 6.0 ms]
      [Choose CSet: 0.0 ms]
      [Ref Proc: 1.3 ms]
      [Ref Enq: 0.0 ms]
      [Redirty Cards: 0.0 ms]
      [Humongous Register: 1.2 ms]
      [Humongous Reclaim: 0.0 ms]
      [Free CSet: 0.2 ms]
   [Eden: 51200.0K(51200.0K)->0.0B(51200.0K) Survivors: 1024.0K->1024.0K Heap: 213.4M(1024.0M)->163.4M(1024.0M)]
 [Times: user=0.02 sys=0.02, real=0.02 secs] 
2023-10-11T17:34:30.600+0530: 179688.961: [GC pause (G1 Evacuation Pause) (young), 0.0179840 secs]
   [Parallel Time: 12.4 ms, GC Workers: 9]
      [GC Worker Start (ms): Min: 179688964.9, Avg: 179688965.1, Max: 179688965.4, Diff: 0.4]
      [Ext Root Scanning (ms): Min: 2.0, Avg: 3.4, Max: 8.3, Diff: 6.3, Sum: 30.6]
      [Update RS (ms): Min: 0.0, Avg: 1.2, Max: 1.6, Diff: 1.6, Sum: 11.2]
         [Processed Buffers: Min: 0, Avg: 4.8, Max: 16, Diff: 16, Sum: 43]
      [Scan RS (ms): Min: 0.0, Avg: 0.0, Max: 0.2, Diff: 0.2, Sum: 0.3]
      [Code Root Scanning (ms): Min: 0.0, Avg: 0.0, Max: 0.0, Diff: 0.0, Sum: 0.0]
      [Object Copy (ms): Min: 0.6, Avg: 2.7, Max: 4.9, Diff: 4.3, Sum: 24.2]
      [Termination (ms): Min: 1.9, Avg: 3.7, Max: 4.9, Diff: 2.9, Sum: 33.0]
         [Termination Attempts: Min: 40, Avg: 68.6, Max: 88, Diff: 48, Sum: 617]
      [GC Worker Other (ms): Min: 0.4, Avg: 0.9, Max: 1.8, Diff: 1.4, Sum: 8.3]
      [GC Worker Total (ms): Min: 11.7, Avg: 12.0, Max: 12.2, Diff: 0.4, Sum: 107.6]
      [GC Worker End (ms): Min: 179688977.1, Avg: 179688977.1, Max: 179688977.1, Diff: 0.0]
   [Code Root Fixup: 0.0 ms]
   [Code Root Purge: 0.0 ms]
   [Clear CT: 0.2 ms]
   [Other: 5.4 ms]
      [Choose CSet: 0.0 ms]
      [Ref Proc: 1.0 ms]
      [Ref Enq: 0.0 ms]
      [Redirty Cards: 0.1 ms]
      [Humongous Register: 1.3 ms]
      [Humongous Reclaim: 0.0 ms]
      [Free CSet: 0.2 ms]
   [Eden: 51200.0K(51200.0K)->0.0B(123.0M) Survivors: 1024.0K->1024.0K Heap: 213.4M(1024.0M)->163.5M(1024.0M)]
 [Times: user=0.04 sys=0.05, real=0.02 secs] 
2023-10-11T19:15:06.994+0530: 185725.429: [GC pause (G1 Evacuation Pause) (young), 0.0551790 secs]
   [Parallel Time: 39.7 ms, GC Workers: 9]
      [GC Worker Start (ms): Min: 185725439.0, Avg: 185725439.1, Max: 185725439.2, Diff: 0.2]
      [Ext Root Scanning (ms): Min: 2.8, Avg: 4.3, Max: 8.2, Diff: 5.4, Sum: 38.5]
      [Update RS (ms): Min: 0.0, Avg: 0.8, Max: 1.0, Diff: 1.0, Sum: 6.8]
         [Processed Buffers: Min: 0, Avg: 4.9, Max: 13, Diff: 13, Sum: 44]
      [Scan RS (ms): Min: 0.0, Avg: 0.0, Max: 0.1, Diff: 0.1, Sum: 0.2]
      [Code Root Scanning (ms): Min: 0.0, Avg: 0.0, Max: 0.0, Diff: 0.0, Sum: 0.0]
      [Object Copy (ms): Min: 1.1, Avg: 7.5, Max: 15.4, Diff: 14.3, Sum: 67.4]
      [Termination (ms): Min: 13.6, Avg: 21.3, Max: 27.7, Diff: 14.1, Sum: 192.0]
         [Termination Attempts: Min: 146, Avg: 276.8, Max: 418, Diff: 272, Sum: 2491]
      [GC Worker Other (ms): Min: 4.7, Avg: 5.3, Max: 5.9, Diff: 1.2, Sum: 47.8]
      [GC Worker Total (ms): Min: 39.0, Avg: 39.2, Max: 39.4, Diff: 0.4, Sum: 352.6]
      [GC Worker End (ms): Min: 185725478.2, Avg: 185725478.3, Max: 185725478.4, Diff: 0.2]
   [Code Root Fixup: 0.0 ms]
   [Code Root Purge: 0.0 ms]
   [Clear CT: 0.5 ms]
   [Other: 15.0 ms]
      [Choose CSet: 0.0 ms]
      [Ref Proc: 3.4 ms]
      [Ref Enq: 0.0 ms]
      [Redirty Cards: 0.1 ms]
      [Humongous Register: 3.1 ms]
      [Humongous Reclaim: 0.0 ms]
      [Free CSet: 0.8 ms]
   [Eden: 123.0M(123.0M)->0.0B(51200.0K) Survivors: 1024.0K->1024.0K Heap: 286.5M(1024.0M)->163.5M(1024.0M)]
 [Times: user=0.19 sys=0.05, real=0.06 secs] 
2023-10-11T19:55:44.950+0530: 188163.292: [GC pause (G1 Evacuation Pause) (young), 0.0215930 secs]
   [Parallel Time: 14.1 ms, GC Workers: 9]
      [GC Worker Start (ms): Min: 188163295.6, Avg: 188163295.8, Max: 188163296.0, Diff: 0.4]
      [Ext Root Scanning (ms): Min: 3.2, Avg: 5.1, Max: 10.7, Diff: 7.5, Sum: 45.9]
      [Update RS (ms): Min: 0.0, Avg: 1.0, Max: 1.2, Diff: 1.2, Sum: 8.6]
         [Processed Buffers: Min: 0, Avg: 4.9, Max: 17, Diff: 17, Sum: 44]
      [Scan RS (ms): Min: 0.0, Avg: 0.0, Max: 0.1, Diff: 0.1, Sum: 0.2]
      [Code Root Scanning (ms): Min: 0.0, Avg: 0.0, Max: 0.0, Diff: 0.0, Sum: 0.0]
      [Object Copy (ms): Min: 0.6, Avg: 2.2, Max: 3.5, Diff: 3.0, Sum: 19.4]
      [Termination (ms): Min: 1.3, Avg: 3.5, Max: 4.8, Diff: 3.4, Sum: 31.8]
         [Termination Attempts: Min: 28, Avg: 64.8, Max: 95, Diff: 67, Sum: 583]
      [GC Worker Other (ms): Min: 0.7, Avg: 1.5, Max: 2.6, Diff: 1.9, Sum: 13.4]
      [GC Worker Total (ms): Min: 13.1, Avg: 13.2, Max: 13.5, Diff: 0.4, Sum: 119.2]
      [GC Worker End (ms): Min: 188163309.0, Avg: 188163309.1, Max: 188163309.1, Diff: 0.0]
   [Code Root Fixup: 0.1 ms]
   [Code Root Purge: 0.0 ms]
   [Clear CT: 0.2 ms]
   [Other: 7.2 ms]
      [Choose CSet: 0.0 ms]
      [Ref Proc: 2.8 ms]
      [Ref Enq: 0.0 ms]
      [Redirty Cards: 0.1 ms]
      [Humongous Register: 1.2 ms]
      [Humongous Reclaim: 0.0 ms]
      [Free CSet: 0.2 ms]
   [Eden: 51200.0K(51200.0K)->0.0B(51200.0K) Survivors: 1024.0K->1024.0K Heap: 213.5M(1024.0M)->163.5M(1024.0M)]
 [Times: user=0.05 sys=0.04, real=0.03 secs] 
2023-10-11T20:36:50.260+0530: 190628.528: [GC pause (G1 Evacuation Pause) (young), 0.0197815 secs]
   [Parallel Time: 12.0 ms, GC Workers: 9]
      [GC Worker Start (ms): Min: 190628533.5, Avg: 190628533.8, Max: 190628534.1, Diff: 0.6]
      [Ext Root Scanning (ms): Min: 1.6, Avg: 4.1, Max: 8.1, Diff: 6.5, Sum: 36.6]
      [Update RS (ms): Min: 0.0, Avg: 1.1, Max: 1.5, Diff: 1.5, Sum: 9.6]
         [Processed Buffers: Min: 0, Avg: 4.9, Max: 15, Diff: 15, Sum: 44]
      [Scan RS (ms): Min: 0.0, Avg: 0.0, Max: 0.0, Diff: 0.0, Sum: 0.1]
      [Code Root Scanning (ms): Min: 0.0, Avg: 0.0, Max: 0.0, Diff: 0.0, Sum: 0.0]
      [Object Copy (ms): Min: 0.4, Avg: 1.9, Max: 3.5, Diff: 3.1, Sum: 17.2]
      [Termination (ms): Min: 1.5, Avg: 2.7, Max: 3.7, Diff: 2.3, Sum: 24.6]
         [Termination Attempts: Min: 41, Avg: 77.1, Max: 117, Diff: 76, Sum: 694]
      [GC Worker Other (ms): Min: 0.6, Avg: 1.3, Max: 3.3, Diff: 2.7, Sum: 11.8]
      [GC Worker Total (ms): Min: 10.8, Avg: 11.1, Max: 11.4, Diff: 0.6, Sum: 100.0]
      [GC Worker End (ms): Min: 190628544.9, Avg: 190628544.9, Max: 190628544.9, Diff: 0.0]
   [Code Root Fixup: 0.0 ms]
   [Code Root Purge: 0.0 ms]
   [Clear CT: 0.2 ms]
   [Other: 7.6 ms]
      [Choose CSet: 0.0 ms]
      [Ref Proc: 1.8 ms]
      [Ref Enq: 0.0 ms]
      [Redirty Cards: 0.1 ms]
      [Humongous Register: 1.7 ms]
      [Humongous Reclaim: 0.0 ms]
      [Free CSet: 0.2 ms]
   [Eden: 51200.0K(51200.0K)->0.0B(51200.0K) Survivors: 1024.0K->1024.0K Heap: 213.5M(1024.0M)->163.4M(1024.0M)]
 [Times: user=0.04 sys=0.05, real=0.02 secs] 
2023-10-11T21:17:39.978+0530: 193078.294: [GC pause (G1 Evacuation Pause) (young), 0.0183303 secs]
   [Parallel Time: 9.8 ms, GC Workers: 9]
      [GC Worker Start (ms): Min: 193078299.7, Avg: 193078300.0, Max: 193078300.2, Diff: 0.5]
      [Ext Root Scanning (ms): Min: 4.2, Avg: 4.9, Max: 6.3, Diff: 2.1, Sum: 43.8]
      [Update RS (ms): Min: 0.0, Avg: 0.7, Max: 1.1, Diff: 1.1, Sum: 6.6]
         [Processed Buffers: Min: 0, Avg: 4.8, Max: 11, Diff: 11, Sum: 43]
      [Scan RS (ms): Min: 0.0, Avg: 0.0, Max: 0.1, Diff: 0.1, Sum: 0.1]
      [Code Root Scanning (ms): Min: 0.0, Avg: 0.0, Max: 0.0, Diff: 0.0, Sum: 0.0]
      [Object Copy (ms): Min: 0.4, Avg: 1.0, Max: 2.8, Diff: 2.4, Sum: 9.3]
      [Termination (ms): Min: 0.0, Avg: 1.8, Max: 2.3, Diff: 2.3, Sum: 15.8]
         [Termination Attempts: Min: 1, Avg: 56.4, Max: 83, Diff: 82, Sum: 508]
      [GC Worker Other (ms): Min: 0.4, Avg: 0.8, Max: 1.3, Diff: 1.0, Sum: 7.5]
      [GC Worker Total (ms): Min: 9.0, Avg: 9.2, Max: 9.5, Diff: 0.6, Sum: 83.1]
      [GC Worker End (ms): Min: 193078309.1, Avg: 193078309.2, Max: 193078309.2, Diff: 0.1]
   [Code Root Fixup: 0.0 ms]
   [Code Root Purge: 0.0 ms]
   [Clear CT: 0.1 ms]
   [Other: 8.5 ms]
      [Choose CSet: 0.0 ms]
      [Ref Proc: 1.0 ms]
      [Ref Enq: 0.0 ms]
      [Redirty Cards: 0.1 ms]
      [Humongous Register: 1.5 ms]
      [Humongous Reclaim: 0.0 ms]
      [Free CSet: 0.1 ms]
   [Eden: 51200.0K(51200.0K)->0.0B(129.0M) Survivors: 1024.0K->1024.0K Heap: 213.4M(1024.0M)->163.5M(1024.0M)]
 [Times: user=0.02 sys=0.02, real=0.02 secs] 
2023-10-12T01:48:46.465+0530: 199438.236: [GC pause (G1 Evacuation Pause) (young), 0.0521868 secs]
   [Parallel Time: 36.4 ms, GC Workers: 9]
      [GC Worker Start (ms): Min: 199438245.6, Avg: 199438246.2, Max: 199438246.5, Diff: 0.9]
      [Ext Root Scanning (ms): Min: 2.0, Avg: 3.8, Max: 9.4, Diff: 7.4, Sum: 34.5]
      [Update RS (ms): Min: 0.0, Avg: 0.9, Max: 1.5, Diff: 1.5, Sum: 8.4]
         [Processed Buffers: Min: 0, Avg: 5.2, Max: 14, Diff: 14, Sum: 47]
      [Scan RS (ms): Min: 0.0, Avg: 0.0, Max: 0.1, Diff: 0.1, Sum: 0.2]
      [Code Root Scanning (ms): Min: 0.0, Avg: 0.0, Max: 0.0, Diff: 0.0, Sum: 0.0]
      [Object Copy (ms): Min: 0.9, Avg: 7.6, Max: 14.9, Diff: 14.0, Sum: 68.5]
      [Termination (ms): Min: 15.1, Avg: 22.0, Max: 27.0, Diff: 11.9, Sum: 197.7]
         [Termination Attempts: Min: 172, Avg: 304.2, Max: 396, Diff: 224, Sum: 2738]
      [GC Worker Other (ms): Min: 0.0, Avg: 0.5, Max: 1.3, Diff: 1.3, Sum: 4.7]
      [GC Worker Total (ms): Min: 34.6, Avg: 34.9, Max: 35.6, Diff: 1.0, Sum: 314.0]
      [GC Worker End (ms): Min: 199438281.0, Avg: 199438281.1, Max: 199438281.2, Diff: 0.1]
   [Code Root Fixup: 0.0 ms]
   [Code Root Purge: 0.0 ms]
   [Clear CT: 0.4 ms]
   [Other: 15.4 ms]
      [Choose CSet: 0.0 ms]
      [Ref Proc: 4.4 ms]
      [Ref Enq: 0.0 ms]
      [Redirty Cards: 0.0 ms]
      [Humongous Register: 4.5 ms]
      [Humongous Reclaim: 0.0 ms]
      [Free CSet: 0.3 ms]
   [Eden: 129.0M(129.0M)->0.0B(51200.0K) Survivors: 1024.0K->1024.0K Heap: 292.5M(1024.0M)->163.6M(1024.0M)]
 [Times: user=0.17 sys=0.05, real=0.05 secs] 
2023-10-12T04:17:46.250+0530: 201910.670: [GC pause (G1 Evacuation Pause) (young), 0.0347364 secs]
   [Parallel Time: 25.8 ms, GC Workers: 9]
      [GC Worker Start (ms): Min: 201910677.2, Avg: 201910677.6, Max: 201910678.0, Diff: 0.8]
      [Ext Root Scanning (ms): Min: 3.5, Avg: 6.2, Max: 14.0, Diff: 10.4, Sum: 55.5]
      [Update RS (ms): Min: 0.0, Avg: 1.6, Max: 1.9, Diff: 1.9, Sum: 14.5]
         [Processed Buffers: Min: 0, Avg: 4.7, Max: 14, Diff: 14, Sum: 42]
      [Scan RS (ms): Min: 0.0, Avg: 0.1, Max: 0.5, Diff: 0.5, Sum: 0.6]
      [Code Root Scanning (ms): Min: 0.0, Avg: 0.0, Max: 0.0, Diff: 0.0, Sum: 0.0]
      [Object Copy (ms): Min: 1.6, Avg: 4.6, Max: 10.2, Diff: 8.6, Sum: 41.5]
      [Termination (ms): Min: 5.2, Avg: 10.4, Max: 13.3, Diff: 8.1, Sum: 93.5]
         [Termination Attempts: Min: 39, Avg: 73.4, Max: 98, Diff: 59, Sum: 661]
      [GC Worker Other (ms): Min: 0.0, Avg: 2.0, Max: 3.8, Diff: 3.8, Sum: 18.2]
      [GC Worker Total (ms): Min: 24.5, Avg: 24.9, Max: 25.3, Diff: 0.8, Sum: 223.9]
      [GC Worker End (ms): Min: 201910702.4, Avg: 201910702.4, Max: 201910702.5, Diff: 0.0]
   [Code Root Fixup: 0.1 ms]
   [Code Root Purge: 0.0 ms]
   [Clear CT: 0.1 ms]
   [Other: 8.7 ms]
      [Choose CSet: 0.0 ms]
      [Ref Proc: 0.9 ms]
      [Ref Enq: 0.0 ms]
      [Redirty Cards: 0.1 ms]
      [Humongous Register: 3.5 ms]
      [Humongous Reclaim: 0.0 ms]
      [Free CSet: 0.3 ms]
   [Eden: 51200.0K(51200.0K)->0.0B(51200.0K) Survivors: 1024.0K->1024.0K Heap: 213.6M(1024.0M)->163.5M(1024.0M)]
 [Times: user=0.09 sys=0.08, real=0.03 secs] 
2023-10-12T06:01:58.528+0530: 204353.207: [GC pause (G1 Evacuation Pause) (young), 0.0228344 secs]
   [Parallel Time: 16.2 ms, GC Workers: 9]
      [GC Worker Start (ms): Min: 204353210.2, Avg: 204353211.6, Max: 204353212.7, Diff: 2.5]
      [Ext Root Scanning (ms): Min: 3.1, Avg: 5.3, Max: 11.5, Diff: 8.5, Sum: 47.8]
      [Update RS (ms): Min: 0.0, Avg: 1.3, Max: 1.8, Diff: 1.8, Sum: 11.8]
         [Processed Buffers: Min: 0, Avg: 4.8, Max: 13, Diff: 13, Sum: 43]
      [Scan RS (ms): Min: 0.0, Avg: 0.0, Max: 0.0, Diff: 0.0, Sum: 0.1]
      [Code Root Scanning (ms): Min: 0.0, Avg: 0.0, Max: 0.0, Diff: 0.0, Sum: 0.0]
      [Object Copy (ms): Min: 0.1, Avg: 2.8, Max: 3.8, Diff: 3.7, Sum: 24.9]
      [Termination (ms): Min: 3.9, Avg: 4.8, Max: 6.5, Diff: 2.7, Sum: 43.1]
         [Termination Attempts: Min: 65, Avg: 81.3, Max: 110, Diff: 45, Sum: 732]
      [GC Worker Other (ms): Min: 0.0, Avg: 0.3, Max: 1.7, Diff: 1.7, Sum: 3.1]
      [GC Worker Total (ms): Min: 13.4, Avg: 14.5, Max: 15.9, Diff: 2.5, Sum: 130.8]
      [GC Worker End (ms): Min: 204353226.1, Avg: 204353226.2, Max: 204353226.2, Diff: 0.0]
   [Code Root Fixup: 0.0 ms]
   [Code Root Purge: 0.0 ms]
   [Clear CT: 0.2 ms]
   [Other: 6.4 ms]
      [Choose CSet: 0.0 ms]
      [Ref Proc: 2.1 ms]
      [Ref Enq: 0.0 ms]
      [Redirty Cards: 0.1 ms]
      [Humongous Register: 1.5 ms]
      [Humongous Reclaim: 0.0 ms]
      [Free CSet: 0.2 ms]
   [Eden: 51200.0K(51200.0K)->0.0B(51200.0K) Survivors: 1024.0K->1024.0K Heap: 213.5M(1024.0M)->163.4M(1024.0M)]
 [Times: user=0.06 sys=0.06, real=0.03 secs] 
2023-10-12T08:04:47.806+0530: 206813.187: [GC pause (G1 Evacuation Pause) (young), 0.0175000 secs]
   [Parallel Time: 13.3 ms, GC Workers: 9]
      [GC Worker Start (ms): Min: 206813189.6, Avg: 206813192.1, Max: 206813194.5, Diff: 4.9]
      [Ext Root Scanning (ms): Min: 1.1, Avg: 3.8, Max: 6.7, Diff: 5.6, Sum: 34.3]
      [Update RS (ms): Min: 0.3, Avg: 0.8, Max: 1.0, Diff: 0.8, Sum: 7.0]
         [Processed Buffers: Min: 1, Avg: 4.8, Max: 11, Diff: 10, Sum: 43]
      [Scan RS (ms): Min: 0.0, Avg: 0.0, Max: 0.0, Diff: 0.0, Sum: 0.2]
      [Code Root Scanning (ms): Min: 0.0, Avg: 0.0, Max: 0.0, Diff: 0.0, Sum: 0.0]
      [Object Copy (ms): Min: 1.7, Avg: 2.4, Max: 3.3, Diff: 1.7, Sum: 21.4]
      [Termination (ms): Min: 2.5, Avg: 3.5, Max: 4.1, Diff: 1.6, Sum: 31.2]
         [Termination Attempts: Min: 61, Avg: 76.0, Max: 96, Diff: 35, Sum: 684]
      [GC Worker Other (ms): Min: 0.0, Avg: 0.1, Max: 0.5, Diff: 0.5, Sum: 0.9]
      [GC Worker Total (ms): Min: 8.2, Avg: 10.5, Max: 13.1, Diff: 4.9, Sum: 94.9]
      [GC Worker End (ms): Min: 206813202.6, Avg: 206813202.6, Max: 206813202.7, Diff: 0.0]
   [Code Root Fixup: 0.0 ms]
   [Code Root Purge: 0.0 ms]
   [Clear CT: 0.2 ms]
   [Other: 4.0 ms]
      [Choose CSet: 0.0 ms]
      [Ref Proc: 1.2 ms]
      [Ref Enq: 0.0 ms]
      [Redirty Cards: 0.1 ms]
      [Humongous Register: 0.9 ms]
      [Humongous Reclaim: 0.0 ms]
      [Free CSet: 0.2 ms]
   [Eden: 51200.0K(51200.0K)->0.0B(93184.0K) Survivors: 1024.0K->1024.0K Heap: 213.4M(1024.0M)->163.4M(1024.0M)]
 [Times: user=0.04 sys=0.03, real=0.02 secs] 
2023-10-12T11:09:18.769+0530: 211307.357: [GC pause (G1 Evacuation Pause) (young), 0.0375715 secs]
   [Parallel Time: 28.2 ms, GC Workers: 9]
      [GC Worker Start (ms): Min: 211307362.6, Avg: 211307362.8, Max: 211307363.0, Diff: 0.4]
      [Ext Root Scanning (ms): Min: 3.1, Avg: 3.9, Max: 7.4, Diff: 4.3, Sum: 34.9]
      [Update RS (ms): Min: 0.0, Avg: 0.9, Max: 1.2, Diff: 1.2, Sum: 8.0]
         [Processed Buffers: Min: 0, Avg: 4.8, Max: 14, Diff: 14, Sum: 43]
      [Scan RS (ms): Min: 0.0, Avg: 0.0, Max: 0.1, Diff: 0.1, Sum: 0.3]
      [Code Root Scanning (ms): Min: 0.0, Avg: 0.0, Max: 0.0, Diff: 0.0, Sum: 0.0]
      [Object Copy (ms): Min: 1.2, Avg: 5.2, Max: 9.5, Diff: 8.3, Sum: 47.1]
      [Termination (ms): Min: 10.1, Avg: 14.2, Max: 17.3, Diff: 7.3, Sum: 127.8]
         [Termination Attempts: Min: 114, Avg: 155.6, Max: 190, Diff: 76, Sum: 1400]
      [GC Worker Other (ms): Min: 0.5, Avg: 0.7, Max: 0.9, Diff: 0.5, Sum: 6.3]
      [GC Worker Total (ms): Min: 24.4, Avg: 24.9, Max: 27.8, Diff: 3.4, Sum: 224.4]
      [GC Worker End (ms): Min: 211307387.4, Avg: 211307387.7, Max: 211307390.4, Diff: 3.0]
   [Code Root Fixup: 0.0 ms]
   [Code Root Purge: 0.0 ms]
   [Clear CT: 0.3 ms]
   [Other: 9.1 ms]
      [Choose CSet: 0.0 ms]
      [Ref Proc: 1.8 ms]
      [Ref Enq: 0.0 ms]
      [Redirty Cards: 0.1 ms]
      [Humongous Register: 1.5 ms]
      [Humongous Reclaim: 0.0 ms]
      [Free CSet: 0.4 ms]
   [Eden: 93184.0K(93184.0K)->0.0B(66560.0K) Survivors: 1024.0K->1024.0K Heap: 254.4M(1024.0M)->163.5M(1024.0M)]
 [Times: user=0.13 sys=0.05, real=0.04 secs] 
2023-10-12T12:02:21.303+0530: 214489.810: [GC pause (G1 Evacuation Pause) (young), 0.0241252 secs]
   [Parallel Time: 15.0 ms, GC Workers: 9]
      [GC Worker Start (ms): Min: 214489816.6, Avg: 214489816.8, Max: 214489816.9, Diff: 0.3]
      [Ext Root Scanning (ms): Min: 4.1, Avg: 6.0, Max: 13.8, Diff: 9.7, Sum: 53.8]
      [Update RS (ms): Min: 0.0, Avg: 1.2, Max: 1.7, Diff: 1.7, Sum: 11.1]
         [Processed Buffers: Min: 0, Avg: 4.8, Max: 13, Diff: 13, Sum: 43]
      [Scan RS (ms): Min: 0.0, Avg: 0.0, Max: 0.0, Diff: 0.0, Sum: 0.1]
      [Code Root Scanning (ms): Min: 0.0, Avg: 0.0, Max: 0.0, Diff: 0.0, Sum: 0.0]
      [Object Copy (ms): Min: 0.0, Avg: 2.2, Max: 4.8, Diff: 4.8, Sum: 19.9]
      [Termination (ms): Min: 0.0, Avg: 4.3, Max: 6.1, Diff: 6.1, Sum: 38.8]
         [Termination Attempts: Min: 1, Avg: 96.2, Max: 236, Diff: 235, Sum: 866]
      [GC Worker Other (ms): Min: 0.6, Avg: 0.8, Max: 0.9, Diff: 0.4, Sum: 6.9]
      [GC Worker Total (ms): Min: 14.3, Avg: 14.5, Max: 14.7, Diff: 0.3, Sum: 130.6]
      [GC Worker End (ms): Min: 214489831.3, Avg: 214489831.3, Max: 214489831.3, Diff: 0.0]
   [Code Root Fixup: 0.0 ms]
   [Code Root Purge: 0.0 ms]
   [Clear CT: 0.2 ms]
   [Other: 8.9 ms]
      [Choose CSet: 0.0 ms]
      [Ref Proc: 1.0 ms]
      [Ref Enq: 0.0 ms]
      [Redirty Cards: 0.1 ms]
      [Humongous Register: 2.3 ms]
      [Humongous Reclaim: 0.0 ms]
      [Free CSet: 0.8 ms]
   [Eden: 66560.0K(66560.0K)->0.0B(106.0M) Survivors: 1024.0K->1024.0K Heap: 228.5M(1024.0M)->163.4M(1024.0M)]
 [Times: user=0.04 sys=0.04, real=0.02 secs] 
2023-10-12T13:29:07.790+0530: 219696.294: [GC pause (G1 Evacuation Pause) (young), 0.0260349 secs]
   [Parallel Time: 18.6 ms, GC Workers: 9]
      [GC Worker Start (ms): Min: 219696298.3, Avg: 219696298.6, Max: 219696298.9, Diff: 0.6]
      [Ext Root Scanning (ms): Min: 1.6, Avg: 3.5, Max: 7.6, Diff: 6.1, Sum: 31.7]
      [Update RS (ms): Min: 0.0, Avg: 0.9, Max: 1.1, Diff: 1.1, Sum: 7.7]
         [Processed Buffers: Min: 0, Avg: 4.9, Max: 11, Diff: 11, Sum: 44]
      [Scan RS (ms): Min: 0.0, Avg: 0.0, Max: 0.1, Diff: 0.1, Sum: 0.3]
      [Code Root Scanning (ms): Min: 0.0, Avg: 0.0, Max: 0.0, Diff: 0.0, Sum: 0.0]
      [Object Copy (ms): Min: 1.8, Avg: 3.7, Max: 6.9, Diff: 5.1, Sum: 33.1]
      [Termination (ms): Min: 4.1, Avg: 8.7, Max: 11.0, Diff: 6.9, Sum: 78.1]
         [Termination Attempts: Min: 103, Avg: 177.7, Max: 233, Diff: 130, Sum: 1599]
      [GC Worker Other (ms): Min: 0.2, Avg: 1.1, Max: 2.4, Diff: 2.2, Sum: 10.2]
      [GC Worker Total (ms): Min: 17.6, Avg: 17.9, Max: 18.1, Diff: 0.6, Sum: 161.0]
      [GC Worker End (ms): Min: 219696316.5, Avg: 219696316.5, Max: 219696316.6, Diff: 0.1]
   [Code Root Fixup: 0.1 ms]
   [Code Root Purge: 0.0 ms]
   [Clear CT: 0.3 ms]
   [Other: 7.0 ms]
      [Choose CSet: 0.0 ms]
      [Ref Proc: 1.9 ms]
      [Ref Enq: 0.0 ms]
      [Redirty Cards: 0.1 ms]
      [Humongous Register: 1.5 ms]
      [Humongous Reclaim: 0.0 ms]
      [Free CSet: 0.3 ms]
   [Eden: 106.0M(106.0M)->0.0B(186.0M) Survivors: 1024.0K->1024.0K Heap: 269.4M(1024.0M)->163.5M(1024.0M)]
 [Times: user=0.09 sys=0.04, real=0.02 secs] 
2023-10-12T16:01:33.486+0530: 228841.953: [GC pause (G1 Evacuation Pause) (young), 0.0848595 secs]
   [Parallel Time: 63.4 ms, GC Workers: 9]
      [GC Worker Start (ms): Min: 228841967.7, Avg: 228841967.9, Max: 228841968.1, Diff: 0.4]
      [Ext Root Scanning (ms): Min: 2.6, Avg: 5.3, Max: 13.4, Diff: 10.8, Sum: 47.5]
      [Update RS (ms): Min: 0.0, Avg: 0.9, Max: 1.3, Diff: 1.3, Sum: 8.3]
         [Processed Buffers: Min: 0, Avg: 4.8, Max: 13, Diff: 13, Sum: 43]
      [Scan RS (ms): Min: 0.0, Avg: 0.0, Max: 0.1, Diff: 0.1, Sum: 0.3]
      [Code Root Scanning (ms): Min: 0.0, Avg: 0.0, Max: 0.0, Diff: 0.0, Sum: 0.0]
      [Object Copy (ms): Min: 8.1, Avg: 13.1, Max: 17.2, Diff: 9.1, Sum: 117.5]
      [Termination (ms): Min: 37.9, Avg: 41.1, Max: 44.9, Diff: 7.0, Sum: 370.3]
         [Termination Attempts: Min: 202, Avg: 401.9, Max: 546, Diff: 344, Sum: 3617]
      [GC Worker Other (ms): Min: 0.6, Avg: 2.0, Max: 3.7, Diff: 3.1, Sum: 17.9]
      [GC Worker Total (ms): Min: 62.3, Avg: 62.4, Max: 62.6, Diff: 0.4, Sum: 561.9]
      [GC Worker End (ms): Min: 228842030.3, Avg: 228842030.3, Max: 228842030.4, Diff: 0.0]
   [Code Root Fixup: 0.1 ms]
   [Code Root Purge: 0.0 ms]
   [Clear CT: 0.6 ms]
   [Other: 20.8 ms]
      [Choose CSet: 0.0 ms]
      [Ref Proc: 5.0 ms]
      [Ref Enq: 0.0 ms]
      [Redirty Cards: 0.1 ms]
      [Humongous Register: 2.5 ms]
      [Humongous Reclaim: 0.0 ms]
      [Free CSet: 0.6 ms]
   [Eden: 186.0M(186.0M)->0.0B(51200.0K) Survivors: 1024.0K->1024.0K Heap: 349.5M(1024.0M)->163.6M(1024.0M)]
 [Times: user=0.32 sys=0.10, real=0.09 secs] 
2023-10-12T16:42:30.625+0530: 231299.037: [GC pause (G1 Evacuation Pause) (young), 0.0196163 secs]
   [Parallel Time: 12.1 ms, GC Workers: 9]
      [GC Worker Start (ms): Min: 231299040.7, Avg: 231299041.0, Max: 231299041.2, Diff: 0.4]
      [Ext Root Scanning (ms): Min: 2.3, Avg: 3.8, Max: 9.1, Diff: 6.8, Sum: 34.5]
      [Update RS (ms): Min: 0.0, Avg: 1.3, Max: 1.6, Diff: 1.6, Sum: 11.9]
         [Processed Buffers: Min: 0, Avg: 4.8, Max: 19, Diff: 19, Sum: 43]
      [Scan RS (ms): Min: 0.0, Avg: 0.0, Max: 0.0, Diff: 0.0, Sum: 0.1]
      [Code Root Scanning (ms): Min: 0.0, Avg: 0.0, Max: 0.0, Diff: 0.0, Sum: 0.0]
      [Object Copy (ms): Min: 0.5, Avg: 1.9, Max: 3.3, Diff: 2.8, Sum: 17.1]
      [Termination (ms): Min: 2.0, Avg: 3.6, Max: 5.0, Diff: 3.0, Sum: 32.2]
         [Termination Attempts: Min: 41, Avg: 73.9, Max: 110, Diff: 69, Sum: 665]
      [GC Worker Other (ms): Min: 0.1, Avg: 1.1, Max: 2.1, Diff: 2.0, Sum: 9.5]
      [GC Worker Total (ms): Min: 11.5, Avg: 11.7, Max: 11.9, Diff: 0.4, Sum: 105.3]
      [GC Worker End (ms): Min: 231299052.6, Avg: 231299052.7, Max: 231299052.7, Diff: 0.1]
   [Code Root Fixup: 0.0 ms]
   [Code Root Purge: 0.0 ms]
   [Clear CT: 0.2 ms]
   [Other: 7.3 ms]
      [Choose CSet: 0.0 ms]
      [Ref Proc: 1.7 ms]
      [Ref Enq: 0.0 ms]
      [Redirty Cards: 0.1 ms]
      [Humongous Register: 1.6 ms]
      [Humongous Reclaim: 0.0 ms]
      [Free CSet: 0.2 ms]
   [Eden: 51200.0K(51200.0K)->0.0B(51200.0K) Survivors: 1024.0K->1024.0K Heap: 213.6M(1024.0M)->163.5M(1024.0M)]
 [Times: user=0.05 sys=0.04, real=0.02 secs] 
2023-10-12T17:23:09.701+0530: 233738.204: [GC pause (G1 Evacuation Pause) (young), 0.0246758 secs]
   [Parallel Time: 16.9 ms, GC Workers: 9]
      [GC Worker Start (ms): Min: 233738208.8, Avg: 233738209.1, Max: 233738209.3, Diff: 0.5]
      [Ext Root Scanning (ms): Min: 4.4, Avg: 5.0, Max: 7.7, Diff: 3.3, Sum: 45.3]
      [Update RS (ms): Min: 0.0, Avg: 1.2, Max: 1.7, Diff: 1.7, Sum: 11.1]
         [Processed Buffers: Min: 0, Avg: 4.8, Max: 21, Diff: 21, Sum: 43]
      [Scan RS (ms): Min: 0.0, Avg: 0.0, Max: 0.1, Diff: 0.1, Sum: 0.2]
      [Code Root Scanning (ms): Min: 0.0, Avg: 0.0, Max: 0.0, Diff: 0.0, Sum: 0.0]
      [Object Copy (ms): Min: 0.1, Avg: 3.0, Max: 7.6, Diff: 7.5, Sum: 27.2]
      [Termination (ms): Min: 1.2, Avg: 5.8, Max: 7.4, Diff: 6.2, Sum: 52.3]
         [Termination Attempts: Min: 36, Avg: 68.1, Max: 94, Diff: 58, Sum: 613]
      [GC Worker Other (ms): Min: 0.7, Avg: 0.9, Max: 1.2, Diff: 0.5, Sum: 8.1]
      [GC Worker Total (ms): Min: 15.8, Avg: 16.0, Max: 16.3, Diff: 0.5, Sum: 144.2]
      [GC Worker End (ms): Min: 233738225.1, Avg: 233738225.1, Max: 233738225.1, Diff: 0.0]
   [Code Root Fixup: 0.0 ms]
   [Code Root Purge: 0.0 ms]
   [Clear CT: 0.1 ms]
   [Other: 7.6 ms]
      [Choose CSet: 0.0 ms]
      [Ref Proc: 1.7 ms]
      [Ref Enq: 0.0 ms]
      [Redirty Cards: 0.1 ms]
      [Humongous Register: 1.6 ms]
      [Humongous Reclaim: 0.0 ms]
      [Free CSet: 0.2 ms]
   [Eden: 51200.0K(51200.0K)->0.0B(51200.0K) Survivors: 1024.0K->1024.0K Heap: 213.5M(1024.0M)->163.5M(1024.0M)]
 [Times: user=0.06 sys=0.04, real=0.02 secs] 
2023-10-12T18:03:57.489+0530: 236186.048: [GC pause (G1 Evacuation Pause) (young), 0.0470102 secs]
   [Parallel Time: 35.0 ms, GC Workers: 9]
      [GC Worker Start (ms): Min: 236186055.5, Avg: 236186055.9, Max: 236186056.2, Diff: 0.7]
      [Ext Root Scanning (ms): Min: 3.8, Avg: 4.6, Max: 8.3, Diff: 4.5, Sum: 41.6]
      [Update RS (ms): Min: 0.0, Avg: 1.1, Max: 1.9, Diff: 1.9, Sum: 10.0]
         [Processed Buffers: Min: 0, Avg: 4.7, Max: 12, Diff: 12, Sum: 42]
      [Scan RS (ms): Min: 0.0, Avg: 0.0, Max: 0.0, Diff: 0.0, Sum: 0.1]
      [Code Root Scanning (ms): Min: 0.0, Avg: 0.0, Max: 0.0, Diff: 0.0, Sum: 0.0]
      [Object Copy (ms): Min: 0.8, Avg: 7.1, Max: 20.9, Diff: 20.1, Sum: 63.6]
      [Termination (ms): Min: 7.8, Avg: 21.1, Max: 27.4, Diff: 19.6, Sum: 189.5]
         [Termination Attempts: Min: 19, Avg: 69.1, Max: 171, Diff: 152, Sum: 622]
      [GC Worker Other (ms): Min: 0.2, Avg: 0.5, Max: 0.8, Diff: 0.6, Sum: 4.2]
      [GC Worker Total (ms): Min: 34.0, Avg: 34.3, Max: 34.7, Diff: 0.7, Sum: 309.0]
      [GC Worker End (ms): Min: 236186090.2, Avg: 236186090.2, Max: 236186090.2, Diff: 0.0]
   [Code Root Fixup: 0.0 ms]
   [Code Root Purge: 0.0 ms]
   [Clear CT: 0.2 ms]
   [Other: 11.8 ms]
      [Choose CSet: 0.0 ms]
      [Ref Proc: 1.6 ms]
      [Ref Enq: 0.0 ms]
      [Redirty Cards: 0.1 ms]
      [Humongous Register: 3.2 ms]
      [Humongous Reclaim: 0.0 ms]
      [Free CSet: 0.9 ms]
   [Eden: 51200.0K(51200.0K)->0.0B(51200.0K) Survivors: 1024.0K->1024.0K Heap: 213.5M(1024.0M)->163.5M(1024.0M)]
 [Times: user=0.10 sys=0.05, real=0.05 secs] 
2023-10-12T18:44:47.827+0530: 238636.377: [GC pause (G1 Evacuation Pause) (young), 0.0205389 secs]
   [Parallel Time: 15.1 ms, GC Workers: 9]
      [GC Worker Start (ms): Min: 238636379.8, Avg: 238636380.0, Max: 238636380.2, Diff: 0.3]
      [Ext Root Scanning (ms): Min: 0.9, Avg: 2.6, Max: 6.0, Diff: 5.1, Sum: 23.8]
      [Update RS (ms): Min: 0.0, Avg: 0.9, Max: 1.3, Diff: 1.3, Sum: 7.7]
         [Processed Buffers: Min: 0, Avg: 4.9, Max: 12, Diff: 12, Sum: 44]
      [Scan RS (ms): Min: 0.0, Avg: 0.0, Max: 0.2, Diff: 0.2, Sum: 0.2]
      [Code Root Scanning (ms): Min: 0.0, Avg: 0.0, Max: 0.0, Diff: 0.0, Sum: 0.0]
      [Object Copy (ms): Min: 0.9, Avg: 2.8, Max: 9.3, Diff: 8.5, Sum: 25.1]
      [Termination (ms): Min: 1.0, Avg: 7.3, Max: 9.5, Diff: 8.5, Sum: 65.8]
         [Termination Attempts: Min: 58, Avg: 105.9, Max: 156, Diff: 98, Sum: 953]
      [GC Worker Other (ms): Min: 0.3, Avg: 1.0, Max: 2.1, Diff: 1.8, Sum: 9.1]
      [GC Worker Total (ms): Min: 14.4, Avg: 14.6, Max: 14.8, Diff: 0.3, Sum: 131.8]
      [GC Worker End (ms): Min: 238636394.6, Avg: 238636394.6, Max: 238636394.6, Diff: 0.0]
   [Code Root Fixup: 0.0 ms]
   [Code Root Purge: 0.0 ms]
   [Clear CT: 0.1 ms]
   [Other: 5.3 ms]
      [Choose CSet: 0.0 ms]
      [Ref Proc: 1.5 ms]
      [Ref Enq: 0.0 ms]
      [Redirty Cards: 0.1 ms]
      [Humongous Register: 0.9 ms]
      [Humongous Reclaim: 0.0 ms]
      [Free CSet: 0.2 ms]
   [Eden: 51200.0K(51200.0K)->0.0B(51200.0K) Survivors: 1024.0K->1024.0K Heap: 213.5M(1024.0M)->163.5M(1024.0M)]
 [Times: user=0.07 sys=0.03, real=0.02 secs] 
2023-10-12T19:33:54.788+0530: 241103.191: [GC pause (G1 Evacuation Pause) (young), 0.0248552 secs]
   [Parallel Time: 14.9 ms, GC Workers: 9]
      [GC Worker Start (ms): Min: 241103198.2, Avg: 241103198.4, Max: 241103198.7, Diff: 0.5]
      [Ext Root Scanning (ms): Min: 4.5, Avg: 5.6, Max: 11.6, Diff: 7.1, Sum: 50.8]
      [Update RS (ms): Min: 0.0, Avg: 1.4, Max: 2.3, Diff: 2.3, Sum: 12.7]
         [Processed Buffers: Min: 0, Avg: 4.6, Max: 20, Diff: 20, Sum: 41]
      [Scan RS (ms): Min: 0.0, Avg: 0.0, Max: 0.2, Diff: 0.2, Sum: 0.3]
      [Code Root Scanning (ms): Min: 0.0, Avg: 0.0, Max: 0.0, Diff: 0.0, Sum: 0.0]
      [Object Copy (ms): Min: 0.2, Avg: 2.2, Max: 3.9, Diff: 3.7, Sum: 20.1]
      [Termination (ms): Min: 1.5, Avg: 3.7, Max: 4.9, Diff: 3.4, Sum: 33.0]
         [Termination Attempts: Min: 37, Avg: 75.7, Max: 119, Diff: 82, Sum: 681]
      [GC Worker Other (ms): Min: 0.3, Avg: 0.8, Max: 1.2, Diff: 0.9, Sum: 7.4]
      [GC Worker Total (ms): Min: 13.6, Avg: 13.8, Max: 14.3, Diff: 0.7, Sum: 124.4]
      [GC Worker End (ms): Min: 241103212.2, Avg: 241103212.2, Max: 241103212.6, Diff: 0.4]
   [Code Root Fixup: 0.1 ms]
   [Code Root Purge: 0.0 ms]
   [Clear CT: 0.2 ms]
   [Other: 9.7 ms]
      [Choose CSet: 0.0 ms]
      [Ref Proc: 1.3 ms]
      [Ref Enq: 0.0 ms]
      [Redirty Cards: 0.1 ms]
      [Humongous Register: 2.8 ms]
      [Humongous Reclaim: 0.0 ms]
      [Free CSet: 0.4 ms]
   [Eden: 51200.0K(51200.0K)->0.0B(51200.0K) Survivors: 1024.0K->1024.0K Heap: 213.5M(1024.0M)->163.4M(1024.0M)]
 [Times: user=0.04 sys=0.05, real=0.03 secs] 
2023-10-12T20:14:51.194+0530: 243559.722: [GC pause (G1 Evacuation Pause) (young), 0.0224024 secs]
   [Parallel Time: 15.9 ms, GC Workers: 9]
      [GC Worker Start (ms): Min: 243559725.8, Avg: 243559726.1, Max: 243559726.4, Diff: 0.6]
      [Ext Root Scanning (ms): Min: 3.9, Avg: 5.2, Max: 11.2, Diff: 7.2, Sum: 47.0]
      [Update RS (ms): Min: 0.0, Avg: 1.1, Max: 1.4, Diff: 1.4, Sum: 9.9]
         [Processed Buffers: Min: 0, Avg: 4.9, Max: 14, Diff: 14, Sum: 44]
      [Scan RS (ms): Min: 0.0, Avg: 0.0, Max: 0.1, Diff: 0.1, Sum: 0.2]
      [Code Root Scanning (ms): Min: 0.0, Avg: 0.0, Max: 0.0, Diff: 0.0, Sum: 0.0]
      [Object Copy (ms): Min: 0.3, Avg: 2.6, Max: 6.1, Diff: 5.9, Sum: 23.1]
      [Termination (ms): Min: 1.6, Avg: 4.5, Max: 6.3, Diff: 4.6, Sum: 40.8]
         [Termination Attempts: Min: 40, Avg: 78.3, Max: 106, Diff: 66, Sum: 705]
      [GC Worker Other (ms): Min: 0.5, Avg: 1.9, Max: 2.6, Diff: 2.1, Sum: 17.1]
      [GC Worker Total (ms): Min: 15.0, Avg: 15.4, Max: 15.7, Diff: 0.7, Sum: 138.2]
      [GC Worker End (ms): Min: 243559741.4, Avg: 243559741.4, Max: 243559741.5, Diff: 0.1]
   [Code Root Fixup: 0.0 ms]
   [Code Root Purge: 0.0 ms]
   [Clear CT: 0.2 ms]
   [Other: 6.3 ms]
      [Choose CSet: 0.0 ms]
      [Ref Proc: 1.4 ms]
      [Ref Enq: 0.0 ms]
      [Redirty Cards: 0.1 ms]
      [Humongous Register: 1.8 ms]
      [Humongous Reclaim: 0.0 ms]
      [Free CSet: 0.3 ms]
   [Eden: 51200.0K(51200.0K)->0.0B(100352.0K) Survivors: 1024.0K->1024.0K Heap: 213.4M(1024.0M)->163.4M(1024.0M)]
 [Times: user=0.05 sys=0.05, real=0.02 secs] 
2023-10-13T11:46:16.707+0530: 248376.047: [GC pause (G1 Evacuation Pause) (young), 0.0257182 secs]
   [Parallel Time: 19.1 ms, GC Workers: 9]
      [GC Worker Start (ms): Min: 248376050.7, Avg: 248376050.9, Max: 248376051.2, Diff: 0.6]
      [Ext Root Scanning (ms): Min: 2.1, Avg: 4.3, Max: 10.7, Diff: 8.7, Sum: 38.8]
      [Update RS (ms): Min: 0.0, Avg: 1.4, Max: 2.7, Diff: 2.7, Sum: 12.9]
         [Processed Buffers: Min: 0, Avg: 4.8, Max: 12, Diff: 12, Sum: 43]
      [Scan RS (ms): Min: 0.0, Avg: 0.1, Max: 0.3, Diff: 0.3, Sum: 0.5]
      [Code Root Scanning (ms): Min: 0.0, Avg: 0.0, Max: 0.0, Diff: 0.0, Sum: 0.0]
      [Object Copy (ms): Min: 1.4, Avg: 3.6, Max: 7.4, Diff: 5.9, Sum: 32.8]
      [Termination (ms): Min: 4.6, Avg: 7.3, Max: 9.7, Diff: 5.1, Sum: 65.4]
         [Termination Attempts: Min: 105, Avg: 203.3, Max: 286, Diff: 181, Sum: 1830]
      [GC Worker Other (ms): Min: 0.5, Avg: 1.6, Max: 2.7, Diff: 2.2, Sum: 14.3]
      [GC Worker Total (ms): Min: 18.0, Avg: 18.3, Max: 18.6, Diff: 0.6, Sum: 164.7]
      [GC Worker End (ms): Min: 248376069.2, Avg: 248376069.2, Max: 248376069.3, Diff: 0.0]
   [Code Root Fixup: 0.0 ms]
   [Code Root Purge: 0.0 ms]
   [Clear CT: 0.2 ms]
   [Other: 6.4 ms]
      [Choose CSet: 0.0 ms]
      [Ref Proc: 1.6 ms]
      [Ref Enq: 0.0 ms]
      [Redirty Cards: 0.1 ms]
      [Humongous Register: 1.6 ms]
      [Humongous Reclaim: 0.0 ms]
      [Free CSet: 0.2 ms]
   [Eden: 100352.0K(100352.0K)->0.0B(175.0M) Survivors: 1024.0K->1024.0K Heap: 261.4M(1024.0M)->163.4M(1024.0M)]
 [Times: user=0.08 sys=0.06, real=0.03 secs] 
2023-10-13T14:37:18.312+0530: 256974.682: [GC pause (G1 Evacuation Pause) (young), 0.0237265 secs]
   [Parallel Time: 14.8 ms, GC Workers: 9]
      [GC Worker Start (ms): Min: 256974686.2, Avg: 256974686.4, Max: 256974686.6, Diff: 0.3]
      [Ext Root Scanning (ms): Min: 2.0, Avg: 2.7, Max: 4.9, Diff: 2.9, Sum: 24.3]
      [Update RS (ms): Min: 0.0, Avg: 0.7, Max: 0.9, Diff: 0.9, Sum: 6.0]
         [Processed Buffers: Min: 0, Avg: 4.7, Max: 13, Diff: 13, Sum: 42]
      [Scan RS (ms): Min: 0.0, Avg: 0.1, Max: 0.3, Diff: 0.3, Sum: 0.5]
      [Code Root Scanning (ms): Min: 0.0, Avg: 0.0, Max: 0.0, Diff: 0.0, Sum: 0.0]
      [Object Copy (ms): Min: 1.7, Avg: 2.9, Max: 3.9, Diff: 2.2, Sum: 25.9]
      [Termination (ms): Min: 6.0, Avg: 7.0, Max: 8.2, Diff: 2.2, Sum: 62.7]
         [Termination Attempts: Min: 297, Avg: 348.0, Max: 399, Diff: 102, Sum: 3132]
      [GC Worker Other (ms): Min: 0.7, Avg: 1.0, Max: 1.3, Diff: 0.6, Sum: 9.0]
      [GC Worker Total (ms): Min: 14.1, Avg: 14.3, Max: 14.5, Diff: 0.4, Sum: 128.4]
      [GC Worker End (ms): Min: 256974700.7, Avg: 256974700.7, Max: 256974700.7, Diff: 0.0]
   [Code Root Fixup: 0.0 ms]
   [Code Root Purge: 0.0 ms]
   [Clear CT: 0.2 ms]
   [Other: 8.7 ms]
      [Choose CSet: 0.0 ms]
      [Ref Proc: 3.5 ms]
      [Ref Enq: 0.0 ms]
      [Redirty Cards: 0.1 ms]
      [Humongous Register: 1.3 ms]
      [Humongous Reclaim: 0.0 ms]
      [Free CSet: 0.3 ms]
   [Eden: 175.0M(175.0M)->0.0B(288.0M) Survivors: 1024.0K->1024.0K Heap: 338.4M(1024.0M)->163.5M(1024.0M)]
 [Times: user=0.07 sys=0.03, real=0.02 secs] 
Heap
 garbage-first heap   total 1048576K, used 306658K [0x0000000780000000, 0x0000000780102000, 0x00000007c0000000)
  region size 1024K, 138 young (141312K), 1 survivors (1024K)
 Metaspace       used 44826K, capacity 49411K, committed 49488K, reserved 1093632K
  class space    used 5426K, capacity 5952K, committed 6016K, reserved 1048576K
