[2024-04-05T21:49:26.280+0530][gc,heap] Heap region size: 1M
[2024-04-05T21:49:26.281+0530][gc     ] Using G1
[2024-04-05T21:49:26.281+0530][gc,heap,coops] Heap address: 0x0000000780000000, size: 1024 MB, Compressed Oops mode: Zero based, Oop shift amount: 3
[2024-04-05T21:49:26.726+0530][gc,start     ] GC(0) Pause Young (Concurrent Start) (Metadata GC Threshold)
[2024-04-05T21:49:26.726+0530][gc,task      ] GC(0) Using 9 workers of 9 for evacuation
[2024-04-05T21:49:26.729+0530][gc,phases    ] GC(0)   Pre Evacuate Collection Set: 0.0ms
[2024-04-05T21:49:26.729+0530][gc,phases    ] GC(0)   Evacuate Collection Set: 3.0ms
[2024-04-05T21:49:26.729+0530][gc,phases    ] GC(0)   Post Evacuate Collection Set: 0.2ms
[2024-04-05T21:49:26.729+0530][gc,phases    ] GC(0)   Other: 0.4ms
[2024-04-05T21:49:26.729+0530][gc,heap      ] GC(0) Eden regions: 46->0(44)
[2024-04-05T21:49:26.729+0530][gc,heap      ] GC(0) Survivor regions: 0->7(7)
[2024-04-05T21:49:26.729+0530][gc,heap      ] GC(0) Old regions: 0->0
[2024-04-05T21:49:26.729+0530][gc,heap      ] GC(0) Humongous regions: 0->0
[2024-04-05T21:49:26.729+0530][gc,metaspace ] GC(0) Metaspace: 20662K(21248K)->20662K(21248K) NonClass: 18326K(18688K)->18326K(18688K) Class: 2335K(2560K)->2335K(2560K)
[2024-04-05T21:49:26.729+0530][gc           ] GC(0) Pause Young (Concurrent Start) (Metadata GC Threshold) 45M->6M(1024M) 3.606ms
[2024-04-05T21:49:26.729+0530][gc,cpu       ] GC(0) User=0.01s Sys=0.00s Real=0.00s
[2024-04-05T21:49:26.729+0530][gc           ] GC(1) Concurrent Cycle
[2024-04-05T21:49:26.729+0530][gc,marking   ] GC(1) Concurrent Clear Claimed Marks
[2024-04-05T21:49:26.729+0530][gc,marking   ] GC(1) Concurrent Clear Claimed Marks 0.012ms
[2024-04-05T21:49:26.729+0530][gc,marking   ] GC(1) Concurrent Scan Root Regions
[2024-04-05T21:49:26.730+0530][gc,marking   ] GC(1) Concurrent Scan Root Regions 0.893ms
[2024-04-05T21:49:26.730+0530][gc,marking   ] GC(1) Concurrent Mark (0.456s)
[2024-04-05T21:49:26.730+0530][gc,marking   ] GC(1) Concurrent Mark From Roots
[2024-04-05T21:49:26.730+0530][gc,task      ] GC(1) Using 2 workers of 2 for marking
[2024-04-05T21:49:26.730+0530][gc,marking   ] GC(1) Concurrent Mark From Roots 0.077ms
[2024-04-05T21:49:26.730+0530][gc,marking   ] GC(1) Concurrent Preclean
[2024-04-05T21:49:26.730+0530][gc,marking   ] GC(1) Concurrent Preclean 0.016ms
[2024-04-05T21:49:26.730+0530][gc,marking   ] GC(1) Concurrent Mark (0.456s, 0.456s) 0.132ms
[2024-04-05T21:49:26.730+0530][gc,start     ] GC(1) Pause Remark
[2024-04-05T21:49:26.731+0530][gc,stringtable] GC(1) Cleaned string and symbol table, strings: 7252 processed, 0 removed, symbols: 64044 processed, 28 removed
[2024-04-05T21:49:26.731+0530][gc            ] GC(1) Pause Remark 7M->7M(1024M) 0.839ms
[2024-04-05T21:49:26.731+0530][gc,cpu        ] GC(1) User=0.01s Sys=0.00s Real=0.00s
[2024-04-05T21:49:26.731+0530][gc,marking    ] GC(1) Concurrent Rebuild Remembered Sets
[2024-04-05T21:49:26.731+0530][gc,marking    ] GC(1) Concurrent Rebuild Remembered Sets 0.037ms
[2024-04-05T21:49:26.731+0530][gc,start      ] GC(1) Pause Cleanup
[2024-04-05T21:49:26.732+0530][gc            ] GC(1) Pause Cleanup 7M->7M(1024M) 0.068ms
[2024-04-05T21:49:26.732+0530][gc,cpu        ] GC(1) User=0.00s Sys=0.00s Real=0.00s
[2024-04-05T21:49:26.732+0530][gc,marking    ] GC(1) Concurrent Cleanup for Next Mark
[2024-04-05T21:49:26.735+0530][gc,marking    ] GC(1) Concurrent Cleanup for Next Mark 3.795ms
[2024-04-05T21:49:26.735+0530][gc            ] GC(1) Concurrent Cycle 6.078ms
[2024-04-05T21:49:27.166+0530][gc,start      ] GC(2) Pause Young (Normal) (G1 Evacuation Pause)
[2024-04-05T21:49:27.166+0530][gc,task       ] GC(2) Using 9 workers of 9 for evacuation
[2024-04-05T21:49:27.170+0530][gc,phases     ] GC(2)   Pre Evacuate Collection Set: 0.0ms
[2024-04-05T21:49:27.170+0530][gc,phases     ] GC(2)   Evacuate Collection Set: 4.0ms
[2024-04-05T21:49:27.170+0530][gc,phases     ] GC(2)   Post Evacuate Collection Set: 0.2ms
[2024-04-05T21:49:27.170+0530][gc,phases     ] GC(2)   Other: 0.1ms
[2024-04-05T21:49:27.170+0530][gc,heap       ] GC(2) Eden regions: 44->0(48)
[2024-04-05T21:49:27.170+0530][gc,heap       ] GC(2) Survivor regions: 7->3(7)
[2024-04-05T21:49:27.170+0530][gc,heap       ] GC(2) Old regions: 0->7
[2024-04-05T21:49:27.170+0530][gc,heap       ] GC(2) Humongous regions: 129->129
[2024-04-05T21:49:27.170+0530][gc,metaspace  ] GC(2) Metaspace: 29819K(30720K)->29819K(30720K) NonClass: 26332K(26880K)->26332K(26880K) Class: 3486K(3840K)->3486K(3840K)
[2024-04-05T21:49:27.170+0530][gc            ] GC(2) Pause Young (Normal) (G1 Evacuation Pause) 179M->137M(1024M) 4.415ms
[2024-04-05T21:49:27.170+0530][gc,cpu        ] GC(2) User=0.03s Sys=0.01s Real=0.01s
[2024-04-05T21:49:27.315+0530][gc,start      ] GC(3) Pause Young (Concurrent Start) (Metadata GC Threshold)
[2024-04-05T21:49:27.315+0530][gc,task       ] GC(3) Using 9 workers of 9 for evacuation
[2024-04-05T21:49:27.317+0530][gc,phases     ] GC(3)   Pre Evacuate Collection Set: 0.0ms
[2024-04-05T21:49:27.317+0530][gc,phases     ] GC(3)   Evacuate Collection Set: 1.3ms
[2024-04-05T21:49:27.317+0530][gc,phases     ] GC(3)   Post Evacuate Collection Set: 0.2ms
[2024-04-05T21:49:27.317+0530][gc,phases     ] GC(3)   Other: 0.1ms
[2024-04-05T21:49:27.317+0530][gc,heap       ] GC(3) Eden regions: 30->0(47)
[2024-04-05T21:49:27.317+0530][gc,heap       ] GC(3) Survivor regions: 3->4(7)
[2024-04-05T21:49:27.317+0530][gc,heap       ] GC(3) Old regions: 7->7
[2024-04-05T21:49:27.317+0530][gc,heap       ] GC(3) Humongous regions: 129->129
[2024-04-05T21:49:27.317+0530][gc,metaspace  ] GC(3) Metaspace: 34903K(35840K)->34903K(35840K) NonClass: 30963K(31488K)->30963K(31488K) Class: 3939K(4352K)->3939K(4352K)
[2024-04-05T21:49:27.317+0530][gc            ] GC(3) Pause Young (Concurrent Start) (Metadata GC Threshold) 167M->139M(1024M) 1.695ms
[2024-04-05T21:49:27.317+0530][gc,cpu        ] GC(3) User=0.01s Sys=0.00s Real=0.00s
[2024-04-05T21:49:27.317+0530][gc            ] GC(4) Concurrent Cycle
[2024-04-05T21:49:27.317+0530][gc,marking    ] GC(4) Concurrent Clear Claimed Marks
[2024-04-05T21:49:27.317+0530][gc,marking    ] GC(4) Concurrent Clear Claimed Marks 0.018ms
[2024-04-05T21:49:27.317+0530][gc,marking    ] GC(4) Concurrent Scan Root Regions
[2024-04-05T21:49:27.318+0530][gc,marking    ] GC(4) Concurrent Scan Root Regions 0.984ms
[2024-04-05T21:49:27.318+0530][gc,marking    ] GC(4) Concurrent Mark (1.043s)
[2024-04-05T21:49:27.318+0530][gc,marking    ] GC(4) Concurrent Mark From Roots
[2024-04-05T21:49:27.318+0530][gc,task       ] GC(4) Using 2 workers of 2 for marking
[2024-04-05T21:49:27.320+0530][gc,marking    ] GC(4) Concurrent Mark From Roots 2.229ms
[2024-04-05T21:49:27.320+0530][gc,marking    ] GC(4) Concurrent Preclean
[2024-04-05T21:49:27.320+0530][gc,marking    ] GC(4) Concurrent Preclean 0.027ms
[2024-04-05T21:49:27.320+0530][gc,marking    ] GC(4) Concurrent Mark (1.043s, 1.046s) 2.281ms
[2024-04-05T21:49:27.320+0530][gc,start      ] GC(4) Pause Remark
[2024-04-05T21:49:27.321+0530][gc,stringtable] GC(4) Cleaned string and symbol table, strings: 11720 processed, 8 removed, symbols: 97180 processed, 28 removed
[2024-04-05T21:49:27.321+0530][gc            ] GC(4) Pause Remark 140M->140M(1024M) 1.071ms
[2024-04-05T21:49:27.321+0530][gc,cpu        ] GC(4) User=0.01s Sys=0.00s Real=0.00s
[2024-04-05T21:49:27.321+0530][gc,marking    ] GC(4) Concurrent Rebuild Remembered Sets
[2024-04-05T21:49:27.323+0530][gc,marking    ] GC(4) Concurrent Rebuild Remembered Sets 1.702ms
[2024-04-05T21:49:27.323+0530][gc,start      ] GC(4) Pause Cleanup
[2024-04-05T21:49:27.323+0530][gc            ] GC(4) Pause Cleanup 140M->140M(1024M) 0.105ms
[2024-04-05T21:49:27.323+0530][gc,cpu        ] GC(4) User=0.00s Sys=0.00s Real=0.00s
[2024-04-05T21:49:27.323+0530][gc,marking    ] GC(4) Concurrent Cleanup for Next Mark
[2024-04-05T21:49:27.325+0530][gc,marking    ] GC(4) Concurrent Cleanup for Next Mark 1.500ms
[2024-04-05T21:49:27.325+0530][gc            ] GC(4) Concurrent Cycle 7.962ms
[2024-04-05T21:50:30.032+0530][gc,start      ] GC(5) Pause Young (Normal) (G1 Evacuation Pause)
[2024-04-05T21:50:30.032+0530][gc,task       ] GC(5) Using 9 workers of 9 for evacuation
[2024-04-05T21:50:30.039+0530][gc,phases     ] GC(5)   Pre Evacuate Collection Set: 0.1ms
[2024-04-05T21:50:30.039+0530][gc,phases     ] GC(5)   Evacuate Collection Set: 6.0ms
[2024-04-05T21:50:30.039+0530][gc,phases     ] GC(5)   Post Evacuate Collection Set: 0.3ms
[2024-04-05T21:50:30.039+0530][gc,phases     ] GC(5)   Other: 0.2ms
[2024-04-05T21:50:30.039+0530][gc,heap       ] GC(5) Eden regions: 47->0(46)
[2024-04-05T21:50:30.039+0530][gc,heap       ] GC(5) Survivor regions: 4->5(7)
[2024-04-05T21:50:30.039+0530][gc,heap       ] GC(5) Old regions: 7->9
[2024-04-05T21:50:30.039+0530][gc,heap       ] GC(5) Humongous regions: 129->129
[2024-04-05T21:50:30.039+0530][gc,metaspace  ] GC(5) Metaspace: 44018K(45760K)->44018K(45760K) NonClass: 38713K(39616K)->38713K(39616K) Class: 5304K(6144K)->5304K(6144K)
[2024-04-05T21:50:30.039+0530][gc            ] GC(5) Pause Young (Normal) (G1 Evacuation Pause) 186M->142M(1024M) 6.671ms
[2024-04-05T21:50:30.039+0530][gc,cpu        ] GC(5) User=0.01s Sys=0.01s Real=0.00s
[2024-04-05T21:55:40.108+0530][gc,start      ] GC(6) Pause Young (Normal) (G1 Evacuation Pause)
[2024-04-05T21:55:40.110+0530][gc,task       ] GC(6) Using 9 workers of 9 for evacuation
[2024-04-05T21:55:40.158+0530][gc,mmu        ] GC(6) MMU target violated: 21.0ms (20.0ms/21.0ms)
[2024-04-05T21:55:40.158+0530][gc,phases     ] GC(6)   Pre Evacuate Collection Set: 0.4ms
[2024-04-05T21:55:40.158+0530][gc,phases     ] GC(6)   Evacuate Collection Set: 45.1ms
[2024-04-05T21:55:40.158+0530][gc,phases     ] GC(6)   Post Evacuate Collection Set: 1.5ms
[2024-04-05T21:55:40.158+0530][gc,phases     ] GC(6)   Other: 4.3ms
[2024-04-05T21:55:40.158+0530][gc,heap       ] GC(6) Eden regions: 46->0(45)
[2024-04-05T21:55:40.158+0530][gc,heap       ] GC(6) Survivor regions: 5->6(7)
[2024-04-05T21:55:40.158+0530][gc,heap       ] GC(6) Old regions: 9->11
[2024-04-05T21:55:40.158+0530][gc,heap       ] GC(6) Humongous regions: 129->129
[2024-04-05T21:55:40.158+0530][gc,metaspace  ] GC(6) Metaspace: 49026K(51904K)->49026K(51904K) NonClass: 42777K(44224K)->42777K(44224K) Class: 6248K(7680K)->6248K(7680K)
[2024-04-05T21:55:40.158+0530][gc            ] GC(6) Pause Young (Normal) (G1 Evacuation Pause) 188M->144M(1024M) 50.136ms
[2024-04-05T21:55:40.159+0530][gc,cpu        ] GC(6) User=0.05s Sys=0.13s Real=0.05s
[2024-04-05T22:06:07.126+0530][gc,start      ] GC(7) Pause Young (Normal) (G1 Evacuation Pause)
[2024-04-05T22:06:07.128+0530][gc,task       ] GC(7) Using 9 workers of 9 for evacuation
[2024-04-05T22:06:07.147+0530][gc,phases     ] GC(7)   Pre Evacuate Collection Set: 0.6ms
[2024-04-05T22:06:07.147+0530][gc,phases     ] GC(7)   Evacuate Collection Set: 17.0ms
[2024-04-05T22:06:07.147+0530][gc,phases     ] GC(7)   Post Evacuate Collection Set: 0.7ms
[2024-04-05T22:06:07.147+0530][gc,phases     ] GC(7)   Other: 3.0ms
[2024-04-05T22:06:07.147+0530][gc,heap       ] GC(7) Eden regions: 45->0(46)
[2024-04-05T22:06:07.147+0530][gc,heap       ] GC(7) Survivor regions: 6->5(7)
[2024-04-05T22:06:07.147+0530][gc,heap       ] GC(7) Old regions: 11->14
[2024-04-05T22:06:07.147+0530][gc,heap       ] GC(7) Humongous regions: 129->129
[2024-04-05T22:06:07.147+0530][gc,metaspace  ] GC(7) Metaspace: 50153K(52928K)->50153K(52928K) NonClass: 43872K(45248K)->43872K(45248K) Class: 6281K(7680K)->6281K(7680K)
[2024-04-05T22:06:07.147+0530][gc            ] GC(7) Pause Young (Normal) (G1 Evacuation Pause) 189M->147M(1024M) 21.407ms
[2024-04-05T22:06:07.147+0530][gc,cpu        ] GC(7) User=0.04s Sys=0.03s Real=0.02s
[2024-04-05T22:29:43.323+0530][gc,start      ] GC(8) Pause Young (Normal) (G1 Evacuation Pause)
[2024-04-05T22:29:43.324+0530][gc,task       ] GC(8) Using 9 workers of 9 for evacuation
[2024-04-05T22:29:43.343+0530][gc,phases     ] GC(8)   Pre Evacuate Collection Set: 0.4ms
[2024-04-05T22:29:43.343+0530][gc,phases     ] GC(8)   Evacuate Collection Set: 18.7ms
[2024-04-05T22:29:43.344+0530][gc,phases     ] GC(8)   Post Evacuate Collection Set: 0.4ms
[2024-04-05T22:29:43.344+0530][gc,phases     ] GC(8)   Other: 1.3ms
[2024-04-05T22:29:43.344+0530][gc,heap       ] GC(8) Eden regions: 46->0(48)
[2024-04-05T22:29:43.344+0530][gc,heap       ] GC(8) Survivor regions: 5->3(7)
[2024-04-05T22:29:43.344+0530][gc,heap       ] GC(8) Old regions: 14->16
[2024-04-05T22:29:43.344+0530][gc,heap       ] GC(8) Humongous regions: 129->129
[2024-04-05T22:29:43.344+0530][gc,metaspace  ] GC(8) Metaspace: 50359K(53184K)->50359K(53184K) NonClass: 44078K(45504K)->44078K(45504K) Class: 6281K(7680K)->6281K(7680K)
[2024-04-05T22:29:43.344+0530][gc            ] GC(8) Pause Young (Normal) (G1 Evacuation Pause) 193M->147M(1024M) 20.633ms
[2024-04-05T22:29:43.344+0530][gc,cpu        ] GC(8) User=0.03s Sys=0.03s Real=0.02s
[2024-04-05T23:07:55.214+0530][gc,start      ] GC(9) Pause Young (Normal) (G1 Evacuation Pause)
[2024-04-05T23:07:55.216+0530][gc,task       ] GC(9) Using 9 workers of 9 for evacuation
[2024-04-05T23:07:55.230+0530][gc,phases     ] GC(9)   Pre Evacuate Collection Set: 0.6ms
[2024-04-05T23:07:55.230+0530][gc,phases     ] GC(9)   Evacuate Collection Set: 11.7ms
[2024-04-05T23:07:55.230+0530][gc,phases     ] GC(9)   Post Evacuate Collection Set: 0.8ms
[2024-04-05T23:07:55.230+0530][gc,phases     ] GC(9)   Other: 2.5ms
[2024-04-05T23:07:55.230+0530][gc,heap       ] GC(9) Eden regions: 48->0(48)
[2024-04-05T23:07:55.230+0530][gc,heap       ] GC(9) Survivor regions: 3->3(7)
[2024-04-05T23:07:55.230+0530][gc,heap       ] GC(9) Old regions: 16->16
[2024-04-05T23:07:55.230+0530][gc,heap       ] GC(9) Humongous regions: 129->129
[2024-04-05T23:07:55.230+0530][gc,metaspace  ] GC(9) Metaspace: 50503K(53440K)->50503K(53440K) NonClass: 44216K(45760K)->44216K(45760K) Class: 6286K(7680K)->6286K(7680K)
[2024-04-05T23:07:55.230+0530][gc            ] GC(9) Pause Young (Normal) (G1 Evacuation Pause) 195M->147M(1024M) 15.631ms
[2024-04-05T23:07:55.230+0530][gc,cpu        ] GC(9) User=0.01s Sys=0.02s Real=0.02s
[2024-04-06T05:58:04.951+0530][gc,start      ] GC(10) Pause Young (Normal) (G1 Evacuation Pause)
[2024-04-06T05:58:04.952+0530][gc,task       ] GC(10) Using 9 workers of 9 for evacuation
[2024-04-06T05:58:04.968+0530][gc,phases     ] GC(10)   Pre Evacuate Collection Set: 0.8ms
[2024-04-06T05:58:04.968+0530][gc,phases     ] GC(10)   Evacuate Collection Set: 12.7ms
[2024-04-06T05:58:04.968+0530][gc,phases     ] GC(10)   Post Evacuate Collection Set: 1.2ms
[2024-04-06T05:58:04.968+0530][gc,phases     ] GC(10)   Other: 3.6ms
[2024-04-06T05:58:04.968+0530][gc,heap       ] GC(10) Eden regions: 48->0(48)
[2024-04-06T05:58:04.968+0530][gc,heap       ] GC(10) Survivor regions: 3->3(7)
[2024-04-06T05:58:04.968+0530][gc,heap       ] GC(10) Old regions: 16->16
[2024-04-06T05:58:04.968+0530][gc,heap       ] GC(10) Humongous regions: 129->129
[2024-04-06T05:58:04.968+0530][gc,metaspace  ] GC(10) Metaspace: 50540K(53440K)->50540K(53440K) NonClass: 44254K(45760K)->44254K(45760K) Class: 6286K(7680K)->6286K(7680K)
[2024-04-06T05:58:04.969+0530][gc            ] GC(10) Pause Young (Normal) (G1 Evacuation Pause) 195M->147M(1024M) 17.397ms
[2024-04-06T05:58:04.969+0530][gc,cpu        ] GC(10) User=0.02s Sys=0.02s Real=0.01s
[2024-04-06T06:43:54.467+0530][gc,start      ] GC(11) Pause Young (Normal) (G1 Evacuation Pause)
[2024-04-06T06:43:54.468+0530][gc,task       ] GC(11) Using 9 workers of 9 for evacuation
[2024-04-06T06:43:54.485+0530][gc,phases     ] GC(11)   Pre Evacuate Collection Set: 0.6ms
[2024-04-06T06:43:54.485+0530][gc,phases     ] GC(11)   Evacuate Collection Set: 13.6ms
[2024-04-06T06:43:54.485+0530][gc,phases     ] GC(11)   Post Evacuate Collection Set: 1.3ms
[2024-04-06T06:43:54.485+0530][gc,phases     ] GC(11)   Other: 3.7ms
[2024-04-06T06:43:54.485+0530][gc,heap       ] GC(11) Eden regions: 48->0(58)
[2024-04-06T06:43:54.485+0530][gc,heap       ] GC(11) Survivor regions: 3->3(7)
[2024-04-06T06:43:54.485+0530][gc,heap       ] GC(11) Old regions: 16->16
[2024-04-06T06:43:54.485+0530][gc,heap       ] GC(11) Humongous regions: 129->129
[2024-04-06T06:43:54.485+0530][gc,metaspace  ] GC(11) Metaspace: 50564K(53440K)->50564K(53440K) NonClass: 44277K(45760K)->44277K(45760K) Class: 6286K(7680K)->6286K(7680K)
[2024-04-06T06:43:54.485+0530][gc            ] GC(11) Pause Young (Normal) (G1 Evacuation Pause) 195M->147M(1024M) 17.902ms
[2024-04-06T06:43:54.485+0530][gc,cpu        ] GC(11) User=0.01s Sys=0.01s Real=0.02s
[2024-04-06T07:30:37.796+0530][gc,start      ] GC(12) Pause Young (Normal) (G1 Evacuation Pause)
[2024-04-06T07:30:37.797+0530][gc,task       ] GC(12) Using 9 workers of 9 for evacuation
[2024-04-06T07:30:37.806+0530][gc,phases     ] GC(12)   Pre Evacuate Collection Set: 0.5ms
[2024-04-06T07:30:37.806+0530][gc,phases     ] GC(12)   Evacuate Collection Set: 7.1ms
[2024-04-06T07:30:37.806+0530][gc,phases     ] GC(12)   Post Evacuate Collection Set: 0.6ms
[2024-04-06T07:30:37.806+0530][gc,phases     ] GC(12)   Other: 2.5ms
[2024-04-06T07:30:37.806+0530][gc,heap       ] GC(12) Eden regions: 58->0(68)
[2024-04-06T07:30:37.806+0530][gc,heap       ] GC(12) Survivor regions: 3->3(8)
[2024-04-06T07:30:37.806+0530][gc,heap       ] GC(12) Old regions: 16->16
[2024-04-06T07:30:37.806+0530][gc,heap       ] GC(12) Humongous regions: 129->129
[2024-04-06T07:30:37.806+0530][gc,metaspace  ] GC(12) Metaspace: 50569K(53440K)->50569K(53440K) NonClass: 44282K(45760K)->44282K(45760K) Class: 6286K(7680K)->6286K(7680K)
[2024-04-06T07:30:37.806+0530][gc            ] GC(12) Pause Young (Normal) (G1 Evacuation Pause) 205M->147M(1024M) 10.831ms
[2024-04-06T07:30:37.806+0530][gc,cpu        ] GC(12) User=0.01s Sys=0.03s Real=0.01s
[2024-04-06T08:25:57.687+0530][gc,start      ] GC(13) Pause Young (Normal) (G1 Evacuation Pause)
[2024-04-06T08:25:57.688+0530][gc,task       ] GC(13) Using 9 workers of 9 for evacuation
[2024-04-06T08:25:57.707+0530][gc,phases     ] GC(13)   Pre Evacuate Collection Set: 0.5ms
[2024-04-06T08:25:57.707+0530][gc,phases     ] GC(13)   Evacuate Collection Set: 16.7ms
[2024-04-06T08:25:57.707+0530][gc,phases     ] GC(13)   Post Evacuate Collection Set: 0.7ms
[2024-04-06T08:25:57.707+0530][gc,phases     ] GC(13)   Other: 3.4ms
[2024-04-06T08:25:57.707+0530][gc,heap       ] GC(13) Eden regions: 68->0(87)
[2024-04-06T08:25:57.707+0530][gc,heap       ] GC(13) Survivor regions: 3->3(9)
[2024-04-06T08:25:57.707+0530][gc,heap       ] GC(13) Old regions: 16->16
[2024-04-06T08:25:57.707+0530][gc,heap       ] GC(13) Humongous regions: 129->129
[2024-04-06T08:25:57.707+0530][gc,metaspace  ] GC(13) Metaspace: 50584K(53440K)->50584K(53440K) NonClass: 44298K(45760K)->44298K(45760K) Class: 6286K(7680K)->6286K(7680K)
[2024-04-06T08:25:57.707+0530][gc            ] GC(13) Pause Young (Normal) (G1 Evacuation Pause) 215M->147M(1024M) 20.567ms
[2024-04-06T08:25:57.707+0530][gc,cpu        ] GC(13) User=0.01s Sys=0.01s Real=0.02s
[2024-04-06T09:57:55.981+0530][gc,start      ] GC(14) Pause Young (Normal) (G1 Evacuation Pause)
[2024-04-06T09:57:55.982+0530][gc,task       ] GC(14) Using 9 workers of 9 for evacuation
[2024-04-06T09:57:55.999+0530][gc,phases     ] GC(14)   Pre Evacuate Collection Set: 0.4ms
[2024-04-06T09:57:55.999+0530][gc,phases     ] GC(14)   Evacuate Collection Set: 14.2ms
[2024-04-06T09:57:55.999+0530][gc,phases     ] GC(14)   Post Evacuate Collection Set: 1.7ms
[2024-04-06T09:57:56.000+0530][gc,phases     ] GC(14)   Other: 4.0ms
[2024-04-06T09:57:56.000+0530][gc,heap       ] GC(14) Eden regions: 87->0(95)
[2024-04-06T09:57:56.000+0530][gc,heap       ] GC(14) Survivor regions: 3->3(12)
[2024-04-06T09:57:56.000+0530][gc,heap       ] GC(14) Old regions: 16->16
[2024-04-06T09:57:56.000+0530][gc,heap       ] GC(14) Humongous regions: 129->129
[2024-04-06T09:57:56.000+0530][gc,metaspace  ] GC(14) Metaspace: 50599K(53440K)->50599K(53440K) NonClass: 44312K(45760K)->44312K(45760K) Class: 6286K(7680K)->6286K(7680K)
[2024-04-06T09:57:56.000+0530][gc            ] GC(14) Pause Young (Normal) (G1 Evacuation Pause) 234M->147M(1024M) 19.208ms
[2024-04-06T09:57:56.000+0530][gc,cpu        ] GC(14) User=0.02s Sys=0.02s Real=0.02s
[2024-04-06T11:16:00.721+0530][gc,start      ] GC(15) Pause Young (Normal) (G1 Evacuation Pause)
[2024-04-06T11:16:00.722+0530][gc,task       ] GC(15) Using 9 workers of 9 for evacuation
[2024-04-06T11:16:00.733+0530][gc,phases     ] GC(15)   Pre Evacuate Collection Set: 0.4ms
[2024-04-06T11:16:00.733+0530][gc,phases     ] GC(15)   Evacuate Collection Set: 7.9ms
[2024-04-06T11:16:00.733+0530][gc,phases     ] GC(15)   Post Evacuate Collection Set: 1.3ms
[2024-04-06T11:16:00.733+0530][gc,phases     ] GC(15)   Other: 3.7ms
[2024-04-06T11:16:00.733+0530][gc,heap       ] GC(15) Eden regions: 95->0(108)
[2024-04-06T11:16:00.733+0530][gc,heap       ] GC(15) Survivor regions: 3->3(13)
[2024-04-06T11:16:00.733+0530][gc,heap       ] GC(15) Old regions: 16->16
[2024-04-06T11:16:00.733+0530][gc,heap       ] GC(15) Humongous regions: 129->129
[2024-04-06T11:16:00.733+0530][gc,metaspace  ] GC(15) Metaspace: 50604K(53440K)->50604K(53440K) NonClass: 44318K(45760K)->44318K(45760K) Class: 6286K(7680K)->6286K(7680K)
[2024-04-06T11:16:00.733+0530][gc            ] GC(15) Pause Young (Normal) (G1 Evacuation Pause) 242M->147M(1024M) 12.840ms
[2024-04-06T11:16:00.734+0530][gc,cpu        ] GC(15) User=0.02s Sys=0.02s Real=0.01s
[2024-04-06T12:59:16.114+0530][gc,start      ] GC(16) Pause Young (Normal) (G1 Evacuation Pause)
[2024-04-06T12:59:16.115+0530][gc,task       ] GC(16) Using 9 workers of 9 for evacuation
[2024-04-06T12:59:16.127+0530][gc,phases     ] GC(16)   Pre Evacuate Collection Set: 1.7ms
[2024-04-06T12:59:16.127+0530][gc,phases     ] GC(16)   Evacuate Collection Set: 7.7ms
[2024-04-06T12:59:16.127+0530][gc,phases     ] GC(16)   Post Evacuate Collection Set: 1.0ms
[2024-04-06T12:59:16.127+0530][gc,phases     ] GC(16)   Other: 4.3ms
[2024-04-06T12:59:16.127+0530][gc,heap       ] GC(16) Eden regions: 108->0(165)
[2024-04-06T12:59:16.127+0530][gc,heap       ] GC(16) Survivor regions: 3->3(14)
[2024-04-06T12:59:16.127+0530][gc,heap       ] GC(16) Old regions: 16->16
[2024-04-06T12:59:16.127+0530][gc,heap       ] GC(16) Humongous regions: 129->129
[2024-04-06T12:59:16.127+0530][gc,metaspace  ] GC(16) Metaspace: 50609K(53440K)->50609K(53440K) NonClass: 44322K(45760K)->44322K(45760K) Class: 6286K(7680K)->6286K(7680K)
[2024-04-06T12:59:16.127+0530][gc            ] GC(16) Pause Young (Normal) (G1 Evacuation Pause) 255M->147M(1024M) 13.774ms
[2024-04-06T12:59:16.127+0530][gc,cpu        ] GC(16) User=0.02s Sys=0.03s Real=0.01s
[2024-04-06T15:16:10.590+0530][gc,start      ] GC(17) Pause Young (Normal) (G1 Evacuation Pause)
[2024-04-06T15:16:10.592+0530][gc,task       ] GC(17) Using 9 workers of 9 for evacuation
[2024-04-06T15:16:10.607+0530][gc,phases     ] GC(17)   Pre Evacuate Collection Set: 0.3ms
[2024-04-06T15:16:10.607+0530][gc,phases     ] GC(17)   Evacuate Collection Set: 12.4ms
[2024-04-06T15:16:10.607+0530][gc,phases     ] GC(17)   Post Evacuate Collection Set: 1.4ms
[2024-04-06T15:16:10.607+0530][gc,phases     ] GC(17)   Other: 3.8ms
[2024-04-06T15:16:10.607+0530][gc,heap       ] GC(17) Eden regions: 165->0(188)
[2024-04-06T15:16:10.607+0530][gc,heap       ] GC(17) Survivor regions: 3->3(21)
[2024-04-06T15:16:10.607+0530][gc,heap       ] GC(17) Old regions: 16->16
[2024-04-06T15:16:10.607+0530][gc,heap       ] GC(17) Humongous regions: 129->129
[2024-04-06T15:16:10.608+0530][gc,metaspace  ] GC(17) Metaspace: 50639K(53440K)->50639K(53440K) NonClass: 44352K(45760K)->44352K(45760K) Class: 6287K(7680K)->6287K(7680K)
[2024-04-06T15:16:10.608+0530][gc            ] GC(17) Pause Young (Normal) (G1 Evacuation Pause) 312M->147M(1024M) 17.575ms
[2024-04-06T15:16:10.608+0530][gc,cpu        ] GC(17) User=0.01s Sys=0.01s Real=0.01s
[2024-04-06T17:52:31.449+0530][gc,start      ] GC(18) Pause Young (Normal) (G1 Evacuation Pause)
[2024-04-06T17:52:31.450+0530][gc,task       ] GC(18) Using 9 workers of 9 for evacuation
[2024-04-06T17:52:31.472+0530][gc,mmu        ] GC(18) MMU target violated: 21.0ms (20.0ms/21.0ms)
[2024-04-06T17:52:31.472+0530][gc,phases     ] GC(18)   Pre Evacuate Collection Set: 2.0ms
[2024-04-06T17:52:31.472+0530][gc,phases     ] GC(18)   Evacuate Collection Set: 16.5ms
[2024-04-06T17:52:31.472+0530][gc,phases     ] GC(18)   Post Evacuate Collection Set: 1.2ms
[2024-04-06T17:52:31.472+0530][gc,phases     ] GC(18)   Other: 5.6ms
[2024-04-06T17:52:31.472+0530][gc,heap       ] GC(18) Eden regions: 188->0(207)
[2024-04-06T17:52:31.472+0530][gc,heap       ] GC(18) Survivor regions: 3->3(24)
[2024-04-06T17:52:31.472+0530][gc,heap       ] GC(18) Old regions: 16->16
[2024-04-06T17:52:31.472+0530][gc,heap       ] GC(18) Humongous regions: 129->129
[2024-04-06T17:52:31.473+0530][gc,metaspace  ] GC(18) Metaspace: 50656K(53440K)->50656K(53440K) NonClass: 44369K(45760K)->44369K(45760K) Class: 6287K(7680K)->6287K(7680K)
[2024-04-06T17:52:31.473+0530][gc            ] GC(18) Pause Young (Normal) (G1 Evacuation Pause) 335M->147M(1024M) 23.948ms
[2024-04-06T17:52:31.473+0530][gc,cpu        ] GC(18) User=0.05s Sys=0.02s Real=0.03s
[2024-04-06T23:49:40.160+0530][gc,start      ] GC(19) Pause Young (Normal) (G1 Evacuation Pause)
[2024-04-06T23:49:40.162+0530][gc,task       ] GC(19) Using 9 workers of 9 for evacuation
[2024-04-06T23:49:40.176+0530][gc,phases     ] GC(19)   Pre Evacuate Collection Set: 0.4ms
[2024-04-06T23:49:40.176+0530][gc,phases     ] GC(19)   Evacuate Collection Set: 10.9ms
[2024-04-06T23:49:40.176+0530][gc,phases     ] GC(19)   Post Evacuate Collection Set: 1.1ms
[2024-04-06T23:49:40.176+0530][gc,phases     ] GC(19)   Other: 4.9ms
[2024-04-06T23:49:40.176+0530][gc,heap       ] GC(19) Eden regions: 207->0(249)
[2024-04-06T23:49:40.176+0530][gc,heap       ] GC(19) Survivor regions: 3->3(27)
[2024-04-06T23:49:40.176+0530][gc,heap       ] GC(19) Old regions: 16->16
[2024-04-06T23:49:40.176+0530][gc,heap       ] GC(19) Humongous regions: 129->129
[2024-04-06T23:49:40.176+0530][gc,metaspace  ] GC(19) Metaspace: 50672K(53440K)->50672K(53440K) NonClass: 44385K(45760K)->44385K(45760K) Class: 6287K(7680K)->6287K(7680K)
[2024-04-06T23:49:40.176+0530][gc            ] GC(19) Pause Young (Normal) (G1 Evacuation Pause) 354M->147M(1024M) 15.975ms
[2024-04-06T23:49:40.176+0530][gc,cpu        ] GC(19) User=0.03s Sys=0.03s Real=0.01s
[2024-04-07T17:58:07.406+0530][gc,start      ] GC(20) Pause Young (Normal) (G1 Evacuation Pause)
[2024-04-07T17:58:07.408+0530][gc,task       ] GC(20) Using 9 workers of 9 for evacuation
[2024-04-07T17:58:07.439+0530][gc,mmu        ] GC(20) MMU target violated: 21.0ms (20.0ms/21.0ms)
[2024-04-07T17:58:07.440+0530][gc,phases     ] GC(20)   Pre Evacuate Collection Set: 3.0ms
[2024-04-07T17:58:07.440+0530][gc,phases     ] GC(20)   Evacuate Collection Set: 23.8ms
[2024-04-07T17:58:07.440+0530][gc,phases     ] GC(20)   Post Evacuate Collection Set: 1.8ms
[2024-04-07T17:58:07.440+0530][gc,phases     ] GC(20)   Other: 6.7ms
[2024-04-07T17:58:07.440+0530][gc,heap       ] GC(20) Eden regions: 249->0(268)
[2024-04-07T17:58:07.440+0530][gc,heap       ] GC(20) Survivor regions: 3->3(32)
[2024-04-07T17:58:07.440+0530][gc,heap       ] GC(20) Old regions: 16->16
[2024-04-07T17:58:07.440+0530][gc,heap       ] GC(20) Humongous regions: 129->129
[2024-04-07T17:58:07.440+0530][gc,metaspace  ] GC(20) Metaspace: 50684K(53440K)->50684K(53440K) NonClass: 44396K(45760K)->44396K(45760K) Class: 6287K(7680K)->6287K(7680K)
[2024-04-07T17:58:07.440+0530][gc            ] GC(20) Pause Young (Normal) (G1 Evacuation Pause) 396M->147M(1024M) 34.242ms
[2024-04-07T17:58:07.440+0530][gc,cpu        ] GC(20) User=0.08s Sys=0.04s Real=0.04s
[2024-04-07T23:38:25.782+0530][gc,start      ] GC(21) Pause Young (Normal) (G1 Evacuation Pause)
[2024-04-07T23:38:25.784+0530][gc,task       ] GC(21) Using 9 workers of 9 for evacuation
[2024-04-07T23:38:25.807+0530][gc,mmu        ] GC(21) MMU target violated: 21.0ms (20.0ms/21.0ms)
[2024-04-07T23:38:25.807+0530][gc,phases     ] GC(21)   Pre Evacuate Collection Set: 1.1ms
[2024-04-07T23:38:25.807+0530][gc,phases     ] GC(21)   Evacuate Collection Set: 17.3ms
[2024-04-07T23:38:25.807+0530][gc,phases     ] GC(21)   Post Evacuate Collection Set: 0.8ms
[2024-04-07T23:38:25.807+0530][gc,phases     ] GC(21)   Other: 9.3ms
[2024-04-07T23:38:25.807+0530][gc,heap       ] GC(21) Eden regions: 268->0(299)
[2024-04-07T23:38:25.807+0530][gc,heap       ] GC(21) Survivor regions: 3->3(34)
[2024-04-07T23:38:25.807+0530][gc,heap       ] GC(21) Old regions: 16->16
[2024-04-07T23:38:25.807+0530][gc,heap       ] GC(21) Humongous regions: 129->129
[2024-04-07T23:38:25.807+0530][gc,metaspace  ] GC(21) Metaspace: 50765K(53696K)->50765K(53696K) NonClass: 44478K(46016K)->44478K(46016K) Class: 6287K(7680K)->6287K(7680K)
[2024-04-07T23:38:25.808+0530][gc            ] GC(21) Pause Young (Normal) (G1 Evacuation Pause) 415M->147M(1024M) 25.833ms
[2024-04-07T23:38:25.808+0530][gc,cpu        ] GC(21) User=0.07s Sys=0.03s Real=0.02s
[2024-04-08T11:58:12.850+0530][gc,start      ] GC(22) Pause Young (Normal) (G1 Evacuation Pause)
[2024-04-08T11:58:12.854+0530][gc,task       ] GC(22) Using 9 workers of 9 for evacuation
[2024-04-08T11:58:12.890+0530][gc,mmu        ] GC(22) MMU target violated: 21.0ms (20.0ms/21.0ms)
[2024-04-08T11:58:12.890+0530][gc,phases     ] GC(22)   Pre Evacuate Collection Set: 2.1ms
[2024-04-08T11:58:12.890+0530][gc,phases     ] GC(22)   Evacuate Collection Set: 23.7ms
[2024-04-08T11:58:12.890+0530][gc,phases     ] GC(22)   Post Evacuate Collection Set: 1.8ms
[2024-04-08T11:58:12.890+0530][gc,phases     ] GC(22)   Other: 15.0ms
[2024-04-08T11:58:12.890+0530][gc,heap       ] GC(22) Eden regions: 297->0(318)
[2024-04-08T11:58:12.890+0530][gc,heap       ] GC(22) Survivor regions: 3->2(38)
[2024-04-08T11:58:12.890+0530][gc,heap       ] GC(22) Old regions: 16->17
[2024-04-08T11:58:12.890+0530][gc,heap       ] GC(22) Humongous regions: 129->129
[2024-04-08T11:58:12.891+0530][gc,metaspace  ] GC(22) Metaspace: 50768K(53696K)->50768K(53696K) NonClass: 44481K(46016K)->44481K(46016K) Class: 6287K(7680K)->6287K(7680K)
[2024-04-08T11:58:12.891+0530][gc            ] GC(22) Pause Young (Normal) (G1 Evacuation Pause) 444M->147M(1024M) 40.631ms
[2024-04-08T11:58:12.891+0530][gc,cpu        ] GC(22) User=0.02s Sys=0.02s Real=0.04s
[2024-04-08T22:04:27.530+0530][gc,start      ] GC(23) Pause Young (Normal) (G1 Evacuation Pause)
[2024-04-08T22:04:27.531+0530][gc,task       ] GC(23) Using 9 workers of 9 for evacuation
[2024-04-08T22:04:27.556+0530][gc,mmu        ] GC(23) MMU target violated: 21.0ms (20.0ms/21.0ms)
[2024-04-08T22:04:27.557+0530][gc,phases     ] GC(23)   Pre Evacuate Collection Set: 2.8ms
[2024-04-08T22:04:27.557+0530][gc,phases     ] GC(23)   Evacuate Collection Set: 16.8ms
[2024-04-08T22:04:27.557+0530][gc,phases     ] GC(23)   Post Evacuate Collection Set: 2.4ms
[2024-04-08T22:04:27.557+0530][gc,phases     ] GC(23)   Other: 8.3ms
[2024-04-08T22:04:27.557+0530][gc,heap       ] GC(23) Eden regions: 316->0(320)
[2024-04-08T22:04:27.557+0530][gc,heap       ] GC(23) Survivor regions: 2->1(40)
[2024-04-08T22:04:27.557+0530][gc,heap       ] GC(23) Old regions: 17->18
[2024-04-08T22:04:27.557+0530][gc,heap       ] GC(23) Humongous regions: 129->129
[2024-04-08T22:04:27.557+0530][gc,metaspace  ] GC(23) Metaspace: 50827K(53696K)->50827K(53696K) NonClass: 44540K(46016K)->44540K(46016K) Class: 6287K(7680K)->6287K(7680K)
[2024-04-08T22:04:27.558+0530][gc            ] GC(23) Pause Young (Normal) (G1 Evacuation Pause) 463M->147M(1024M) 27.934ms
[2024-04-08T22:04:27.558+0530][gc,cpu        ] GC(23) User=0.03s Sys=0.04s Real=0.03s
[2024-04-09T13:20:47.967+0530][gc,start      ] GC(24) Pause Young (Normal) (G1 Evacuation Pause)
[2024-04-09T13:20:47.968+0530][gc,task       ] GC(24) Using 9 workers of 9 for evacuation
[2024-04-09T13:20:47.993+0530][gc,mmu        ] GC(24) MMU target violated: 21.0ms (20.0ms/21.0ms)
[2024-04-09T13:20:47.994+0530][gc,phases     ] GC(24)   Pre Evacuate Collection Set: 2.0ms
[2024-04-09T13:20:47.994+0530][gc,phases     ] GC(24)   Evacuate Collection Set: 13.5ms
[2024-04-09T13:20:47.994+0530][gc,phases     ] GC(24)   Post Evacuate Collection Set: 3.3ms
[2024-04-09T13:20:47.994+0530][gc,phases     ] GC(24)   Other: 8.8ms
[2024-04-09T13:20:47.994+0530][gc,heap       ] GC(24) Eden regions: 320->0(351)
[2024-04-09T13:20:47.994+0530][gc,heap       ] GC(24) Survivor regions: 1->1(41)
[2024-04-09T13:20:47.994+0530][gc,heap       ] GC(24) Old regions: 18->19
[2024-04-09T13:20:47.994+0530][gc,heap       ] GC(24) Humongous regions: 129->129
[2024-04-09T13:20:47.994+0530][gc,metaspace  ] GC(24) Metaspace: 50845K(53696K)->50845K(53696K) NonClass: 44558K(46016K)->44558K(46016K) Class: 6287K(7680K)->6287K(7680K)
[2024-04-09T13:20:47.994+0530][gc            ] GC(24) Pause Young (Normal) (G1 Evacuation Pause) 467M->147M(1024M) 27.130ms
[2024-04-09T13:20:47.994+0530][gc,cpu        ] GC(24) User=0.01s Sys=0.02s Real=0.03s
[2024-04-10T00:32:08.125+0530][gc,heap,exit  ] Heap
[2024-04-10T00:32:08.125+0530][gc,heap,exit  ]  garbage-first heap   total 1048576K, used 436451K [0x0000000780000000, 0x00000007c0000000)
[2024-04-10T00:32:08.125+0530][gc,heap,exit  ]   region size 1024K, 282 young (288768K), 1 survivors (1024K)
[2024-04-10T00:32:08.125+0530][gc,heap,exit  ]  Metaspace       used 51004K, capacity 53717K, committed 53952K, reserved 1095680K
[2024-04-10T00:32:08.125+0530][gc,heap,exit  ]   class space    used 6326K, capacity 7671K, committed 7680K, reserved 1048576K
