[2024-03-09T23:11:28.037+0530][gc,heap] Heap region size: 1M
[2024-03-09T23:11:28.039+0530][gc     ] Using G1
[2024-03-09T23:11:28.039+0530][gc,heap,coops] Heap address: 0x0000000780000000, size: 1024 MB, Compressed Oops mode: Zero based, Oop shift amount: 3
[2024-03-09T23:11:28.508+0530][gc,start     ] GC(0) Pause Young (Concurrent Start) (Metadata GC Threshold)
[2024-03-09T23:11:28.508+0530][gc,task      ] GC(0) Using 9 workers of 9 for evacuation
[2024-03-09T23:11:28.512+0530][gc,phases    ] GC(0)   Pre Evacuate Collection Set: 0.0ms
[2024-03-09T23:11:28.512+0530][gc,phases    ] GC(0)   Evacuate Collection Set: 3.5ms
[2024-03-09T23:11:28.512+0530][gc,phases    ] GC(0)   Post Evacuate Collection Set: 0.2ms
[2024-03-09T23:11:28.512+0530][gc,phases    ] GC(0)   Other: 0.4ms
[2024-03-09T23:11:28.512+0530][gc,heap      ] GC(0) Eden regions: 46->0(44)
[2024-03-09T23:11:28.512+0530][gc,heap      ] GC(0) Survivor regions: 0->7(7)
[2024-03-09T23:11:28.512+0530][gc,heap      ] GC(0) Old regions: 0->0
[2024-03-09T23:11:28.512+0530][gc,heap      ] GC(0) Humongous regions: 0->0
[2024-03-09T23:11:28.512+0530][gc,metaspace ] GC(0) Metaspace: 20748K(21248K)->20748K(21248K) NonClass: 18402K(18688K)->18402K(18688K) Class: 2346K(2560K)->2346K(2560K)
[2024-03-09T23:11:28.512+0530][gc           ] GC(0) Pause Young (Concurrent Start) (Metadata GC Threshold) 46M->6M(1024M) 4.272ms
[2024-03-09T23:11:28.512+0530][gc,cpu       ] GC(0) User=0.01s Sys=0.00s Real=0.01s
[2024-03-09T23:11:28.512+0530][gc           ] GC(1) Concurrent Cycle
[2024-03-09T23:11:28.512+0530][gc,marking   ] GC(1) Concurrent Clear Claimed Marks
[2024-03-09T23:11:28.512+0530][gc,marking   ] GC(1) Concurrent Clear Claimed Marks 0.012ms
[2024-03-09T23:11:28.512+0530][gc,marking   ] GC(1) Concurrent Scan Root Regions
[2024-03-09T23:11:28.513+0530][gc,marking   ] GC(1) Concurrent Scan Root Regions 0.883ms
[2024-03-09T23:11:28.513+0530][gc,marking   ] GC(1) Concurrent Mark (0.482s)
[2024-03-09T23:11:28.513+0530][gc,marking   ] GC(1) Concurrent Mark From Roots
[2024-03-09T23:11:28.513+0530][gc,task      ] GC(1) Using 2 workers of 2 for marking
[2024-03-09T23:11:28.513+0530][gc,marking   ] GC(1) Concurrent Mark From Roots 0.111ms
[2024-03-09T23:11:28.513+0530][gc,marking   ] GC(1) Concurrent Preclean
[2024-03-09T23:11:28.513+0530][gc,marking   ] GC(1) Concurrent Preclean 0.015ms
[2024-03-09T23:11:28.513+0530][gc,marking   ] GC(1) Concurrent Mark (0.482s, 0.482s) 0.144ms
[2024-03-09T23:11:28.513+0530][gc,start     ] GC(1) Pause Remark
[2024-03-09T23:11:28.514+0530][gc,stringtable] GC(1) Cleaned string and symbol table, strings: 7279 processed, 0 removed, symbols: 64971 processed, 28 removed
[2024-03-09T23:11:28.514+0530][gc            ] GC(1) Pause Remark 7M->7M(1024M) 0.980ms
[2024-03-09T23:11:28.514+0530][gc,cpu        ] GC(1) User=0.01s Sys=0.00s Real=0.00s
[2024-03-09T23:11:28.514+0530][gc,marking    ] GC(1) Concurrent Rebuild Remembered Sets
[2024-03-09T23:11:28.514+0530][gc,marking    ] GC(1) Concurrent Rebuild Remembered Sets 0.051ms
[2024-03-09T23:11:28.515+0530][gc,start      ] GC(1) Pause Cleanup
[2024-03-09T23:11:28.515+0530][gc            ] GC(1) Pause Cleanup 7M->7M(1024M) 0.120ms
[2024-03-09T23:11:28.515+0530][gc,cpu        ] GC(1) User=0.00s Sys=0.00s Real=0.00s
[2024-03-09T23:11:28.515+0530][gc,marking    ] GC(1) Concurrent Cleanup for Next Mark
[2024-03-09T23:11:28.517+0530][gc,marking    ] GC(1) Concurrent Cleanup for Next Mark 2.411ms
[2024-03-09T23:11:28.517+0530][gc            ] GC(1) Concurrent Cycle 4.929ms
[2024-03-09T23:11:28.970+0530][gc,start      ] GC(2) Pause Young (Normal) (G1 Evacuation Pause)
[2024-03-09T23:11:28.970+0530][gc,task       ] GC(2) Using 9 workers of 9 for evacuation
[2024-03-09T23:11:28.974+0530][gc,phases     ] GC(2)   Pre Evacuate Collection Set: 0.0ms
[2024-03-09T23:11:28.974+0530][gc,phases     ] GC(2)   Evacuate Collection Set: 4.4ms
[2024-03-09T23:11:28.974+0530][gc,phases     ] GC(2)   Post Evacuate Collection Set: 0.2ms
[2024-03-09T23:11:28.974+0530][gc,phases     ] GC(2)   Other: 0.1ms
[2024-03-09T23:11:28.974+0530][gc,heap       ] GC(2) Eden regions: 44->0(48)
[2024-03-09T23:11:28.974+0530][gc,heap       ] GC(2) Survivor regions: 7->3(7)
[2024-03-09T23:11:28.974+0530][gc,heap       ] GC(2) Old regions: 0->7
[2024-03-09T23:11:28.974+0530][gc,heap       ] GC(2) Humongous regions: 129->129
[2024-03-09T23:11:28.974+0530][gc,metaspace  ] GC(2) Metaspace: 30030K(30976K)->30030K(30976K) NonClass: 26530K(27136K)->26530K(27136K) Class: 3500K(3840K)->3500K(3840K)
[2024-03-09T23:11:28.974+0530][gc            ] GC(2) Pause Young (Normal) (G1 Evacuation Pause) 179M->138M(1024M) 4.853ms
[2024-03-09T23:11:28.974+0530][gc,cpu        ] GC(2) User=0.03s Sys=0.01s Real=0.00s
[2024-03-09T23:11:29.119+0530][gc,start      ] GC(3) Pause Young (Concurrent Start) (Metadata GC Threshold)
[2024-03-09T23:11:29.119+0530][gc,task       ] GC(3) Using 9 workers of 9 for evacuation
[2024-03-09T23:11:29.121+0530][gc,phases     ] GC(3)   Pre Evacuate Collection Set: 0.0ms
[2024-03-09T23:11:29.121+0530][gc,phases     ] GC(3)   Evacuate Collection Set: 1.4ms
[2024-03-09T23:11:29.121+0530][gc,phases     ] GC(3)   Post Evacuate Collection Set: 0.2ms
[2024-03-09T23:11:29.121+0530][gc,phases     ] GC(3)   Other: 0.1ms
[2024-03-09T23:11:29.121+0530][gc,heap       ] GC(3) Eden regions: 29->0(47)
[2024-03-09T23:11:29.121+0530][gc,heap       ] GC(3) Survivor regions: 3->4(7)
[2024-03-09T23:11:29.121+0530][gc,heap       ] GC(3) Old regions: 7->7
[2024-03-09T23:11:29.121+0530][gc,heap       ] GC(3) Humongous regions: 129->129
[2024-03-09T23:11:29.121+0530][gc,metaspace  ] GC(3) Metaspace: 34844K(35840K)->34844K(35840K) NonClass: 30905K(31488K)->30905K(31488K) Class: 3939K(4352K)->3939K(4352K)
[2024-03-09T23:11:29.121+0530][gc            ] GC(3) Pause Young (Concurrent Start) (Metadata GC Threshold) 167M->139M(1024M) 1.758ms
[2024-03-09T23:11:29.121+0530][gc,cpu        ] GC(3) User=0.02s Sys=0.00s Real=0.01s
[2024-03-09T23:11:29.121+0530][gc            ] GC(4) Concurrent Cycle
[2024-03-09T23:11:29.121+0530][gc,marking    ] GC(4) Concurrent Clear Claimed Marks
[2024-03-09T23:11:29.121+0530][gc,marking    ] GC(4) Concurrent Clear Claimed Marks 0.016ms
[2024-03-09T23:11:29.121+0530][gc,marking    ] GC(4) Concurrent Scan Root Regions
[2024-03-09T23:11:29.122+0530][gc,marking    ] GC(4) Concurrent Scan Root Regions 1.017ms
[2024-03-09T23:11:29.122+0530][gc,marking    ] GC(4) Concurrent Mark (1.091s)
[2024-03-09T23:11:29.122+0530][gc,marking    ] GC(4) Concurrent Mark From Roots
[2024-03-09T23:11:29.122+0530][gc,task       ] GC(4) Using 2 workers of 2 for marking
[2024-03-09T23:11:29.125+0530][gc,marking    ] GC(4) Concurrent Mark From Roots 2.525ms
[2024-03-09T23:11:29.125+0530][gc,marking    ] GC(4) Concurrent Preclean
[2024-03-09T23:11:29.125+0530][gc,marking    ] GC(4) Concurrent Preclean 0.031ms
[2024-03-09T23:11:29.125+0530][gc,marking    ] GC(4) Concurrent Mark (1.091s, 1.093s) 2.585ms
[2024-03-09T23:11:29.125+0530][gc,start      ] GC(4) Pause Remark
[2024-03-09T23:11:29.126+0530][gc,stringtable] GC(4) Cleaned string and symbol table, strings: 11726 processed, 8 removed, symbols: 97183 processed, 28 removed
[2024-03-09T23:11:29.126+0530][gc            ] GC(4) Pause Remark 140M->140M(1024M) 1.107ms
[2024-03-09T23:11:29.126+0530][gc,cpu        ] GC(4) User=0.01s Sys=0.00s Real=0.00s
[2024-03-09T23:11:29.126+0530][gc,marking    ] GC(4) Concurrent Rebuild Remembered Sets
[2024-03-09T23:11:29.128+0530][gc,marking    ] GC(4) Concurrent Rebuild Remembered Sets 2.043ms
[2024-03-09T23:11:29.128+0530][gc,start      ] GC(4) Pause Cleanup
[2024-03-09T23:11:29.128+0530][gc            ] GC(4) Pause Cleanup 140M->140M(1024M) 0.102ms
[2024-03-09T23:11:29.128+0530][gc,cpu        ] GC(4) User=0.00s Sys=0.00s Real=0.00s
[2024-03-09T23:11:29.128+0530][gc,marking    ] GC(4) Concurrent Cleanup for Next Mark
[2024-03-09T23:11:29.131+0530][gc,marking    ] GC(4) Concurrent Cleanup for Next Mark 3.137ms
[2024-03-09T23:11:29.131+0530][gc            ] GC(4) Concurrent Cycle 10.385ms
[2024-03-09T23:11:40.520+0530][gc,start      ] GC(5) Pause Young (Normal) (G1 Evacuation Pause)
[2024-03-09T23:11:40.522+0530][gc,task       ] GC(5) Using 9 workers of 9 for evacuation
[2024-03-09T23:11:40.525+0530][gc,phases     ] GC(5)   Pre Evacuate Collection Set: 0.1ms
[2024-03-09T23:11:40.525+0530][gc,phases     ] GC(5)   Evacuate Collection Set: 3.2ms
[2024-03-09T23:11:40.525+0530][gc,phases     ] GC(5)   Post Evacuate Collection Set: 0.2ms
[2024-03-09T23:11:40.525+0530][gc,phases     ] GC(5)   Other: 2.0ms
[2024-03-09T23:11:40.525+0530][gc,heap       ] GC(5) Eden regions: 47->0(45)
[2024-03-09T23:11:40.525+0530][gc,heap       ] GC(5) Survivor regions: 4->6(7)
[2024-03-09T23:11:40.525+0530][gc,heap       ] GC(5) Old regions: 7->9
[2024-03-09T23:11:40.525+0530][gc,heap       ] GC(5) Humongous regions: 129->129
[2024-03-09T23:11:40.525+0530][gc,metaspace  ] GC(5) Metaspace: 43784K(45504K)->43784K(45504K) NonClass: 38510K(39360K)->38510K(39360K) Class: 5274K(6144K)->5274K(6144K)
[2024-03-09T23:11:40.525+0530][gc            ] GC(5) Pause Young (Normal) (G1 Evacuation Pause) 186M->142M(1024M) 5.517ms
[2024-03-09T23:11:40.526+0530][gc,cpu        ] GC(5) User=0.03s Sys=0.00s Real=0.00s
[2024-03-09T23:15:16.613+0530][gc,start      ] GC(6) Pause Young (Normal) (G1 Evacuation Pause)
[2024-03-09T23:15:16.614+0530][gc,task       ] GC(6) Using 9 workers of 9 for evacuation
[2024-03-09T23:15:16.647+0530][gc,mmu        ] GC(6) MMU target violated: 21.0ms (20.0ms/21.0ms)
[2024-03-09T23:15:16.647+0530][gc,phases     ] GC(6)   Pre Evacuate Collection Set: 1.1ms
[2024-03-09T23:15:16.647+0530][gc,phases     ] GC(6)   Evacuate Collection Set: 29.8ms
[2024-03-09T23:15:16.647+0530][gc,phases     ] GC(6)   Post Evacuate Collection Set: 0.5ms
[2024-03-09T23:15:16.647+0530][gc,phases     ] GC(6)   Other: 2.8ms
[2024-03-09T23:15:16.647+0530][gc,heap       ] GC(6) Eden regions: 45->0(45)
[2024-03-09T23:15:16.647+0530][gc,heap       ] GC(6) Survivor regions: 6->6(7)
[2024-03-09T23:15:16.647+0530][gc,heap       ] GC(6) Old regions: 9->11
[2024-03-09T23:15:16.647+0530][gc,heap       ] GC(6) Humongous regions: 129->129
[2024-03-09T23:15:16.647+0530][gc,metaspace  ] GC(6) Metaspace: 48957K(51648K)->48957K(51648K) NonClass: 42827K(44224K)->42827K(44224K) Class: 6130K(7424K)->6130K(7424K)
[2024-03-09T23:15:16.647+0530][gc            ] GC(6) Pause Young (Normal) (G1 Evacuation Pause) 187M->145M(1024M) 34.053ms
[2024-03-09T23:15:16.647+0530][gc,cpu        ] GC(6) User=0.04s Sys=0.05s Real=0.03s
[2024-03-09T23:28:40.651+0530][gc,start      ] GC(7) Pause Young (Normal) (G1 Evacuation Pause)
[2024-03-09T23:28:40.652+0530][gc,task       ] GC(7) Using 9 workers of 9 for evacuation
[2024-03-09T23:28:40.701+0530][gc,mmu        ] GC(7) MMU target violated: 21.0ms (20.0ms/21.0ms)
[2024-03-09T23:28:40.701+0530][gc,phases     ] GC(7)   Pre Evacuate Collection Set: 1.3ms
[2024-03-09T23:28:40.701+0530][gc,phases     ] GC(7)   Evacuate Collection Set: 45.8ms
[2024-03-09T23:28:40.701+0530][gc,phases     ] GC(7)   Post Evacuate Collection Set: 0.5ms
[2024-03-09T23:28:40.701+0530][gc,phases     ] GC(7)   Other: 3.2ms
[2024-03-09T23:28:40.701+0530][gc,heap       ] GC(7) Eden regions: 45->0(45)
[2024-03-09T23:28:40.701+0530][gc,heap       ] GC(7) Survivor regions: 6->6(7)
[2024-03-09T23:28:40.701+0530][gc,heap       ] GC(7) Old regions: 11->14
[2024-03-09T23:28:40.701+0530][gc,heap       ] GC(7) Humongous regions: 129->129
[2024-03-09T23:28:40.701+0530][gc,metaspace  ] GC(7) Metaspace: 49569K(52160K)->49569K(52160K) NonClass: 43404K(44736K)->43404K(44736K) Class: 6164K(7424K)->6164K(7424K)
[2024-03-09T23:28:40.701+0530][gc            ] GC(7) Pause Young (Normal) (G1 Evacuation Pause) 190M->147M(1024M) 50.442ms
[2024-03-09T23:28:40.701+0530][gc,cpu        ] GC(7) User=0.09s Sys=0.07s Real=0.05s
[2024-03-09T23:41:10.654+0530][gc,start      ] GC(8) Pause Young (Normal) (G1 Evacuation Pause)
[2024-03-09T23:41:10.654+0530][gc,task       ] GC(8) Using 9 workers of 9 for evacuation
[2024-03-09T23:41:10.664+0530][gc,phases     ] GC(8)   Pre Evacuate Collection Set: 1.1ms
[2024-03-09T23:41:10.664+0530][gc,phases     ] GC(8)   Evacuate Collection Set: 7.1ms
[2024-03-09T23:41:10.664+0530][gc,phases     ] GC(8)   Post Evacuate Collection Set: 0.3ms
[2024-03-09T23:41:10.664+0530][gc,phases     ] GC(8)   Other: 1.0ms
[2024-03-09T23:41:10.664+0530][gc,heap       ] GC(8) Eden regions: 45->0(48)
[2024-03-09T23:41:10.664+0530][gc,heap       ] GC(8) Survivor regions: 6->3(7)
[2024-03-09T23:41:10.664+0530][gc,heap       ] GC(8) Old regions: 14->16
[2024-03-09T23:41:10.664+0530][gc,heap       ] GC(8) Humongous regions: 129->129
[2024-03-09T23:41:10.664+0530][gc,metaspace  ] GC(8) Metaspace: 50146K(52928K)->50146K(52928K) NonClass: 43870K(45248K)->43870K(45248K) Class: 6276K(7680K)->6276K(7680K)
[2024-03-09T23:41:10.664+0530][gc            ] GC(8) Pause Young (Normal) (G1 Evacuation Pause) 192M->147M(1024M) 9.686ms
[2024-03-09T23:41:10.664+0530][gc,cpu        ] GC(8) User=0.03s Sys=0.02s Real=0.01s
[2024-03-09T23:59:00.671+0530][gc,start      ] GC(9) Pause Young (Normal) (G1 Evacuation Pause)
[2024-03-09T23:59:00.672+0530][gc,task       ] GC(9) Using 9 workers of 9 for evacuation
[2024-03-09T23:59:00.721+0530][gc,mmu        ] GC(9) MMU target violated: 21.0ms (20.0ms/21.0ms)
[2024-03-09T23:59:00.721+0530][gc,phases     ] GC(9)   Pre Evacuate Collection Set: 1.8ms
[2024-03-09T23:59:00.721+0530][gc,phases     ] GC(9)   Evacuate Collection Set: 44.4ms
[2024-03-09T23:59:00.721+0530][gc,phases     ] GC(9)   Post Evacuate Collection Set: 0.5ms
[2024-03-09T23:59:00.721+0530][gc,phases     ] GC(9)   Other: 3.3ms
[2024-03-09T23:59:00.721+0530][gc,heap       ] GC(9) Eden regions: 48->0(47)
[2024-03-09T23:59:00.721+0530][gc,heap       ] GC(9) Survivor regions: 3->4(7)
[2024-03-09T23:59:00.721+0530][gc,heap       ] GC(9) Old regions: 16->16
[2024-03-09T23:59:00.721+0530][gc,heap       ] GC(9) Humongous regions: 129->129
[2024-03-09T23:59:00.721+0530][gc,metaspace  ] GC(9) Metaspace: 50465K(53184K)->50465K(53184K) NonClass: 44155K(45504K)->44155K(45504K) Class: 6310K(7680K)->6310K(7680K)
[2024-03-09T23:59:00.721+0530][gc            ] GC(9) Pause Young (Normal) (G1 Evacuation Pause) 195M->148M(1024M) 49.957ms
[2024-03-09T23:59:00.721+0530][gc,cpu        ] GC(9) User=0.04s Sys=0.08s Real=0.05s
[2024-03-10T00:11:15.644+0530][gc,start      ] GC(10) Pause Young (Normal) (G1 Evacuation Pause)
[2024-03-10T00:11:15.644+0530][gc,task       ] GC(10) Using 9 workers of 9 for evacuation
[2024-03-10T00:11:15.668+0530][gc,mmu        ] GC(10) MMU target violated: 21.0ms (20.0ms/21.0ms)
[2024-03-10T00:11:15.668+0530][gc,phases     ] GC(10)   Pre Evacuate Collection Set: 1.8ms
[2024-03-10T00:11:15.668+0530][gc,phases     ] GC(10)   Evacuate Collection Set: 20.3ms
[2024-03-10T00:11:15.668+0530][gc,phases     ] GC(10)   Post Evacuate Collection Set: 0.4ms
[2024-03-10T00:11:15.668+0530][gc,phases     ] GC(10)   Other: 2.2ms
[2024-03-10T00:11:15.668+0530][gc,heap       ] GC(10) Eden regions: 47->0(47)
[2024-03-10T00:11:15.668+0530][gc,heap       ] GC(10) Survivor regions: 4->4(7)
[2024-03-10T00:11:15.668+0530][gc,heap       ] GC(10) Old regions: 16->16
[2024-03-10T00:11:15.668+0530][gc,heap       ] GC(10) Humongous regions: 129->129
[2024-03-10T00:11:15.668+0530][gc,metaspace  ] GC(10) Metaspace: 50679K(53440K)->50679K(53440K) NonClass: 44367K(45760K)->44367K(45760K) Class: 6312K(7680K)->6312K(7680K)
[2024-03-10T00:11:15.668+0530][gc            ] GC(10) Pause Young (Normal) (G1 Evacuation Pause) 195M->148M(1024M) 24.757ms
[2024-03-10T00:11:15.668+0530][gc,cpu        ] GC(10) User=0.02s Sys=0.05s Real=0.02s
[2024-03-10T00:49:21.524+0530][gc,start      ] GC(11) Pause Young (Normal) (G1 Evacuation Pause)
[2024-03-10T00:49:21.525+0530][gc,task       ] GC(11) Using 9 workers of 9 for evacuation
[2024-03-10T00:49:21.531+0530][gc,phases     ] GC(11)   Pre Evacuate Collection Set: 0.2ms
[2024-03-10T00:49:21.531+0530][gc,phases     ] GC(11)   Evacuate Collection Set: 5.0ms
[2024-03-10T00:49:21.531+0530][gc,phases     ] GC(11)   Post Evacuate Collection Set: 0.6ms
[2024-03-10T00:49:21.531+0530][gc,phases     ] GC(11)   Other: 2.9ms
[2024-03-10T00:49:21.531+0530][gc,heap       ] GC(11) Eden regions: 47->0(47)
[2024-03-10T00:49:21.531+0530][gc,heap       ] GC(11) Survivor regions: 4->4(7)
[2024-03-10T00:49:21.531+0530][gc,heap       ] GC(11) Old regions: 16->16
[2024-03-10T00:49:21.531+0530][gc,heap       ] GC(11) Humongous regions: 129->129
[2024-03-10T00:49:21.531+0530][gc,metaspace  ] GC(11) Metaspace: 50758K(53440K)->50758K(53440K) NonClass: 44439K(45760K)->44439K(45760K) Class: 6318K(7680K)->6318K(7680K)
[2024-03-10T00:49:21.531+0530][gc            ] GC(11) Pause Young (Normal) (G1 Evacuation Pause) 195M->148M(1024M) 7.513ms
[2024-03-10T00:49:21.531+0530][gc,cpu        ] GC(11) User=0.01s Sys=0.02s Real=0.01s
[2024-03-10T01:27:21.940+0530][gc,start      ] GC(12) Pause Young (Normal) (G1 Evacuation Pause)
[2024-03-10T01:27:21.941+0530][gc,task       ] GC(12) Using 9 workers of 9 for evacuation
[2024-03-10T01:27:21.949+0530][gc,phases     ] GC(12)   Pre Evacuate Collection Set: 0.4ms
[2024-03-10T01:27:21.949+0530][gc,phases     ] GC(12)   Evacuate Collection Set: 6.8ms
[2024-03-10T01:27:21.949+0530][gc,phases     ] GC(12)   Post Evacuate Collection Set: 0.6ms
[2024-03-10T01:27:21.949+0530][gc,phases     ] GC(12)   Other: 1.8ms
[2024-03-10T01:27:21.949+0530][gc,heap       ] GC(12) Eden regions: 47->0(47)
[2024-03-10T01:27:21.949+0530][gc,heap       ] GC(12) Survivor regions: 4->4(7)
[2024-03-10T01:27:21.949+0530][gc,heap       ] GC(12) Old regions: 16->16
[2024-03-10T01:27:21.949+0530][gc,heap       ] GC(12) Humongous regions: 129->129
[2024-03-10T01:27:21.949+0530][gc,metaspace  ] GC(12) Metaspace: 50794K(53696K)->50794K(53696K) NonClass: 44476K(46016K)->44476K(46016K) Class: 6318K(7680K)->6318K(7680K)
[2024-03-10T01:27:21.949+0530][gc            ] GC(12) Pause Young (Normal) (G1 Evacuation Pause) 195M->148M(1024M) 9.537ms
[2024-03-10T01:27:21.949+0530][gc,cpu        ] GC(12) User=0.02s Sys=0.02s Real=0.00s
[2024-03-10T02:05:35.610+0530][gc,start      ] GC(13) Pause Young (Normal) (G1 Evacuation Pause)
[2024-03-10T02:05:35.611+0530][gc,task       ] GC(13) Using 9 workers of 9 for evacuation
[2024-03-10T02:05:35.622+0530][gc,phases     ] GC(13)   Pre Evacuate Collection Set: 0.2ms
[2024-03-10T02:05:35.622+0530][gc,phases     ] GC(13)   Evacuate Collection Set: 9.3ms
[2024-03-10T02:05:35.622+0530][gc,phases     ] GC(13)   Post Evacuate Collection Set: 0.9ms
[2024-03-10T02:05:35.623+0530][gc,phases     ] GC(13)   Other: 2.7ms
[2024-03-10T02:05:35.623+0530][gc,heap       ] GC(13) Eden regions: 47->0(47)
[2024-03-10T02:05:35.623+0530][gc,heap       ] GC(13) Survivor regions: 4->4(7)
[2024-03-10T02:05:35.623+0530][gc,heap       ] GC(13) Old regions: 16->16
[2024-03-10T02:05:35.623+0530][gc,heap       ] GC(13) Humongous regions: 129->129
[2024-03-10T02:05:35.623+0530][gc,metaspace  ] GC(13) Metaspace: 50796K(53696K)->50796K(53696K) NonClass: 44478K(46016K)->44478K(46016K) Class: 6318K(7680K)->6318K(7680K)
[2024-03-10T02:05:35.623+0530][gc            ] GC(13) Pause Young (Normal) (G1 Evacuation Pause) 195M->148M(1024M) 12.430ms
[2024-03-10T02:05:35.623+0530][gc,cpu        ] GC(13) User=0.02s Sys=0.02s Real=0.01s
[2024-03-10T02:44:04.132+0530][gc,start      ] GC(14) Pause Young (Normal) (G1 Evacuation Pause)
[2024-03-10T02:44:04.133+0530][gc,task       ] GC(14) Using 9 workers of 9 for evacuation
[2024-03-10T02:44:04.139+0530][gc,phases     ] GC(14)   Pre Evacuate Collection Set: 0.2ms
[2024-03-10T02:44:04.139+0530][gc,phases     ] GC(14)   Evacuate Collection Set: 4.9ms
[2024-03-10T02:44:04.139+0530][gc,phases     ] GC(14)   Post Evacuate Collection Set: 0.6ms
[2024-03-10T02:44:04.139+0530][gc,phases     ] GC(14)   Other: 3.0ms
[2024-03-10T02:44:04.140+0530][gc,heap       ] GC(14) Eden regions: 47->0(54)
[2024-03-10T02:44:04.140+0530][gc,heap       ] GC(14) Survivor regions: 4->4(7)
[2024-03-10T02:44:04.140+0530][gc,heap       ] GC(14) Old regions: 16->16
[2024-03-10T02:44:04.140+0530][gc,heap       ] GC(14) Humongous regions: 129->129
[2024-03-10T02:44:04.140+0530][gc,metaspace  ] GC(14) Metaspace: 50799K(53696K)->50799K(53696K) NonClass: 44481K(46016K)->44481K(46016K) Class: 6318K(7680K)->6318K(7680K)
[2024-03-10T02:44:04.140+0530][gc            ] GC(14) Pause Young (Normal) (G1 Evacuation Pause) 195M->148M(1024M) 7.658ms
[2024-03-10T02:44:04.140+0530][gc,cpu        ] GC(14) User=0.01s Sys=0.02s Real=0.01s
[2024-03-10T03:28:40.638+0530][gc,start      ] GC(15) Pause Young (Normal) (G1 Evacuation Pause)
[2024-03-10T03:28:40.638+0530][gc,task       ] GC(15) Using 9 workers of 9 for evacuation
[2024-03-10T03:28:40.647+0530][gc,phases     ] GC(15)   Pre Evacuate Collection Set: 1.3ms
[2024-03-10T03:28:40.647+0530][gc,phases     ] GC(15)   Evacuate Collection Set: 6.3ms
[2024-03-10T03:28:40.647+0530][gc,phases     ] GC(15)   Post Evacuate Collection Set: 0.4ms
[2024-03-10T03:28:40.647+0530][gc,phases     ] GC(15)   Other: 1.3ms
[2024-03-10T03:28:40.647+0530][gc,heap       ] GC(15) Eden regions: 54->0(59)
[2024-03-10T03:28:40.647+0530][gc,heap       ] GC(15) Survivor regions: 4->4(8)
[2024-03-10T03:28:40.647+0530][gc,heap       ] GC(15) Old regions: 16->16
[2024-03-10T03:28:40.647+0530][gc,heap       ] GC(15) Humongous regions: 129->129
[2024-03-10T03:28:40.647+0530][gc,metaspace  ] GC(15) Metaspace: 50813K(53696K)->50813K(53696K) NonClass: 44494K(46016K)->44494K(46016K) Class: 6318K(7680K)->6318K(7680K)
[2024-03-10T03:28:40.647+0530][gc            ] GC(15) Pause Young (Normal) (G1 Evacuation Pause) 202M->148M(1024M) 9.226ms
[2024-03-10T03:28:40.647+0530][gc,cpu        ] GC(15) User=0.02s Sys=0.01s Real=0.01s
[2024-03-10T04:17:30.527+0530][gc,start      ] GC(16) Pause Young (Normal) (G1 Evacuation Pause)
[2024-03-10T04:17:30.528+0530][gc,task       ] GC(16) Using 9 workers of 9 for evacuation
[2024-03-10T04:17:30.547+0530][gc,phases     ] GC(16)   Pre Evacuate Collection Set: 0.4ms
[2024-03-10T04:17:30.547+0530][gc,phases     ] GC(16)   Evacuate Collection Set: 15.4ms
[2024-03-10T04:17:30.547+0530][gc,phases     ] GC(16)   Post Evacuate Collection Set: 1.1ms
[2024-03-10T04:17:30.547+0530][gc,phases     ] GC(16)   Other: 3.4ms
[2024-03-10T04:17:30.547+0530][gc,heap       ] GC(16) Eden regions: 59->0(63)
[2024-03-10T04:17:30.547+0530][gc,heap       ] GC(16) Survivor regions: 4->4(8)
[2024-03-10T04:17:30.547+0530][gc,heap       ] GC(16) Old regions: 16->16
[2024-03-10T04:17:30.547+0530][gc,heap       ] GC(16) Humongous regions: 129->129
[2024-03-10T04:17:30.547+0530][gc,metaspace  ] GC(16) Metaspace: 50834K(53696K)->50834K(53696K) NonClass: 44516K(46016K)->44516K(46016K) Class: 6318K(7680K)->6318K(7680K)
[2024-03-10T04:17:30.547+0530][gc            ] GC(16) Pause Young (Normal) (G1 Evacuation Pause) 207M->148M(1024M) 19.595ms
[2024-03-10T04:17:30.547+0530][gc,cpu        ] GC(16) User=0.02s Sys=0.01s Real=0.02s
[2024-03-10T05:09:56.359+0530][gc,start      ] GC(17) Pause Young (Normal) (G1 Evacuation Pause)
[2024-03-10T05:09:56.360+0530][gc,task       ] GC(17) Using 9 workers of 9 for evacuation
[2024-03-10T05:09:56.377+0530][gc,phases     ] GC(17)   Pre Evacuate Collection Set: 0.4ms
[2024-03-10T05:09:56.377+0530][gc,phases     ] GC(17)   Evacuate Collection Set: 13.2ms
[2024-03-10T05:09:56.377+0530][gc,phases     ] GC(17)   Post Evacuate Collection Set: 1.0ms
[2024-03-10T05:09:56.377+0530][gc,phases     ] GC(17)   Other: 4.4ms
[2024-03-10T05:09:56.377+0530][gc,heap       ] GC(17) Eden regions: 63->0(67)
[2024-03-10T05:09:56.377+0530][gc,heap       ] GC(17) Survivor regions: 4->4(9)
[2024-03-10T05:09:56.377+0530][gc,heap       ] GC(17) Old regions: 16->16
[2024-03-10T05:09:56.377+0530][gc,heap       ] GC(17) Humongous regions: 129->129
[2024-03-10T05:09:56.377+0530][gc,metaspace  ] GC(17) Metaspace: 50838K(53696K)->50838K(53696K) NonClass: 44520K(46016K)->44520K(46016K) Class: 6318K(7680K)->6318K(7680K)
[2024-03-10T05:09:56.377+0530][gc            ] GC(17) Pause Young (Normal) (G1 Evacuation Pause) 211M->148M(1024M) 17.832ms
[2024-03-10T05:09:56.377+0530][gc,cpu        ] GC(17) User=0.02s Sys=0.01s Real=0.02s
[2024-03-10T06:05:55.712+0530][gc,start      ] GC(18) Pause Young (Normal) (G1 Evacuation Pause)
[2024-03-10T06:05:55.714+0530][gc,task       ] GC(18) Using 9 workers of 9 for evacuation
[2024-03-10T06:05:55.734+0530][gc,phases     ] GC(18)   Pre Evacuate Collection Set: 1.3ms
[2024-03-10T06:05:55.734+0530][gc,phases     ] GC(18)   Evacuate Collection Set: 16.3ms
[2024-03-10T06:05:55.734+0530][gc,phases     ] GC(18)   Post Evacuate Collection Set: 0.8ms
[2024-03-10T06:05:55.734+0530][gc,phases     ] GC(18)   Other: 3.8ms
[2024-03-10T06:05:55.734+0530][gc,heap       ] GC(18) Eden regions: 67->0(70)
[2024-03-10T06:05:55.734+0530][gc,heap       ] GC(18) Survivor regions: 4->4(9)
[2024-03-10T06:05:55.734+0530][gc,heap       ] GC(18) Old regions: 16->16
[2024-03-10T06:05:55.734+0530][gc,heap       ] GC(18) Humongous regions: 129->129
[2024-03-10T06:05:55.734+0530][gc,metaspace  ] GC(18) Metaspace: 50847K(53696K)->50847K(53696K) NonClass: 44529K(46016K)->44529K(46016K) Class: 6318K(7680K)->6318K(7680K)
[2024-03-10T06:05:55.734+0530][gc            ] GC(18) Pause Young (Normal) (G1 Evacuation Pause) 215M->148M(1024M) 21.241ms
[2024-03-10T06:05:55.734+0530][gc,cpu        ] GC(18) User=0.02s Sys=0.01s Real=0.02s
[2024-03-10T07:03:28.170+0530][gc,start      ] GC(19) Pause Young (Normal) (G1 Evacuation Pause)
[2024-03-10T07:03:28.172+0530][gc,task       ] GC(19) Using 9 workers of 9 for evacuation
[2024-03-10T07:03:28.191+0530][gc,phases     ] GC(19)   Pre Evacuate Collection Set: 0.7ms
[2024-03-10T07:03:28.191+0530][gc,phases     ] GC(19)   Evacuate Collection Set: 15.1ms
[2024-03-10T07:03:28.191+0530][gc,phases     ] GC(19)   Post Evacuate Collection Set: 1.2ms
[2024-03-10T07:03:28.191+0530][gc,phases     ] GC(19)   Other: 5.5ms
[2024-03-10T07:03:28.191+0530][gc,heap       ] GC(19) Eden regions: 69->0(70)
[2024-03-10T07:03:28.191+0530][gc,heap       ] GC(19) Survivor regions: 4->4(10)
[2024-03-10T07:03:28.191+0530][gc,heap       ] GC(19) Old regions: 16->16
[2024-03-10T07:03:28.191+0530][gc,heap       ] GC(19) Humongous regions: 129->129
[2024-03-10T07:03:28.192+0530][gc,metaspace  ] GC(19) Metaspace: 50851K(53696K)->50851K(53696K) NonClass: 44533K(46016K)->44533K(46016K) Class: 6318K(7680K)->6318K(7680K)
[2024-03-10T07:03:28.192+0530][gc            ] GC(19) Pause Young (Normal) (G1 Evacuation Pause) 217M->148M(1024M) 21.443ms
[2024-03-10T07:03:28.192+0530][gc,cpu        ] GC(19) User=0.03s Sys=0.03s Real=0.02s
[2024-03-10T08:01:46.380+0530][gc,start      ] GC(20) Pause Young (Normal) (G1 Evacuation Pause)
[2024-03-10T08:01:46.381+0530][gc,task       ] GC(20) Using 9 workers of 9 for evacuation
[2024-03-10T08:01:46.398+0530][gc,phases     ] GC(20)   Pre Evacuate Collection Set: 0.4ms
[2024-03-10T08:01:46.398+0530][gc,phases     ] GC(20)   Evacuate Collection Set: 14.7ms
[2024-03-10T08:01:46.398+0530][gc,phases     ] GC(20)   Post Evacuate Collection Set: 0.8ms
[2024-03-10T08:01:46.398+0530][gc,phases     ] GC(20)   Other: 3.5ms
[2024-03-10T08:01:46.398+0530][gc,heap       ] GC(20) Eden regions: 70->0(72)
[2024-03-10T08:01:46.398+0530][gc,heap       ] GC(20) Survivor regions: 4->4(10)
[2024-03-10T08:01:46.398+0530][gc,heap       ] GC(20) Old regions: 16->16
[2024-03-10T08:01:46.398+0530][gc,heap       ] GC(20) Humongous regions: 129->129
[2024-03-10T08:01:46.398+0530][gc,metaspace  ] GC(20) Metaspace: 50867K(53696K)->50867K(53696K) NonClass: 44548K(46016K)->44548K(46016K) Class: 6318K(7680K)->6318K(7680K)
[2024-03-10T08:01:46.398+0530][gc            ] GC(20) Pause Young (Normal) (G1 Evacuation Pause) 218M->148M(1024M) 18.522ms
[2024-03-10T08:01:46.398+0530][gc,cpu        ] GC(20) User=0.02s Sys=0.02s Real=0.02s
[2024-03-10T09:00:20.591+0530][gc,start      ] GC(21) Pause Young (Normal) (G1 Evacuation Pause)
[2024-03-10T09:00:20.592+0530][gc,task       ] GC(21) Using 9 workers of 9 for evacuation
[2024-03-10T09:00:20.614+0530][gc,mmu        ] GC(21) MMU target violated: 21.0ms (20.0ms/21.0ms)
[2024-03-10T09:00:20.614+0530][gc,phases     ] GC(21)   Pre Evacuate Collection Set: 0.5ms
[2024-03-10T09:00:20.614+0530][gc,phases     ] GC(21)   Evacuate Collection Set: 20.7ms
[2024-03-10T09:00:20.614+0530][gc,phases     ] GC(21)   Post Evacuate Collection Set: 0.6ms
[2024-03-10T09:00:20.614+0530][gc,phases     ] GC(21)   Other: 1.6ms
[2024-03-10T09:00:20.614+0530][gc,heap       ] GC(21) Eden regions: 70->0(74)
[2024-03-10T09:00:20.614+0530][gc,heap       ] GC(21) Survivor regions: 4->4(10)
[2024-03-10T09:00:20.614+0530][gc,heap       ] GC(21) Old regions: 16->16
[2024-03-10T09:00:20.614+0530][gc,heap       ] GC(21) Humongous regions: 129->129
[2024-03-10T09:00:20.614+0530][gc,metaspace  ] GC(21) Metaspace: 50868K(53696K)->50868K(53696K) NonClass: 44549K(46016K)->44549K(46016K) Class: 6318K(7680K)->6318K(7680K)
[2024-03-10T09:00:20.615+0530][gc            ] GC(21) Pause Young (Normal) (G1 Evacuation Pause) 218M->148M(1024M) 23.257ms
[2024-03-10T09:00:20.615+0530][gc,cpu        ] GC(21) User=0.02s Sys=0.02s Real=0.02s
[2024-03-10T14:34:23.638+0530][gc,start      ] GC(22) Pause Young (Normal) (G1 Evacuation Pause)
[2024-03-10T14:34:23.640+0530][gc,task       ] GC(22) Using 9 workers of 9 for evacuation
[2024-03-10T14:34:23.652+0530][gc,phases     ] GC(22)   Pre Evacuate Collection Set: 0.9ms
[2024-03-10T14:34:23.652+0530][gc,phases     ] GC(22)   Evacuate Collection Set: 9.2ms
[2024-03-10T14:34:23.652+0530][gc,phases     ] GC(22)   Post Evacuate Collection Set: 1.3ms
[2024-03-10T14:34:23.653+0530][gc,phases     ] GC(22)   Other: 3.8ms
[2024-03-10T14:34:23.653+0530][gc,heap       ] GC(22) Eden regions: 68->0(76)
[2024-03-10T14:34:23.653+0530][gc,heap       ] GC(22) Survivor regions: 4->4(9)
[2024-03-10T14:34:23.653+0530][gc,heap       ] GC(22) Old regions: 16->17
[2024-03-10T14:34:23.653+0530][gc,heap       ] GC(22) Humongous regions: 129->129
[2024-03-10T14:34:23.653+0530][gc,metaspace  ] GC(22) Metaspace: 51271K(54080K)->51271K(54080K) NonClass: 44884K(46272K)->44884K(46272K) Class: 6386K(7808K)->6386K(7808K)
[2024-03-10T14:34:23.653+0530][gc            ] GC(22) Pause Young (Normal) (G1 Evacuation Pause) 216M->148M(1024M) 14.840ms
[2024-03-10T14:34:23.653+0530][gc,cpu        ] GC(22) User=0.03s Sys=0.02s Real=0.02s
[2024-03-10T15:37:26.974+0530][gc,start      ] GC(23) Pause Young (Normal) (G1 Evacuation Pause)
[2024-03-10T15:37:26.975+0530][gc,task       ] GC(23) Using 9 workers of 9 for evacuation
[2024-03-10T15:37:26.988+0530][gc,phases     ] GC(23)   Pre Evacuate Collection Set: 1.7ms
[2024-03-10T15:37:26.988+0530][gc,phases     ] GC(23)   Evacuate Collection Set: 8.3ms
[2024-03-10T15:37:26.988+0530][gc,phases     ] GC(23)   Post Evacuate Collection Set: 1.1ms
[2024-03-10T15:37:26.988+0530][gc,phases     ] GC(23)   Other: 4.8ms
[2024-03-10T15:37:26.988+0530][gc,heap       ] GC(23) Eden regions: 76->0(84)
[2024-03-10T15:37:26.988+0530][gc,heap       ] GC(23) Survivor regions: 4->4(10)
[2024-03-10T15:37:26.988+0530][gc,heap       ] GC(23) Old regions: 17->17
[2024-03-10T15:37:26.988+0530][gc,heap       ] GC(23) Humongous regions: 129->129
[2024-03-10T15:37:26.988+0530][gc,metaspace  ] GC(23) Metaspace: 51291K(54080K)->51291K(54080K) NonClass: 44905K(46272K)->44905K(46272K) Class: 6386K(7808K)->6386K(7808K)
[2024-03-10T15:37:26.989+0530][gc            ] GC(23) Pause Young (Normal) (G1 Evacuation Pause) 224M->148M(1024M) 14.930ms
[2024-03-10T15:37:26.989+0530][gc,cpu        ] GC(23) User=0.01s Sys=0.02s Real=0.01s
[2024-03-10T16:47:36.652+0530][gc,start      ] GC(24) Pause Young (Normal) (G1 Evacuation Pause)
[2024-03-10T16:47:36.654+0530][gc,task       ] GC(24) Using 9 workers of 9 for evacuation
[2024-03-10T16:47:36.674+0530][gc,phases     ] GC(24)   Pre Evacuate Collection Set: 3.0ms
[2024-03-10T16:47:36.674+0530][gc,phases     ] GC(24)   Evacuate Collection Set: 12.0ms
[2024-03-10T16:47:36.674+0530][gc,phases     ] GC(24)   Post Evacuate Collection Set: 0.6ms
[2024-03-10T16:47:36.674+0530][gc,phases     ] GC(24)   Other: 6.9ms
[2024-03-10T16:47:36.674+0530][gc,heap       ] GC(24) Eden regions: 84->0(235)
[2024-03-10T16:47:36.674+0530][gc,heap       ] GC(24) Survivor regions: 4->3(11)
[2024-03-10T16:47:36.674+0530][gc,heap       ] GC(24) Old regions: 17->17
[2024-03-10T16:47:36.674+0530][gc,heap       ] GC(24) Humongous regions: 129->129
[2024-03-10T16:47:36.674+0530][gc,metaspace  ] GC(24) Metaspace: 51291K(54080K)->51291K(54080K) NonClass: 44905K(46272K)->44905K(46272K) Class: 6386K(7808K)->6386K(7808K)
[2024-03-10T16:47:36.674+0530][gc            ] GC(24) Pause Young (Normal) (G1 Evacuation Pause) 232M->148M(1024M) 21.843ms
[2024-03-10T16:47:36.674+0530][gc,cpu        ] GC(24) User=0.02s Sys=0.02s Real=0.02s
[2024-03-10T20:07:48.580+0530][gc,start      ] GC(25) Pause Young (Normal) (G1 Evacuation Pause)
[2024-03-10T20:07:48.582+0530][gc,task       ] GC(25) Using 9 workers of 9 for evacuation
[2024-03-10T20:07:48.608+0530][gc,mmu        ] GC(25) MMU target violated: 21.0ms (20.0ms/21.0ms)
[2024-03-10T20:07:48.608+0530][gc,phases     ] GC(25)   Pre Evacuate Collection Set: 2.0ms
[2024-03-10T20:07:48.608+0530][gc,phases     ] GC(25)   Evacuate Collection Set: 19.3ms
[2024-03-10T20:07:48.608+0530][gc,phases     ] GC(25)   Post Evacuate Collection Set: 2.1ms
[2024-03-10T20:07:48.608+0530][gc,phases     ] GC(25)   Other: 4.6ms
[2024-03-10T20:07:48.608+0530][gc,heap       ] GC(25) Eden regions: 235->0(236)
[2024-03-10T20:07:48.608+0530][gc,heap       ] GC(25) Survivor regions: 3->1(30)
[2024-03-10T20:07:48.608+0530][gc,heap       ] GC(25) Old regions: 17->20
[2024-03-10T20:07:48.608+0530][gc,heap       ] GC(25) Humongous regions: 129->129
[2024-03-10T20:07:48.608+0530][gc,metaspace  ] GC(25) Metaspace: 51301K(54080K)->51301K(54080K) NonClass: 44914K(46272K)->44914K(46272K) Class: 6386K(7808K)->6386K(7808K)
[2024-03-10T20:07:48.608+0530][gc            ] GC(25) Pause Young (Normal) (G1 Evacuation Pause) 383M->148M(1024M) 27.735ms
[2024-03-10T20:07:48.608+0530][gc,cpu        ] GC(25) User=0.01s Sys=0.04s Real=0.02s
[2024-03-10T23:29:58.500+0530][gc,start      ] GC(26) Pause Young (Normal) (G1 Evacuation Pause)
[2024-03-10T23:29:58.502+0530][gc,task       ] GC(26) Using 9 workers of 9 for evacuation
[2024-03-10T23:29:58.523+0530][gc,phases     ] GC(26)   Pre Evacuate Collection Set: 4.1ms
[2024-03-10T23:29:58.523+0530][gc,phases     ] GC(26)   Evacuate Collection Set: 11.5ms
[2024-03-10T23:29:58.523+0530][gc,phases     ] GC(26)   Post Evacuate Collection Set: 1.9ms
[2024-03-10T23:29:58.523+0530][gc,phases     ] GC(26)   Other: 6.6ms
[2024-03-10T23:29:58.523+0530][gc,heap       ] GC(26) Eden regions: 236->0(239)
[2024-03-10T23:29:58.523+0530][gc,heap       ] GC(26) Survivor regions: 1->1(30)
[2024-03-10T23:29:58.523+0530][gc,heap       ] GC(26) Old regions: 20->20
[2024-03-10T23:29:58.523+0530][gc,heap       ] GC(26) Humongous regions: 129->129
[2024-03-10T23:29:58.523+0530][gc,metaspace  ] GC(26) Metaspace: 51338K(54336K)->51338K(54336K) NonClass: 44951K(46528K)->44951K(46528K) Class: 6386K(7808K)->6386K(7808K)
[2024-03-10T23:29:58.523+0530][gc            ] GC(26) Pause Young (Normal) (G1 Evacuation Pause) 384M->148M(1024M) 23.000ms
[2024-03-10T23:29:58.523+0530][gc,cpu        ] GC(26) User=0.01s Sys=0.02s Real=0.02s
[2024-03-11T02:54:26.070+0530][gc,start      ] GC(27) Pause Young (Normal) (G1 Evacuation Pause)
[2024-03-11T02:54:26.072+0530][gc,task       ] GC(27) Using 9 workers of 9 for evacuation
[2024-03-11T02:54:26.082+0530][gc,phases     ] GC(27)   Pre Evacuate Collection Set: 0.7ms
[2024-03-11T02:54:26.082+0530][gc,phases     ] GC(27)   Evacuate Collection Set: 6.6ms
[2024-03-11T02:54:26.082+0530][gc,phases     ] GC(27)   Post Evacuate Collection Set: 1.3ms
[2024-03-11T02:54:26.083+0530][gc,phases     ] GC(27)   Other: 5.1ms
[2024-03-11T02:54:26.083+0530][gc,heap       ] GC(27) Eden regions: 239->0(245)
[2024-03-11T02:54:26.083+0530][gc,heap       ] GC(27) Survivor regions: 1->1(30)
[2024-03-11T02:54:26.083+0530][gc,heap       ] GC(27) Old regions: 20->20
[2024-03-11T02:54:26.083+0530][gc,heap       ] GC(27) Humongous regions: 129->129
[2024-03-11T02:54:26.083+0530][gc,metaspace  ] GC(27) Metaspace: 51379K(54336K)->51379K(54336K) NonClass: 44992K(46528K)->44992K(46528K) Class: 6386K(7808K)->6386K(7808K)
[2024-03-11T02:54:26.083+0530][gc            ] GC(27) Pause Young (Normal) (G1 Evacuation Pause) 387M->148M(1024M) 13.026ms
[2024-03-11T02:54:26.083+0530][gc,cpu        ] GC(27) User=0.00s Sys=0.01s Real=0.02s
[2024-03-11T10:19:37.647+0530][gc,start      ] GC(28) Pause Young (Normal) (G1 Evacuation Pause)
[2024-03-11T10:19:37.649+0530][gc,task       ] GC(28) Using 9 workers of 9 for evacuation
[2024-03-11T10:19:37.681+0530][gc,mmu        ] GC(28) MMU target violated: 21.0ms (20.0ms/21.0ms)
[2024-03-11T10:19:37.681+0530][gc,phases     ] GC(28)   Pre Evacuate Collection Set: 3.7ms
[2024-03-11T10:19:37.681+0530][gc,phases     ] GC(28)   Evacuate Collection Set: 16.6ms
[2024-03-11T10:19:37.681+0530][gc,phases     ] GC(28)   Post Evacuate Collection Set: 2.5ms
[2024-03-11T10:19:37.681+0530][gc,phases     ] GC(28)   Other: 12.9ms
[2024-03-11T10:19:37.681+0530][gc,heap       ] GC(28) Eden regions: 245->0(238)
[2024-03-11T10:19:37.681+0530][gc,heap       ] GC(28) Survivor regions: 1->1(31)
[2024-03-11T10:19:37.681+0530][gc,heap       ] GC(28) Old regions: 20->20
[2024-03-11T10:19:37.681+0530][gc,heap       ] GC(28) Humongous regions: 129->129
[2024-03-11T10:19:37.681+0530][gc,metaspace  ] GC(28) Metaspace: 51554K(54592K)->51554K(54592K) NonClass: 45167K(46784K)->45167K(46784K) Class: 6386K(7808K)->6386K(7808K)
[2024-03-11T10:19:37.681+0530][gc            ] GC(28) Pause Young (Normal) (G1 Evacuation Pause) 393M->148M(1024M) 33.919ms
[2024-03-11T10:19:37.681+0530][gc,cpu        ] GC(28) User=0.02s Sys=0.02s Real=0.04s
[2024-03-11T10:49:47.973+0530][gc,start      ] GC(29) Pause Young (Normal) (G1 Evacuation Pause)
[2024-03-11T10:49:47.975+0530][gc,task       ] GC(29) Using 9 workers of 9 for evacuation
[2024-03-11T10:49:47.999+0530][gc,mmu        ] GC(29) MMU target violated: 21.0ms (20.0ms/21.0ms)
[2024-03-11T10:49:47.999+0530][gc,phases     ] GC(29)   Pre Evacuate Collection Set: 3.5ms
[2024-03-11T10:49:47.999+0530][gc,phases     ] GC(29)   Evacuate Collection Set: 18.5ms
[2024-03-11T10:49:47.999+0530][gc,phases     ] GC(29)   Post Evacuate Collection Set: 0.6ms
[2024-03-11T10:49:47.999+0530][gc,phases     ] GC(29)   Other: 4.8ms
[2024-03-11T10:49:47.999+0530][gc,heap       ] GC(29) Eden regions: 50->0(48)
[2024-03-11T10:49:47.999+0530][gc,heap       ] GC(29) Survivor regions: 1->3(7)
[2024-03-11T10:49:47.999+0530][gc,heap       ] GC(29) Old regions: 20->20
[2024-03-11T10:49:47.999+0530][gc,heap       ] GC(29) Humongous regions: 129->129
[2024-03-11T10:49:48.000+0530][gc,metaspace  ] GC(29) Metaspace: 51701K(54592K)->51701K(54592K) NonClass: 45305K(46784K)->45305K(46784K) Class: 6396K(7808K)->6396K(7808K)
[2024-03-11T10:49:48.000+0530][gc            ] GC(29) Pause Young (Normal) (G1 Evacuation Pause) 198M->150M(1024M) 26.913ms
[2024-03-11T10:49:48.000+0530][gc,cpu        ] GC(29) User=0.02s Sys=0.03s Real=0.03s
[2024-03-11T11:02:13.549+0530][gc,start      ] GC(30) Pause Young (Normal) (G1 Evacuation Pause)
[2024-03-11T11:02:13.549+0530][gc,task       ] GC(30) Using 9 workers of 9 for evacuation
[2024-03-11T11:02:13.596+0530][gc,mmu        ] GC(30) MMU target violated: 21.0ms (20.0ms/21.0ms)
[2024-03-11T11:02:13.596+0530][gc,phases     ] GC(30)   Pre Evacuate Collection Set: 0.3ms
[2024-03-11T11:02:13.596+0530][gc,phases     ] GC(30)   Evacuate Collection Set: 45.7ms
[2024-03-11T11:02:13.596+0530][gc,phases     ] GC(30)   Post Evacuate Collection Set: 0.7ms
[2024-03-11T11:02:13.596+0530][gc,phases     ] GC(30)   Other: 0.6ms
[2024-03-11T11:02:13.596+0530][gc,heap       ] GC(30) Eden regions: 48->0(47)
[2024-03-11T11:02:13.596+0530][gc,heap       ] GC(30) Survivor regions: 3->4(7)
[2024-03-11T11:02:13.596+0530][gc,heap       ] GC(30) Old regions: 20->20
[2024-03-11T11:02:13.596+0530][gc,heap       ] GC(30) Humongous regions: 129->129
[2024-03-11T11:02:13.596+0530][gc,metaspace  ] GC(30) Metaspace: 52496K(55616K)->52496K(55616K) NonClass: 45929K(47552K)->45929K(47552K) Class: 6566K(8064K)->6566K(8064K)
[2024-03-11T11:02:13.596+0530][gc            ] GC(30) Pause Young (Normal) (G1 Evacuation Pause) 198M->151M(1024M) 47.244ms
[2024-03-11T11:02:13.596+0530][gc,cpu        ] GC(30) User=0.03s Sys=0.09s Real=0.05s
[2024-03-11T11:02:13.601+0530][gc,heap,exit  ] Heap
[2024-03-11T11:02:13.601+0530][gc,heap,exit  ]  garbage-first heap   total 1048576K, used 155404K [0x0000000780000000, 0x00000007c0000000)
[2024-03-11T11:02:13.601+0530][gc,heap,exit  ]   region size 1024K, 5 young (5120K), 4 survivors (4096K)
[2024-03-11T11:02:13.601+0530][gc,heap,exit  ]  Metaspace       used 52529K, capacity 55468K, committed 55616K, reserved 1097728K
[2024-03-11T11:02:13.601+0530][gc,heap,exit  ]   class space    used 6578K, capacity 8017K, committed 8064K, reserved 1048576K
