[2024-04-02T14:04:37.817+0530][gc,heap] Heap region size: 1M
[2024-04-02T14:04:37.819+0530][gc     ] Using G1
[2024-04-02T14:04:37.819+0530][gc,heap,coops] Heap address: 0x0000000780000000, size: 1024 MB, Compressed Oops mode: Zero based, Oop shift amount: 3
[2024-04-02T14:04:38.353+0530][gc,start     ] GC(0) Pause Young (Concurrent Start) (Metadata GC Threshold)
[2024-04-02T14:04:38.353+0530][gc,task      ] GC(0) Using 9 workers of 9 for evacuation
[2024-04-02T14:04:38.357+0530][gc,phases    ] GC(0)   Pre Evacuate Collection Set: 0.0ms
[2024-04-02T14:04:38.357+0530][gc,phases    ] GC(0)   Evacuate Collection Set: 3.5ms
[2024-04-02T14:04:38.357+0530][gc,phases    ] GC(0)   Post Evacuate Collection Set: 0.3ms
[2024-04-02T14:04:38.357+0530][gc,phases    ] GC(0)   Other: 0.4ms
[2024-04-02T14:04:38.357+0530][gc,heap      ] GC(0) Eden regions: 47->0(44)
[2024-04-02T14:04:38.357+0530][gc,heap      ] GC(0) Survivor regions: 0->7(7)
[2024-04-02T14:04:38.357+0530][gc,heap      ] GC(0) Old regions: 0->0
[2024-04-02T14:04:38.357+0530][gc,heap      ] GC(0) Humongous regions: 0->0
[2024-04-02T14:04:38.357+0530][gc,metaspace ] GC(0) Metaspace: 20752K(21248K)->20752K(21248K) NonClass: 18406K(18688K)->18406K(18688K) Class: 2346K(2560K)->2346K(2560K)
[2024-04-02T14:04:38.357+0530][gc           ] GC(0) Pause Young (Concurrent Start) (Metadata GC Threshold) 46M->6M(1024M) 4.316ms
[2024-04-02T14:04:38.357+0530][gc,cpu       ] GC(0) User=0.01s Sys=0.00s Real=0.00s
[2024-04-02T14:04:38.357+0530][gc           ] GC(1) Concurrent Cycle
[2024-04-02T14:04:38.357+0530][gc,marking   ] GC(1) Concurrent Clear Claimed Marks
[2024-04-02T14:04:38.357+0530][gc,marking   ] GC(1) Concurrent Clear Claimed Marks 0.018ms
[2024-04-02T14:04:38.357+0530][gc,marking   ] GC(1) Concurrent Scan Root Regions
[2024-04-02T14:04:38.358+0530][gc,marking   ] GC(1) Concurrent Scan Root Regions 0.957ms
[2024-04-02T14:04:38.358+0530][gc,marking   ] GC(1) Concurrent Mark (0.549s)
[2024-04-02T14:04:38.358+0530][gc,marking   ] GC(1) Concurrent Mark From Roots
[2024-04-02T14:04:38.358+0530][gc,task      ] GC(1) Using 2 workers of 2 for marking
[2024-04-02T14:04:38.359+0530][gc,marking   ] GC(1) Concurrent Mark From Roots 0.220ms
[2024-04-02T14:04:38.359+0530][gc,marking   ] GC(1) Concurrent Preclean
[2024-04-02T14:04:38.359+0530][gc,marking   ] GC(1) Concurrent Preclean 0.018ms
[2024-04-02T14:04:38.359+0530][gc,marking   ] GC(1) Concurrent Mark (0.549s, 0.549s) 0.285ms
[2024-04-02T14:04:38.359+0530][gc,start     ] GC(1) Pause Remark
[2024-04-02T14:04:38.359+0530][gc,stringtable] GC(1) Cleaned string and symbol table, strings: 7277 processed, 0 removed, symbols: 64972 processed, 28 removed
[2024-04-02T14:04:38.360+0530][gc            ] GC(1) Pause Remark 7M->7M(1024M) 0.928ms
[2024-04-02T14:04:38.360+0530][gc,cpu        ] GC(1) User=0.00s Sys=0.00s Real=0.01s
[2024-04-02T14:04:38.360+0530][gc,marking    ] GC(1) Concurrent Rebuild Remembered Sets
[2024-04-02T14:04:38.360+0530][gc,marking    ] GC(1) Concurrent Rebuild Remembered Sets 0.046ms
[2024-04-02T14:04:38.360+0530][gc,start      ] GC(1) Pause Cleanup
[2024-04-02T14:04:38.360+0530][gc            ] GC(1) Pause Cleanup 7M->7M(1024M) 0.099ms
[2024-04-02T14:04:38.360+0530][gc,cpu        ] GC(1) User=0.00s Sys=0.00s Real=0.00s
[2024-04-02T14:04:38.360+0530][gc,marking    ] GC(1) Concurrent Cleanup for Next Mark
[2024-04-02T14:04:38.362+0530][gc,marking    ] GC(1) Concurrent Cleanup for Next Mark 1.772ms
[2024-04-02T14:04:38.362+0530][gc            ] GC(1) Concurrent Cycle 4.564ms
[2024-04-02T14:04:38.812+0530][gc,start      ] GC(2) Pause Young (Normal) (G1 Evacuation Pause)
[2024-04-02T14:04:38.812+0530][gc,task       ] GC(2) Using 9 workers of 9 for evacuation
[2024-04-02T14:04:38.817+0530][gc,phases     ] GC(2)   Pre Evacuate Collection Set: 0.0ms
[2024-04-02T14:04:38.817+0530][gc,phases     ] GC(2)   Evacuate Collection Set: 4.1ms
[2024-04-02T14:04:38.817+0530][gc,phases     ] GC(2)   Post Evacuate Collection Set: 0.2ms
[2024-04-02T14:04:38.817+0530][gc,phases     ] GC(2)   Other: 0.1ms
[2024-04-02T14:04:38.817+0530][gc,heap       ] GC(2) Eden regions: 44->0(48)
[2024-04-02T14:04:38.817+0530][gc,heap       ] GC(2) Survivor regions: 7->3(7)
[2024-04-02T14:04:38.817+0530][gc,heap       ] GC(2) Old regions: 0->7
[2024-04-02T14:04:38.817+0530][gc,heap       ] GC(2) Humongous regions: 129->129
[2024-04-02T14:04:38.817+0530][gc,metaspace  ] GC(2) Metaspace: 29998K(30720K)->29998K(30720K) NonClass: 26500K(26880K)->26500K(26880K) Class: 3498K(3840K)->3498K(3840K)
[2024-04-02T14:04:38.817+0530][gc            ] GC(2) Pause Young (Normal) (G1 Evacuation Pause) 179M->137M(1024M) 4.524ms
[2024-04-02T14:04:38.817+0530][gc,cpu        ] GC(2) User=0.02s Sys=0.01s Real=0.00s
[2024-04-02T14:04:38.974+0530][gc,start      ] GC(3) Pause Young (Concurrent Start) (Metadata GC Threshold)
[2024-04-02T14:04:38.974+0530][gc,task       ] GC(3) Using 9 workers of 9 for evacuation
[2024-04-02T14:04:38.977+0530][gc,phases     ] GC(3)   Pre Evacuate Collection Set: 0.0ms
[2024-04-02T14:04:38.977+0530][gc,phases     ] GC(3)   Evacuate Collection Set: 2.8ms
[2024-04-02T14:04:38.977+0530][gc,phases     ] GC(3)   Post Evacuate Collection Set: 0.3ms
[2024-04-02T14:04:38.977+0530][gc,phases     ] GC(3)   Other: 0.1ms
[2024-04-02T14:04:38.977+0530][gc,heap       ] GC(3) Eden regions: 30->0(47)
[2024-04-02T14:04:38.977+0530][gc,heap       ] GC(3) Survivor regions: 3->4(7)
[2024-04-02T14:04:38.977+0530][gc,heap       ] GC(3) Old regions: 7->7
[2024-04-02T14:04:38.977+0530][gc,heap       ] GC(3) Humongous regions: 129->129
[2024-04-02T14:04:38.977+0530][gc,metaspace  ] GC(3) Metaspace: 34901K(35840K)->34901K(35840K) NonClass: 30961K(31488K)->30961K(31488K) Class: 3939K(4352K)->3939K(4352K)
[2024-04-02T14:04:38.977+0530][gc            ] GC(3) Pause Young (Concurrent Start) (Metadata GC Threshold) 167M->139M(1024M) 3.349ms
[2024-04-02T14:04:38.977+0530][gc,cpu        ] GC(3) User=0.01s Sys=0.00s Real=0.00s
[2024-04-02T14:04:38.977+0530][gc            ] GC(4) Concurrent Cycle
[2024-04-02T14:04:38.977+0530][gc,marking    ] GC(4) Concurrent Clear Claimed Marks
[2024-04-02T14:04:38.977+0530][gc,marking    ] GC(4) Concurrent Clear Claimed Marks 0.021ms
[2024-04-02T14:04:38.977+0530][gc,marking    ] GC(4) Concurrent Scan Root Regions
[2024-04-02T14:04:38.978+0530][gc,marking    ] GC(4) Concurrent Scan Root Regions 1.364ms
[2024-04-02T14:04:38.979+0530][gc,marking    ] GC(4) Concurrent Mark (1.169s)
[2024-04-02T14:04:38.979+0530][gc,marking    ] GC(4) Concurrent Mark From Roots
[2024-04-02T14:04:38.979+0530][gc,task       ] GC(4) Using 2 workers of 2 for marking
[2024-04-02T14:04:38.981+0530][gc,marking    ] GC(4) Concurrent Mark From Roots 2.648ms
[2024-04-02T14:04:38.981+0530][gc,marking    ] GC(4) Concurrent Preclean
[2024-04-02T14:04:38.981+0530][gc,marking    ] GC(4) Concurrent Preclean 0.036ms
[2024-04-02T14:04:38.981+0530][gc,marking    ] GC(4) Concurrent Mark (1.169s, 1.172s) 2.728ms
[2024-04-02T14:04:38.981+0530][gc,start      ] GC(4) Pause Remark
[2024-04-02T14:04:38.983+0530][gc,stringtable] GC(4) Cleaned string and symbol table, strings: 11725 processed, 8 removed, symbols: 97164 processed, 28 removed
[2024-04-02T14:04:38.983+0530][gc            ] GC(4) Pause Remark 140M->140M(1024M) 1.484ms
[2024-04-02T14:04:38.983+0530][gc,cpu        ] GC(4) User=0.02s Sys=0.00s Real=0.00s
[2024-04-02T14:04:38.983+0530][gc,marking    ] GC(4) Concurrent Rebuild Remembered Sets
[2024-04-02T14:04:38.985+0530][gc,marking    ] GC(4) Concurrent Rebuild Remembered Sets 2.064ms
[2024-04-02T14:04:38.985+0530][gc,start      ] GC(4) Pause Cleanup
[2024-04-02T14:04:38.985+0530][gc            ] GC(4) Pause Cleanup 140M->140M(1024M) 0.162ms
[2024-04-02T14:04:38.985+0530][gc,cpu        ] GC(4) User=0.00s Sys=0.00s Real=0.00s
[2024-04-02T14:04:38.985+0530][gc,marking    ] GC(4) Concurrent Cleanup for Next Mark
[2024-04-02T14:04:38.987+0530][gc,marking    ] GC(4) Concurrent Cleanup for Next Mark 1.841ms
[2024-04-02T14:04:38.987+0530][gc            ] GC(4) Concurrent Cycle 10.128ms
[2024-04-02T14:21:08.743+0530][gc,start      ] GC(5) Pause Young (Normal) (G1 Evacuation Pause)
[2024-04-02T14:21:08.744+0530][gc,task       ] GC(5) Using 9 workers of 9 for evacuation
[2024-04-02T14:21:08.779+0530][gc,mmu        ] GC(5) MMU target violated: 21.0ms (20.0ms/21.0ms)
[2024-04-02T14:21:08.779+0530][gc,phases     ] GC(5)   Pre Evacuate Collection Set: 0.2ms
[2024-04-02T14:21:08.779+0530][gc,phases     ] GC(5)   Evacuate Collection Set: 33.0ms
[2024-04-02T14:21:08.779+0530][gc,phases     ] GC(5)   Post Evacuate Collection Set: 0.7ms
[2024-04-02T14:21:08.779+0530][gc,phases     ] GC(5)   Other: 1.9ms
[2024-04-02T14:21:08.779+0530][gc,heap       ] GC(5) Eden regions: 47->0(46)
[2024-04-02T14:21:08.779+0530][gc,heap       ] GC(5) Survivor regions: 4->5(7)
[2024-04-02T14:21:08.779+0530][gc,heap       ] GC(5) Old regions: 7->9
[2024-04-02T14:21:08.779+0530][gc,heap       ] GC(5) Humongous regions: 129->129
[2024-04-02T14:21:08.779+0530][gc,metaspace  ] GC(5) Metaspace: 43140K(44608K)->43140K(44608K) NonClass: 38121K(38848K)->38121K(38848K) Class: 5019K(5760K)->5019K(5760K)
[2024-04-02T14:21:08.779+0530][gc            ] GC(5) Pause Young (Normal) (G1 Evacuation Pause) 186M->142M(1024M) 35.791ms
[2024-04-02T14:21:08.779+0530][gc,cpu        ] GC(5) User=0.02s Sys=0.07s Real=0.03s
[2024-04-02T17:12:13.661+0530][gc,start      ] GC(6) Pause Young (Normal) (G1 Evacuation Pause)
[2024-04-02T17:12:13.662+0530][gc,task       ] GC(6) Using 9 workers of 9 for evacuation
[2024-04-02T17:12:13.681+0530][gc,phases     ] GC(6)   Pre Evacuate Collection Set: 1.4ms
[2024-04-02T17:12:13.681+0530][gc,phases     ] GC(6)   Evacuate Collection Set: 15.1ms
[2024-04-02T17:12:13.681+0530][gc,phases     ] GC(6)   Post Evacuate Collection Set: 0.9ms
[2024-04-02T17:12:13.681+0530][gc,phases     ] GC(6)   Other: 3.1ms
[2024-04-02T17:12:13.681+0530][gc,heap       ] GC(6) Eden regions: 46->0(48)
[2024-04-02T17:12:13.681+0530][gc,heap       ] GC(6) Survivor regions: 5->3(7)
[2024-04-02T17:12:13.681+0530][gc,heap       ] GC(6) Old regions: 9->11
[2024-04-02T17:12:13.681+0530][gc,heap       ] GC(6) Humongous regions: 129->129
[2024-04-02T17:12:13.681+0530][gc,metaspace  ] GC(6) Metaspace: 43640K(45376K)->43640K(45376K) NonClass: 38615K(39616K)->38615K(39616K) Class: 5024K(5760K)->5024K(5760K)
[2024-04-02T17:12:13.681+0530][gc            ] GC(6) Pause Young (Normal) (G1 Evacuation Pause) 188M->142M(1024M) 19.720ms
[2024-04-02T17:12:13.681+0530][gc,cpu        ] GC(6) User=0.01s Sys=0.02s Real=0.02s
[2024-04-02T19:32:03.753+0530][gc,start      ] GC(7) Pause Young (Normal) (G1 Evacuation Pause)
[2024-04-02T19:32:03.754+0530][gc,task       ] GC(7) Using 9 workers of 9 for evacuation
[2024-04-02T19:32:03.774+0530][gc,phases     ] GC(7)   Pre Evacuate Collection Set: 2.3ms
[2024-04-02T19:32:03.774+0530][gc,phases     ] GC(7)   Evacuate Collection Set: 14.0ms
[2024-04-02T19:32:03.774+0530][gc,phases     ] GC(7)   Post Evacuate Collection Set: 1.5ms
[2024-04-02T19:32:03.774+0530][gc,phases     ] GC(7)   Other: 4.4ms
[2024-04-02T19:32:03.774+0530][gc,heap       ] GC(7) Eden regions: 48->0(48)
[2024-04-02T19:32:03.774+0530][gc,heap       ] GC(7) Survivor regions: 3->3(7)
[2024-04-02T19:32:03.774+0530][gc,heap       ] GC(7) Old regions: 11->11
[2024-04-02T19:32:03.774+0530][gc,heap       ] GC(7) Humongous regions: 129->129
[2024-04-02T19:32:03.774+0530][gc,metaspace  ] GC(7) Metaspace: 43696K(45376K)->43696K(45376K) NonClass: 38671K(39616K)->38671K(39616K) Class: 5024K(5760K)->5024K(5760K)
[2024-04-02T19:32:03.775+0530][gc            ] GC(7) Pause Young (Normal) (G1 Evacuation Pause) 190M->142M(1024M) 21.510ms
[2024-04-02T19:32:03.775+0530][gc,cpu        ] GC(7) User=0.02s Sys=0.03s Real=0.02s
[2024-04-02T22:55:30.277+0530][gc,start      ] GC(8) Pause Young (Normal) (G1 Evacuation Pause)
[2024-04-02T22:55:30.278+0530][gc,task       ] GC(8) Using 9 workers of 9 for evacuation
[2024-04-02T22:55:30.298+0530][gc,phases     ] GC(8)   Pre Evacuate Collection Set: 0.3ms
[2024-04-02T22:55:30.298+0530][gc,phases     ] GC(8)   Evacuate Collection Set: 16.7ms
[2024-04-02T22:55:30.298+0530][gc,phases     ] GC(8)   Post Evacuate Collection Set: 1.0ms
[2024-04-02T22:55:30.298+0530][gc,phases     ] GC(8)   Other: 3.9ms
[2024-04-02T22:55:30.298+0530][gc,heap       ] GC(8) Eden regions: 48->0(48)
[2024-04-02T22:55:30.298+0530][gc,heap       ] GC(8) Survivor regions: 3->3(7)
[2024-04-02T22:55:30.298+0530][gc,heap       ] GC(8) Old regions: 11->11
[2024-04-02T22:55:30.298+0530][gc,heap       ] GC(8) Humongous regions: 129->129
[2024-04-02T22:55:30.298+0530][gc,metaspace  ] GC(8) Metaspace: 43734K(45376K)->43734K(45376K) NonClass: 38710K(39616K)->38710K(39616K) Class: 5024K(5760K)->5024K(5760K)
[2024-04-02T22:55:30.298+0530][gc            ] GC(8) Pause Young (Normal) (G1 Evacuation Pause) 190M->142M(1024M) 21.104ms
[2024-04-02T22:55:30.298+0530][gc,cpu        ] GC(8) User=0.01s Sys=0.01s Real=0.02s
[2024-04-03T09:55:19.007+0530][gc,start      ] GC(9) Pause Young (Normal) (G1 Evacuation Pause)
[2024-04-03T09:55:19.008+0530][gc,task       ] GC(9) Using 9 workers of 9 for evacuation
[2024-04-03T09:55:19.029+0530][gc,mmu        ] GC(9) MMU target violated: 20.0ms (20.0ms/21.0ms)
[2024-04-03T09:55:19.029+0530][gc,phases     ] GC(9)   Pre Evacuate Collection Set: 0.4ms
[2024-04-03T09:55:19.029+0530][gc,phases     ] GC(9)   Evacuate Collection Set: 18.1ms
[2024-04-03T09:55:19.029+0530][gc,phases     ] GC(9)   Post Evacuate Collection Set: 1.2ms
[2024-04-03T09:55:19.029+0530][gc,phases     ] GC(9)   Other: 3.8ms
[2024-04-03T09:55:19.029+0530][gc,heap       ] GC(9) Eden regions: 48->0(48)
[2024-04-03T09:55:19.029+0530][gc,heap       ] GC(9) Survivor regions: 3->3(7)
[2024-04-03T09:55:19.029+0530][gc,heap       ] GC(9) Old regions: 11->11
[2024-04-03T09:55:19.029+0530][gc,heap       ] GC(9) Humongous regions: 129->129
[2024-04-03T09:55:19.029+0530][gc,metaspace  ] GC(9) Metaspace: 43774K(45376K)->43774K(45376K) NonClass: 38749K(39616K)->38749K(39616K) Class: 5025K(5760K)->5025K(5760K)
[2024-04-03T09:55:19.030+0530][gc            ] GC(9) Pause Young (Normal) (G1 Evacuation Pause) 190M->142M(1024M) 22.681ms
[2024-04-03T09:55:19.030+0530][gc,cpu        ] GC(9) User=0.02s Sys=0.01s Real=0.03s
[2024-04-03T13:22:48.945+0530][gc,start      ] GC(10) Pause Young (Normal) (G1 Evacuation Pause)
[2024-04-03T13:22:48.947+0530][gc,task       ] GC(10) Using 9 workers of 9 for evacuation
[2024-04-03T13:22:48.984+0530][gc,mmu        ] GC(10) MMU target violated: 21.0ms (20.0ms/21.0ms)
[2024-04-03T13:22:48.984+0530][gc,phases     ] GC(10)   Pre Evacuate Collection Set: 0.3ms
[2024-04-03T13:22:48.984+0530][gc,phases     ] GC(10)   Evacuate Collection Set: 23.3ms
[2024-04-03T13:22:48.984+0530][gc,phases     ] GC(10)   Post Evacuate Collection Set: 11.8ms
[2024-04-03T13:22:48.984+0530][gc,phases     ] GC(10)   Other: 4.3ms
[2024-04-03T13:22:48.984+0530][gc,heap       ] GC(10) Eden regions: 48->0(48)
[2024-04-03T13:22:48.984+0530][gc,heap       ] GC(10) Survivor regions: 3->3(7)
[2024-04-03T13:22:48.984+0530][gc,heap       ] GC(10) Old regions: 11->11
[2024-04-03T13:22:48.984+0530][gc,heap       ] GC(10) Humongous regions: 129->129
[2024-04-03T13:22:48.984+0530][gc,metaspace  ] GC(10) Metaspace: 43783K(45376K)->43783K(45376K) NonClass: 38757K(39616K)->38757K(39616K) Class: 5025K(5760K)->5025K(5760K)
[2024-04-03T13:22:48.984+0530][gc            ] GC(10) Pause Young (Normal) (G1 Evacuation Pause) 190M->142M(1024M) 39.224ms
[2024-04-03T13:22:48.984+0530][gc,cpu        ] GC(10) User=0.01s Sys=0.02s Real=0.04s
[2024-04-03T15:42:35.294+0530][gc,start      ] GC(11) Pause Young (Normal) (G1 Evacuation Pause)
[2024-04-03T15:42:35.296+0530][gc,task       ] GC(11) Using 9 workers of 9 for evacuation
[2024-04-03T15:42:35.308+0530][gc,phases     ] GC(11)   Pre Evacuate Collection Set: 0.9ms
[2024-04-03T15:42:35.309+0530][gc,phases     ] GC(11)   Evacuate Collection Set: 7.8ms
[2024-04-03T15:42:35.309+0530][gc,phases     ] GC(11)   Post Evacuate Collection Set: 2.0ms
[2024-04-03T15:42:35.309+0530][gc,phases     ] GC(11)   Other: 5.1ms
[2024-04-03T15:42:35.309+0530][gc,heap       ] GC(11) Eden regions: 48->0(49)
[2024-04-03T15:42:35.309+0530][gc,heap       ] GC(11) Survivor regions: 3->3(7)
[2024-04-03T15:42:35.309+0530][gc,heap       ] GC(11) Old regions: 11->11
[2024-04-03T15:42:35.309+0530][gc,heap       ] GC(11) Humongous regions: 129->129
[2024-04-03T15:42:35.309+0530][gc,metaspace  ] GC(11) Metaspace: 43796K(45376K)->43796K(45376K) NonClass: 38771K(39616K)->38771K(39616K) Class: 5025K(5760K)->5025K(5760K)
[2024-04-03T15:42:35.309+0530][gc            ] GC(11) Pause Young (Normal) (G1 Evacuation Pause) 190M->142M(1024M) 14.972ms
[2024-04-03T15:42:35.309+0530][gc,cpu        ] GC(11) User=0.01s Sys=0.02s Real=0.01s
[2024-04-03T20:40:15.653+0530][gc,start      ] GC(12) Pause Young (Normal) (G1 Evacuation Pause)
[2024-04-03T20:40:15.654+0530][gc,task       ] GC(12) Using 9 workers of 9 for evacuation
[2024-04-03T20:40:15.678+0530][gc,mmu        ] GC(12) MMU target violated: 21.0ms (20.0ms/21.0ms)
[2024-04-03T20:40:15.679+0530][gc,phases     ] GC(12)   Pre Evacuate Collection Set: 1.2ms
[2024-04-03T20:40:15.679+0530][gc,phases     ] GC(12)   Evacuate Collection Set: 20.0ms
[2024-04-03T20:40:15.679+0530][gc,phases     ] GC(12)   Post Evacuate Collection Set: 1.1ms
[2024-04-03T20:40:15.679+0530][gc,phases     ] GC(12)   Other: 3.7ms
[2024-04-03T20:40:15.679+0530][gc,heap       ] GC(12) Eden regions: 49->0(50)
[2024-04-03T20:40:15.679+0530][gc,heap       ] GC(12) Survivor regions: 3->3(7)
[2024-04-03T20:40:15.679+0530][gc,heap       ] GC(12) Old regions: 11->11
[2024-04-03T20:40:15.679+0530][gc,heap       ] GC(12) Humongous regions: 129->129
[2024-04-03T20:40:15.679+0530][gc,metaspace  ] GC(12) Metaspace: 43806K(45376K)->43806K(45376K) NonClass: 38781K(39616K)->38781K(39616K) Class: 5025K(5760K)->5025K(5760K)
[2024-04-03T20:40:15.679+0530][gc            ] GC(12) Pause Young (Normal) (G1 Evacuation Pause) 191M->142M(1024M) 25.722ms
[2024-04-03T20:40:15.679+0530][gc,cpu        ] GC(12) User=0.03s Sys=0.01s Real=0.02s
[2024-04-04T07:21:33.050+0530][gc,start      ] GC(13) Pause Young (Normal) (G1 Evacuation Pause)
[2024-04-04T07:21:33.051+0530][gc,task       ] GC(13) Using 9 workers of 9 for evacuation
[2024-04-04T07:21:33.073+0530][gc,mmu        ] GC(13) MMU target violated: 21.0ms (20.0ms/21.0ms)
[2024-04-04T07:21:33.073+0530][gc,phases     ] GC(13)   Pre Evacuate Collection Set: 1.4ms
[2024-04-04T07:21:33.073+0530][gc,phases     ] GC(13)   Evacuate Collection Set: 18.3ms
[2024-04-04T07:21:33.073+0530][gc,phases     ] GC(13)   Post Evacuate Collection Set: 1.3ms
[2024-04-04T07:21:33.073+0530][gc,phases     ] GC(13)   Other: 2.0ms
[2024-04-04T07:21:33.073+0530][gc,heap       ] GC(13) Eden regions: 50->0(50)
[2024-04-04T07:21:33.073+0530][gc,heap       ] GC(13) Survivor regions: 3->3(7)
[2024-04-04T07:21:33.073+0530][gc,heap       ] GC(13) Old regions: 11->11
[2024-04-04T07:21:33.073+0530][gc,heap       ] GC(13) Humongous regions: 129->129
[2024-04-04T07:21:33.073+0530][gc,metaspace  ] GC(13) Metaspace: 43831K(45376K)->43831K(45376K) NonClass: 38806K(39616K)->38806K(39616K) Class: 5025K(5760K)->5025K(5760K)
[2024-04-04T07:21:33.073+0530][gc            ] GC(13) Pause Young (Normal) (G1 Evacuation Pause) 192M->142M(1024M) 23.117ms
[2024-04-04T07:21:33.073+0530][gc,cpu        ] GC(13) User=0.02s Sys=0.03s Real=0.02s
[2024-04-04T09:46:53.406+0530][gc,start      ] GC(14) Pause Young (Normal) (G1 Evacuation Pause)
[2024-04-04T09:46:53.407+0530][gc,task       ] GC(14) Using 9 workers of 9 for evacuation
[2024-04-04T09:46:53.427+0530][gc,phases     ] GC(14)   Pre Evacuate Collection Set: 0.6ms
[2024-04-04T09:46:53.427+0530][gc,phases     ] GC(14)   Evacuate Collection Set: 13.3ms
[2024-04-04T09:46:53.427+0530][gc,phases     ] GC(14)   Post Evacuate Collection Set: 4.6ms
[2024-04-04T09:46:53.427+0530][gc,phases     ] GC(14)   Other: 3.7ms
[2024-04-04T09:46:53.427+0530][gc,heap       ] GC(14) Eden regions: 50->0(51)
[2024-04-04T09:46:53.427+0530][gc,heap       ] GC(14) Survivor regions: 3->3(7)
[2024-04-04T09:46:53.427+0530][gc,heap       ] GC(14) Old regions: 11->11
[2024-04-04T09:46:53.427+0530][gc,heap       ] GC(14) Humongous regions: 129->129
[2024-04-04T09:46:53.427+0530][gc,metaspace  ] GC(14) Metaspace: 43878K(45376K)->43878K(45376K) NonClass: 38853K(39616K)->38853K(39616K) Class: 5025K(5760K)->5025K(5760K)
[2024-04-04T09:46:53.427+0530][gc            ] GC(14) Pause Young (Normal) (G1 Evacuation Pause) 192M->142M(1024M) 21.458ms
[2024-04-04T09:46:53.427+0530][gc,cpu        ] GC(14) User=0.02s Sys=0.02s Real=0.02s
[2024-04-04T12:14:23.496+0530][gc,start      ] GC(15) Pause Young (Normal) (G1 Evacuation Pause)
[2024-04-04T12:14:23.500+0530][gc,task       ] GC(15) Using 9 workers of 9 for evacuation
[2024-04-04T12:14:23.515+0530][gc,phases     ] GC(15)   Pre Evacuate Collection Set: 0.6ms
[2024-04-04T12:14:23.515+0530][gc,phases     ] GC(15)   Evacuate Collection Set: 13.4ms
[2024-04-04T12:14:23.515+0530][gc,phases     ] GC(15)   Post Evacuate Collection Set: 0.9ms
[2024-04-04T12:14:23.515+0530][gc,phases     ] GC(15)   Other: 4.1ms
[2024-04-04T12:14:23.515+0530][gc,heap       ] GC(15) Eden regions: 51->0(53)
[2024-04-04T12:14:23.515+0530][gc,heap       ] GC(15) Survivor regions: 3->3(7)
[2024-04-04T12:14:23.515+0530][gc,heap       ] GC(15) Old regions: 11->11
[2024-04-04T12:14:23.515+0530][gc,heap       ] GC(15) Humongous regions: 129->129
[2024-04-04T12:14:23.515+0530][gc,metaspace  ] GC(15) Metaspace: 43892K(45376K)->43892K(45376K) NonClass: 38867K(39616K)->38867K(39616K) Class: 5025K(5760K)->5025K(5760K)
[2024-04-04T12:14:23.515+0530][gc            ] GC(15) Pause Young (Normal) (G1 Evacuation Pause) 193M->142M(1024M) 18.963ms
[2024-04-04T12:14:23.516+0530][gc,cpu        ] GC(15) User=0.02s Sys=0.02s Real=0.02s
[2024-04-04T14:49:31.416+0530][gc,start      ] GC(16) Pause Young (Normal) (G1 Evacuation Pause)
[2024-04-04T14:49:31.417+0530][gc,task       ] GC(16) Using 9 workers of 9 for evacuation
[2024-04-04T14:49:31.453+0530][gc,mmu        ] GC(16) MMU target violated: 21.0ms (20.0ms/21.0ms)
[2024-04-04T14:49:31.453+0530][gc,phases     ] GC(16)   Pre Evacuate Collection Set: 0.2ms
[2024-04-04T14:49:31.453+0530][gc,phases     ] GC(16)   Evacuate Collection Set: 16.1ms
[2024-04-04T14:49:31.453+0530][gc,phases     ] GC(16)   Post Evacuate Collection Set: 18.5ms
[2024-04-04T14:49:31.453+0530][gc,phases     ] GC(16)   Other: 3.5ms
[2024-04-04T14:49:31.453+0530][gc,heap       ] GC(16) Eden regions: 53->0(48)
[2024-04-04T14:49:31.453+0530][gc,heap       ] GC(16) Survivor regions: 3->3(7)
[2024-04-04T14:49:31.453+0530][gc,heap       ] GC(16) Old regions: 11->11
[2024-04-04T14:49:31.453+0530][gc,heap       ] GC(16) Humongous regions: 129->129
[2024-04-04T14:49:31.454+0530][gc,metaspace  ] GC(16) Metaspace: 43894K(45376K)->43894K(45376K) NonClass: 38869K(39616K)->38869K(39616K) Class: 5025K(5760K)->5025K(5760K)
[2024-04-04T14:49:31.454+0530][gc            ] GC(16) Pause Young (Normal) (G1 Evacuation Pause) 195M->142M(1024M) 37.896ms
[2024-04-04T14:49:31.454+0530][gc,cpu        ] GC(16) User=0.01s Sys=0.01s Real=0.04s
