[2024-03-05T22:15:49.654+0530][gc,heap] Heap region size: 1M
[2024-03-05T22:15:49.656+0530][gc     ] Using G1
[2024-03-05T22:15:49.656+0530][gc,heap,coops] Heap address: 0x0000000780000000, size: 1024 MB, Compressed Oops mode: Zero based, Oop shift amount: 3
[2024-03-05T22:15:50.208+0530][gc,start     ] GC(0) Pause Young (Concurrent Start) (Metadata GC Threshold)
[2024-03-05T22:15:50.209+0530][gc,task      ] GC(0) Using 9 workers of 9 for evacuation
[2024-03-05T22:15:50.214+0530][gc,phases    ] GC(0)   Pre Evacuate Collection Set: 0.0ms
[2024-03-05T22:15:50.214+0530][gc,phases    ] GC(0)   Evacuate Collection Set: 4.1ms
[2024-03-05T22:15:50.214+0530][gc,phases    ] GC(0)   Post Evacuate Collection Set: 0.2ms
[2024-03-05T22:15:50.214+0530][gc,phases    ] GC(0)   Other: 1.3ms
[2024-03-05T22:15:50.214+0530][gc,heap      ] GC(0) Eden regions: 46->0(44)
[2024-03-05T22:15:50.214+0530][gc,heap      ] GC(0) Survivor regions: 0->7(7)
[2024-03-05T22:15:50.214+0530][gc,heap      ] GC(0) Old regions: 0->1
[2024-03-05T22:15:50.214+0530][gc,heap      ] GC(0) Humongous regions: 0->0
[2024-03-05T22:15:50.214+0530][gc,metaspace ] GC(0) Metaspace: 20743K(21248K)->20743K(21248K) NonClass: 18397K(18688K)->18397K(18688K) Class: 2346K(2560K)->2346K(2560K)
[2024-03-05T22:15:50.214+0530][gc           ] GC(0) Pause Young (Concurrent Start) (Metadata GC Threshold) 46M->7M(1024M) 5.759ms
[2024-03-05T22:15:50.214+0530][gc,cpu       ] GC(0) User=0.01s Sys=0.00s Real=0.01s
[2024-03-05T22:15:50.214+0530][gc           ] GC(1) Concurrent Cycle
[2024-03-05T22:15:50.214+0530][gc,marking   ] GC(1) Concurrent Clear Claimed Marks
[2024-03-05T22:15:50.214+0530][gc,marking   ] GC(1) Concurrent Clear Claimed Marks 0.018ms
[2024-03-05T22:15:50.214+0530][gc,marking   ] GC(1) Concurrent Scan Root Regions
[2024-03-05T22:15:50.215+0530][gc,marking   ] GC(1) Concurrent Scan Root Regions 1.021ms
[2024-03-05T22:15:50.215+0530][gc,marking   ] GC(1) Concurrent Mark (0.567s)
[2024-03-05T22:15:50.215+0530][gc,marking   ] GC(1) Concurrent Mark From Roots
[2024-03-05T22:15:50.215+0530][gc,task      ] GC(1) Using 2 workers of 2 for marking
[2024-03-05T22:15:50.215+0530][gc,marking   ] GC(1) Concurrent Mark From Roots 0.159ms
[2024-03-05T22:15:50.215+0530][gc,marking   ] GC(1) Concurrent Preclean
[2024-03-05T22:15:50.215+0530][gc,marking   ] GC(1) Concurrent Preclean 0.026ms
[2024-03-05T22:15:50.215+0530][gc,marking   ] GC(1) Concurrent Mark (0.567s, 0.567s) 0.216ms
[2024-03-05T22:15:50.215+0530][gc,start     ] GC(1) Pause Remark
[2024-03-05T22:15:50.217+0530][gc,stringtable] GC(1) Cleaned string and symbol table, strings: 7265 processed, 0 removed, symbols: 64971 processed, 28 removed
[2024-03-05T22:15:50.217+0530][gc            ] GC(1) Pause Remark 7M->7M(1024M) 1.329ms
[2024-03-05T22:15:50.217+0530][gc,cpu        ] GC(1) User=0.01s Sys=0.00s Real=0.00s
[2024-03-05T22:15:50.217+0530][gc,marking    ] GC(1) Concurrent Rebuild Remembered Sets
[2024-03-05T22:15:50.217+0530][gc,marking    ] GC(1) Concurrent Rebuild Remembered Sets 0.057ms
[2024-03-05T22:15:50.217+0530][gc,start      ] GC(1) Pause Cleanup
[2024-03-05T22:15:50.217+0530][gc            ] GC(1) Pause Cleanup 7M->7M(1024M) 0.107ms
[2024-03-05T22:15:50.217+0530][gc,cpu        ] GC(1) User=0.00s Sys=0.00s Real=0.00s
[2024-03-05T22:15:50.217+0530][gc,marking    ] GC(1) Concurrent Cleanup for Next Mark
[2024-03-05T22:15:50.219+0530][gc,marking    ] GC(1) Concurrent Cleanup for Next Mark 1.708ms
[2024-03-05T22:15:50.219+0530][gc            ] GC(1) Concurrent Cycle 4.840ms
[2024-03-05T22:15:50.734+0530][gc,start      ] GC(2) Pause Young (Normal) (G1 Evacuation Pause)
[2024-03-05T22:15:50.734+0530][gc,task       ] GC(2) Using 9 workers of 9 for evacuation
[2024-03-05T22:15:50.738+0530][gc,phases     ] GC(2)   Pre Evacuate Collection Set: 0.0ms
[2024-03-05T22:15:50.738+0530][gc,phases     ] GC(2)   Evacuate Collection Set: 3.8ms
[2024-03-05T22:15:50.738+0530][gc,phases     ] GC(2)   Post Evacuate Collection Set: 0.2ms
[2024-03-05T22:15:50.738+0530][gc,phases     ] GC(2)   Other: 0.1ms
[2024-03-05T22:15:50.738+0530][gc,heap       ] GC(2) Eden regions: 44->0(48)
[2024-03-05T22:15:50.738+0530][gc,heap       ] GC(2) Survivor regions: 7->3(7)
[2024-03-05T22:15:50.738+0530][gc,heap       ] GC(2) Old regions: 1->7
[2024-03-05T22:15:50.738+0530][gc,heap       ] GC(2) Humongous regions: 129->129
[2024-03-05T22:15:50.738+0530][gc,metaspace  ] GC(2) Metaspace: 30139K(31104K)->30139K(31104K) NonClass: 26635K(27136K)->26635K(27136K) Class: 3504K(3968K)->3504K(3968K)
[2024-03-05T22:15:50.738+0530][gc            ] GC(2) Pause Young (Normal) (G1 Evacuation Pause) 180M->137M(1024M) 4.203ms
[2024-03-05T22:15:50.738+0530][gc,cpu        ] GC(2) User=0.02s Sys=0.00s Real=0.00s
[2024-03-05T22:15:50.914+0530][gc,start      ] GC(3) Pause Young (Concurrent Start) (Metadata GC Threshold)
[2024-03-05T22:15:50.915+0530][gc,task       ] GC(3) Using 9 workers of 9 for evacuation
[2024-03-05T22:15:50.919+0530][gc,phases     ] GC(3)   Pre Evacuate Collection Set: 0.0ms
[2024-03-05T22:15:50.919+0530][gc,phases     ] GC(3)   Evacuate Collection Set: 2.0ms
[2024-03-05T22:15:50.919+0530][gc,phases     ] GC(3)   Post Evacuate Collection Set: 0.2ms
[2024-03-05T22:15:50.919+0530][gc,phases     ] GC(3)   Other: 3.2ms
[2024-03-05T22:15:50.919+0530][gc,heap       ] GC(3) Eden regions: 29->0(47)
[2024-03-05T22:15:50.919+0530][gc,heap       ] GC(3) Survivor regions: 3->4(7)
[2024-03-05T22:15:50.919+0530][gc,heap       ] GC(3) Old regions: 7->7
[2024-03-05T22:15:50.919+0530][gc,heap       ] GC(3) Humongous regions: 129->129
[2024-03-05T22:15:50.919+0530][gc,metaspace  ] GC(3) Metaspace: 34878K(35840K)->34878K(35840K) NonClass: 30938K(31488K)->30938K(31488K) Class: 3939K(4352K)->3939K(4352K)
[2024-03-05T22:15:50.919+0530][gc            ] GC(3) Pause Young (Concurrent Start) (Metadata GC Threshold) 166M->139M(1024M) 5.440ms
[2024-03-05T22:15:50.919+0530][gc,cpu        ] GC(3) User=0.01s Sys=0.00s Real=0.00s
[2024-03-05T22:15:50.919+0530][gc            ] GC(4) Concurrent Cycle
[2024-03-05T22:15:50.919+0530][gc,marking    ] GC(4) Concurrent Clear Claimed Marks
[2024-03-05T22:15:50.919+0530][gc,marking    ] GC(4) Concurrent Clear Claimed Marks 0.014ms
[2024-03-05T22:15:50.919+0530][gc,marking    ] GC(4) Concurrent Scan Root Regions
[2024-03-05T22:15:50.920+0530][gc,marking    ] GC(4) Concurrent Scan Root Regions 0.978ms
[2024-03-05T22:15:50.920+0530][gc,marking    ] GC(4) Concurrent Mark (1.272s)
[2024-03-05T22:15:50.920+0530][gc,marking    ] GC(4) Concurrent Mark From Roots
[2024-03-05T22:15:50.920+0530][gc,task       ] GC(4) Using 2 workers of 2 for marking
[2024-03-05T22:15:50.923+0530][gc,marking    ] GC(4) Concurrent Mark From Roots 2.234ms
[2024-03-05T22:15:50.923+0530][gc,marking    ] GC(4) Concurrent Preclean
[2024-03-05T22:15:50.923+0530][gc,marking    ] GC(4) Concurrent Preclean 0.038ms
[2024-03-05T22:15:50.923+0530][gc,marking    ] GC(4) Concurrent Mark (1.272s, 1.274s) 2.294ms
[2024-03-05T22:15:50.923+0530][gc,start      ] GC(4) Pause Remark
[2024-03-05T22:15:50.924+0530][gc,stringtable] GC(4) Cleaned string and symbol table, strings: 11720 processed, 8 removed, symbols: 97179 processed, 28 removed
[2024-03-05T22:15:50.924+0530][gc            ] GC(4) Pause Remark 139M->139M(1024M) 1.177ms
[2024-03-05T22:15:50.924+0530][gc,cpu        ] GC(4) User=0.01s Sys=0.00s Real=0.00s
[2024-03-05T22:15:50.924+0530][gc,marking    ] GC(4) Concurrent Rebuild Remembered Sets
[2024-03-05T22:15:50.926+0530][gc,marking    ] GC(4) Concurrent Rebuild Remembered Sets 1.928ms
[2024-03-05T22:15:50.926+0530][gc,start      ] GC(4) Pause Cleanup
[2024-03-05T22:15:50.926+0530][gc            ] GC(4) Pause Cleanup 140M->140M(1024M) 0.142ms
[2024-03-05T22:15:50.926+0530][gc,cpu        ] GC(4) User=0.00s Sys=0.00s Real=0.00s
[2024-03-05T22:15:50.926+0530][gc,marking    ] GC(4) Concurrent Cleanup for Next Mark
[2024-03-05T22:15:50.928+0530][gc,marking    ] GC(4) Concurrent Cleanup for Next Mark 1.642ms
[2024-03-05T22:15:50.928+0530][gc            ] GC(4) Concurrent Cycle 8.712ms
[2024-03-05T22:16:09.316+0530][gc,start      ] GC(5) Pause Young (Normal) (G1 Evacuation Pause)
[2024-03-05T22:16:09.316+0530][gc,task       ] GC(5) Using 9 workers of 9 for evacuation
[2024-03-05T22:16:09.325+0530][gc,phases     ] GC(5)   Pre Evacuate Collection Set: 0.2ms
[2024-03-05T22:16:09.325+0530][gc,phases     ] GC(5)   Evacuate Collection Set: 8.0ms
[2024-03-05T22:16:09.325+0530][gc,phases     ] GC(5)   Post Evacuate Collection Set: 0.3ms
[2024-03-05T22:16:09.325+0530][gc,phases     ] GC(5)   Other: 0.2ms
[2024-03-05T22:16:09.325+0530][gc,heap       ] GC(5) Eden regions: 47->0(45)
[2024-03-05T22:16:09.325+0530][gc,heap       ] GC(5) Survivor regions: 4->6(7)
[2024-03-05T22:16:09.325+0530][gc,heap       ] GC(5) Old regions: 7->9
[2024-03-05T22:16:09.325+0530][gc,heap       ] GC(5) Humongous regions: 129->129
[2024-03-05T22:16:09.325+0530][gc,metaspace  ] GC(5) Metaspace: 43764K(45632K)->43764K(45632K) NonClass: 38432K(39360K)->38432K(39360K) Class: 5332K(6272K)->5332K(6272K)
[2024-03-05T22:16:09.325+0530][gc            ] GC(5) Pause Young (Normal) (G1 Evacuation Pause) 186M->142M(1024M) 8.721ms
[2024-03-05T22:16:09.325+0530][gc,cpu        ] GC(5) User=0.02s Sys=0.03s Real=0.01s
[2024-03-05T22:28:08.074+0530][gc,heap,exit  ] Heap
[2024-03-05T22:28:08.074+0530][gc,heap,exit  ]  garbage-first heap   total 1048576K, used 172462K [0x0000000780000000, 0x00000007c0000000)
[2024-03-05T22:28:08.074+0530][gc,heap,exit  ]   region size 1024K, 34 young (34816K), 6 survivors (6144K)
[2024-03-05T22:28:08.074+0530][gc,heap,exit  ]  Metaspace       used 46852K, capacity 49123K, committed 49344K, reserved 1091584K
[2024-03-05T22:28:08.074+0530][gc,heap,exit  ]   class space    used 5967K, capacity 7109K, committed 7168K, reserved 1048576K
