[2024-03-28T16:08:07.346+0530][gc,heap] Heap region size: 1M
[2024-03-28T16:08:07.349+0530][gc     ] Using G1
[2024-03-28T16:08:07.349+0530][gc,heap,coops] Heap address: 0x0000000780000000, size: 1024 MB, Compressed Oops mode: Zero based, Oop shift amount: 3
[2024-03-28T16:08:07.841+0530][gc,start     ] GC(0) Pause Young (Concurrent Start) (Metadata GC Threshold)
[2024-03-28T16:08:07.842+0530][gc,task      ] GC(0) Using 9 workers of 9 for evacuation
[2024-03-28T16:08:07.851+0530][gc,phases    ] GC(0)   Pre Evacuate Collection Set: 0.0ms
[2024-03-28T16:08:07.851+0530][gc,phases    ] GC(0)   Evacuate Collection Set: 8.5ms
[2024-03-28T16:08:07.851+0530][gc,phases    ] GC(0)   Post Evacuate Collection Set: 0.3ms
[2024-03-28T16:08:07.851+0530][gc,phases    ] GC(0)   Other: 0.4ms
[2024-03-28T16:08:07.851+0530][gc,heap      ] GC(0) Eden regions: 46->0(44)
[2024-03-28T16:08:07.851+0530][gc,heap      ] GC(0) Survivor regions: 0->7(7)
[2024-03-28T16:08:07.851+0530][gc,heap      ] GC(0) Old regions: 0->0
[2024-03-28T16:08:07.851+0530][gc,heap      ] GC(0) Humongous regions: 0->0
[2024-03-28T16:08:07.851+0530][gc,metaspace ] GC(0) Metaspace: 20668K(21248K)->20668K(21248K) NonClass: 18332K(18688K)->18332K(18688K) Class: 2335K(2560K)->2335K(2560K)
[2024-03-28T16:08:07.851+0530][gc           ] GC(0) Pause Young (Concurrent Start) (Metadata GC Threshold) 45M->6M(1024M) 9.234ms
[2024-03-28T16:08:07.851+0530][gc,cpu       ] GC(0) User=0.02s Sys=0.01s Real=0.01s
[2024-03-28T16:08:07.851+0530][gc           ] GC(1) Concurrent Cycle
[2024-03-28T16:08:07.851+0530][gc,marking   ] GC(1) Concurrent Clear Claimed Marks
[2024-03-28T16:08:07.851+0530][gc,marking   ] GC(1) Concurrent Clear Claimed Marks 0.011ms
[2024-03-28T16:08:07.851+0530][gc,marking   ] GC(1) Concurrent Scan Root Regions
[2024-03-28T16:08:07.852+0530][gc,marking   ] GC(1) Concurrent Scan Root Regions 0.914ms
[2024-03-28T16:08:07.852+0530][gc,marking   ] GC(1) Concurrent Mark (0.511s)
[2024-03-28T16:08:07.852+0530][gc,marking   ] GC(1) Concurrent Mark From Roots
[2024-03-28T16:08:07.852+0530][gc,task      ] GC(1) Using 2 workers of 2 for marking
[2024-03-28T16:08:07.852+0530][gc,marking   ] GC(1) Concurrent Mark From Roots 0.231ms
[2024-03-28T16:08:07.852+0530][gc,marking   ] GC(1) Concurrent Preclean
[2024-03-28T16:08:07.852+0530][gc,marking   ] GC(1) Concurrent Preclean 0.017ms
[2024-03-28T16:08:07.852+0530][gc,marking   ] GC(1) Concurrent Mark (0.511s, 0.511s) 0.280ms
[2024-03-28T16:08:07.852+0530][gc,start     ] GC(1) Pause Remark
[2024-03-28T16:08:07.853+0530][gc,stringtable] GC(1) Cleaned string and symbol table, strings: 7264 processed, 0 removed, symbols: 64044 processed, 28 removed
[2024-03-28T16:08:07.853+0530][gc            ] GC(1) Pause Remark 7M->7M(1024M) 0.871ms
[2024-03-28T16:08:07.853+0530][gc,cpu        ] GC(1) User=0.00s Sys=0.00s Real=0.00s
[2024-03-28T16:08:07.853+0530][gc,marking    ] GC(1) Concurrent Rebuild Remembered Sets
[2024-03-28T16:08:07.853+0530][gc,marking    ] GC(1) Concurrent Rebuild Remembered Sets 0.049ms
[2024-03-28T16:08:07.853+0530][gc,start      ] GC(1) Pause Cleanup
[2024-03-28T16:08:07.853+0530][gc            ] GC(1) Pause Cleanup 7M->7M(1024M) 0.099ms
[2024-03-28T16:08:07.853+0530][gc,cpu        ] GC(1) User=0.00s Sys=0.00s Real=0.00s
[2024-03-28T16:08:07.853+0530][gc,marking    ] GC(1) Concurrent Cleanup for Next Mark
[2024-03-28T16:08:07.854+0530][gc,marking    ] GC(1) Concurrent Cleanup for Next Mark 1.389ms
[2024-03-28T16:08:07.854+0530][gc            ] GC(1) Concurrent Cycle 3.848ms
[2024-03-28T16:08:08.287+0530][gc,start      ] GC(2) Pause Young (Normal) (G1 Evacuation Pause)
[2024-03-28T16:08:08.287+0530][gc,task       ] GC(2) Using 9 workers of 9 for evacuation
[2024-03-28T16:08:08.291+0530][gc,phases     ] GC(2)   Pre Evacuate Collection Set: 0.0ms
[2024-03-28T16:08:08.291+0530][gc,phases     ] GC(2)   Evacuate Collection Set: 4.3ms
[2024-03-28T16:08:08.291+0530][gc,phases     ] GC(2)   Post Evacuate Collection Set: 0.3ms
[2024-03-28T16:08:08.292+0530][gc,phases     ] GC(2)   Other: 0.1ms
[2024-03-28T16:08:08.292+0530][gc,heap       ] GC(2) Eden regions: 44->0(48)
[2024-03-28T16:08:08.292+0530][gc,heap       ] GC(2) Survivor regions: 7->3(7)
[2024-03-28T16:08:08.292+0530][gc,heap       ] GC(2) Old regions: 0->7
[2024-03-28T16:08:08.292+0530][gc,heap       ] GC(2) Humongous regions: 129->129
[2024-03-28T16:08:08.292+0530][gc,metaspace  ] GC(2) Metaspace: 29977K(30848K)->29977K(30848K) NonClass: 26446K(26880K)->26446K(26880K) Class: 3531K(3968K)->3531K(3968K)
[2024-03-28T16:08:08.292+0530][gc            ] GC(2) Pause Young (Normal) (G1 Evacuation Pause) 179M->138M(1024M) 4.781ms
[2024-03-28T16:08:08.292+0530][gc,cpu        ] GC(2) User=0.03s Sys=0.00s Real=0.01s
[2024-03-28T16:08:08.432+0530][gc,start      ] GC(3) Pause Young (Concurrent Start) (Metadata GC Threshold)
[2024-03-28T16:08:08.432+0530][gc,task       ] GC(3) Using 9 workers of 9 for evacuation
[2024-03-28T16:08:08.437+0530][gc,phases     ] GC(3)   Pre Evacuate Collection Set: 0.0ms
[2024-03-28T16:08:08.437+0530][gc,phases     ] GC(3)   Evacuate Collection Set: 4.7ms
[2024-03-28T16:08:08.437+0530][gc,phases     ] GC(3)   Post Evacuate Collection Set: 0.2ms
[2024-03-28T16:08:08.437+0530][gc,phases     ] GC(3)   Other: 0.1ms
[2024-03-28T16:08:08.437+0530][gc,heap       ] GC(3) Eden regions: 26->0(47)
[2024-03-28T16:08:08.437+0530][gc,heap       ] GC(3) Survivor regions: 3->4(7)
[2024-03-28T16:08:08.437+0530][gc,heap       ] GC(3) Old regions: 7->7
[2024-03-28T16:08:08.437+0530][gc,heap       ] GC(3) Humongous regions: 129->129
[2024-03-28T16:08:08.437+0530][gc,metaspace  ] GC(3) Metaspace: 34816K(35840K)->34816K(35840K) NonClass: 30833K(31360K)->30833K(31360K) Class: 3983K(4480K)->3983K(4480K)
[2024-03-28T16:08:08.437+0530][gc            ] GC(3) Pause Young (Concurrent Start) (Metadata GC Threshold) 164M->138M(1024M) 5.069ms
[2024-03-28T16:08:08.437+0530][gc,cpu        ] GC(3) User=0.01s Sys=0.00s Real=0.00s
[2024-03-28T16:08:08.437+0530][gc            ] GC(4) Concurrent Cycle
[2024-03-28T16:08:08.437+0530][gc,marking    ] GC(4) Concurrent Clear Claimed Marks
[2024-03-28T16:08:08.438+0530][gc,marking    ] GC(4) Concurrent Clear Claimed Marks 0.016ms
[2024-03-28T16:08:08.438+0530][gc,marking    ] GC(4) Concurrent Scan Root Regions
[2024-03-28T16:08:08.438+0530][gc,marking    ] GC(4) Concurrent Scan Root Regions 0.743ms
[2024-03-28T16:08:08.438+0530][gc,marking    ] GC(4) Concurrent Mark (1.098s)
[2024-03-28T16:08:08.438+0530][gc,marking    ] GC(4) Concurrent Mark From Roots
[2024-03-28T16:08:08.438+0530][gc,task       ] GC(4) Using 2 workers of 2 for marking
[2024-03-28T16:08:08.441+0530][gc,marking    ] GC(4) Concurrent Mark From Roots 2.926ms
[2024-03-28T16:08:08.441+0530][gc,marking    ] GC(4) Concurrent Preclean
[2024-03-28T16:08:08.441+0530][gc,marking    ] GC(4) Concurrent Preclean 0.032ms
[2024-03-28T16:08:08.441+0530][gc,marking    ] GC(4) Concurrent Mark (1.098s, 1.101s) 2.982ms
[2024-03-28T16:08:08.441+0530][gc,start      ] GC(4) Pause Remark
[2024-03-28T16:08:08.442+0530][gc,stringtable] GC(4) Cleaned string and symbol table, strings: 11326 processed, 9 removed, symbols: 96764 processed, 26 removed
[2024-03-28T16:08:08.442+0530][gc            ] GC(4) Pause Remark 139M->139M(1024M) 1.084ms
[2024-03-28T16:08:08.442+0530][gc,cpu        ] GC(4) User=0.01s Sys=0.00s Real=0.00s
[2024-03-28T16:08:08.442+0530][gc,marking    ] GC(4) Concurrent Rebuild Remembered Sets
[2024-03-28T16:08:08.444+0530][gc,marking    ] GC(4) Concurrent Rebuild Remembered Sets 1.785ms
[2024-03-28T16:08:08.444+0530][gc,start      ] GC(4) Pause Cleanup
[2024-03-28T16:08:08.444+0530][gc            ] GC(4) Pause Cleanup 139M->139M(1024M) 0.106ms
[2024-03-28T16:08:08.444+0530][gc,cpu        ] GC(4) User=0.00s Sys=0.00s Real=0.00s
[2024-03-28T16:08:08.445+0530][gc,marking    ] GC(4) Concurrent Cleanup for Next Mark
[2024-03-28T16:08:08.446+0530][gc,marking    ] GC(4) Concurrent Cleanup for Next Mark 1.508ms
[2024-03-28T16:08:08.446+0530][gc            ] GC(4) Concurrent Cycle 8.589ms
[2024-03-28T16:08:13.225+0530][gc,heap,exit  ] Heap
[2024-03-28T16:08:13.225+0530][gc,heap,exit  ]  garbage-first heap   total 1048576K, used 167897K [0x0000000780000000, 0x00000007c0000000)
[2024-03-28T16:08:13.225+0530][gc,heap,exit  ]   region size 1024K, 30 young (30720K), 4 survivors (4096K)
[2024-03-28T16:08:13.225+0530][gc,heap,exit  ]  Metaspace       used 38159K, capacity 39339K, committed 39680K, reserved 1083392K
[2024-03-28T16:08:13.225+0530][gc,heap,exit  ]   class space    used 4469K, capacity 5028K, committed 5120K, reserved 1048576K
