[2024-03-21T11:15:04.469+0530][gc,heap] Heap region size: 1M
[2024-03-21T11:15:04.472+0530][gc     ] Using G1
[2024-03-21T11:15:04.472+0530][gc,heap,coops] Heap address: 0x0000000780000000, size: 1024 MB, Compressed Oops mode: Zero based, Oop shift amount: 3
[2024-03-21T11:15:04.958+0530][gc,start     ] GC(0) Pause Young (Concurrent Start) (Metadata GC Threshold)
[2024-03-21T11:15:04.958+0530][gc,task      ] GC(0) Using 9 workers of 9 for evacuation
[2024-03-21T11:15:04.962+0530][gc,phases    ] GC(0)   Pre Evacuate Collection Set: 0.0ms
[2024-03-21T11:15:04.962+0530][gc,phases    ] GC(0)   Evacuate Collection Set: 4.0ms
[2024-03-21T11:15:04.963+0530][gc,phases    ] GC(0)   Post Evacuate Collection Set: 0.3ms
[2024-03-21T11:15:04.963+0530][gc,phases    ] GC(0)   Other: 0.4ms
[2024-03-21T11:15:04.963+0530][gc,heap      ] GC(0) Eden regions: 47->0(44)
[2024-03-21T11:15:04.963+0530][gc,heap      ] GC(0) Survivor regions: 0->7(7)
[2024-03-21T11:15:04.963+0530][gc,heap      ] GC(0) Old regions: 0->0
[2024-03-21T11:15:04.963+0530][gc,heap      ] GC(0) Humongous regions: 0->0
[2024-03-21T11:15:04.963+0530][gc,metaspace ] GC(0) Metaspace: 20754K(21248K)->20754K(21248K) NonClass: 18408K(18688K)->18408K(18688K) Class: 2346K(2560K)->2346K(2560K)
[2024-03-21T11:15:04.963+0530][gc           ] GC(0) Pause Young (Concurrent Start) (Metadata GC Threshold) 46M->6M(1024M) 4.802ms
[2024-03-21T11:15:04.963+0530][gc,cpu       ] GC(0) User=0.01s Sys=0.00s Real=0.01s
[2024-03-21T11:15:04.963+0530][gc           ] GC(1) Concurrent Cycle
[2024-03-21T11:15:04.963+0530][gc,marking   ] GC(1) Concurrent Clear Claimed Marks
[2024-03-21T11:15:04.963+0530][gc,marking   ] GC(1) Concurrent Clear Claimed Marks 0.013ms
[2024-03-21T11:15:04.963+0530][gc,marking   ] GC(1) Concurrent Scan Root Regions
[2024-03-21T11:15:04.964+0530][gc,marking   ] GC(1) Concurrent Scan Root Regions 1.045ms
[2024-03-21T11:15:04.964+0530][gc,marking   ] GC(1) Concurrent Mark (0.501s)
[2024-03-21T11:15:04.964+0530][gc,marking   ] GC(1) Concurrent Mark From Roots
[2024-03-21T11:15:04.964+0530][gc,task      ] GC(1) Using 2 workers of 2 for marking
[2024-03-21T11:15:04.964+0530][gc,marking   ] GC(1) Concurrent Mark From Roots 0.094ms
[2024-03-21T11:15:04.964+0530][gc,marking   ] GC(1) Concurrent Preclean
[2024-03-21T11:15:04.964+0530][gc,marking   ] GC(1) Concurrent Preclean 0.016ms
[2024-03-21T11:15:04.964+0530][gc,marking   ] GC(1) Concurrent Mark (0.501s, 0.501s) 0.129ms
[2024-03-21T11:15:04.964+0530][gc,start     ] GC(1) Pause Remark
[2024-03-21T11:15:04.965+0530][gc,stringtable] GC(1) Cleaned string and symbol table, strings: 7268 processed, 0 removed, symbols: 64968 processed, 28 removed
[2024-03-21T11:15:04.965+0530][gc            ] GC(1) Pause Remark 7M->7M(1024M) 0.996ms
[2024-03-21T11:15:04.965+0530][gc,cpu        ] GC(1) User=0.01s Sys=0.00s Real=0.00s
[2024-03-21T11:15:04.965+0530][gc,marking    ] GC(1) Concurrent Rebuild Remembered Sets
[2024-03-21T11:15:04.965+0530][gc,marking    ] GC(1) Concurrent Rebuild Remembered Sets 0.018ms
[2024-03-21T11:15:04.965+0530][gc,start      ] GC(1) Pause Cleanup
[2024-03-21T11:15:04.965+0530][gc            ] GC(1) Pause Cleanup 7M->7M(1024M) 0.088ms
[2024-03-21T11:15:04.965+0530][gc,cpu        ] GC(1) User=0.00s Sys=0.00s Real=0.00s
[2024-03-21T11:15:04.965+0530][gc,marking    ] GC(1) Concurrent Cleanup for Next Mark
[2024-03-21T11:15:04.968+0530][gc,marking    ] GC(1) Concurrent Cleanup for Next Mark 3.196ms
[2024-03-21T11:15:04.968+0530][gc            ] GC(1) Concurrent Cycle 5.728ms
[2024-03-21T11:15:05.440+0530][gc,start      ] GC(2) Pause Young (Normal) (G1 Evacuation Pause)
[2024-03-21T11:15:05.440+0530][gc,task       ] GC(2) Using 9 workers of 9 for evacuation
[2024-03-21T11:15:05.444+0530][gc,phases     ] GC(2)   Pre Evacuate Collection Set: 0.0ms
[2024-03-21T11:15:05.444+0530][gc,phases     ] GC(2)   Evacuate Collection Set: 3.9ms
[2024-03-21T11:15:05.444+0530][gc,phases     ] GC(2)   Post Evacuate Collection Set: 0.2ms
[2024-03-21T11:15:05.444+0530][gc,phases     ] GC(2)   Other: 0.1ms
[2024-03-21T11:15:05.444+0530][gc,heap       ] GC(2) Eden regions: 44->0(48)
[2024-03-21T11:15:05.444+0530][gc,heap       ] GC(2) Survivor regions: 7->3(7)
[2024-03-21T11:15:05.444+0530][gc,heap       ] GC(2) Old regions: 0->7
[2024-03-21T11:15:05.444+0530][gc,heap       ] GC(2) Humongous regions: 129->129
[2024-03-21T11:15:05.444+0530][gc,metaspace  ] GC(2) Metaspace: 30071K(30976K)->30071K(30976K) NonClass: 26568K(27136K)->26568K(27136K) Class: 3502K(3840K)->3502K(3840K)
[2024-03-21T11:15:05.444+0530][gc            ] GC(2) Pause Young (Normal) (G1 Evacuation Pause) 179M->137M(1024M) 4.290ms
[2024-03-21T11:15:05.444+0530][gc,cpu        ] GC(2) User=0.03s Sys=0.01s Real=0.00s
[2024-03-21T11:15:05.598+0530][gc,start      ] GC(3) Pause Young (Concurrent Start) (Metadata GC Threshold)
[2024-03-21T11:15:05.598+0530][gc,task       ] GC(3) Using 9 workers of 9 for evacuation
[2024-03-21T11:15:05.599+0530][gc,phases     ] GC(3)   Pre Evacuate Collection Set: 0.0ms
[2024-03-21T11:15:05.599+0530][gc,phases     ] GC(3)   Evacuate Collection Set: 1.3ms
[2024-03-21T11:15:05.599+0530][gc,phases     ] GC(3)   Post Evacuate Collection Set: 0.2ms
[2024-03-21T11:15:05.599+0530][gc,phases     ] GC(3)   Other: 0.1ms
[2024-03-21T11:15:05.599+0530][gc,heap       ] GC(3) Eden regions: 29->0(46)
[2024-03-21T11:15:05.599+0530][gc,heap       ] GC(3) Survivor regions: 3->5(7)
[2024-03-21T11:15:05.599+0530][gc,heap       ] GC(3) Old regions: 7->7
[2024-03-21T11:15:05.599+0530][gc,heap       ] GC(3) Humongous regions: 129->129
[2024-03-21T11:15:05.599+0530][gc,metaspace  ] GC(3) Metaspace: 34867K(35840K)->34867K(35840K) NonClass: 30928K(31488K)->30928K(31488K) Class: 3939K(4352K)->3939K(4352K)
[2024-03-21T11:15:05.599+0530][gc            ] GC(3) Pause Young (Concurrent Start) (Metadata GC Threshold) 166M->139M(1024M) 1.735ms
[2024-03-21T11:15:05.599+0530][gc,cpu        ] GC(3) User=0.01s Sys=0.00s Real=0.00s
[2024-03-21T11:15:05.599+0530][gc            ] GC(4) Concurrent Cycle
[2024-03-21T11:15:05.599+0530][gc,marking    ] GC(4) Concurrent Clear Claimed Marks
[2024-03-21T11:15:05.599+0530][gc,marking    ] GC(4) Concurrent Clear Claimed Marks 0.016ms
[2024-03-21T11:15:05.599+0530][gc,marking    ] GC(4) Concurrent Scan Root Regions
[2024-03-21T11:15:05.600+0530][gc,marking    ] GC(4) Concurrent Scan Root Regions 0.928ms
[2024-03-21T11:15:05.600+0530][gc,marking    ] GC(4) Concurrent Mark (1.138s)
[2024-03-21T11:15:05.600+0530][gc,marking    ] GC(4) Concurrent Mark From Roots
[2024-03-21T11:15:05.600+0530][gc,task       ] GC(4) Using 2 workers of 2 for marking
[2024-03-21T11:15:05.603+0530][gc,marking    ] GC(4) Concurrent Mark From Roots 2.449ms
[2024-03-21T11:15:05.603+0530][gc,marking    ] GC(4) Concurrent Preclean
[2024-03-21T11:15:05.603+0530][gc,marking    ] GC(4) Concurrent Preclean 0.034ms
[2024-03-21T11:15:05.603+0530][gc,marking    ] GC(4) Concurrent Mark (1.138s, 1.140s) 2.520ms
[2024-03-21T11:15:05.603+0530][gc,start      ] GC(4) Pause Remark
[2024-03-21T11:15:05.604+0530][gc,stringtable] GC(4) Cleaned string and symbol table, strings: 11708 processed, 8 removed, symbols: 97180 processed, 28 removed
[2024-03-21T11:15:05.604+0530][gc            ] GC(4) Pause Remark 140M->140M(1024M) 1.210ms
[2024-03-21T11:15:05.604+0530][gc,cpu        ] GC(4) User=0.01s Sys=0.00s Real=0.00s
[2024-03-21T11:15:05.604+0530][gc,marking    ] GC(4) Concurrent Rebuild Remembered Sets
[2024-03-21T11:15:05.606+0530][gc,marking    ] GC(4) Concurrent Rebuild Remembered Sets 1.679ms
[2024-03-21T11:15:05.606+0530][gc,start      ] GC(4) Pause Cleanup
[2024-03-21T11:15:05.606+0530][gc            ] GC(4) Pause Cleanup 140M->140M(1024M) 0.118ms
[2024-03-21T11:15:05.606+0530][gc,cpu        ] GC(4) User=0.00s Sys=0.00s Real=0.00s
[2024-03-21T11:15:05.606+0530][gc,marking    ] GC(4) Concurrent Cleanup for Next Mark
[2024-03-21T11:15:05.607+0530][gc,marking    ] GC(4) Concurrent Cleanup for Next Mark 1.235ms
[2024-03-21T11:15:05.607+0530][gc            ] GC(4) Concurrent Cycle 8.045ms
[2024-03-21T11:15:49.526+0530][gc,start      ] GC(5) Pause Young (Normal) (G1 Evacuation Pause)
[2024-03-21T11:15:49.527+0530][gc,task       ] GC(5) Using 9 workers of 9 for evacuation
[2024-03-21T11:15:49.530+0530][gc,phases     ] GC(5)   Pre Evacuate Collection Set: 0.0ms
[2024-03-21T11:15:49.530+0530][gc,phases     ] GC(5)   Evacuate Collection Set: 2.1ms
[2024-03-21T11:15:49.530+0530][gc,phases     ] GC(5)   Post Evacuate Collection Set: 0.3ms
[2024-03-21T11:15:49.530+0530][gc,phases     ] GC(5)   Other: 1.2ms
[2024-03-21T11:15:49.530+0530][gc,heap       ] GC(5) Eden regions: 46->0(46)
[2024-03-21T11:15:49.530+0530][gc,heap       ] GC(5) Survivor regions: 5->5(7)
[2024-03-21T11:15:49.530+0530][gc,heap       ] GC(5) Old regions: 7->9
[2024-03-21T11:15:49.530+0530][gc,heap       ] GC(5) Humongous regions: 129->129
[2024-03-21T11:15:49.530+0530][gc,metaspace  ] GC(5) Metaspace: 43687K(45504K)->43687K(45504K) NonClass: 38455K(39360K)->38455K(39360K) Class: 5231K(6144K)->5231K(6144K)
[2024-03-21T11:15:49.530+0530][gc            ] GC(5) Pause Young (Normal) (G1 Evacuation Pause) 185M->142M(1024M) 3.700ms
[2024-03-21T11:15:49.530+0530][gc,cpu        ] GC(5) User=0.02s Sys=0.00s Real=0.01s
[2024-03-21T11:18:50.527+0530][gc,start      ] GC(6) Pause Young (Normal) (G1 Evacuation Pause)
[2024-03-21T11:18:50.527+0530][gc,task       ] GC(6) Using 9 workers of 9 for evacuation
[2024-03-21T11:18:50.559+0530][gc,mmu        ] GC(6) MMU target violated: 21.0ms (20.0ms/21.0ms)
[2024-03-21T11:18:50.559+0530][gc,phases     ] GC(6)   Pre Evacuate Collection Set: 0.5ms
[2024-03-21T11:18:50.559+0530][gc,phases     ] GC(6)   Evacuate Collection Set: 30.6ms
[2024-03-21T11:18:50.559+0530][gc,phases     ] GC(6)   Post Evacuate Collection Set: 0.5ms
[2024-03-21T11:18:50.559+0530][gc,phases     ] GC(6)   Other: 0.9ms
[2024-03-21T11:18:50.559+0530][gc,heap       ] GC(6) Eden regions: 46->0(44)
[2024-03-21T11:18:50.559+0530][gc,heap       ] GC(6) Survivor regions: 5->7(7)
[2024-03-21T11:18:50.559+0530][gc,heap       ] GC(6) Old regions: 9->11
[2024-03-21T11:18:50.559+0530][gc,heap       ] GC(6) Humongous regions: 129->129
[2024-03-21T11:18:50.559+0530][gc,metaspace  ] GC(6) Metaspace: 48907K(51392K)->48907K(51392K) NonClass: 42793K(43968K)->42793K(43968K) Class: 6113K(7424K)->6113K(7424K)
[2024-03-21T11:18:50.559+0530][gc            ] GC(6) Pause Young (Normal) (G1 Evacuation Pause) 188M->145M(1024M) 32.506ms
[2024-03-21T11:18:50.559+0530][gc,cpu        ] GC(6) User=0.03s Sys=0.08s Real=0.03s
[2024-03-21T11:27:36.995+0530][gc,start      ] GC(7) Pause Young (Normal) (G1 Evacuation Pause)
[2024-03-21T11:27:36.997+0530][gc,task       ] GC(7) Using 9 workers of 9 for evacuation
[2024-03-21T11:27:37.017+0530][gc,phases     ] GC(7)   Pre Evacuate Collection Set: 0.7ms
[2024-03-21T11:27:37.017+0530][gc,phases     ] GC(7)   Evacuate Collection Set: 16.9ms
[2024-03-21T11:27:37.017+0530][gc,phases     ] GC(7)   Post Evacuate Collection Set: 1.1ms
[2024-03-21T11:27:37.017+0530][gc,phases     ] GC(7)   Other: 2.9ms
[2024-03-21T11:27:37.017+0530][gc,heap       ] GC(7) Eden regions: 44->0(46)
[2024-03-21T11:27:37.017+0530][gc,heap       ] GC(7) Survivor regions: 7->5(7)
[2024-03-21T11:27:37.017+0530][gc,heap       ] GC(7) Old regions: 11->14
[2024-03-21T11:27:37.017+0530][gc,heap       ] GC(7) Humongous regions: 129->129
[2024-03-21T11:27:37.017+0530][gc,metaspace  ] GC(7) Metaspace: 49826K(52544K)->49826K(52544K) NonClass: 43608K(44992K)->43608K(44992K) Class: 6217K(7552K)->6217K(7552K)
[2024-03-21T11:27:37.017+0530][gc            ] GC(7) Pause Young (Normal) (G1 Evacuation Pause) 189M->146M(1024M) 21.673ms
[2024-03-21T11:27:37.017+0530][gc,cpu        ] GC(7) User=0.04s Sys=0.03s Real=0.02s
[2024-03-21T11:36:07.011+0530][gc,start      ] GC(8) Pause Young (Normal) (G1 Evacuation Pause)
[2024-03-21T11:36:07.013+0530][gc,task       ] GC(8) Using 9 workers of 9 for evacuation
[2024-03-21T11:36:07.024+0530][gc,phases     ] GC(8)   Pre Evacuate Collection Set: 0.5ms
[2024-03-21T11:36:07.024+0530][gc,phases     ] GC(8)   Evacuate Collection Set: 9.0ms
[2024-03-21T11:36:07.024+0530][gc,phases     ] GC(8)   Post Evacuate Collection Set: 0.6ms
[2024-03-21T11:36:07.024+0530][gc,phases     ] GC(8)   Other: 2.6ms
[2024-03-21T11:36:07.024+0530][gc,heap       ] GC(8) Eden regions: 46->0(48)
[2024-03-21T11:36:07.024+0530][gc,heap       ] GC(8) Survivor regions: 5->3(7)
[2024-03-21T11:36:07.024+0530][gc,heap       ] GC(8) Old regions: 14->16
[2024-03-21T11:36:07.024+0530][gc,heap       ] GC(8) Humongous regions: 129->129
[2024-03-21T11:36:07.024+0530][gc,metaspace  ] GC(8) Metaspace: 50122K(52928K)->50122K(52928K) NonClass: 43864K(45248K)->43864K(45248K) Class: 6257K(7680K)->6257K(7680K)
[2024-03-21T11:36:07.024+0530][gc            ] GC(8) Pause Young (Normal) (G1 Evacuation Pause) 192M->146M(1024M) 12.845ms
[2024-03-21T11:36:07.024+0530][gc,cpu        ] GC(8) User=0.04s Sys=0.02s Real=0.01s
[2024-03-21T11:45:54.702+0530][gc,start      ] GC(9) Pause Young (Normal) (G1 Evacuation Pause)
[2024-03-21T11:45:54.703+0530][gc,task       ] GC(9) Using 9 workers of 9 for evacuation
[2024-03-21T11:45:54.710+0530][gc,phases     ] GC(9)   Pre Evacuate Collection Set: 0.3ms
[2024-03-21T11:45:54.710+0530][gc,phases     ] GC(9)   Evacuate Collection Set: 6.1ms
[2024-03-21T11:45:54.710+0530][gc,phases     ] GC(9)   Post Evacuate Collection Set: 0.6ms
[2024-03-21T11:45:54.710+0530][gc,phases     ] GC(9)   Other: 1.1ms
[2024-03-21T11:45:54.710+0530][gc,heap       ] GC(9) Eden regions: 48->0(48)
[2024-03-21T11:45:54.710+0530][gc,heap       ] GC(9) Survivor regions: 3->3(7)
[2024-03-21T11:45:54.710+0530][gc,heap       ] GC(9) Old regions: 16->16
[2024-03-21T11:45:54.710+0530][gc,heap       ] GC(9) Humongous regions: 129->129
[2024-03-21T11:45:54.710+0530][gc,metaspace  ] GC(9) Metaspace: 50249K(52928K)->50249K(52928K) NonClass: 43991K(45248K)->43991K(45248K) Class: 6257K(7680K)->6257K(7680K)
[2024-03-21T11:45:54.710+0530][gc            ] GC(9) Pause Young (Normal) (G1 Evacuation Pause) 194M->147M(1024M) 8.160ms
[2024-03-21T11:45:54.710+0530][gc,cpu        ] GC(9) User=0.03s Sys=0.02s Real=0.01s
[2024-03-21T12:39:09.539+0530][gc,start      ] GC(10) Pause Young (Normal) (G1 Evacuation Pause)
[2024-03-21T12:39:09.541+0530][gc,task       ] GC(10) Using 9 workers of 9 for evacuation
[2024-03-21T12:39:09.559+0530][gc,phases     ] GC(10)   Pre Evacuate Collection Set: 0.7ms
[2024-03-21T12:39:09.559+0530][gc,phases     ] GC(10)   Evacuate Collection Set: 15.1ms
[2024-03-21T12:39:09.559+0530][gc,phases     ] GC(10)   Post Evacuate Collection Set: 0.6ms
[2024-03-21T12:39:09.559+0530][gc,phases     ] GC(10)   Other: 2.9ms
[2024-03-21T12:39:09.559+0530][gc,heap       ] GC(10) Eden regions: 48->0(48)
[2024-03-21T12:39:09.559+0530][gc,heap       ] GC(10) Survivor regions: 3->4(7)
[2024-03-21T12:39:09.559+0530][gc,heap       ] GC(10) Old regions: 16->16
[2024-03-21T12:39:09.559+0530][gc,heap       ] GC(10) Humongous regions: 129->129
[2024-03-21T12:39:09.559+0530][gc,metaspace  ] GC(10) Metaspace: 50474K(53440K)->50474K(53440K) NonClass: 44192K(45760K)->44192K(45760K) Class: 6281K(7680K)->6281K(7680K)
[2024-03-21T12:39:09.559+0530][gc            ] GC(10) Pause Young (Normal) (G1 Evacuation Pause) 195M->148M(1024M) 19.361ms
[2024-03-21T12:39:09.559+0530][gc,cpu        ] GC(10) User=0.03s Sys=0.01s Real=0.02s
[2024-03-21T12:55:18.387+0530][gc,start      ] GC(11) Pause Young (Normal) (G1 Evacuation Pause)
[2024-03-21T12:55:18.389+0530][gc,task       ] GC(11) Using 9 workers of 9 for evacuation
[2024-03-21T12:55:18.398+0530][gc,phases     ] GC(11)   Pre Evacuate Collection Set: 0.5ms
[2024-03-21T12:55:18.398+0530][gc,phases     ] GC(11)   Evacuate Collection Set: 8.0ms
[2024-03-21T12:55:18.398+0530][gc,phases     ] GC(11)   Post Evacuate Collection Set: 0.8ms
[2024-03-21T12:55:18.398+0530][gc,phases     ] GC(11)   Other: 2.5ms
[2024-03-21T12:55:18.398+0530][gc,heap       ] GC(11) Eden regions: 48->0(64)
[2024-03-21T12:55:18.399+0530][gc,heap       ] GC(11) Survivor regions: 4->4(7)
[2024-03-21T12:55:18.399+0530][gc,heap       ] GC(11) Old regions: 16->16
[2024-03-21T12:55:18.399+0530][gc,heap       ] GC(11) Humongous regions: 129->129
[2024-03-21T12:55:18.399+0530][gc,metaspace  ] GC(11) Metaspace: 50850K(53696K)->50850K(53696K) NonClass: 44563K(46016K)->44563K(46016K) Class: 6287K(7680K)->6287K(7680K)
[2024-03-21T12:55:18.399+0530][gc            ] GC(11) Pause Young (Normal) (G1 Evacuation Pause) 196M->147M(1024M) 11.947ms
[2024-03-21T12:55:18.399+0530][gc,cpu        ] GC(11) User=0.04s Sys=0.02s Real=0.01s
[2024-03-21T13:14:40.757+0530][gc,start      ] GC(12) Pause Young (Normal) (G1 Evacuation Pause)
[2024-03-21T13:14:40.758+0530][gc,task       ] GC(12) Using 9 workers of 9 for evacuation
[2024-03-21T13:14:40.776+0530][gc,phases     ] GC(12)   Pre Evacuate Collection Set: 0.5ms
[2024-03-21T13:14:40.776+0530][gc,phases     ] GC(12)   Evacuate Collection Set: 15.9ms
[2024-03-21T13:14:40.776+0530][gc,phases     ] GC(12)   Post Evacuate Collection Set: 0.6ms
[2024-03-21T13:14:40.776+0530][gc,phases     ] GC(12)   Other: 1.5ms
[2024-03-21T13:14:40.776+0530][gc,heap       ] GC(12) Eden regions: 64->0(153)
[2024-03-21T13:14:40.776+0530][gc,heap       ] GC(12) Survivor regions: 4->5(9)
[2024-03-21T13:14:40.776+0530][gc,heap       ] GC(12) Old regions: 16->16
[2024-03-21T13:14:40.776+0530][gc,heap       ] GC(12) Humongous regions: 129->129
[2024-03-21T13:14:40.776+0530][gc,metaspace  ] GC(12) Metaspace: 50927K(53696K)->50927K(53696K) NonClass: 44635K(46016K)->44635K(46016K) Class: 6292K(7680K)->6292K(7680K)
[2024-03-21T13:14:40.776+0530][gc            ] GC(12) Pause Young (Normal) (G1 Evacuation Pause) 211M->149M(1024M) 18.536ms
[2024-03-21T13:14:40.776+0530][gc,cpu        ] GC(12) User=0.03s Sys=0.03s Real=0.02s
[2024-03-21T14:02:00.784+0530][gc,start      ] GC(13) Pause Young (Normal) (G1 Evacuation Pause)
[2024-03-21T14:02:00.787+0530][gc,task       ] GC(13) Using 9 workers of 9 for evacuation
[2024-03-21T14:02:00.837+0530][gc,mmu        ] GC(13) MMU target violated: 21.0ms (20.0ms/21.0ms)
[2024-03-21T14:02:00.837+0530][gc,phases     ] GC(13)   Pre Evacuate Collection Set: 0.5ms
[2024-03-21T14:02:00.837+0530][gc,phases     ] GC(13)   Evacuate Collection Set: 45.4ms
[2024-03-21T14:02:00.837+0530][gc,phases     ] GC(13)   Post Evacuate Collection Set: 2.8ms
[2024-03-21T14:02:00.837+0530][gc,phases     ] GC(13)   Other: 4.4ms
[2024-03-21T14:02:00.837+0530][gc,heap       ] GC(13) Eden regions: 153->0(46)
[2024-03-21T14:02:00.837+0530][gc,heap       ] GC(13) Survivor regions: 5->5(20)
[2024-03-21T14:02:00.837+0530][gc,heap       ] GC(13) Old regions: 16->16
[2024-03-21T14:02:00.837+0530][gc,heap       ] GC(13) Humongous regions: 129->129
[2024-03-21T14:02:00.837+0530][gc,metaspace  ] GC(13) Metaspace: 50999K(53952K)->50999K(53952K) NonClass: 44700K(46272K)->44700K(46272K) Class: 6299K(7680K)->6299K(7680K)
[2024-03-21T14:02:00.837+0530][gc            ] GC(13) Pause Young (Normal) (G1 Evacuation Pause) 302M->149M(1024M) 53.136ms
[2024-03-21T14:02:00.837+0530][gc,cpu        ] GC(13) User=0.03s Sys=0.08s Real=0.05s
[2024-03-21T14:17:00.789+0530][gc,start      ] GC(14) Pause Young (Normal) (G1 Evacuation Pause)
[2024-03-21T14:17:00.790+0530][gc,task       ] GC(14) Using 9 workers of 9 for evacuation
[2024-03-21T14:17:00.808+0530][gc,phases     ] GC(14)   Pre Evacuate Collection Set: 0.2ms
[2024-03-21T14:17:00.808+0530][gc,phases     ] GC(14)   Evacuate Collection Set: 16.7ms
[2024-03-21T14:17:00.808+0530][gc,phases     ] GC(14)   Post Evacuate Collection Set: 0.6ms
[2024-03-21T14:17:00.808+0530][gc,phases     ] GC(14)   Other: 1.7ms
[2024-03-21T14:17:00.808+0530][gc,heap       ] GC(14) Eden regions: 46->0(46)
[2024-03-21T14:17:00.808+0530][gc,heap       ] GC(14) Survivor regions: 5->5(7)
[2024-03-21T14:17:00.808+0530][gc,heap       ] GC(14) Old regions: 16->17
[2024-03-21T14:17:00.808+0530][gc,heap       ] GC(14) Humongous regions: 129->129
[2024-03-21T14:17:00.808+0530][gc,metaspace  ] GC(14) Metaspace: 51009K(53952K)->51009K(53952K) NonClass: 44710K(46272K)->44710K(46272K) Class: 6299K(7680K)->6299K(7680K)
[2024-03-21T14:17:00.808+0530][gc            ] GC(14) Pause Young (Normal) (G1 Evacuation Pause) 195M->150M(1024M) 19.310ms
[2024-03-21T14:17:00.808+0530][gc,cpu        ] GC(14) User=0.02s Sys=0.02s Real=0.02s
[2024-03-21T14:32:55.792+0530][gc,start      ] GC(15) Pause Young (Normal) (G1 Evacuation Pause)
[2024-03-21T14:32:55.793+0530][gc,task       ] GC(15) Using 9 workers of 9 for evacuation
[2024-03-21T14:32:55.828+0530][gc,mmu        ] GC(15) MMU target violated: 21.0ms (20.0ms/21.0ms)
[2024-03-21T14:32:55.828+0530][gc,phases     ] GC(15)   Pre Evacuate Collection Set: 0.3ms
[2024-03-21T14:32:55.828+0530][gc,phases     ] GC(15)   Evacuate Collection Set: 32.8ms
[2024-03-21T14:32:55.828+0530][gc,phases     ] GC(15)   Post Evacuate Collection Set: 1.2ms
[2024-03-21T14:32:55.828+0530][gc,phases     ] GC(15)   Other: 2.4ms
[2024-03-21T14:32:55.828+0530][gc,heap       ] GC(15) Eden regions: 46->0(47)
[2024-03-21T14:32:55.828+0530][gc,heap       ] GC(15) Survivor regions: 5->4(7)
[2024-03-21T14:32:55.828+0530][gc,heap       ] GC(15) Old regions: 17->18
[2024-03-21T14:32:55.828+0530][gc,heap       ] GC(15) Humongous regions: 129->129
[2024-03-21T14:32:55.828+0530][gc,metaspace  ] GC(15) Metaspace: 51026K(53952K)->51026K(53952K) NonClass: 44727K(46272K)->44727K(46272K) Class: 6299K(7680K)->6299K(7680K)
[2024-03-21T14:32:55.828+0530][gc            ] GC(15) Pause Young (Normal) (G1 Evacuation Pause) 196M->150M(1024M) 36.746ms
[2024-03-21T14:32:55.828+0530][gc,cpu        ] GC(15) User=0.08s Sys=0.04s Real=0.03s
[2024-03-21T14:42:55.793+0530][gc,start      ] GC(16) Pause Young (Normal) (G1 Evacuation Pause)
[2024-03-21T14:42:55.793+0530][gc,task       ] GC(16) Using 9 workers of 9 for evacuation
[2024-03-21T14:42:55.806+0530][gc,phases     ] GC(16)   Pre Evacuate Collection Set: 0.2ms
[2024-03-21T14:42:55.806+0530][gc,phases     ] GC(16)   Evacuate Collection Set: 11.9ms
[2024-03-21T14:42:55.806+0530][gc,phases     ] GC(16)   Post Evacuate Collection Set: 0.4ms
[2024-03-21T14:42:55.806+0530][gc,phases     ] GC(16)   Other: 0.8ms
[2024-03-21T14:42:55.806+0530][gc,heap       ] GC(16) Eden regions: 47->0(47)
[2024-03-21T14:42:55.806+0530][gc,heap       ] GC(16) Survivor regions: 4->4(7)
[2024-03-21T14:42:55.806+0530][gc,heap       ] GC(16) Old regions: 18->18
[2024-03-21T14:42:55.806+0530][gc,heap       ] GC(16) Humongous regions: 129->129
[2024-03-21T14:42:55.806+0530][gc,metaspace  ] GC(16) Metaspace: 51041K(53952K)->51041K(53952K) NonClass: 44742K(46272K)->44742K(46272K) Class: 6299K(7680K)->6299K(7680K)
[2024-03-21T14:42:55.806+0530][gc            ] GC(16) Pause Young (Normal) (G1 Evacuation Pause) 197M->150M(1024M) 13.459ms
[2024-03-21T14:42:55.806+0530][gc,cpu        ] GC(16) User=0.03s Sys=0.04s Real=0.01s
[2024-03-21T14:52:47.062+0530][gc,start      ] GC(17) Pause Young (Normal) (G1 Evacuation Pause)
[2024-03-21T14:52:47.064+0530][gc,task       ] GC(17) Using 9 workers of 9 for evacuation
[2024-03-21T14:52:47.078+0530][gc,phases     ] GC(17)   Pre Evacuate Collection Set: 0.3ms
[2024-03-21T14:52:47.078+0530][gc,phases     ] GC(17)   Evacuate Collection Set: 12.4ms
[2024-03-21T14:52:47.078+0530][gc,phases     ] GC(17)   Post Evacuate Collection Set: 0.6ms
[2024-03-21T14:52:47.078+0530][gc,phases     ] GC(17)   Other: 1.9ms
[2024-03-21T14:52:47.078+0530][gc,heap       ] GC(17) Eden regions: 47->0(82)
[2024-03-21T14:52:47.078+0530][gc,heap       ] GC(17) Survivor regions: 4->4(7)
[2024-03-21T14:52:47.078+0530][gc,heap       ] GC(17) Old regions: 18->19
[2024-03-21T14:52:47.078+0530][gc,heap       ] GC(17) Humongous regions: 129->129
[2024-03-21T14:52:47.078+0530][gc,metaspace  ] GC(17) Metaspace: 51048K(53952K)->51048K(53952K) NonClass: 44749K(46272K)->44749K(46272K) Class: 6299K(7680K)->6299K(7680K)
[2024-03-21T14:52:47.078+0530][gc            ] GC(17) Pause Young (Normal) (G1 Evacuation Pause) 197M->150M(1024M) 15.335ms
[2024-03-21T14:52:47.078+0530][gc,cpu        ] GC(17) User=0.02s Sys=0.01s Real=0.01s
[2024-03-21T15:10:27.242+0530][gc,start      ] GC(18) Pause Young (Normal) (G1 Evacuation Pause)
[2024-03-21T15:10:27.244+0530][gc,task       ] GC(18) Using 9 workers of 9 for evacuation
[2024-03-21T15:10:27.261+0530][gc,phases     ] GC(18)   Pre Evacuate Collection Set: 0.6ms
[2024-03-21T15:10:27.261+0530][gc,phases     ] GC(18)   Evacuate Collection Set: 14.5ms
[2024-03-21T15:10:27.261+0530][gc,phases     ] GC(18)   Post Evacuate Collection Set: 1.0ms
[2024-03-21T15:10:27.261+0530][gc,phases     ] GC(18)   Other: 2.8ms
[2024-03-21T15:10:27.261+0530][gc,heap       ] GC(18) Eden regions: 82->0(124)
[2024-03-21T15:10:27.261+0530][gc,heap       ] GC(18) Survivor regions: 4->4(11)
[2024-03-21T15:10:27.261+0530][gc,heap       ] GC(18) Old regions: 19->19
[2024-03-21T15:10:27.261+0530][gc,heap       ] GC(18) Humongous regions: 129->129
[2024-03-21T15:10:27.261+0530][gc,metaspace  ] GC(18) Metaspace: 51066K(53952K)->51066K(53952K) NonClass: 44764K(46272K)->44764K(46272K) Class: 6301K(7680K)->6301K(7680K)
[2024-03-21T15:10:27.261+0530][gc            ] GC(18) Pause Young (Normal) (G1 Evacuation Pause) 232M->150M(1024M) 19.014ms
[2024-03-21T15:10:27.261+0530][gc,cpu        ] GC(18) User=0.03s Sys=0.03s Real=0.02s
[2024-03-21T19:02:01.503+0530][gc,start      ] GC(19) Pause Young (Normal) (G1 Evacuation Pause)
[2024-03-21T19:02:01.507+0530][gc,task       ] GC(19) Using 9 workers of 9 for evacuation
[2024-03-21T19:02:01.547+0530][gc,mmu        ] GC(19) MMU target violated: 21.0ms (20.0ms/21.0ms)
[2024-03-21T19:02:01.547+0530][gc,phases     ] GC(19)   Pre Evacuate Collection Set: 0.4ms
[2024-03-21T19:02:01.547+0530][gc,phases     ] GC(19)   Evacuate Collection Set: 38.0ms
[2024-03-21T19:02:01.547+0530][gc,phases     ] GC(19)   Post Evacuate Collection Set: 0.8ms
[2024-03-21T19:02:01.548+0530][gc,phases     ] GC(19)   Other: 5.0ms
[2024-03-21T19:02:01.548+0530][gc,heap       ] GC(19) Eden regions: 123->0(47)
[2024-03-21T19:02:01.548+0530][gc,heap       ] GC(19) Survivor regions: 4->4(16)
[2024-03-21T19:02:01.548+0530][gc,heap       ] GC(19) Old regions: 19->19
[2024-03-21T19:02:01.548+0530][gc,heap       ] GC(19) Humongous regions: 129->129
[2024-03-21T19:02:01.548+0530][gc,metaspace  ] GC(19) Metaspace: 51117K(53952K)->51117K(53952K) NonClass: 44815K(46272K)->44815K(46272K) Class: 6301K(7680K)->6301K(7680K)
[2024-03-21T19:02:01.548+0530][gc            ] GC(19) Pause Young (Normal) (G1 Evacuation Pause) 273M->150M(1024M) 44.183ms
[2024-03-21T19:02:01.548+0530][gc,cpu        ] GC(19) User=0.04s Sys=0.11s Real=0.04s
[2024-03-21T19:39:10.862+0530][gc,start      ] GC(20) Pause Young (Normal) (G1 Evacuation Pause)
[2024-03-21T19:39:10.863+0530][gc,task       ] GC(20) Using 9 workers of 9 for evacuation
[2024-03-21T19:39:10.893+0530][gc,mmu        ] GC(20) MMU target violated: 21.0ms (20.0ms/21.0ms)
[2024-03-21T19:39:10.893+0530][gc,phases     ] GC(20)   Pre Evacuate Collection Set: 3.7ms
[2024-03-21T19:39:10.893+0530][gc,phases     ] GC(20)   Evacuate Collection Set: 21.7ms
[2024-03-21T19:39:10.893+0530][gc,phases     ] GC(20)   Post Evacuate Collection Set: 1.0ms
[2024-03-21T19:39:10.893+0530][gc,phases     ] GC(20)   Other: 10.5ms
[2024-03-21T19:39:10.893+0530][gc,heap       ] GC(20) Eden regions: 47->0(47)
[2024-03-21T19:39:10.893+0530][gc,heap       ] GC(20) Survivor regions: 4->4(7)
[2024-03-21T19:39:10.893+0530][gc,heap       ] GC(20) Old regions: 19->19
[2024-03-21T19:39:10.893+0530][gc,heap       ] GC(20) Humongous regions: 129->129
[2024-03-21T19:39:10.893+0530][gc,metaspace  ] GC(20) Metaspace: 51119K(53952K)->51119K(53952K) NonClass: 44817K(46272K)->44817K(46272K) Class: 6301K(7680K)->6301K(7680K)
[2024-03-21T19:39:10.893+0530][gc            ] GC(20) Pause Young (Normal) (G1 Evacuation Pause) 197M->150M(1024M) 31.021ms
[2024-03-21T19:39:10.893+0530][gc,cpu        ] GC(20) User=0.02s Sys=0.01s Real=0.03s
[2024-03-21T20:17:10.965+0530][gc,start      ] GC(21) Pause Young (Normal) (G1 Evacuation Pause)
[2024-03-21T20:17:10.966+0530][gc,task       ] GC(21) Using 9 workers of 9 for evacuation
[2024-03-21T20:17:10.974+0530][gc,phases     ] GC(21)   Pre Evacuate Collection Set: 0.4ms
[2024-03-21T20:17:10.974+0530][gc,phases     ] GC(21)   Evacuate Collection Set: 7.0ms
[2024-03-21T20:17:10.974+0530][gc,phases     ] GC(21)   Post Evacuate Collection Set: 0.2ms
[2024-03-21T20:17:10.974+0530][gc,phases     ] GC(21)   Other: 2.4ms
[2024-03-21T20:17:10.974+0530][gc,heap       ] GC(21) Eden regions: 47->0(47)
[2024-03-21T20:17:10.974+0530][gc,heap       ] GC(21) Survivor regions: 4->4(7)
[2024-03-21T20:17:10.974+0530][gc,heap       ] GC(21) Old regions: 19->19
[2024-03-21T20:17:10.974+0530][gc,heap       ] GC(21) Humongous regions: 129->129
[2024-03-21T20:17:10.974+0530][gc,metaspace  ] GC(21) Metaspace: 51129K(53952K)->51129K(53952K) NonClass: 44827K(46272K)->44827K(46272K) Class: 6301K(7680K)->6301K(7680K)
[2024-03-21T20:17:10.974+0530][gc            ] GC(21) Pause Young (Normal) (G1 Evacuation Pause) 197M->150M(1024M) 8.957ms
[2024-03-21T20:17:10.974+0530][gc,cpu        ] GC(21) User=0.02s Sys=0.02s Real=0.01s
[2024-03-21T20:55:19.949+0530][gc,start      ] GC(22) Pause Young (Normal) (G1 Evacuation Pause)
[2024-03-21T20:55:19.951+0530][gc,task       ] GC(22) Using 9 workers of 9 for evacuation
[2024-03-21T20:55:19.967+0530][gc,phases     ] GC(22)   Pre Evacuate Collection Set: 0.3ms
[2024-03-21T20:55:19.967+0530][gc,phases     ] GC(22)   Evacuate Collection Set: 12.4ms
[2024-03-21T20:55:19.967+0530][gc,phases     ] GC(22)   Post Evacuate Collection Set: 1.1ms
[2024-03-21T20:55:19.967+0530][gc,phases     ] GC(22)   Other: 4.9ms
[2024-03-21T20:55:19.967+0530][gc,heap       ] GC(22) Eden regions: 47->0(47)
[2024-03-21T20:55:19.967+0530][gc,heap       ] GC(22) Survivor regions: 4->4(7)
[2024-03-21T20:55:19.967+0530][gc,heap       ] GC(22) Old regions: 19->19
[2024-03-21T20:55:19.967+0530][gc,heap       ] GC(22) Humongous regions: 129->129
[2024-03-21T20:55:19.967+0530][gc,metaspace  ] GC(22) Metaspace: 51131K(53952K)->51131K(53952K) NonClass: 44830K(46272K)->44830K(46272K) Class: 6301K(7680K)->6301K(7680K)
[2024-03-21T20:55:19.967+0530][gc            ] GC(22) Pause Young (Normal) (G1 Evacuation Pause) 197M->150M(1024M) 17.637ms
[2024-03-21T20:55:19.967+0530][gc,cpu        ] GC(22) User=0.01s Sys=0.01s Real=0.02s
[2024-03-21T21:34:19.947+0530][gc,start      ] GC(23) Pause Young (Normal) (G1 Evacuation Pause)
[2024-03-21T21:34:19.949+0530][gc,task       ] GC(23) Using 9 workers of 9 for evacuation
[2024-03-21T21:34:19.969+0530][gc,phases     ] GC(23)   Pre Evacuate Collection Set: 0.6ms
[2024-03-21T21:34:19.970+0530][gc,phases     ] GC(23)   Evacuate Collection Set: 17.9ms
[2024-03-21T21:34:19.970+0530][gc,phases     ] GC(23)   Post Evacuate Collection Set: 0.8ms
[2024-03-21T21:34:19.970+0530][gc,phases     ] GC(23)   Other: 3.3ms
[2024-03-21T21:34:19.970+0530][gc,heap       ] GC(23) Eden regions: 47->0(48)
[2024-03-21T21:34:19.970+0530][gc,heap       ] GC(23) Survivor regions: 4->4(7)
[2024-03-21T21:34:19.970+0530][gc,heap       ] GC(23) Old regions: 19->19
[2024-03-21T21:34:19.970+0530][gc,heap       ] GC(23) Humongous regions: 129->129
[2024-03-21T21:34:19.970+0530][gc,metaspace  ] GC(23) Metaspace: 51133K(53952K)->51133K(53952K) NonClass: 44831K(46272K)->44831K(46272K) Class: 6301K(7680K)->6301K(7680K)
[2024-03-21T21:34:19.970+0530][gc            ] GC(23) Pause Young (Normal) (G1 Evacuation Pause) 197M->151M(1024M) 22.616ms
[2024-03-21T21:34:19.970+0530][gc,cpu        ] GC(23) User=0.02s Sys=0.02s Real=0.03s
[2024-03-21T22:13:34.843+0530][gc,start      ] GC(24) Pause Young (Normal) (G1 Evacuation Pause)
[2024-03-21T22:13:34.845+0530][gc,task       ] GC(24) Using 9 workers of 9 for evacuation
[2024-03-21T22:13:34.870+0530][gc,mmu        ] GC(24) MMU target violated: 21.0ms (20.0ms/21.0ms)
[2024-03-21T22:13:34.871+0530][gc,phases     ] GC(24)   Pre Evacuate Collection Set: 1.1ms
[2024-03-21T22:13:34.871+0530][gc,phases     ] GC(24)   Evacuate Collection Set: 19.8ms
[2024-03-21T22:13:34.871+0530][gc,phases     ] GC(24)   Post Evacuate Collection Set: 1.4ms
[2024-03-21T22:13:34.871+0530][gc,phases     ] GC(24)   Other: 6.2ms
[2024-03-21T22:13:34.871+0530][gc,heap       ] GC(24) Eden regions: 48->0(47)
[2024-03-21T22:13:34.871+0530][gc,heap       ] GC(24) Survivor regions: 4->4(7)
[2024-03-21T22:13:34.871+0530][gc,heap       ] GC(24) Old regions: 19->19
[2024-03-21T22:13:34.871+0530][gc,heap       ] GC(24) Humongous regions: 129->129
[2024-03-21T22:13:34.871+0530][gc,metaspace  ] GC(24) Metaspace: 51139K(53952K)->51139K(53952K) NonClass: 44837K(46272K)->44837K(46272K) Class: 6301K(7680K)->6301K(7680K)
[2024-03-21T22:13:34.871+0530][gc            ] GC(24) Pause Young (Normal) (G1 Evacuation Pause) 199M->150M(1024M) 27.537ms
[2024-03-21T22:13:34.871+0530][gc,cpu        ] GC(24) User=0.02s Sys=0.03s Real=0.03s
[2024-03-21T22:51:50.472+0530][gc,start      ] GC(25) Pause Young (Normal) (G1 Evacuation Pause)
[2024-03-21T22:51:50.475+0530][gc,task       ] GC(25) Using 9 workers of 9 for evacuation
[2024-03-21T22:51:50.495+0530][gc,phases     ] GC(25)   Pre Evacuate Collection Set: 0.5ms
[2024-03-21T22:51:50.495+0530][gc,phases     ] GC(25)   Evacuate Collection Set: 15.8ms
[2024-03-21T22:51:50.495+0530][gc,phases     ] GC(25)   Post Evacuate Collection Set: 1.4ms
[2024-03-21T22:51:50.495+0530][gc,phases     ] GC(25)   Other: 6.8ms
[2024-03-21T22:51:50.495+0530][gc,heap       ] GC(25) Eden regions: 47->0(48)
[2024-03-21T22:51:50.495+0530][gc,heap       ] GC(25) Survivor regions: 4->4(7)
[2024-03-21T22:51:50.495+0530][gc,heap       ] GC(25) Old regions: 19->19
[2024-03-21T22:51:50.495+0530][gc,heap       ] GC(25) Humongous regions: 129->129
[2024-03-21T22:51:50.495+0530][gc,metaspace  ] GC(25) Metaspace: 51141K(53952K)->51141K(53952K) NonClass: 44840K(46272K)->44840K(46272K) Class: 6301K(7680K)->6301K(7680K)
[2024-03-21T22:51:50.495+0530][gc            ] GC(25) Pause Young (Normal) (G1 Evacuation Pause) 197M->150M(1024M) 22.635ms
[2024-03-21T22:51:50.495+0530][gc,cpu        ] GC(25) User=0.02s Sys=0.02s Real=0.02s
[2024-03-21T23:30:59.948+0530][gc,start      ] GC(26) Pause Young (Normal) (G1 Evacuation Pause)
[2024-03-21T23:30:59.955+0530][gc,task       ] GC(26) Using 9 workers of 9 for evacuation
[2024-03-21T23:30:59.982+0530][gc,mmu        ] GC(26) MMU target violated: 21.0ms (20.0ms/21.0ms)
[2024-03-21T23:30:59.982+0530][gc,phases     ] GC(26)   Pre Evacuate Collection Set: 0.5ms
[2024-03-21T23:30:59.982+0530][gc,phases     ] GC(26)   Evacuate Collection Set: 18.1ms
[2024-03-21T23:30:59.982+0530][gc,phases     ] GC(26)   Post Evacuate Collection Set: 1.3ms
[2024-03-21T23:30:59.982+0530][gc,phases     ] GC(26)   Other: 17.1ms
[2024-03-21T23:30:59.982+0530][gc,heap       ] GC(26) Eden regions: 48->0(49)
[2024-03-21T23:30:59.982+0530][gc,heap       ] GC(26) Survivor regions: 4->4(7)
[2024-03-21T23:30:59.982+0530][gc,heap       ] GC(26) Old regions: 19->19
[2024-03-21T23:30:59.982+0530][gc,heap       ] GC(26) Humongous regions: 129->129
[2024-03-21T23:30:59.982+0530][gc,metaspace  ] GC(26) Metaspace: 51142K(53952K)->51142K(53952K) NonClass: 44840K(46272K)->44840K(46272K) Class: 6301K(7680K)->6301K(7680K)
[2024-03-21T23:30:59.982+0530][gc            ] GC(26) Pause Young (Normal) (G1 Evacuation Pause) 198M->150M(1024M) 34.503ms
[2024-03-21T23:30:59.982+0530][gc,cpu        ] GC(26) User=0.01s Sys=0.03s Real=0.04s
[2024-03-22T00:10:54.278+0530][gc,start      ] GC(27) Pause Young (Normal) (G1 Evacuation Pause)
[2024-03-22T00:10:54.280+0530][gc,task       ] GC(27) Using 9 workers of 9 for evacuation
[2024-03-22T00:10:54.301+0530][gc,phases     ] GC(27)   Pre Evacuate Collection Set: 0.5ms
[2024-03-22T00:10:54.301+0530][gc,phases     ] GC(27)   Evacuate Collection Set: 17.6ms
[2024-03-22T00:10:54.301+0530][gc,phases     ] GC(27)   Post Evacuate Collection Set: 1.1ms
[2024-03-22T00:10:54.301+0530][gc,phases     ] GC(27)   Other: 4.5ms
[2024-03-22T00:10:54.301+0530][gc,heap       ] GC(27) Eden regions: 49->0(49)
[2024-03-22T00:10:54.301+0530][gc,heap       ] GC(27) Survivor regions: 4->4(7)
[2024-03-22T00:10:54.301+0530][gc,heap       ] GC(27) Old regions: 19->19
[2024-03-22T00:10:54.301+0530][gc,heap       ] GC(27) Humongous regions: 129->129
[2024-03-22T00:10:54.301+0530][gc,metaspace  ] GC(27) Metaspace: 51170K(53952K)->51170K(53952K) NonClass: 44867K(46272K)->44867K(46272K) Class: 6302K(7680K)->6302K(7680K)
[2024-03-22T00:10:54.301+0530][gc            ] GC(27) Pause Young (Normal) (G1 Evacuation Pause) 199M->151M(1024M) 22.639ms
[2024-03-22T00:10:54.301+0530][gc,cpu        ] GC(27) User=0.02s Sys=0.03s Real=0.03s
[2024-03-22T10:59:14.891+0530][gc,start      ] GC(28) Pause Young (Normal) (G1 Evacuation Pause)
[2024-03-22T10:59:14.894+0530][gc,task       ] GC(28) Using 9 workers of 9 for evacuation
[2024-03-22T10:59:14.919+0530][gc,mmu        ] GC(28) MMU target violated: 21.0ms (20.0ms/21.0ms)
[2024-03-22T10:59:14.919+0530][gc,phases     ] GC(28)   Pre Evacuate Collection Set: 0.5ms
[2024-03-22T10:59:14.919+0530][gc,phases     ] GC(28)   Evacuate Collection Set: 17.9ms
[2024-03-22T10:59:14.919+0530][gc,phases     ] GC(28)   Post Evacuate Collection Set: 4.8ms
[2024-03-22T10:59:14.919+0530][gc,phases     ] GC(28)   Other: 6.1ms
[2024-03-22T10:59:14.919+0530][gc,heap       ] GC(28) Eden regions: 49->0(49)
[2024-03-22T10:59:14.919+0530][gc,heap       ] GC(28) Survivor regions: 4->4(7)
[2024-03-22T10:59:14.919+0530][gc,heap       ] GC(28) Old regions: 19->19
[2024-03-22T10:59:14.919+0530][gc,heap       ] GC(28) Humongous regions: 129->129
[2024-03-22T10:59:14.921+0530][gc,metaspace  ] GC(28) Metaspace: 51171K(53952K)->51171K(53952K) NonClass: 44869K(46272K)->44869K(46272K) Class: 6302K(7680K)->6302K(7680K)
[2024-03-22T10:59:14.921+0530][gc            ] GC(28) Pause Young (Normal) (G1 Evacuation Pause) 200M->150M(1024M) 29.199ms
[2024-03-22T10:59:14.921+0530][gc,cpu        ] GC(28) User=0.03s Sys=0.03s Real=0.03s
[2024-03-22T12:24:42.082+0530][gc,start      ] GC(29) Pause Young (Normal) (G1 Evacuation Pause)
[2024-03-22T12:24:42.084+0530][gc,task       ] GC(29) Using 9 workers of 9 for evacuation
[2024-03-22T12:24:42.105+0530][gc,mmu        ] GC(29) MMU target violated: 20.6ms (20.0ms/21.0ms)
[2024-03-22T12:24:42.105+0530][gc,phases     ] GC(29)   Pre Evacuate Collection Set: 0.6ms
[2024-03-22T12:24:42.105+0530][gc,phases     ] GC(29)   Evacuate Collection Set: 18.6ms
[2024-03-22T12:24:42.105+0530][gc,phases     ] GC(29)   Post Evacuate Collection Set: 0.8ms
[2024-03-22T12:24:42.105+0530][gc,phases     ] GC(29)   Other: 3.2ms
[2024-03-22T12:24:42.105+0530][gc,heap       ] GC(29) Eden regions: 49->0(50)
[2024-03-22T12:24:42.105+0530][gc,heap       ] GC(29) Survivor regions: 4->4(7)
[2024-03-22T12:24:42.105+0530][gc,heap       ] GC(29) Old regions: 19->19
[2024-03-22T12:24:42.105+0530][gc,heap       ] GC(29) Humongous regions: 129->129
[2024-03-22T12:24:42.105+0530][gc,metaspace  ] GC(29) Metaspace: 51172K(53952K)->51172K(53952K) NonClass: 44869K(46272K)->44869K(46272K) Class: 6302K(7680K)->6302K(7680K)
[2024-03-22T12:24:42.105+0530][gc            ] GC(29) Pause Young (Normal) (G1 Evacuation Pause) 199M->151M(1024M) 23.230ms
[2024-03-22T12:24:42.105+0530][gc,cpu        ] GC(29) User=0.02s Sys=0.02s Real=0.02s
[2024-03-22T13:05:28.344+0530][gc,start      ] GC(30) Pause Young (Normal) (G1 Evacuation Pause)
[2024-03-22T13:05:28.346+0530][gc,task       ] GC(30) Using 9 workers of 9 for evacuation
[2024-03-22T13:05:28.367+0530][gc,phases     ] GC(30)   Pre Evacuate Collection Set: 1.3ms
[2024-03-22T13:05:28.367+0530][gc,phases     ] GC(30)   Evacuate Collection Set: 15.4ms
[2024-03-22T13:05:28.367+0530][gc,phases     ] GC(30)   Post Evacuate Collection Set: 1.4ms
[2024-03-22T13:05:28.367+0530][gc,phases     ] GC(30)   Other: 6.3ms
[2024-03-22T13:05:28.367+0530][gc,heap       ] GC(30) Eden regions: 50->0(50)
[2024-03-22T13:05:28.367+0530][gc,heap       ] GC(30) Survivor regions: 4->4(7)
[2024-03-22T13:05:28.367+0530][gc,heap       ] GC(30) Old regions: 19->19
[2024-03-22T13:05:28.367+0530][gc,heap       ] GC(30) Humongous regions: 129->129
[2024-03-22T13:05:28.367+0530][gc,metaspace  ] GC(30) Metaspace: 51174K(53952K)->51174K(53952K) NonClass: 44872K(46272K)->44872K(46272K) Class: 6302K(7680K)->6302K(7680K)
[2024-03-22T13:05:28.367+0530][gc            ] GC(30) Pause Young (Normal) (G1 Evacuation Pause) 201M->150M(1024M) 23.368ms
[2024-03-22T13:05:28.367+0530][gc,cpu        ] GC(30) User=0.02s Sys=0.03s Real=0.02s
[2024-03-22T13:46:26.194+0530][gc,start      ] GC(31) Pause Young (Normal) (G1 Evacuation Pause)
[2024-03-22T13:46:26.196+0530][gc,task       ] GC(31) Using 9 workers of 9 for evacuation
[2024-03-22T13:46:26.218+0530][gc,mmu        ] GC(31) MMU target violated: 20.4ms (20.0ms/21.0ms)
[2024-03-22T13:46:26.218+0530][gc,phases     ] GC(31)   Pre Evacuate Collection Set: 0.6ms
[2024-03-22T13:46:26.218+0530][gc,phases     ] GC(31)   Evacuate Collection Set: 17.0ms
[2024-03-22T13:46:26.218+0530][gc,phases     ] GC(31)   Post Evacuate Collection Set: 1.5ms
[2024-03-22T13:46:26.218+0530][gc,phases     ] GC(31)   Other: 6.1ms
[2024-03-22T13:46:26.218+0530][gc,heap       ] GC(31) Eden regions: 50->0(52)
[2024-03-22T13:46:26.218+0530][gc,heap       ] GC(31) Survivor regions: 4->4(7)
[2024-03-22T13:46:26.218+0530][gc,heap       ] GC(31) Old regions: 19->19
[2024-03-22T13:46:26.218+0530][gc,heap       ] GC(31) Humongous regions: 129->129
[2024-03-22T13:46:26.219+0530][gc,metaspace  ] GC(31) Metaspace: 51178K(53952K)->51178K(53952K) NonClass: 44875K(46272K)->44875K(46272K) Class: 6302K(7680K)->6302K(7680K)
[2024-03-22T13:46:26.219+0530][gc            ] GC(31) Pause Young (Normal) (G1 Evacuation Pause) 200M->151M(1024M) 24.457ms
[2024-03-22T13:46:26.219+0530][gc,cpu        ] GC(31) User=0.03s Sys=0.03s Real=0.02s
[2024-03-22T14:35:10.638+0530][gc,start      ] GC(32) Pause Young (Normal) (G1 Evacuation Pause)
[2024-03-22T14:35:10.640+0530][gc,task       ] GC(32) Using 9 workers of 9 for evacuation
[2024-03-22T14:35:10.658+0530][gc,phases     ] GC(32)   Pre Evacuate Collection Set: 0.5ms
[2024-03-22T14:35:10.658+0530][gc,phases     ] GC(32)   Evacuate Collection Set: 14.8ms
[2024-03-22T14:35:10.659+0530][gc,phases     ] GC(32)   Post Evacuate Collection Set: 1.6ms
[2024-03-22T14:35:10.659+0530][gc,phases     ] GC(32)   Other: 5.3ms
[2024-03-22T14:35:10.659+0530][gc,heap       ] GC(32) Eden regions: 52->0(54)
[2024-03-22T14:35:10.659+0530][gc,heap       ] GC(32) Survivor regions: 4->4(7)
[2024-03-22T14:35:10.659+0530][gc,heap       ] GC(32) Old regions: 19->19
[2024-03-22T14:35:10.659+0530][gc,heap       ] GC(32) Humongous regions: 129->129
[2024-03-22T14:35:10.659+0530][gc,metaspace  ] GC(32) Metaspace: 51181K(53952K)->51181K(53952K) NonClass: 44878K(46272K)->44878K(46272K) Class: 6302K(7680K)->6302K(7680K)
[2024-03-22T14:35:10.659+0530][gc            ] GC(32) Pause Young (Normal) (G1 Evacuation Pause) 203M->151M(1024M) 21.436ms
[2024-03-22T14:35:10.659+0530][gc,cpu        ] GC(32) User=0.02s Sys=0.03s Real=0.02s
[2024-03-22T15:33:37.144+0530][gc,start      ] GC(33) Pause Young (Normal) (G1 Evacuation Pause)
[2024-03-22T15:33:37.146+0530][gc,task       ] GC(33) Using 9 workers of 9 for evacuation
[2024-03-22T15:33:37.167+0530][gc,phases     ] GC(33)   Pre Evacuate Collection Set: 1.2ms
[2024-03-22T15:33:37.167+0530][gc,phases     ] GC(33)   Evacuate Collection Set: 16.2ms
[2024-03-22T15:33:37.167+0530][gc,phases     ] GC(33)   Post Evacuate Collection Set: 1.6ms
[2024-03-22T15:33:37.167+0530][gc,phases     ] GC(33)   Other: 5.7ms
[2024-03-22T15:33:37.167+0530][gc,heap       ] GC(33) Eden regions: 54->0(55)
[2024-03-22T15:33:37.167+0530][gc,heap       ] GC(33) Survivor regions: 4->3(8)
[2024-03-22T15:33:37.167+0530][gc,heap       ] GC(33) Old regions: 19->20
[2024-03-22T15:33:37.167+0530][gc,heap       ] GC(33) Humongous regions: 129->129
[2024-03-22T15:33:37.168+0530][gc,metaspace  ] GC(33) Metaspace: 51182K(53952K)->51182K(53952K) NonClass: 44880K(46272K)->44880K(46272K) Class: 6302K(7680K)->6302K(7680K)
[2024-03-22T15:33:37.168+0530][gc            ] GC(33) Pause Young (Normal) (G1 Evacuation Pause) 205M->150M(1024M) 23.549ms
[2024-03-22T15:33:37.168+0530][gc,cpu        ] GC(33) User=0.02s Sys=0.03s Real=0.02s
[2024-03-22T16:17:47.934+0530][gc,start      ] GC(34) Pause Young (Normal) (G1 Evacuation Pause)
[2024-03-22T16:17:47.935+0530][gc,task       ] GC(34) Using 9 workers of 9 for evacuation
[2024-03-22T16:17:47.949+0530][gc,phases     ] GC(34)   Pre Evacuate Collection Set: 0.3ms
[2024-03-22T16:17:47.950+0530][gc,phases     ] GC(34)   Evacuate Collection Set: 11.4ms
[2024-03-22T16:17:47.950+0530][gc,phases     ] GC(34)   Post Evacuate Collection Set: 0.8ms
[2024-03-22T16:17:47.950+0530][gc,phases     ] GC(34)   Other: 4.5ms
[2024-03-22T16:17:47.950+0530][gc,heap       ] GC(34) Eden regions: 54->0(63)
[2024-03-22T16:17:47.950+0530][gc,heap       ] GC(34) Survivor regions: 3->1(8)
[2024-03-22T16:17:47.950+0530][gc,heap       ] GC(34) Old regions: 20->22
[2024-03-22T16:17:47.950+0530][gc,heap       ] GC(34) Humongous regions: 129->129
[2024-03-22T16:17:47.950+0530][gc,metaspace  ] GC(34) Metaspace: 51182K(53952K)->51182K(53952K) NonClass: 44880K(46272K)->44880K(46272K) Class: 6302K(7680K)->6302K(7680K)
[2024-03-22T16:17:47.950+0530][gc            ] GC(34) Pause Young (Normal) (G1 Evacuation Pause) 204M->151M(1024M) 16.011ms
[2024-03-22T16:17:47.950+0530][gc,cpu        ] GC(34) User=0.01s Sys=0.01s Real=0.02s
[2024-03-22T17:24:06.748+0530][gc,start      ] GC(35) Pause Young (Normal) (G1 Evacuation Pause)
[2024-03-22T17:24:06.749+0530][gc,task       ] GC(35) Using 9 workers of 9 for evacuation
[2024-03-22T17:24:06.754+0530][gc,phases     ] GC(35)   Pre Evacuate Collection Set: 0.4ms
[2024-03-22T17:24:06.754+0530][gc,phases     ] GC(35)   Evacuate Collection Set: 2.6ms
[2024-03-22T17:24:06.754+0530][gc,phases     ] GC(35)   Post Evacuate Collection Set: 0.8ms
[2024-03-22T17:24:06.755+0530][gc,phases     ] GC(35)   Other: 3.8ms
[2024-03-22T17:24:06.755+0530][gc,heap       ] GC(35) Eden regions: 63->0(74)
[2024-03-22T17:24:06.755+0530][gc,heap       ] GC(35) Survivor regions: 1->1(8)
[2024-03-22T17:24:06.755+0530][gc,heap       ] GC(35) Old regions: 22->22
[2024-03-22T17:24:06.755+0530][gc,heap       ] GC(35) Humongous regions: 129->129
[2024-03-22T17:24:06.755+0530][gc,metaspace  ] GC(35) Metaspace: 51184K(53952K)->51184K(53952K) NonClass: 44881K(46272K)->44881K(46272K) Class: 6302K(7680K)->6302K(7680K)
[2024-03-22T17:24:06.755+0530][gc            ] GC(35) Pause Young (Normal) (G1 Evacuation Pause) 214M->150M(1024M) 7.092ms
[2024-03-22T17:24:06.755+0530][gc,cpu        ] GC(35) User=0.00s Sys=0.01s Real=0.01s
[2024-03-22T18:25:25.440+0530][gc,start      ] GC(36) Pause Young (Normal) (G1 Evacuation Pause)
[2024-03-22T18:25:25.442+0530][gc,task       ] GC(36) Using 9 workers of 9 for evacuation
[2024-03-22T18:25:25.452+0530][gc,phases     ] GC(36)   Pre Evacuate Collection Set: 0.5ms
[2024-03-22T18:25:25.452+0530][gc,phases     ] GC(36)   Evacuate Collection Set: 6.8ms
[2024-03-22T18:25:25.452+0530][gc,phases     ] GC(36)   Post Evacuate Collection Set: 1.3ms
[2024-03-22T18:25:25.452+0530][gc,phases     ] GC(36)   Other: 4.8ms
[2024-03-22T18:25:25.452+0530][gc,heap       ] GC(36) Eden regions: 74->0(59)
[2024-03-22T18:25:25.452+0530][gc,heap       ] GC(36) Survivor regions: 1->1(10)
[2024-03-22T18:25:25.452+0530][gc,heap       ] GC(36) Old regions: 22->22
[2024-03-22T18:25:25.452+0530][gc,heap       ] GC(36) Humongous regions: 129->129
[2024-03-22T18:25:25.452+0530][gc,metaspace  ] GC(36) Metaspace: 51184K(53952K)->51184K(53952K) NonClass: 44881K(46272K)->44881K(46272K) Class: 6302K(7680K)->6302K(7680K)
[2024-03-22T18:25:25.452+0530][gc            ] GC(36) Pause Young (Normal) (G1 Evacuation Pause) 224M->150M(1024M) 12.136ms
[2024-03-22T18:25:25.452+0530][gc,cpu        ] GC(36) User=0.00s Sys=0.01s Real=0.01s
[2024-03-22T19:14:06.411+0530][gc,start      ] GC(37) Pause Young (Normal) (G1 Evacuation Pause)
[2024-03-22T19:14:06.414+0530][gc,task       ] GC(37) Using 9 workers of 9 for evacuation
[2024-03-22T19:14:06.430+0530][gc,phases     ] GC(37)   Pre Evacuate Collection Set: 0.3ms
[2024-03-22T19:14:06.430+0530][gc,phases     ] GC(37)   Evacuate Collection Set: 11.6ms
[2024-03-22T19:14:06.430+0530][gc,phases     ] GC(37)   Post Evacuate Collection Set: 1.7ms
[2024-03-22T19:14:06.430+0530][gc,phases     ] GC(37)   Other: 6.4ms
[2024-03-22T19:14:06.430+0530][gc,heap       ] GC(37) Eden regions: 59->0(64)
[2024-03-22T19:14:06.430+0530][gc,heap       ] GC(37) Survivor regions: 1->1(8)
[2024-03-22T19:14:06.430+0530][gc,heap       ] GC(37) Old regions: 22->22
[2024-03-22T19:14:06.430+0530][gc,heap       ] GC(37) Humongous regions: 129->129
[2024-03-22T19:14:06.430+0530][gc,metaspace  ] GC(37) Metaspace: 51190K(53952K)->51190K(53952K) NonClass: 44888K(46272K)->44888K(46272K) Class: 6302K(7680K)->6302K(7680K)
[2024-03-22T19:14:06.430+0530][gc            ] GC(37) Pause Young (Normal) (G1 Evacuation Pause) 209M->150M(1024M) 18.984ms
[2024-03-22T19:14:06.430+0530][gc,cpu        ] GC(37) User=0.00s Sys=0.01s Real=0.02s
[2024-03-22T23:36:49.178+0530][gc,start      ] GC(38) Pause Young (Normal) (G1 Evacuation Pause)
[2024-03-22T23:36:49.180+0530][gc,task       ] GC(38) Using 9 workers of 9 for evacuation
[2024-03-22T23:36:49.192+0530][gc,phases     ] GC(38)   Pre Evacuate Collection Set: 0.6ms
[2024-03-22T23:36:49.192+0530][gc,phases     ] GC(38)   Evacuate Collection Set: 7.3ms
[2024-03-22T23:36:49.192+0530][gc,phases     ] GC(38)   Post Evacuate Collection Set: 1.5ms
[2024-03-22T23:36:49.192+0530][gc,phases     ] GC(38)   Other: 6.2ms
[2024-03-22T23:36:49.192+0530][gc,heap       ] GC(38) Eden regions: 64->0(61)
[2024-03-22T23:36:49.192+0530][gc,heap       ] GC(38) Survivor regions: 1->1(9)
[2024-03-22T23:36:49.192+0530][gc,heap       ] GC(38) Old regions: 22->22
[2024-03-22T23:36:49.192+0530][gc,heap       ] GC(38) Humongous regions: 129->129
[2024-03-22T23:36:49.192+0530][gc,metaspace  ] GC(38) Metaspace: 51191K(53952K)->51191K(53952K) NonClass: 44889K(46272K)->44889K(46272K) Class: 6302K(7680K)->6302K(7680K)
[2024-03-22T23:36:49.192+0530][gc            ] GC(38) Pause Young (Normal) (G1 Evacuation Pause) 214M->150M(1024M) 14.237ms
[2024-03-22T23:36:49.193+0530][gc,cpu        ] GC(38) User=0.01s Sys=0.02s Real=0.02s
[2024-03-23T00:27:04.478+0530][gc,start      ] GC(39) Pause Young (Normal) (G1 Evacuation Pause)
[2024-03-23T00:27:04.479+0530][gc,task       ] GC(39) Using 9 workers of 9 for evacuation
[2024-03-23T00:27:04.485+0530][gc,phases     ] GC(39)   Pre Evacuate Collection Set: 0.5ms
[2024-03-23T00:27:04.486+0530][gc,phases     ] GC(39)   Evacuate Collection Set: 4.3ms
[2024-03-23T00:27:04.486+0530][gc,phases     ] GC(39)   Post Evacuate Collection Set: 0.7ms
[2024-03-23T00:27:04.486+0530][gc,phases     ] GC(39)   Other: 1.9ms
[2024-03-23T00:27:04.486+0530][gc,heap       ] GC(39) Eden regions: 61->0(68)
[2024-03-23T00:27:04.486+0530][gc,heap       ] GC(39) Survivor regions: 1->1(8)
[2024-03-23T00:27:04.486+0530][gc,heap       ] GC(39) Old regions: 22->22
[2024-03-23T00:27:04.486+0530][gc,heap       ] GC(39) Humongous regions: 129->129
[2024-03-23T00:27:04.486+0530][gc,metaspace  ] GC(39) Metaspace: 51225K(54208K)->51225K(54208K) NonClass: 44922K(46528K)->44922K(46528K) Class: 6302K(7680K)->6302K(7680K)
[2024-03-23T00:27:04.486+0530][gc            ] GC(39) Pause Young (Normal) (G1 Evacuation Pause) 211M->150M(1024M) 7.607ms
[2024-03-23T00:27:04.486+0530][gc,cpu        ] GC(39) User=0.01s Sys=0.01s Real=0.01s
[2024-03-23T01:23:20.995+0530][gc,start      ] GC(40) Pause Young (Normal) (G1 Evacuation Pause)
[2024-03-23T01:23:20.997+0530][gc,task       ] GC(40) Using 9 workers of 9 for evacuation
[2024-03-23T01:23:21.006+0530][gc,phases     ] GC(40)   Pre Evacuate Collection Set: 0.6ms
[2024-03-23T01:23:21.007+0530][gc,phases     ] GC(40)   Evacuate Collection Set: 5.8ms
[2024-03-23T01:23:21.007+0530][gc,phases     ] GC(40)   Post Evacuate Collection Set: 1.3ms
[2024-03-23T01:23:21.007+0530][gc,phases     ] GC(40)   Other: 4.4ms
[2024-03-23T01:23:21.007+0530][gc,heap       ] GC(40) Eden regions: 68->0(63)
[2024-03-23T01:23:21.007+0530][gc,heap       ] GC(40) Survivor regions: 1->1(9)
[2024-03-23T01:23:21.007+0530][gc,heap       ] GC(40) Old regions: 22->22
[2024-03-23T01:23:21.007+0530][gc,heap       ] GC(40) Humongous regions: 129->129
[2024-03-23T01:23:21.007+0530][gc,metaspace  ] GC(40) Metaspace: 51226K(54208K)->51226K(54208K) NonClass: 44924K(46528K)->44924K(46528K) Class: 6302K(7680K)->6302K(7680K)
[2024-03-23T01:23:21.007+0530][gc            ] GC(40) Pause Young (Normal) (G1 Evacuation Pause) 218M->150M(1024M) 11.699ms
[2024-03-23T01:23:21.007+0530][gc,cpu        ] GC(40) User=0.01s Sys=0.01s Real=0.01s
[2024-03-23T15:34:46.051+0530][gc,start      ] GC(41) Pause Young (Normal) (G1 Evacuation Pause)
[2024-03-23T15:34:46.054+0530][gc,task       ] GC(41) Using 9 workers of 9 for evacuation
[2024-03-23T15:34:46.068+0530][gc,phases     ] GC(41)   Pre Evacuate Collection Set: 0.5ms
[2024-03-23T15:34:46.068+0530][gc,phases     ] GC(41)   Evacuate Collection Set: 10.2ms
[2024-03-23T15:34:46.068+0530][gc,phases     ] GC(41)   Post Evacuate Collection Set: 1.0ms
[2024-03-23T15:34:46.068+0530][gc,phases     ] GC(41)   Other: 6.6ms
[2024-03-23T15:34:46.068+0530][gc,heap       ] GC(41) Eden regions: 63->0(67)
[2024-03-23T15:34:46.068+0530][gc,heap       ] GC(41) Survivor regions: 1->1(8)
[2024-03-23T15:34:46.068+0530][gc,heap       ] GC(41) Old regions: 22->22
[2024-03-23T15:34:46.068+0530][gc,heap       ] GC(41) Humongous regions: 129->129
[2024-03-23T15:34:46.068+0530][gc,metaspace  ] GC(41) Metaspace: 51228K(54208K)->51228K(54208K) NonClass: 44926K(46528K)->44926K(46528K) Class: 6302K(7680K)->6302K(7680K)
[2024-03-23T15:34:46.068+0530][gc            ] GC(41) Pause Young (Normal) (G1 Evacuation Pause) 213M->150M(1024M) 16.722ms
[2024-03-23T15:34:46.068+0530][gc,cpu        ] GC(41) User=0.01s Sys=0.00s Real=0.01s
[2024-03-23T16:30:15.982+0530][gc,start      ] GC(42) Pause Young (Normal) (G1 Evacuation Pause)
[2024-03-23T16:30:15.984+0530][gc,task       ] GC(42) Using 9 workers of 9 for evacuation
[2024-03-23T16:30:15.989+0530][gc,phases     ] GC(42)   Pre Evacuate Collection Set: 0.4ms
[2024-03-23T16:30:15.989+0530][gc,phases     ] GC(42)   Evacuate Collection Set: 3.2ms
[2024-03-23T16:30:15.989+0530][gc,phases     ] GC(42)   Post Evacuate Collection Set: 1.0ms
[2024-03-23T16:30:15.989+0530][gc,phases     ] GC(42)   Other: 4.0ms
[2024-03-23T16:30:15.989+0530][gc,heap       ] GC(42) Eden regions: 67->0(73)
[2024-03-23T16:30:15.989+0530][gc,heap       ] GC(42) Survivor regions: 1->1(9)
[2024-03-23T16:30:15.989+0530][gc,heap       ] GC(42) Old regions: 22->22
[2024-03-23T16:30:15.989+0530][gc,heap       ] GC(42) Humongous regions: 129->129
[2024-03-23T16:30:15.989+0530][gc,metaspace  ] GC(42) Metaspace: 51271K(54208K)->51271K(54208K) NonClass: 44969K(46528K)->44969K(46528K) Class: 6302K(7680K)->6302K(7680K)
[2024-03-23T16:30:15.989+0530][gc            ] GC(42) Pause Young (Normal) (G1 Evacuation Pause) 217M->150M(1024M) 7.231ms
[2024-03-23T16:30:15.989+0530][gc,cpu        ] GC(42) User=0.00s Sys=0.01s Real=0.00s
[2024-03-23T18:32:09.607+0530][gc,start      ] GC(43) Pause Young (Normal) (G1 Evacuation Pause)
[2024-03-23T18:32:09.609+0530][gc,task       ] GC(43) Using 9 workers of 9 for evacuation
[2024-03-23T18:32:09.620+0530][gc,phases     ] GC(43)   Pre Evacuate Collection Set: 0.5ms
[2024-03-23T18:32:09.620+0530][gc,phases     ] GC(43)   Evacuate Collection Set: 7.1ms
[2024-03-23T18:32:09.620+0530][gc,phases     ] GC(43)   Post Evacuate Collection Set: 1.6ms
[2024-03-23T18:32:09.620+0530][gc,phases     ] GC(43)   Other: 4.9ms
[2024-03-23T18:32:09.620+0530][gc,heap       ] GC(43) Eden regions: 73->0(82)
[2024-03-23T18:32:09.620+0530][gc,heap       ] GC(43) Survivor regions: 1->1(10)
[2024-03-23T18:32:09.620+0530][gc,heap       ] GC(43) Old regions: 22->22
[2024-03-23T18:32:09.620+0530][gc,heap       ] GC(43) Humongous regions: 129->129
[2024-03-23T18:32:09.621+0530][gc,metaspace  ] GC(43) Metaspace: 51296K(54208K)->51296K(54208K) NonClass: 44994K(46528K)->44994K(46528K) Class: 6302K(7680K)->6302K(7680K)
[2024-03-23T18:32:09.621+0530][gc            ] GC(43) Pause Young (Normal) (G1 Evacuation Pause) 223M->150M(1024M) 13.284ms
[2024-03-23T18:32:09.621+0530][gc,cpu        ] GC(43) User=0.00s Sys=0.01s Real=0.02s
[2024-03-23T20:36:17.686+0530][gc,start      ] GC(44) Pause Young (Normal) (G1 Evacuation Pause)
[2024-03-23T20:36:17.696+0530][gc,task       ] GC(44) Using 9 workers of 9 for evacuation
[2024-03-23T20:36:17.719+0530][gc,phases     ] GC(44)   Pre Evacuate Collection Set: 0.4ms
[2024-03-23T20:36:17.719+0530][gc,phases     ] GC(44)   Evacuate Collection Set: 11.2ms
[2024-03-23T20:36:17.719+0530][gc,phases     ] GC(44)   Post Evacuate Collection Set: 4.0ms
[2024-03-23T20:36:17.719+0530][gc,phases     ] GC(44)   Other: 27.7ms
[2024-03-23T20:36:17.719+0530][gc,heap       ] GC(44) Eden regions: 82->0(62)
[2024-03-23T20:36:17.719+0530][gc,heap       ] GC(44) Survivor regions: 1->1(11)
[2024-03-23T20:36:17.719+0530][gc,heap       ] GC(44) Old regions: 22->22
[2024-03-23T20:36:17.720+0530][gc,heap       ] GC(44) Humongous regions: 129->129
[2024-03-23T20:36:17.721+0530][gc,metaspace  ] GC(44) Metaspace: 51296K(54208K)->51296K(54208K) NonClass: 44994K(46528K)->44994K(46528K) Class: 6302K(7680K)->6302K(7680K)
[2024-03-23T20:36:17.721+0530][gc            ] GC(44) Pause Young (Normal) (G1 Evacuation Pause) 232M->150M(1024M) 35.040ms
[2024-03-23T20:36:17.721+0530][gc,cpu        ] GC(44) User=0.00s Sys=0.01s Real=0.04s
[2024-03-24T01:03:08.519+0530][gc,start      ] GC(45) Pause Young (Normal) (G1 Evacuation Pause)
[2024-03-24T01:03:08.521+0530][gc,task       ] GC(45) Using 9 workers of 9 for evacuation
[2024-03-24T01:03:08.531+0530][gc,phases     ] GC(45)   Pre Evacuate Collection Set: 0.5ms
[2024-03-24T01:03:08.531+0530][gc,phases     ] GC(45)   Evacuate Collection Set: 6.0ms
[2024-03-24T01:03:08.531+0530][gc,phases     ] GC(45)   Post Evacuate Collection Set: 1.6ms
[2024-03-24T01:03:08.531+0530][gc,phases     ] GC(45)   Other: 4.9ms
[2024-03-24T01:03:08.531+0530][gc,heap       ] GC(45) Eden regions: 62->0(69)
[2024-03-24T01:03:08.531+0530][gc,heap       ] GC(45) Survivor regions: 1->1(8)
[2024-03-24T01:03:08.531+0530][gc,heap       ] GC(45) Old regions: 22->22
[2024-03-24T01:03:08.531+0530][gc,heap       ] GC(45) Humongous regions: 129->129
[2024-03-24T01:03:08.531+0530][gc,metaspace  ] GC(45) Metaspace: 51296K(54208K)->51296K(54208K) NonClass: 44994K(46528K)->44994K(46528K) Class: 6302K(7680K)->6302K(7680K)
[2024-03-24T01:03:08.531+0530][gc            ] GC(45) Pause Young (Normal) (G1 Evacuation Pause) 212M->150M(1024M) 12.308ms
[2024-03-24T01:03:08.532+0530][gc,cpu        ] GC(45) User=0.01s Sys=0.01s Real=0.02s
[2024-03-24T02:00:54.729+0530][gc,start      ] GC(46) Pause Young (Normal) (G1 Evacuation Pause)
[2024-03-24T02:00:54.731+0530][gc,task       ] GC(46) Using 9 workers of 9 for evacuation
[2024-03-24T02:00:54.739+0530][gc,phases     ] GC(46)   Pre Evacuate Collection Set: 0.6ms
[2024-03-24T02:00:54.739+0530][gc,phases     ] GC(46)   Evacuate Collection Set: 4.6ms
[2024-03-24T02:00:54.739+0530][gc,phases     ] GC(46)   Post Evacuate Collection Set: 1.3ms
[2024-03-24T02:00:54.739+0530][gc,phases     ] GC(46)   Other: 4.5ms
[2024-03-24T02:00:54.739+0530][gc,heap       ] GC(46) Eden regions: 69->0(78)
[2024-03-24T02:00:54.739+0530][gc,heap       ] GC(46) Survivor regions: 1->1(9)
[2024-03-24T02:00:54.739+0530][gc,heap       ] GC(46) Old regions: 22->22
[2024-03-24T02:00:54.739+0530][gc,heap       ] GC(46) Humongous regions: 129->129
[2024-03-24T02:00:54.740+0530][gc,metaspace  ] GC(46) Metaspace: 51303K(54208K)->51303K(54208K) NonClass: 45001K(46528K)->45001K(46528K) Class: 6302K(7680K)->6302K(7680K)
[2024-03-24T02:00:54.740+0530][gc            ] GC(46) Pause Young (Normal) (G1 Evacuation Pause) 219M->150M(1024M) 10.299ms
[2024-03-24T02:00:54.740+0530][gc,cpu        ] GC(46) User=0.01s Sys=0.01s Real=0.02s
[2024-03-24T11:18:38.525+0530][gc,start      ] GC(47) Pause Young (Normal) (G1 Evacuation Pause)
[2024-03-24T11:18:38.527+0530][gc,task       ] GC(47) Using 9 workers of 9 for evacuation
[2024-03-24T11:18:38.532+0530][gc,phases     ] GC(47)   Pre Evacuate Collection Set: 0.2ms
[2024-03-24T11:18:38.532+0530][gc,phases     ] GC(47)   Evacuate Collection Set: 3.1ms
[2024-03-24T11:18:38.532+0530][gc,phases     ] GC(47)   Post Evacuate Collection Set: 0.9ms
[2024-03-24T11:18:38.532+0530][gc,phases     ] GC(47)   Other: 4.0ms
[2024-03-24T11:18:38.532+0530][gc,heap       ] GC(47) Eden regions: 78->0(88)
[2024-03-24T11:18:38.532+0530][gc,heap       ] GC(47) Survivor regions: 1->1(10)
[2024-03-24T11:18:38.532+0530][gc,heap       ] GC(47) Old regions: 22->22
[2024-03-24T11:18:38.532+0530][gc,heap       ] GC(47) Humongous regions: 129->129
[2024-03-24T11:18:38.533+0530][gc,metaspace  ] GC(47) Metaspace: 51304K(54208K)->51304K(54208K) NonClass: 45002K(46528K)->45002K(46528K) Class: 6302K(7680K)->6302K(7680K)
[2024-03-24T11:18:38.533+0530][gc            ] GC(47) Pause Young (Normal) (G1 Evacuation Pause) 228M->150M(1024M) 7.404ms
[2024-03-24T11:18:38.533+0530][gc,cpu        ] GC(47) User=0.00s Sys=0.00s Real=0.01s
[2024-03-24T19:28:28.194+0530][gc,start      ] GC(48) Pause Young (Normal) (G1 Evacuation Pause)
[2024-03-24T19:28:28.196+0530][gc,task       ] GC(48) Using 9 workers of 9 for evacuation
[2024-03-24T19:28:28.207+0530][gc,phases     ] GC(48)   Pre Evacuate Collection Set: 0.6ms
[2024-03-24T19:28:28.208+0530][gc,phases     ] GC(48)   Evacuate Collection Set: 7.2ms
[2024-03-24T19:28:28.208+0530][gc,phases     ] GC(48)   Post Evacuate Collection Set: 1.7ms
[2024-03-24T19:28:28.208+0530][gc,phases     ] GC(48)   Other: 5.6ms
[2024-03-24T19:28:28.208+0530][gc,heap       ] GC(48) Eden regions: 88->0(94)
[2024-03-24T19:28:28.208+0530][gc,heap       ] GC(48) Survivor regions: 1->1(12)
[2024-03-24T19:28:28.208+0530][gc,heap       ] GC(48) Old regions: 22->22
[2024-03-24T19:28:28.208+0530][gc,heap       ] GC(48) Humongous regions: 129->129
[2024-03-24T19:28:28.208+0530][gc,metaspace  ] GC(48) Metaspace: 51304K(54208K)->51304K(54208K) NonClass: 45002K(46528K)->45002K(46528K) Class: 6302K(7680K)->6302K(7680K)
[2024-03-24T19:28:28.208+0530][gc            ] GC(48) Pause Young (Normal) (G1 Evacuation Pause) 238M->150M(1024M) 13.737ms
[2024-03-24T19:28:28.208+0530][gc,cpu        ] GC(48) User=0.00s Sys=0.00s Real=0.01s
[2024-03-24T21:22:44.264+0530][gc,start      ] GC(49) Pause Young (Normal) (G1 Evacuation Pause)
[2024-03-24T21:22:44.266+0530][gc,task       ] GC(49) Using 9 workers of 9 for evacuation
[2024-03-24T21:22:44.277+0530][gc,phases     ] GC(49)   Pre Evacuate Collection Set: 0.4ms
[2024-03-24T21:22:44.277+0530][gc,phases     ] GC(49)   Evacuate Collection Set: 6.8ms
[2024-03-24T21:22:44.277+0530][gc,phases     ] GC(49)   Post Evacuate Collection Set: 1.4ms
[2024-03-24T21:22:44.277+0530][gc,phases     ] GC(49)   Other: 6.3ms
[2024-03-24T21:22:44.277+0530][gc,heap       ] GC(49) Eden regions: 94->0(98)
[2024-03-24T21:22:44.277+0530][gc,heap       ] GC(49) Survivor regions: 1->1(12)
[2024-03-24T21:22:44.277+0530][gc,heap       ] GC(49) Old regions: 22->22
[2024-03-24T21:22:44.277+0530][gc,heap       ] GC(49) Humongous regions: 129->129
[2024-03-24T21:22:44.278+0530][gc,metaspace  ] GC(49) Metaspace: 51304K(54208K)->51304K(54208K) NonClass: 45002K(46528K)->45002K(46528K) Class: 6302K(7680K)->6302K(7680K)
[2024-03-24T21:22:44.278+0530][gc            ] GC(49) Pause Young (Normal) (G1 Evacuation Pause) 244M->150M(1024M) 13.755ms
[2024-03-24T21:22:44.278+0530][gc,cpu        ] GC(49) User=0.01s Sys=0.01s Real=0.01s
[2024-03-25T09:02:46.835+0530][gc,start      ] GC(50) Pause Young (Normal) (G1 Evacuation Pause)
[2024-03-25T09:02:46.837+0530][gc,task       ] GC(50) Using 9 workers of 9 for evacuation
[2024-03-25T09:02:46.853+0530][gc,phases     ] GC(50)   Pre Evacuate Collection Set: 0.5ms
[2024-03-25T09:02:46.853+0530][gc,phases     ] GC(50)   Evacuate Collection Set: 11.0ms
[2024-03-25T09:02:46.853+0530][gc,phases     ] GC(50)   Post Evacuate Collection Set: 1.8ms
[2024-03-25T09:02:46.853+0530][gc,phases     ] GC(50)   Other: 6.1ms
[2024-03-25T09:02:46.853+0530][gc,heap       ] GC(50) Eden regions: 98->0(109)
[2024-03-25T09:02:46.853+0530][gc,heap       ] GC(50) Survivor regions: 1->1(13)
[2024-03-25T09:02:46.853+0530][gc,heap       ] GC(50) Old regions: 22->22
[2024-03-25T09:02:46.853+0530][gc,heap       ] GC(50) Humongous regions: 129->129
[2024-03-25T09:02:46.853+0530][gc,metaspace  ] GC(50) Metaspace: 51305K(54208K)->51305K(54208K) NonClass: 45003K(46528K)->45003K(46528K) Class: 6302K(7680K)->6302K(7680K)
[2024-03-25T09:02:46.854+0530][gc            ] GC(50) Pause Young (Normal) (G1 Evacuation Pause) 248M->150M(1024M) 18.070ms
[2024-03-25T09:02:46.854+0530][gc,cpu        ] GC(50) User=0.00s Sys=0.01s Real=0.02s
[2024-03-25T11:52:17.571+0530][gc,start      ] GC(51) Pause Young (Normal) (G1 Evacuation Pause)
[2024-03-25T11:52:17.573+0530][gc,task       ] GC(51) Using 9 workers of 9 for evacuation
[2024-03-25T11:52:17.590+0530][gc,phases     ] GC(51)   Pre Evacuate Collection Set: 2.8ms
[2024-03-25T11:52:17.590+0530][gc,phases     ] GC(51)   Evacuate Collection Set: 7.3ms
[2024-03-25T11:52:17.590+0530][gc,phases     ] GC(51)   Post Evacuate Collection Set: 2.4ms
[2024-03-25T11:52:17.590+0530][gc,phases     ] GC(51)   Other: 7.1ms
[2024-03-25T11:52:17.590+0530][gc,heap       ] GC(51) Eden regions: 109->0(112)
[2024-03-25T11:52:17.590+0530][gc,heap       ] GC(51) Survivor regions: 1->1(14)
[2024-03-25T11:52:17.590+0530][gc,heap       ] GC(51) Old regions: 22->22
[2024-03-25T11:52:17.590+0530][gc,heap       ] GC(51) Humongous regions: 129->129
[2024-03-25T11:52:17.590+0530][gc,metaspace  ] GC(51) Metaspace: 51306K(54208K)->51306K(54208K) NonClass: 45004K(46528K)->45004K(46528K) Class: 6302K(7680K)->6302K(7680K)
[2024-03-25T11:52:17.591+0530][gc            ] GC(51) Pause Young (Normal) (G1 Evacuation Pause) 259M->150M(1024M) 19.211ms
[2024-03-25T11:52:17.591+0530][gc,cpu        ] GC(51) User=0.00s Sys=0.01s Real=0.02s
[2024-03-25T13:47:53.364+0530][gc,start      ] GC(52) Pause Young (Normal) (G1 Evacuation Pause)
[2024-03-25T13:47:53.365+0530][gc,task       ] GC(52) Using 9 workers of 9 for evacuation
[2024-03-25T13:47:53.378+0530][gc,phases     ] GC(52)   Pre Evacuate Collection Set: 2.1ms
[2024-03-25T13:47:53.378+0530][gc,phases     ] GC(52)   Evacuate Collection Set: 6.8ms
[2024-03-25T13:47:53.378+0530][gc,phases     ] GC(52)   Post Evacuate Collection Set: 1.8ms
[2024-03-25T13:47:53.379+0530][gc,phases     ] GC(52)   Other: 5.5ms
[2024-03-25T13:47:53.379+0530][gc,heap       ] GC(52) Eden regions: 112->0(114)
[2024-03-25T13:47:53.379+0530][gc,heap       ] GC(52) Survivor regions: 1->1(15)
[2024-03-25T13:47:53.379+0530][gc,heap       ] GC(52) Old regions: 22->22
[2024-03-25T13:47:53.379+0530][gc,heap       ] GC(52) Humongous regions: 129->129
[2024-03-25T13:47:53.379+0530][gc,metaspace  ] GC(52) Metaspace: 51320K(54208K)->51320K(54208K) NonClass: 45018K(46528K)->45018K(46528K) Class: 6302K(7680K)->6302K(7680K)
[2024-03-25T13:47:53.379+0530][gc            ] GC(52) Pause Young (Normal) (G1 Evacuation Pause) 262M->150M(1024M) 15.029ms
[2024-03-25T13:47:53.379+0530][gc,cpu        ] GC(52) User=0.01s Sys=0.01s Real=0.01s
[2024-03-25T17:46:28.717+0530][gc,start      ] GC(53) Pause Young (Normal) (G1 Evacuation Pause)
[2024-03-25T17:46:28.719+0530][gc,task       ] GC(53) Using 9 workers of 9 for evacuation
[2024-03-25T17:46:28.732+0530][gc,phases     ] GC(53)   Pre Evacuate Collection Set: 1.7ms
[2024-03-25T17:46:28.732+0530][gc,phases     ] GC(53)   Evacuate Collection Set: 5.9ms
[2024-03-25T17:46:28.732+0530][gc,phases     ] GC(53)   Post Evacuate Collection Set: 1.1ms
[2024-03-25T17:46:28.732+0530][gc,phases     ] GC(53)   Other: 9.3ms
[2024-03-25T17:46:28.732+0530][gc,heap       ] GC(53) Eden regions: 114->0(131)
[2024-03-25T17:46:28.732+0530][gc,heap       ] GC(53) Survivor regions: 1->1(15)
[2024-03-25T17:46:28.732+0530][gc,heap       ] GC(53) Old regions: 22->22
[2024-03-25T17:46:28.732+0530][gc,heap       ] GC(53) Humongous regions: 129->129
[2024-03-25T17:46:28.732+0530][gc,metaspace  ] GC(53) Metaspace: 51320K(54208K)->51320K(54208K) NonClass: 45018K(46528K)->45018K(46528K) Class: 6302K(7680K)->6302K(7680K)
[2024-03-25T17:46:28.733+0530][gc            ] GC(53) Pause Young (Normal) (G1 Evacuation Pause) 264M->150M(1024M) 16.171ms
[2024-03-25T17:46:28.733+0530][gc,cpu        ] GC(53) User=0.00s Sys=0.01s Real=0.02s
[2024-03-25T19:37:29.406+0530][gc,start      ] GC(54) Pause Young (Normal) (G1 Evacuation Pause)
[2024-03-25T19:37:29.408+0530][gc,task       ] GC(54) Using 9 workers of 9 for evacuation
[2024-03-25T19:37:29.427+0530][gc,phases     ] GC(54)   Pre Evacuate Collection Set: 1.9ms
[2024-03-25T19:37:29.427+0530][gc,phases     ] GC(54)   Evacuate Collection Set: 10.4ms
[2024-03-25T19:37:29.427+0530][gc,phases     ] GC(54)   Post Evacuate Collection Set: 1.4ms
[2024-03-25T19:37:29.427+0530][gc,phases     ] GC(54)   Other: 9.3ms
[2024-03-25T19:37:29.427+0530][gc,heap       ] GC(54) Eden regions: 131->0(149)
[2024-03-25T19:37:29.427+0530][gc,heap       ] GC(54) Survivor regions: 1->1(17)
[2024-03-25T19:37:29.427+0530][gc,heap       ] GC(54) Old regions: 22->22
[2024-03-25T19:37:29.427+0530][gc,heap       ] GC(54) Humongous regions: 129->129
[2024-03-25T19:37:29.427+0530][gc,metaspace  ] GC(54) Metaspace: 51320K(54208K)->51320K(54208K) NonClass: 45018K(46528K)->45018K(46528K) Class: 6302K(7680K)->6302K(7680K)
[2024-03-25T19:37:29.428+0530][gc            ] GC(54) Pause Young (Normal) (G1 Evacuation Pause) 281M->150M(1024M) 21.499ms
[2024-03-25T19:37:29.428+0530][gc,cpu        ] GC(54) User=0.02s Sys=0.02s Real=0.02s
[2024-03-25T21:44:17.313+0530][gc,start      ] GC(55) Pause Young (Normal) (G1 Evacuation Pause)
[2024-03-25T21:44:17.314+0530][gc,task       ] GC(55) Using 9 workers of 9 for evacuation
[2024-03-25T21:44:17.327+0530][gc,phases     ] GC(55)   Pre Evacuate Collection Set: 1.6ms
[2024-03-25T21:44:17.327+0530][gc,phases     ] GC(55)   Evacuate Collection Set: 5.7ms
[2024-03-25T21:44:17.327+0530][gc,phases     ] GC(55)   Post Evacuate Collection Set: 1.2ms
[2024-03-25T21:44:17.327+0530][gc,phases     ] GC(55)   Other: 7.4ms
[2024-03-25T21:44:17.327+0530][gc,heap       ] GC(55) Eden regions: 149->0(177)
[2024-03-25T21:44:17.327+0530][gc,heap       ] GC(55) Survivor regions: 1->1(19)
[2024-03-25T21:44:17.327+0530][gc,heap       ] GC(55) Old regions: 22->22
[2024-03-25T21:44:17.327+0530][gc,heap       ] GC(55) Humongous regions: 129->129
[2024-03-25T21:44:17.327+0530][gc,metaspace  ] GC(55) Metaspace: 51321K(54208K)->51321K(54208K) NonClass: 45018K(46528K)->45018K(46528K) Class: 6302K(7680K)->6302K(7680K)
[2024-03-25T21:44:17.327+0530][gc            ] GC(55) Pause Young (Normal) (G1 Evacuation Pause) 299M->150M(1024M) 14.651ms
[2024-03-25T21:44:17.327+0530][gc,cpu        ] GC(55) User=0.00s Sys=0.01s Real=0.01s
[2024-03-26T00:00:03.752+0530][gc,heap,exit  ] Heap
[2024-03-26T00:00:03.753+0530][gc,heap,exit  ]  garbage-first heap   total 1048576K, used 266120K [0x0000000780000000, 0x00000007c0000000)
[2024-03-26T00:00:03.753+0530][gc,heap,exit  ]   region size 1024K, 112 young (114688K), 1 survivors (1024K)
[2024-03-26T00:00:03.753+0530][gc,heap,exit  ]  Metaspace       used 51483K, capacity 54252K, committed 54592K, reserved 1095680K
[2024-03-26T00:00:03.753+0530][gc,heap,exit  ]   class space    used 6341K, capacity 7689K, committed 7808K, reserved 1048576K
