[2024-03-28T16:09:03.826+0530][gc,heap] Heap region size: 1M
[2024-03-28T16:09:03.828+0530][gc     ] Using G1
[2024-03-28T16:09:03.828+0530][gc,heap,coops] Heap address: 0x0000000780000000, size: 1024 MB, Compressed Oops mode: Zero based, Oop shift amount: 3
[2024-03-28T16:09:04.251+0530][gc,start     ] GC(0) Pause Young (Concurrent Start) (Metadata GC Threshold)
[2024-03-28T16:09:04.251+0530][gc,task      ] GC(0) Using 9 workers of 9 for evacuation
[2024-03-28T16:09:04.255+0530][gc,phases    ] GC(0)   Pre Evacuate Collection Set: 0.0ms
[2024-03-28T16:09:04.255+0530][gc,phases    ] GC(0)   Evacuate Collection Set: 3.6ms
[2024-03-28T16:09:04.255+0530][gc,phases    ] GC(0)   Post Evacuate Collection Set: 0.2ms
[2024-03-28T16:09:04.255+0530][gc,phases    ] GC(0)   Other: 0.3ms
[2024-03-28T16:09:04.255+0530][gc,heap      ] GC(0) Eden regions: 47->0(44)
[2024-03-28T16:09:04.255+0530][gc,heap      ] GC(0) Survivor regions: 0->7(7)
[2024-03-28T16:09:04.255+0530][gc,heap      ] GC(0) Old regions: 0->0
[2024-03-28T16:09:04.255+0530][gc,heap      ] GC(0) Humongous regions: 0->0
[2024-03-28T16:09:04.255+0530][gc,metaspace ] GC(0) Metaspace: 20747K(21248K)->20747K(21248K) NonClass: 18401K(18688K)->18401K(18688K) Class: 2346K(2560K)->2346K(2560K)
[2024-03-28T16:09:04.255+0530][gc           ] GC(0) Pause Young (Concurrent Start) (Metadata GC Threshold) 46M->6M(1024M) 4.287ms
[2024-03-28T16:09:04.255+0530][gc,cpu       ] GC(0) User=0.01s Sys=0.01s Real=0.00s
[2024-03-28T16:09:04.255+0530][gc           ] GC(1) Concurrent Cycle
[2024-03-28T16:09:04.255+0530][gc,marking   ] GC(1) Concurrent Clear Claimed Marks
[2024-03-28T16:09:04.255+0530][gc,marking   ] GC(1) Concurrent Clear Claimed Marks 0.011ms
[2024-03-28T16:09:04.255+0530][gc,marking   ] GC(1) Concurrent Scan Root Regions
[2024-03-28T16:09:04.256+0530][gc,marking   ] GC(1) Concurrent Scan Root Regions 0.884ms
[2024-03-28T16:09:04.256+0530][gc,marking   ] GC(1) Concurrent Mark (0.436s)
[2024-03-28T16:09:04.256+0530][gc,marking   ] GC(1) Concurrent Mark From Roots
[2024-03-28T16:09:04.256+0530][gc,task      ] GC(1) Using 2 workers of 2 for marking
[2024-03-28T16:09:04.256+0530][gc,marking   ] GC(1) Concurrent Mark From Roots 0.082ms
[2024-03-28T16:09:04.256+0530][gc,marking   ] GC(1) Concurrent Preclean
[2024-03-28T16:09:04.256+0530][gc,marking   ] GC(1) Concurrent Preclean 0.017ms
[2024-03-28T16:09:04.256+0530][gc,marking   ] GC(1) Concurrent Mark (0.436s, 0.436s) 0.128ms
[2024-03-28T16:09:04.256+0530][gc,start     ] GC(1) Pause Remark
[2024-03-28T16:09:04.257+0530][gc,stringtable] GC(1) Cleaned string and symbol table, strings: 7265 processed, 0 removed, symbols: 64970 processed, 28 removed
[2024-03-28T16:09:04.257+0530][gc            ] GC(1) Pause Remark 7M->7M(1024M) 1.129ms
[2024-03-28T16:09:04.257+0530][gc,cpu        ] GC(1) User=0.01s Sys=0.00s Real=0.00s
[2024-03-28T16:09:04.257+0530][gc,marking    ] GC(1) Concurrent Rebuild Remembered Sets
[2024-03-28T16:09:04.257+0530][gc,marking    ] GC(1) Concurrent Rebuild Remembered Sets 0.030ms
[2024-03-28T16:09:04.257+0530][gc,start      ] GC(1) Pause Cleanup
[2024-03-28T16:09:04.257+0530][gc            ] GC(1) Pause Cleanup 7M->7M(1024M) 0.102ms
[2024-03-28T16:09:04.257+0530][gc,cpu        ] GC(1) User=0.00s Sys=0.00s Real=0.00s
[2024-03-28T16:09:04.257+0530][gc,marking    ] GC(1) Concurrent Cleanup for Next Mark
[2024-03-28T16:09:04.259+0530][gc,marking    ] GC(1) Concurrent Cleanup for Next Mark 1.646ms
[2024-03-28T16:09:04.259+0530][gc            ] GC(1) Concurrent Cycle 4.117ms
[2024-03-28T16:09:04.688+0530][gc,start      ] GC(2) Pause Young (Normal) (G1 Evacuation Pause)
[2024-03-28T16:09:04.688+0530][gc,task       ] GC(2) Using 9 workers of 9 for evacuation
[2024-03-28T16:09:04.692+0530][gc,phases     ] GC(2)   Pre Evacuate Collection Set: 0.0ms
[2024-03-28T16:09:04.692+0530][gc,phases     ] GC(2)   Evacuate Collection Set: 4.1ms
[2024-03-28T16:09:04.692+0530][gc,phases     ] GC(2)   Post Evacuate Collection Set: 0.2ms
[2024-03-28T16:09:04.692+0530][gc,phases     ] GC(2)   Other: 0.1ms
[2024-03-28T16:09:04.692+0530][gc,heap       ] GC(2) Eden regions: 44->0(48)
[2024-03-28T16:09:04.692+0530][gc,heap       ] GC(2) Survivor regions: 7->3(7)
[2024-03-28T16:09:04.692+0530][gc,heap       ] GC(2) Old regions: 0->7
[2024-03-28T16:09:04.692+0530][gc,heap       ] GC(2) Humongous regions: 129->129
[2024-03-28T16:09:04.692+0530][gc,metaspace  ] GC(2) Metaspace: 29954K(30720K)->29954K(30720K) NonClass: 26458K(26880K)->26458K(26880K) Class: 3495K(3840K)->3495K(3840K)
[2024-03-28T16:09:04.692+0530][gc            ] GC(2) Pause Young (Normal) (G1 Evacuation Pause) 179M->138M(1024M) 4.497ms
[2024-03-28T16:09:04.692+0530][gc,cpu        ] GC(2) User=0.03s Sys=0.01s Real=0.01s
[2024-03-28T16:09:04.837+0530][gc,start      ] GC(3) Pause Young (Concurrent Start) (Metadata GC Threshold)
[2024-03-28T16:09:04.837+0530][gc,task       ] GC(3) Using 9 workers of 9 for evacuation
[2024-03-28T16:09:04.840+0530][gc,phases     ] GC(3)   Pre Evacuate Collection Set: 0.0ms
[2024-03-28T16:09:04.840+0530][gc,phases     ] GC(3)   Evacuate Collection Set: 2.2ms
[2024-03-28T16:09:04.840+0530][gc,phases     ] GC(3)   Post Evacuate Collection Set: 0.1ms
[2024-03-28T16:09:04.840+0530][gc,phases     ] GC(3)   Other: 0.1ms
[2024-03-28T16:09:04.840+0530][gc,heap       ] GC(3) Eden regions: 30->0(47)
[2024-03-28T16:09:04.840+0530][gc,heap       ] GC(3) Survivor regions: 3->4(7)
[2024-03-28T16:09:04.840+0530][gc,heap       ] GC(3) Old regions: 7->7
[2024-03-28T16:09:04.840+0530][gc,heap       ] GC(3) Humongous regions: 129->129
[2024-03-28T16:09:04.840+0530][gc,metaspace  ] GC(3) Metaspace: 34881K(35840K)->34881K(35840K) NonClass: 30942K(31488K)->30942K(31488K) Class: 3939K(4352K)->3939K(4352K)
[2024-03-28T16:09:04.840+0530][gc            ] GC(3) Pause Young (Concurrent Start) (Metadata GC Threshold) 167M->139M(1024M) 2.522ms
[2024-03-28T16:09:04.840+0530][gc,cpu        ] GC(3) User=0.02s Sys=0.00s Real=0.01s
[2024-03-28T16:09:04.840+0530][gc            ] GC(4) Concurrent Cycle
[2024-03-28T16:09:04.840+0530][gc,marking    ] GC(4) Concurrent Clear Claimed Marks
[2024-03-28T16:09:04.840+0530][gc,marking    ] GC(4) Concurrent Clear Claimed Marks 0.018ms
[2024-03-28T16:09:04.840+0530][gc,marking    ] GC(4) Concurrent Scan Root Regions
[2024-03-28T16:09:04.841+0530][gc,marking    ] GC(4) Concurrent Scan Root Regions 0.977ms
[2024-03-28T16:09:04.841+0530][gc,marking    ] GC(4) Concurrent Mark (1.021s)
[2024-03-28T16:09:04.841+0530][gc,marking    ] GC(4) Concurrent Mark From Roots
[2024-03-28T16:09:04.841+0530][gc,task       ] GC(4) Using 2 workers of 2 for marking
[2024-03-28T16:09:04.844+0530][gc,marking    ] GC(4) Concurrent Mark From Roots 3.010ms
[2024-03-28T16:09:04.844+0530][gc,marking    ] GC(4) Concurrent Preclean
[2024-03-28T16:09:04.844+0530][gc,marking    ] GC(4) Concurrent Preclean 0.044ms
[2024-03-28T16:09:04.844+0530][gc,marking    ] GC(4) Concurrent Mark (1.021s, 1.024s) 3.087ms
[2024-03-28T16:09:04.844+0530][gc,start      ] GC(4) Pause Remark
[2024-03-28T16:09:04.848+0530][gc,stringtable] GC(4) Cleaned string and symbol table, strings: 11777 processed, 8 removed, symbols: 97180 processed, 28 removed
[2024-03-28T16:09:04.848+0530][gc            ] GC(4) Pause Remark 140M->140M(1024M) 4.017ms
[2024-03-28T16:09:04.848+0530][gc,cpu        ] GC(4) User=0.00s Sys=0.00s Real=0.00s
[2024-03-28T16:09:04.848+0530][gc,marking    ] GC(4) Concurrent Rebuild Remembered Sets
[2024-03-28T16:09:04.850+0530][gc,marking    ] GC(4) Concurrent Rebuild Remembered Sets 1.756ms
[2024-03-28T16:09:04.850+0530][gc,start      ] GC(4) Pause Cleanup
[2024-03-28T16:09:04.850+0530][gc            ] GC(4) Pause Cleanup 140M->140M(1024M) 0.075ms
[2024-03-28T16:09:04.850+0530][gc,cpu        ] GC(4) User=0.00s Sys=0.00s Real=0.00s
[2024-03-28T16:09:04.850+0530][gc,marking    ] GC(4) Concurrent Cleanup for Next Mark
[2024-03-28T16:09:04.851+0530][gc,marking    ] GC(4) Concurrent Cleanup for Next Mark 1.274ms
[2024-03-28T16:09:04.851+0530][gc            ] GC(4) Concurrent Cycle 11.611ms
[2024-03-28T16:09:19.063+0530][gc,start      ] GC(5) Pause Young (Normal) (G1 Evacuation Pause)
[2024-03-28T16:09:19.063+0530][gc,task       ] GC(5) Using 9 workers of 9 for evacuation
[2024-03-28T16:09:19.066+0530][gc,phases     ] GC(5)   Pre Evacuate Collection Set: 0.1ms
[2024-03-28T16:09:19.067+0530][gc,phases     ] GC(5)   Evacuate Collection Set: 2.8ms
[2024-03-28T16:09:19.067+0530][gc,phases     ] GC(5)   Post Evacuate Collection Set: 0.2ms
[2024-03-28T16:09:19.067+0530][gc,phases     ] GC(5)   Other: 0.1ms
[2024-03-28T16:09:19.067+0530][gc,heap       ] GC(5) Eden regions: 47->0(45)
[2024-03-28T16:09:19.067+0530][gc,heap       ] GC(5) Survivor regions: 4->6(7)
[2024-03-28T16:09:19.067+0530][gc,heap       ] GC(5) Old regions: 7->9
[2024-03-28T16:09:19.067+0530][gc,heap       ] GC(5) Humongous regions: 129->129
[2024-03-28T16:09:19.067+0530][gc,metaspace  ] GC(5) Metaspace: 43731K(45504K)->43731K(45504K) NonClass: 38470K(39360K)->38470K(39360K) Class: 5260K(6144K)->5260K(6144K)
[2024-03-28T16:09:19.067+0530][gc            ] GC(5) Pause Young (Normal) (G1 Evacuation Pause) 186M->142M(1024M) 3.613ms
[2024-03-28T16:09:19.067+0530][gc,cpu        ] GC(5) User=0.02s Sys=0.00s Real=0.00s
[2024-03-28T16:11:59.172+0530][gc,start      ] GC(6) Pause Young (Normal) (G1 Evacuation Pause)
[2024-03-28T16:11:59.175+0530][gc,task       ] GC(6) Using 9 workers of 9 for evacuation
[2024-03-28T16:11:59.218+0530][gc,mmu        ] GC(6) MMU target violated: 21.0ms (20.0ms/21.0ms)
[2024-03-28T16:11:59.218+0530][gc,phases     ] GC(6)   Pre Evacuate Collection Set: 0.5ms
[2024-03-28T16:11:59.218+0530][gc,phases     ] GC(6)   Evacuate Collection Set: 41.9ms
[2024-03-28T16:11:59.218+0530][gc,phases     ] GC(6)   Post Evacuate Collection Set: 0.6ms
[2024-03-28T16:11:59.218+0530][gc,phases     ] GC(6)   Other: 3.2ms
[2024-03-28T16:11:59.218+0530][gc,heap       ] GC(6) Eden regions: 45->0(45)
[2024-03-28T16:11:59.219+0530][gc,heap       ] GC(6) Survivor regions: 6->6(7)
[2024-03-28T16:11:59.219+0530][gc,heap       ] GC(6) Old regions: 9->11
[2024-03-28T16:11:59.219+0530][gc,heap       ] GC(6) Humongous regions: 129->129
[2024-03-28T16:11:59.219+0530][gc,metaspace  ] GC(6) Metaspace: 49043K(51648K)->49043K(51648K) NonClass: 42901K(44224K)->42901K(44224K) Class: 6141K(7424K)->6141K(7424K)
[2024-03-28T16:11:59.219+0530][gc            ] GC(6) Pause Young (Normal) (G1 Evacuation Pause) 187M->145M(1024M) 46.113ms
[2024-03-28T16:11:59.219+0530][gc,cpu        ] GC(6) User=0.05s Sys=0.09s Real=0.04s
[2024-03-28T16:24:15.908+0530][gc,start      ] GC(7) Pause Young (Normal) (G1 Evacuation Pause)
[2024-03-28T16:24:15.908+0530][gc,task       ] GC(7) Using 9 workers of 9 for evacuation
[2024-03-28T16:24:15.933+0530][gc,mmu        ] GC(7) MMU target violated: 21.0ms (20.0ms/21.0ms)
[2024-03-28T16:24:15.933+0530][gc,phases     ] GC(7)   Pre Evacuate Collection Set: 0.7ms
[2024-03-28T16:24:15.933+0530][gc,phases     ] GC(7)   Evacuate Collection Set: 22.5ms
[2024-03-28T16:24:15.933+0530][gc,phases     ] GC(7)   Post Evacuate Collection Set: 0.5ms
[2024-03-28T16:24:15.933+0530][gc,phases     ] GC(7)   Other: 1.4ms
[2024-03-28T16:24:15.933+0530][gc,heap       ] GC(7) Eden regions: 45->0(46)
[2024-03-28T16:24:15.933+0530][gc,heap       ] GC(7) Survivor regions: 6->5(7)
[2024-03-28T16:24:15.933+0530][gc,heap       ] GC(7) Old regions: 11->14
[2024-03-28T16:24:15.933+0530][gc,heap       ] GC(7) Humongous regions: 129->129
[2024-03-28T16:24:15.933+0530][gc,metaspace  ] GC(7) Metaspace: 49900K(52544K)->49900K(52544K) NonClass: 43675K(44992K)->43675K(44992K) Class: 6225K(7552K)->6225K(7552K)
[2024-03-28T16:24:15.933+0530][gc            ] GC(7) Pause Young (Normal) (G1 Evacuation Pause) 190M->147M(1024M) 25.022ms
[2024-03-28T16:24:15.933+0530][gc,cpu        ] GC(7) User=0.06s Sys=0.05s Real=0.03s
[2024-03-28T16:38:03.939+0530][gc,start      ] GC(8) Pause Young (Normal) (G1 Evacuation Pause)
[2024-03-28T16:38:03.941+0530][gc,task       ] GC(8) Using 9 workers of 9 for evacuation
[2024-03-28T16:38:03.963+0530][gc,mmu        ] GC(8) MMU target violated: 21.0ms (20.0ms/21.0ms)
[2024-03-28T16:38:03.963+0530][gc,phases     ] GC(8)   Pre Evacuate Collection Set: 0.5ms
[2024-03-28T16:38:03.963+0530][gc,phases     ] GC(8)   Evacuate Collection Set: 19.6ms
[2024-03-28T16:38:03.963+0530][gc,phases     ] GC(8)   Post Evacuate Collection Set: 0.9ms
[2024-03-28T16:38:03.963+0530][gc,phases     ] GC(8)   Other: 2.8ms
[2024-03-28T16:38:03.963+0530][gc,heap       ] GC(8) Eden regions: 46->0(48)
[2024-03-28T16:38:03.963+0530][gc,heap       ] GC(8) Survivor regions: 5->3(7)
[2024-03-28T16:38:03.963+0530][gc,heap       ] GC(8) Old regions: 14->16
[2024-03-28T16:38:03.963+0530][gc,heap       ] GC(8) Humongous regions: 129->129
[2024-03-28T16:38:03.963+0530][gc,metaspace  ] GC(8) Metaspace: 50102K(52800K)->50102K(52800K) NonClass: 43876K(45248K)->43876K(45248K) Class: 6225K(7552K)->6225K(7552K)
[2024-03-28T16:38:03.963+0530][gc            ] GC(8) Pause Young (Normal) (G1 Evacuation Pause) 193M->147M(1024M) 23.726ms
[2024-03-28T16:38:03.963+0530][gc,cpu        ] GC(8) User=0.05s Sys=0.03s Real=0.03s
[2024-03-28T16:42:17.085+0530][gc,heap,exit  ] Heap
[2024-03-28T16:42:17.086+0530][gc,heap,exit  ]  garbage-first heap   total 1048576K, used 173274K [0x0000000780000000, 0x00000007c0000000)
[2024-03-28T16:42:17.086+0530][gc,heap,exit  ]   region size 1024K, 27 young (27648K), 3 survivors (3072K)
[2024-03-28T16:42:17.086+0530][gc,heap,exit  ]  Metaspace       used 51024K, capacity 53785K, committed 53952K, reserved 1095680K
[2024-03-28T16:42:17.086+0530][gc,heap,exit  ]   class space    used 6465K, capacity 7868K, committed 7936K, reserved 1048576K
