[2024-03-11T11:03:27.767+0530][gc,heap] Heap region size: 1M
[2024-03-11T11:03:27.769+0530][gc     ] Using G1
[2024-03-11T11:03:27.769+0530][gc,heap,coops] Heap address: 0x0000000780000000, size: 1024 MB, Compressed Oops mode: Zero based, Oop shift amount: 3
[2024-03-11T11:03:28.248+0530][gc,start     ] GC(0) Pause Young (Concurrent Start) (Metadata GC Threshold)
[2024-03-11T11:03:28.249+0530][gc,task      ] GC(0) Using 9 workers of 9 for evacuation
[2024-03-11T11:03:28.252+0530][gc,phases    ] GC(0)   Pre Evacuate Collection Set: 0.0ms
[2024-03-11T11:03:28.252+0530][gc,phases    ] GC(0)   Evacuate Collection Set: 3.5ms
[2024-03-11T11:03:28.252+0530][gc,phases    ] GC(0)   Post Evacuate Collection Set: 0.2ms
[2024-03-11T11:03:28.253+0530][gc,phases    ] GC(0)   Other: 0.4ms
[2024-03-11T11:03:28.253+0530][gc,heap      ] GC(0) Eden regions: 47->0(44)
[2024-03-11T11:03:28.253+0530][gc,heap      ] GC(0) Survivor regions: 0->7(7)
[2024-03-11T11:03:28.253+0530][gc,heap      ] GC(0) Old regions: 0->0
[2024-03-11T11:03:28.253+0530][gc,heap      ] GC(0) Humongous regions: 0->0
[2024-03-11T11:03:28.253+0530][gc,metaspace ] GC(0) Metaspace: 20747K(21248K)->20747K(21248K) NonClass: 18402K(18688K)->18402K(18688K) Class: 2345K(2560K)->2345K(2560K)
[2024-03-11T11:03:28.253+0530][gc           ] GC(0) Pause Young (Concurrent Start) (Metadata GC Threshold) 46M->6M(1024M) 4.173ms
[2024-03-11T11:03:28.253+0530][gc,cpu       ] GC(0) User=0.01s Sys=0.00s Real=0.01s
[2024-03-11T11:03:28.253+0530][gc           ] GC(1) Concurrent Cycle
[2024-03-11T11:03:28.253+0530][gc,marking   ] GC(1) Concurrent Clear Claimed Marks
[2024-03-11T11:03:28.253+0530][gc,marking   ] GC(1) Concurrent Clear Claimed Marks 0.013ms
[2024-03-11T11:03:28.253+0530][gc,marking   ] GC(1) Concurrent Scan Root Regions
[2024-03-11T11:03:28.254+0530][gc,marking   ] GC(1) Concurrent Scan Root Regions 0.921ms
[2024-03-11T11:03:28.254+0530][gc,marking   ] GC(1) Concurrent Mark (0.493s)
[2024-03-11T11:03:28.254+0530][gc,marking   ] GC(1) Concurrent Mark From Roots
[2024-03-11T11:03:28.254+0530][gc,task      ] GC(1) Using 2 workers of 2 for marking
[2024-03-11T11:03:28.254+0530][gc,marking   ] GC(1) Concurrent Mark From Roots 0.084ms
[2024-03-11T11:03:28.254+0530][gc,marking   ] GC(1) Concurrent Preclean
[2024-03-11T11:03:28.254+0530][gc,marking   ] GC(1) Concurrent Preclean 0.017ms
[2024-03-11T11:03:28.254+0530][gc,marking   ] GC(1) Concurrent Mark (0.493s, 0.493s) 0.130ms
[2024-03-11T11:03:28.254+0530][gc,start     ] GC(1) Pause Remark
[2024-03-11T11:03:28.254+0530][gc,stringtable] GC(1) Cleaned string and symbol table, strings: 7285 processed, 0 removed, symbols: 64972 processed, 28 removed
[2024-03-11T11:03:28.255+0530][gc            ] GC(1) Pause Remark 7M->7M(1024M) 0.924ms
[2024-03-11T11:03:28.255+0530][gc,cpu        ] GC(1) User=0.00s Sys=0.00s Real=0.00s
[2024-03-11T11:03:28.255+0530][gc,marking    ] GC(1) Concurrent Rebuild Remembered Sets
[2024-03-11T11:03:28.255+0530][gc,marking    ] GC(1) Concurrent Rebuild Remembered Sets 0.054ms
[2024-03-11T11:03:28.255+0530][gc,start      ] GC(1) Pause Cleanup
[2024-03-11T11:03:28.255+0530][gc            ] GC(1) Pause Cleanup 7M->7M(1024M) 0.113ms
[2024-03-11T11:03:28.255+0530][gc,cpu        ] GC(1) User=0.01s Sys=0.00s Real=0.00s
[2024-03-11T11:03:28.255+0530][gc,marking    ] GC(1) Concurrent Cleanup for Next Mark
[2024-03-11T11:03:28.256+0530][gc,marking    ] GC(1) Concurrent Cleanup for Next Mark 1.475ms
[2024-03-11T11:03:28.256+0530][gc            ] GC(1) Concurrent Cycle 3.890ms
[2024-03-11T11:03:28.733+0530][gc,start      ] GC(2) Pause Young (Normal) (G1 Evacuation Pause)
[2024-03-11T11:03:28.733+0530][gc,task       ] GC(2) Using 9 workers of 9 for evacuation
[2024-03-11T11:03:28.737+0530][gc,phases     ] GC(2)   Pre Evacuate Collection Set: 0.0ms
[2024-03-11T11:03:28.737+0530][gc,phases     ] GC(2)   Evacuate Collection Set: 4.1ms
[2024-03-11T11:03:28.737+0530][gc,phases     ] GC(2)   Post Evacuate Collection Set: 0.2ms
[2024-03-11T11:03:28.737+0530][gc,phases     ] GC(2)   Other: 0.1ms
[2024-03-11T11:03:28.737+0530][gc,heap       ] GC(2) Eden regions: 44->0(48)
[2024-03-11T11:03:28.737+0530][gc,heap       ] GC(2) Survivor regions: 7->3(7)
[2024-03-11T11:03:28.737+0530][gc,heap       ] GC(2) Old regions: 0->7
[2024-03-11T11:03:28.737+0530][gc,heap       ] GC(2) Humongous regions: 129->129
[2024-03-11T11:03:28.737+0530][gc,metaspace  ] GC(2) Metaspace: 30117K(31104K)->30117K(31104K) NonClass: 26614K(27136K)->26614K(27136K) Class: 3502K(3968K)->3502K(3968K)
[2024-03-11T11:03:28.737+0530][gc            ] GC(2) Pause Young (Normal) (G1 Evacuation Pause) 179M->138M(1024M) 4.478ms
[2024-03-11T11:03:28.737+0530][gc,cpu        ] GC(2) User=0.03s Sys=0.00s Real=0.00s
[2024-03-11T11:03:28.887+0530][gc,start      ] GC(3) Pause Young (Concurrent Start) (Metadata GC Threshold)
[2024-03-11T11:03:28.887+0530][gc,task       ] GC(3) Using 9 workers of 9 for evacuation
[2024-03-11T11:03:28.889+0530][gc,phases     ] GC(3)   Pre Evacuate Collection Set: 0.0ms
[2024-03-11T11:03:28.889+0530][gc,phases     ] GC(3)   Evacuate Collection Set: 1.8ms
[2024-03-11T11:03:28.889+0530][gc,phases     ] GC(3)   Post Evacuate Collection Set: 0.2ms
[2024-03-11T11:03:28.889+0530][gc,phases     ] GC(3)   Other: 0.1ms
[2024-03-11T11:03:28.889+0530][gc,heap       ] GC(3) Eden regions: 29->0(46)
[2024-03-11T11:03:28.889+0530][gc,heap       ] GC(3) Survivor regions: 3->5(7)
[2024-03-11T11:03:28.889+0530][gc,heap       ] GC(3) Old regions: 7->7
[2024-03-11T11:03:28.889+0530][gc,heap       ] GC(3) Humongous regions: 129->129
[2024-03-11T11:03:28.889+0530][gc,metaspace  ] GC(3) Metaspace: 34870K(35840K)->34870K(35840K) NonClass: 30931K(31488K)->30931K(31488K) Class: 3939K(4352K)->3939K(4352K)
[2024-03-11T11:03:28.889+0530][gc            ] GC(3) Pause Young (Concurrent Start) (Metadata GC Threshold) 167M->139M(1024M) 2.186ms
[2024-03-11T11:03:28.889+0530][gc,cpu        ] GC(3) User=0.02s Sys=0.00s Real=0.00s
[2024-03-11T11:03:28.889+0530][gc            ] GC(4) Concurrent Cycle
[2024-03-11T11:03:28.889+0530][gc,marking    ] GC(4) Concurrent Clear Claimed Marks
[2024-03-11T11:03:28.889+0530][gc,marking    ] GC(4) Concurrent Clear Claimed Marks 0.019ms
[2024-03-11T11:03:28.889+0530][gc,marking    ] GC(4) Concurrent Scan Root Regions
[2024-03-11T11:03:28.890+0530][gc,marking    ] GC(4) Concurrent Scan Root Regions 0.916ms
[2024-03-11T11:03:28.890+0530][gc,marking    ] GC(4) Concurrent Mark (1.130s)
[2024-03-11T11:03:28.890+0530][gc,marking    ] GC(4) Concurrent Mark From Roots
[2024-03-11T11:03:28.890+0530][gc,task       ] GC(4) Using 2 workers of 2 for marking
[2024-03-11T11:03:28.893+0530][gc,marking    ] GC(4) Concurrent Mark From Roots 2.883ms
[2024-03-11T11:03:28.893+0530][gc,marking    ] GC(4) Concurrent Preclean
[2024-03-11T11:03:28.893+0530][gc,marking    ] GC(4) Concurrent Preclean 0.031ms
[2024-03-11T11:03:28.893+0530][gc,marking    ] GC(4) Concurrent Mark (1.130s, 1.133s) 2.930ms
[2024-03-11T11:03:28.893+0530][gc,start      ] GC(4) Pause Remark
[2024-03-11T11:03:28.894+0530][gc,stringtable] GC(4) Cleaned string and symbol table, strings: 11728 processed, 8 removed, symbols: 97182 processed, 28 removed
[2024-03-11T11:03:28.894+0530][gc            ] GC(4) Pause Remark 140M->140M(1024M) 1.082ms
[2024-03-11T11:03:28.894+0530][gc,cpu        ] GC(4) User=0.01s Sys=0.00s Real=0.00s
[2024-03-11T11:03:28.894+0530][gc,marking    ] GC(4) Concurrent Rebuild Remembered Sets
[2024-03-11T11:03:28.896+0530][gc,marking    ] GC(4) Concurrent Rebuild Remembered Sets 1.933ms
[2024-03-11T11:03:28.896+0530][gc,start      ] GC(4) Pause Cleanup
[2024-03-11T11:03:28.896+0530][gc            ] GC(4) Pause Cleanup 140M->140M(1024M) 0.132ms
[2024-03-11T11:03:28.896+0530][gc,cpu        ] GC(4) User=0.00s Sys=0.00s Real=0.00s
[2024-03-11T11:03:28.896+0530][gc,marking    ] GC(4) Concurrent Cleanup for Next Mark
[2024-03-11T11:03:28.899+0530][gc,marking    ] GC(4) Concurrent Cleanup for Next Mark 3.002ms
[2024-03-11T11:03:28.899+0530][gc            ] GC(4) Concurrent Cycle 10.430ms
[2024-03-11T11:05:26.965+0530][gc,start      ] GC(5) Pause Young (Normal) (G1 Evacuation Pause)
[2024-03-11T11:05:26.965+0530][gc,task       ] GC(5) Using 9 workers of 9 for evacuation
[2024-03-11T11:05:26.974+0530][gc,phases     ] GC(5)   Pre Evacuate Collection Set: 0.2ms
[2024-03-11T11:05:26.974+0530][gc,phases     ] GC(5)   Evacuate Collection Set: 7.7ms
[2024-03-11T11:05:26.974+0530][gc,phases     ] GC(5)   Post Evacuate Collection Set: 0.3ms
[2024-03-11T11:05:26.974+0530][gc,phases     ] GC(5)   Other: 0.7ms
[2024-03-11T11:05:26.974+0530][gc,heap       ] GC(5) Eden regions: 46->0(46)
[2024-03-11T11:05:26.974+0530][gc,heap       ] GC(5) Survivor regions: 5->5(7)
[2024-03-11T11:05:26.974+0530][gc,heap       ] GC(5) Old regions: 7->9
[2024-03-11T11:05:26.974+0530][gc,heap       ] GC(5) Humongous regions: 129->129
[2024-03-11T11:05:26.974+0530][gc,metaspace  ] GC(5) Metaspace: 43739K(45504K)->43739K(45504K) NonClass: 38505K(39360K)->38505K(39360K) Class: 5234K(6144K)->5234K(6144K)
[2024-03-11T11:05:26.974+0530][gc            ] GC(5) Pause Young (Normal) (G1 Evacuation Pause) 185M->142M(1024M) 8.960ms
[2024-03-11T11:05:26.974+0530][gc,cpu        ] GC(5) User=0.01s Sys=0.01s Real=0.01s
[2024-03-11T11:08:07.641+0530][gc,start      ] GC(6) Pause Young (Normal) (G1 Evacuation Pause)
[2024-03-11T11:08:07.643+0530][gc,task       ] GC(6) Using 9 workers of 9 for evacuation
[2024-03-11T11:08:07.673+0530][gc,mmu        ] GC(6) MMU target violated: 21.0ms (20.0ms/21.0ms)
[2024-03-11T11:08:07.673+0530][gc,phases     ] GC(6)   Pre Evacuate Collection Set: 2.0ms
[2024-03-11T11:08:07.673+0530][gc,phases     ] GC(6)   Evacuate Collection Set: 26.1ms
[2024-03-11T11:08:07.673+0530][gc,phases     ] GC(6)   Post Evacuate Collection Set: 0.4ms
[2024-03-11T11:08:07.673+0530][gc,phases     ] GC(6)   Other: 3.9ms
[2024-03-11T11:08:07.673+0530][gc,heap       ] GC(6) Eden regions: 46->0(45)
[2024-03-11T11:08:07.673+0530][gc,heap       ] GC(6) Survivor regions: 5->6(7)
[2024-03-11T11:08:07.673+0530][gc,heap       ] GC(6) Old regions: 9->11
[2024-03-11T11:08:07.673+0530][gc,heap       ] GC(6) Humongous regions: 129->129
[2024-03-11T11:08:07.673+0530][gc,metaspace  ] GC(6) Metaspace: 49024K(51648K)->49024K(51648K) NonClass: 42881K(44224K)->42881K(44224K) Class: 6142K(7424K)->6142K(7424K)
[2024-03-11T11:08:07.673+0530][gc            ] GC(6) Pause Young (Normal) (G1 Evacuation Pause) 188M->145M(1024M) 32.241ms
[2024-03-11T11:08:07.673+0530][gc,cpu        ] GC(6) User=0.03s Sys=0.07s Real=0.03s
[2024-03-11T11:20:23.263+0530][gc,start      ] GC(7) Pause Young (Normal) (G1 Evacuation Pause)
[2024-03-11T11:20:23.263+0530][gc,task       ] GC(7) Using 9 workers of 9 for evacuation
[2024-03-11T11:20:23.273+0530][gc,phases     ] GC(7)   Pre Evacuate Collection Set: 0.2ms
[2024-03-11T11:20:23.273+0530][gc,phases     ] GC(7)   Evacuate Collection Set: 9.4ms
[2024-03-11T11:20:23.273+0530][gc,phases     ] GC(7)   Post Evacuate Collection Set: 0.4ms
[2024-03-11T11:20:23.273+0530][gc,phases     ] GC(7)   Other: 0.6ms
[2024-03-11T11:20:23.273+0530][gc,heap       ] GC(7) Eden regions: 45->0(46)
[2024-03-11T11:20:23.273+0530][gc,heap       ] GC(7) Survivor regions: 6->5(7)
[2024-03-11T11:20:23.273+0530][gc,heap       ] GC(7) Old regions: 11->14
[2024-03-11T11:20:23.273+0530][gc,heap       ] GC(7) Humongous regions: 129->129
[2024-03-11T11:20:23.273+0530][gc,metaspace  ] GC(7) Metaspace: 49910K(52544K)->49910K(52544K) NonClass: 43681K(44992K)->43681K(44992K) Class: 6228K(7552K)->6228K(7552K)
[2024-03-11T11:20:23.273+0530][gc            ] GC(7) Pause Young (Normal) (G1 Evacuation Pause) 190M->147M(1024M) 10.558ms
[2024-03-11T11:20:23.273+0530][gc,cpu        ] GC(7) User=0.03s Sys=0.04s Real=0.01s
[2024-03-11T11:34:19.059+0530][gc,start      ] GC(8) Pause Young (Normal) (G1 Evacuation Pause)
[2024-03-11T11:34:19.061+0530][gc,task       ] GC(8) Using 9 workers of 9 for evacuation
[2024-03-11T11:34:19.073+0530][gc,phases     ] GC(8)   Pre Evacuate Collection Set: 0.5ms
[2024-03-11T11:34:19.073+0530][gc,phases     ] GC(8)   Evacuate Collection Set: 9.7ms
[2024-03-11T11:34:19.073+0530][gc,phases     ] GC(8)   Post Evacuate Collection Set: 0.4ms
[2024-03-11T11:34:19.073+0530][gc,phases     ] GC(8)   Other: 3.3ms
[2024-03-11T11:34:19.073+0530][gc,heap       ] GC(8) Eden regions: 46->0(48)
[2024-03-11T11:34:19.073+0530][gc,heap       ] GC(8) Survivor regions: 5->3(7)
[2024-03-11T11:34:19.073+0530][gc,heap       ] GC(8) Old regions: 14->16
[2024-03-11T11:34:19.073+0530][gc,heap       ] GC(8) Humongous regions: 129->129
[2024-03-11T11:34:19.073+0530][gc,metaspace  ] GC(8) Metaspace: 50144K(52800K)->50144K(52800K) NonClass: 43914K(45248K)->43914K(45248K) Class: 6230K(7552K)->6230K(7552K)
[2024-03-11T11:34:19.073+0530][gc            ] GC(8) Pause Young (Normal) (G1 Evacuation Pause) 193M->147M(1024M) 13.948ms
[2024-03-11T11:34:19.073+0530][gc,cpu        ] GC(8) User=0.02s Sys=0.02s Real=0.02s
[2024-03-11T11:47:18.211+0530][gc,start      ] GC(9) Pause Young (Normal) (G1 Evacuation Pause)
[2024-03-11T11:47:18.213+0530][gc,task       ] GC(9) Using 9 workers of 9 for evacuation
[2024-03-11T11:47:18.248+0530][gc,mmu        ] GC(9) MMU target violated: 21.0ms (20.0ms/21.0ms)
[2024-03-11T11:47:18.248+0530][gc,phases     ] GC(9)   Pre Evacuate Collection Set: 1.3ms
[2024-03-11T11:47:18.248+0530][gc,phases     ] GC(9)   Evacuate Collection Set: 31.7ms
[2024-03-11T11:47:18.248+0530][gc,phases     ] GC(9)   Post Evacuate Collection Set: 0.8ms
[2024-03-11T11:47:18.248+0530][gc,phases     ] GC(9)   Other: 3.9ms
[2024-03-11T11:47:18.248+0530][gc,heap       ] GC(9) Eden regions: 48->0(48)
[2024-03-11T11:47:18.248+0530][gc,heap       ] GC(9) Survivor regions: 3->3(7)
[2024-03-11T11:47:18.248+0530][gc,heap       ] GC(9) Old regions: 16->16
[2024-03-11T11:47:18.248+0530][gc,heap       ] GC(9) Humongous regions: 129->129
[2024-03-11T11:47:18.248+0530][gc,metaspace  ] GC(9) Metaspace: 50524K(53440K)->50524K(53440K) NonClass: 44224K(45760K)->44224K(45760K) Class: 6299K(7680K)->6299K(7680K)
[2024-03-11T11:47:18.249+0530][gc            ] GC(9) Pause Young (Normal) (G1 Evacuation Pause) 195M->147M(1024M) 37.973ms
[2024-03-11T11:47:18.249+0530][gc,cpu        ] GC(9) User=0.02s Sys=0.04s Real=0.03s
[2024-03-11T11:56:54.657+0530][gc,start      ] GC(10) Pause Young (Normal) (G1 Evacuation Pause)
[2024-03-11T11:56:54.657+0530][gc,task       ] GC(10) Using 9 workers of 9 for evacuation
[2024-03-11T11:56:54.705+0530][gc,mmu        ] GC(10) MMU target violated: 21.0ms (20.0ms/21.0ms)
[2024-03-11T11:56:54.705+0530][gc,phases     ] GC(10)   Pre Evacuate Collection Set: 1.4ms
[2024-03-11T11:56:54.705+0530][gc,phases     ] GC(10)   Evacuate Collection Set: 44.7ms
[2024-03-11T11:56:54.705+0530][gc,phases     ] GC(10)   Post Evacuate Collection Set: 0.5ms
[2024-03-11T11:56:54.705+0530][gc,phases     ] GC(10)   Other: 1.9ms
[2024-03-11T11:56:54.705+0530][gc,heap       ] GC(10) Eden regions: 48->0(47)
[2024-03-11T11:56:54.705+0530][gc,heap       ] GC(10) Survivor regions: 3->4(7)
[2024-03-11T11:56:54.705+0530][gc,heap       ] GC(10) Old regions: 16->16
[2024-03-11T11:56:54.705+0530][gc,heap       ] GC(10) Humongous regions: 129->129
[2024-03-11T11:56:54.705+0530][gc,metaspace  ] GC(10) Metaspace: 50874K(53696K)->50874K(53696K) NonClass: 44574K(46016K)->44574K(46016K) Class: 6299K(7680K)->6299K(7680K)
[2024-03-11T11:56:54.705+0530][gc            ] GC(10) Pause Young (Normal) (G1 Evacuation Pause) 195M->148M(1024M) 48.423ms
[2024-03-11T11:56:54.705+0530][gc,cpu        ] GC(10) User=0.05s Sys=0.05s Real=0.05s
[2024-03-11T12:06:32.475+0530][gc,start      ] GC(11) Pause Young (Normal) (G1 Evacuation Pause)
[2024-03-11T12:06:32.475+0530][gc,task       ] GC(11) Using 9 workers of 9 for evacuation
[2024-03-11T12:06:32.494+0530][gc,phases     ] GC(11)   Pre Evacuate Collection Set: 0.3ms
[2024-03-11T12:06:32.494+0530][gc,phases     ] GC(11)   Evacuate Collection Set: 17.3ms
[2024-03-11T12:06:32.494+0530][gc,phases     ] GC(11)   Post Evacuate Collection Set: 0.6ms
[2024-03-11T12:06:32.494+0530][gc,phases     ] GC(11)   Other: 1.7ms
[2024-03-11T12:06:32.494+0530][gc,heap       ] GC(11) Eden regions: 47->0(46)
[2024-03-11T12:06:32.494+0530][gc,heap       ] GC(11) Survivor regions: 4->5(7)
[2024-03-11T12:06:32.494+0530][gc,heap       ] GC(11) Old regions: 16->16
[2024-03-11T12:06:32.494+0530][gc,heap       ] GC(11) Humongous regions: 129->129
[2024-03-11T12:06:32.494+0530][gc,metaspace  ] GC(11) Metaspace: 50923K(53696K)->50923K(53696K) NonClass: 44624K(46016K)->44624K(46016K) Class: 6299K(7680K)->6299K(7680K)
[2024-03-11T12:06:32.494+0530][gc            ] GC(11) Pause Young (Normal) (G1 Evacuation Pause) 195M->148M(1024M) 19.891ms
[2024-03-11T12:06:32.494+0530][gc,cpu        ] GC(11) User=0.03s Sys=0.03s Real=0.02s
[2024-03-11T12:15:07.854+0530][gc,start      ] GC(12) Pause Young (Normal) (G1 Evacuation Pause)
[2024-03-11T12:15:07.855+0530][gc,task       ] GC(12) Using 9 workers of 9 for evacuation
[2024-03-11T12:15:07.875+0530][gc,mmu        ] GC(12) MMU target violated: 20.2ms (20.0ms/21.0ms)
[2024-03-11T12:15:07.875+0530][gc,phases     ] GC(12)   Pre Evacuate Collection Set: 0.3ms
[2024-03-11T12:15:07.875+0530][gc,phases     ] GC(12)   Evacuate Collection Set: 19.3ms
[2024-03-11T12:15:07.875+0530][gc,phases     ] GC(12)   Post Evacuate Collection Set: 0.4ms
[2024-03-11T12:15:07.875+0530][gc,phases     ] GC(12)   Other: 1.3ms
[2024-03-11T12:15:07.875+0530][gc,heap       ] GC(12) Eden regions: 46->0(46)
[2024-03-11T12:15:07.875+0530][gc,heap       ] GC(12) Survivor regions: 5->5(7)
[2024-03-11T12:15:07.875+0530][gc,heap       ] GC(12) Old regions: 16->17
[2024-03-11T12:15:07.875+0530][gc,heap       ] GC(12) Humongous regions: 129->129
[2024-03-11T12:15:07.875+0530][gc,metaspace  ] GC(12) Metaspace: 50979K(53952K)->50979K(53952K) NonClass: 44674K(46272K)->44674K(46272K) Class: 6305K(7680K)->6305K(7680K)
[2024-03-11T12:15:07.875+0530][gc            ] GC(12) Pause Young (Normal) (G1 Evacuation Pause) 194M->150M(1024M) 21.209ms
[2024-03-11T12:15:07.876+0530][gc,cpu        ] GC(12) User=0.02s Sys=0.02s Real=0.02s
[2024-03-11T12:28:54.699+0530][gc,start      ] GC(13) Pause Young (Normal) (G1 Evacuation Pause)
[2024-03-11T12:28:54.699+0530][gc,task       ] GC(13) Using 9 workers of 9 for evacuation
[2024-03-11T12:28:54.715+0530][gc,phases     ] GC(13)   Pre Evacuate Collection Set: 0.4ms
[2024-03-11T12:28:54.715+0530][gc,phases     ] GC(13)   Evacuate Collection Set: 14.7ms
[2024-03-11T12:28:54.715+0530][gc,phases     ] GC(13)   Post Evacuate Collection Set: 0.3ms
[2024-03-11T12:28:54.715+0530][gc,phases     ] GC(13)   Other: 1.3ms
[2024-03-11T12:28:54.715+0530][gc,heap       ] GC(13) Eden regions: 46->0(48)
[2024-03-11T12:28:54.715+0530][gc,heap       ] GC(13) Survivor regions: 5->3(7)
[2024-03-11T12:28:54.715+0530][gc,heap       ] GC(13) Old regions: 17->19
[2024-03-11T12:28:54.715+0530][gc,heap       ] GC(13) Humongous regions: 129->129
[2024-03-11T12:28:54.715+0530][gc,metaspace  ] GC(13) Metaspace: 51013K(53952K)->51013K(53952K) NonClass: 44701K(46272K)->44701K(46272K) Class: 6311K(7680K)->6311K(7680K)
[2024-03-11T12:28:54.715+0530][gc            ] GC(13) Pause Young (Normal) (G1 Evacuation Pause) 196M->150M(1024M) 16.678ms
[2024-03-11T12:28:54.715+0530][gc,cpu        ] GC(13) User=0.04s Sys=0.03s Real=0.02s
[2024-03-11T14:11:08.512+0530][gc,start      ] GC(14) Pause Young (Normal) (G1 Evacuation Pause)
[2024-03-11T14:11:08.515+0530][gc,task       ] GC(14) Using 9 workers of 9 for evacuation
[2024-03-11T14:11:08.552+0530][gc,mmu        ] GC(14) MMU target violated: 21.0ms (20.0ms/21.0ms)
[2024-03-11T14:11:08.552+0530][gc,phases     ] GC(14)   Pre Evacuate Collection Set: 0.3ms
[2024-03-11T14:11:08.552+0530][gc,phases     ] GC(14)   Evacuate Collection Set: 36.5ms
[2024-03-11T14:11:08.552+0530][gc,phases     ] GC(14)   Post Evacuate Collection Set: 0.3ms
[2024-03-11T14:11:08.552+0530][gc,phases     ] GC(14)   Other: 3.3ms
[2024-03-11T14:11:08.552+0530][gc,heap       ] GC(14) Eden regions: 48->0(47)
[2024-03-11T14:11:08.552+0530][gc,heap       ] GC(14) Survivor regions: 3->4(7)
[2024-03-11T14:11:08.552+0530][gc,heap       ] GC(14) Old regions: 19->19
[2024-03-11T14:11:08.552+0530][gc,heap       ] GC(14) Humongous regions: 129->129
[2024-03-11T14:11:08.552+0530][gc,metaspace  ] GC(14) Metaspace: 51030K(53952K)->51030K(53952K) NonClass: 44719K(46272K)->44719K(46272K) Class: 6311K(7680K)->6311K(7680K)
[2024-03-11T14:11:08.552+0530][gc            ] GC(14) Pause Young (Normal) (G1 Evacuation Pause) 198M->151M(1024M) 40.348ms
[2024-03-11T14:11:08.552+0530][gc,cpu        ] GC(14) User=0.03s Sys=0.05s Real=0.04s
[2024-03-11T14:26:38.514+0530][gc,start      ] GC(15) Pause Young (Normal) (G1 Evacuation Pause)
[2024-03-11T14:26:38.515+0530][gc,task       ] GC(15) Using 9 workers of 9 for evacuation
[2024-03-11T14:26:38.531+0530][gc,phases     ] GC(15)   Pre Evacuate Collection Set: 0.5ms
[2024-03-11T14:26:38.531+0530][gc,phases     ] GC(15)   Evacuate Collection Set: 15.2ms
[2024-03-11T14:26:38.531+0530][gc,phases     ] GC(15)   Post Evacuate Collection Set: 0.2ms
[2024-03-11T14:26:38.531+0530][gc,phases     ] GC(15)   Other: 1.4ms
[2024-03-11T14:26:38.531+0530][gc,heap       ] GC(15) Eden regions: 47->0(46)
[2024-03-11T14:26:38.531+0530][gc,heap       ] GC(15) Survivor regions: 4->5(7)
[2024-03-11T14:26:38.531+0530][gc,heap       ] GC(15) Old regions: 19->20
[2024-03-11T14:26:38.531+0530][gc,heap       ] GC(15) Humongous regions: 129->129
[2024-03-11T14:26:38.532+0530][gc,metaspace  ] GC(15) Metaspace: 51036K(53952K)->51036K(53952K) NonClass: 44725K(46272K)->44725K(46272K) Class: 6311K(7680K)->6311K(7680K)
[2024-03-11T14:26:38.532+0530][gc            ] GC(15) Pause Young (Normal) (G1 Evacuation Pause) 198M->152M(1024M) 17.170ms
[2024-03-11T14:26:38.532+0530][gc,cpu        ] GC(15) User=0.03s Sys=0.02s Real=0.02s
[2024-03-11T14:40:57.816+0530][gc,start      ] GC(16) Pause Young (Normal) (G1 Evacuation Pause)
[2024-03-11T14:40:57.817+0530][gc,task       ] GC(16) Using 9 workers of 9 for evacuation
[2024-03-11T14:40:57.844+0530][gc,mmu        ] GC(16) MMU target violated: 21.0ms (20.0ms/21.0ms)
[2024-03-11T14:40:57.844+0530][gc,phases     ] GC(16)   Pre Evacuate Collection Set: 0.4ms
[2024-03-11T14:40:57.844+0530][gc,phases     ] GC(16)   Evacuate Collection Set: 25.6ms
[2024-03-11T14:40:57.844+0530][gc,phases     ] GC(16)   Post Evacuate Collection Set: 0.3ms
[2024-03-11T14:40:57.844+0530][gc,phases     ] GC(16)   Other: 2.3ms
[2024-03-11T14:40:57.844+0530][gc,heap       ] GC(16) Eden regions: 46->0(46)
[2024-03-11T14:40:57.844+0530][gc,heap       ] GC(16) Survivor regions: 5->5(7)
[2024-03-11T14:40:57.844+0530][gc,heap       ] GC(16) Old regions: 20->21
[2024-03-11T14:40:57.844+0530][gc,heap       ] GC(16) Humongous regions: 129->129
[2024-03-11T14:40:57.844+0530][gc,metaspace  ] GC(16) Metaspace: 51045K(53952K)->51045K(53952K) NonClass: 44733K(46272K)->44733K(46272K) Class: 6311K(7680K)->6311K(7680K)
[2024-03-11T14:40:57.844+0530][gc            ] GC(16) Pause Young (Normal) (G1 Evacuation Pause) 198M->154M(1024M) 28.707ms
[2024-03-11T14:40:57.844+0530][gc,cpu        ] GC(16) User=0.04s Sys=0.05s Real=0.03s
[2024-03-11T14:56:14.339+0530][gc,start      ] GC(17) Pause Young (Normal) (G1 Evacuation Pause)
[2024-03-11T14:56:14.339+0530][gc,task       ] GC(17) Using 9 workers of 9 for evacuation
[2024-03-11T14:56:14.355+0530][gc,phases     ] GC(17)   Pre Evacuate Collection Set: 0.3ms
[2024-03-11T14:56:14.355+0530][gc,phases     ] GC(17)   Evacuate Collection Set: 14.9ms
[2024-03-11T14:56:14.355+0530][gc,phases     ] GC(17)   Post Evacuate Collection Set: 0.4ms
[2024-03-11T14:56:14.355+0530][gc,phases     ] GC(17)   Other: 1.1ms
[2024-03-11T14:56:14.355+0530][gc,heap       ] GC(17) Eden regions: 46->0(47)
[2024-03-11T14:56:14.355+0530][gc,heap       ] GC(17) Survivor regions: 5->4(7)
[2024-03-11T14:56:14.355+0530][gc,heap       ] GC(17) Old regions: 21->22
[2024-03-11T14:56:14.355+0530][gc,heap       ] GC(17) Humongous regions: 129->129
[2024-03-11T14:56:14.355+0530][gc,metaspace  ] GC(17) Metaspace: 51061K(53952K)->51061K(53952K) NonClass: 44749K(46272K)->44749K(46272K) Class: 6311K(7680K)->6311K(7680K)
[2024-03-11T14:56:14.355+0530][gc            ] GC(17) Pause Young (Normal) (G1 Evacuation Pause) 200M->154M(1024M) 16.723ms
[2024-03-11T14:56:14.355+0530][gc,cpu        ] GC(17) User=0.02s Sys=0.01s Real=0.02s
[2024-03-11T15:11:56.436+0530][gc,start      ] GC(18) Pause Young (Normal) (G1 Evacuation Pause)
[2024-03-11T15:11:56.437+0530][gc,task       ] GC(18) Using 9 workers of 9 for evacuation
[2024-03-11T15:11:56.455+0530][gc,phases     ] GC(18)   Pre Evacuate Collection Set: 0.3ms
[2024-03-11T15:11:56.455+0530][gc,phases     ] GC(18)   Evacuate Collection Set: 17.5ms
[2024-03-11T15:11:56.455+0530][gc,phases     ] GC(18)   Post Evacuate Collection Set: 0.3ms
[2024-03-11T15:11:56.455+0530][gc,phases     ] GC(18)   Other: 1.8ms
[2024-03-11T15:11:56.455+0530][gc,heap       ] GC(18) Eden regions: 47->0(48)
[2024-03-11T15:11:56.455+0530][gc,heap       ] GC(18) Survivor regions: 4->5(7)
[2024-03-11T15:11:56.455+0530][gc,heap       ] GC(18) Old regions: 22->22
[2024-03-11T15:11:56.455+0530][gc,heap       ] GC(18) Humongous regions: 129->129
[2024-03-11T15:11:56.455+0530][gc,metaspace  ] GC(18) Metaspace: 51067K(53952K)->51067K(53952K) NonClass: 44755K(46272K)->44755K(46272K) Class: 6311K(7680K)->6311K(7680K)
[2024-03-11T15:11:56.455+0530][gc            ] GC(18) Pause Young (Normal) (G1 Evacuation Pause) 201M->155M(1024M) 19.820ms
[2024-03-11T15:11:56.455+0530][gc,cpu        ] GC(18) User=0.03s Sys=0.02s Real=0.02s
[2024-03-11T15:27:53.730+0530][gc,start      ] GC(19) Pause Young (Normal) (G1 Evacuation Pause)
[2024-03-11T15:27:53.731+0530][gc,task       ] GC(19) Using 9 workers of 9 for evacuation
[2024-03-11T15:27:53.755+0530][gc,mmu        ] GC(19) MMU target violated: 21.0ms (20.0ms/21.0ms)
[2024-03-11T15:27:53.755+0530][gc,phases     ] GC(19)   Pre Evacuate Collection Set: 0.3ms
[2024-03-11T15:27:53.755+0530][gc,phases     ] GC(19)   Evacuate Collection Set: 22.8ms
[2024-03-11T15:27:53.755+0530][gc,phases     ] GC(19)   Post Evacuate Collection Set: 0.5ms
[2024-03-11T15:27:53.755+0530][gc,phases     ] GC(19)   Other: 1.1ms
[2024-03-11T15:27:53.755+0530][gc,heap       ] GC(19) Eden regions: 48->0(57)
[2024-03-11T15:27:53.755+0530][gc,heap       ] GC(19) Survivor regions: 5->4(7)
[2024-03-11T15:27:53.755+0530][gc,heap       ] GC(19) Old regions: 22->24
[2024-03-11T15:27:53.755+0530][gc,heap       ] GC(19) Humongous regions: 129->129
[2024-03-11T15:27:53.755+0530][gc,metaspace  ] GC(19) Metaspace: 51068K(53952K)->51068K(53952K) NonClass: 44756K(46272K)->44756K(46272K) Class: 6311K(7680K)->6311K(7680K)
[2024-03-11T15:27:53.755+0530][gc            ] GC(19) Pause Young (Normal) (G1 Evacuation Pause) 203M->155M(1024M) 24.733ms
[2024-03-11T15:27:53.755+0530][gc,cpu        ] GC(19) User=0.05s Sys=0.02s Real=0.02s
[2024-03-11T15:45:56.804+0530][gc,start      ] GC(20) Pause Young (Normal) (G1 Evacuation Pause)
[2024-03-11T15:45:56.805+0530][gc,task       ] GC(20) Using 9 workers of 9 for evacuation
[2024-03-11T15:45:56.821+0530][gc,phases     ] GC(20)   Pre Evacuate Collection Set: 0.4ms
[2024-03-11T15:45:56.821+0530][gc,phases     ] GC(20)   Evacuate Collection Set: 14.8ms
[2024-03-11T15:45:56.821+0530][gc,phases     ] GC(20)   Post Evacuate Collection Set: 0.3ms
[2024-03-11T15:45:56.821+0530][gc,phases     ] GC(20)   Other: 1.2ms
[2024-03-11T15:45:56.821+0530][gc,heap       ] GC(20) Eden regions: 57->0(609)
[2024-03-11T15:45:56.821+0530][gc,heap       ] GC(20) Survivor regions: 4->5(8)
[2024-03-11T15:45:56.821+0530][gc,heap       ] GC(20) Old regions: 24->24
[2024-03-11T15:45:56.821+0530][gc,heap       ] GC(20) Humongous regions: 129->129
[2024-03-11T15:45:56.821+0530][gc,metaspace  ] GC(20) Metaspace: 51072K(53952K)->51072K(53952K) NonClass: 44760K(46272K)->44760K(46272K) Class: 6311K(7680K)->6311K(7680K)
[2024-03-11T15:45:56.821+0530][gc            ] GC(20) Pause Young (Normal) (G1 Evacuation Pause) 212M->156M(1024M) 16.779ms
[2024-03-11T15:45:56.821+0530][gc,cpu        ] GC(20) User=0.04s Sys=0.02s Real=0.02s
[2024-03-11T22:02:59.143+0530][gc,start      ] GC(21) Pause Young (Normal) (G1 Evacuation Pause)
[2024-03-11T22:02:59.145+0530][gc,task       ] GC(21) Using 9 workers of 9 for evacuation
[2024-03-11T22:02:59.170+0530][gc,mmu        ] GC(21) MMU target violated: 21.0ms (20.0ms/21.0ms)
[2024-03-11T22:02:59.170+0530][gc,phases     ] GC(21)   Pre Evacuate Collection Set: 0.6ms
[2024-03-11T22:02:59.171+0530][gc,phases     ] GC(21)   Evacuate Collection Set: 20.9ms
[2024-03-11T22:02:59.171+0530][gc,phases     ] GC(21)   Post Evacuate Collection Set: 3.1ms
[2024-03-11T22:02:59.171+0530][gc,phases     ] GC(21)   Other: 3.3ms
[2024-03-11T22:02:59.171+0530][gc,heap       ] GC(21) Eden regions: 609->0(111)
[2024-03-11T22:02:59.171+0530][gc,heap       ] GC(21) Survivor regions: 5->4(77)
[2024-03-11T22:02:59.171+0530][gc,heap       ] GC(21) Old regions: 24->24
[2024-03-11T22:02:59.171+0530][gc,heap       ] GC(21) Humongous regions: 129->129
[2024-03-11T22:02:59.171+0530][gc,metaspace  ] GC(21) Metaspace: 51141K(53952K)->51141K(53952K) NonClass: 44830K(46272K)->44830K(46272K) Class: 6311K(7680K)->6311K(7680K)
[2024-03-11T22:02:59.171+0530][gc            ] GC(21) Pause Young (Normal) (G1 Evacuation Pause) 765M->155M(1024M) 27.822ms
[2024-03-11T22:02:59.171+0530][gc,cpu        ] GC(21) User=0.02s Sys=0.03s Real=0.03s
[2024-03-12T03:21:48.541+0530][gc,start      ] GC(22) Pause Young (Normal) (G1 Evacuation Pause)
[2024-03-12T03:21:48.542+0530][gc,task       ] GC(22) Using 9 workers of 9 for evacuation
[2024-03-12T03:21:48.594+0530][gc,mmu        ] GC(22) MMU target violated: 21.0ms (20.0ms/21.0ms)
[2024-03-12T03:21:48.594+0530][gc,phases     ] GC(22)   Pre Evacuate Collection Set: 0.4ms
[2024-03-12T03:21:48.594+0530][gc,phases     ] GC(22)   Evacuate Collection Set: 48.2ms
[2024-03-12T03:21:48.594+0530][gc,phases     ] GC(22)   Post Evacuate Collection Set: 2.4ms
[2024-03-12T03:21:48.594+0530][gc,phases     ] GC(22)   Other: 1.9ms
[2024-03-12T03:21:48.594+0530][gc,heap       ] GC(22) Eden regions: 111->0(47)
[2024-03-12T03:21:48.594+0530][gc,heap       ] GC(22) Survivor regions: 4->4(15)
[2024-03-12T03:21:48.594+0530][gc,heap       ] GC(22) Old regions: 24->24
[2024-03-12T03:21:48.594+0530][gc,heap       ] GC(22) Humongous regions: 129->129
[2024-03-12T03:21:48.594+0530][gc,metaspace  ] GC(22) Metaspace: 51170K(54208K)->51170K(54208K) NonClass: 44859K(46528K)->44859K(46528K) Class: 6311K(7680K)->6311K(7680K)
[2024-03-12T03:21:48.594+0530][gc            ] GC(22) Pause Young (Normal) (G1 Evacuation Pause) 266M->156M(1024M) 52.896ms
[2024-03-12T03:21:48.594+0530][gc,cpu        ] GC(22) User=0.07s Sys=0.05s Real=0.05s
[2024-03-12T03:37:32.221+0530][gc,start      ] GC(23) Pause Young (Normal) (G1 Evacuation Pause)
[2024-03-12T03:37:32.221+0530][gc,task       ] GC(23) Using 9 workers of 9 for evacuation
[2024-03-12T03:37:32.240+0530][gc,phases     ] GC(23)   Pre Evacuate Collection Set: 0.5ms
[2024-03-12T03:37:32.240+0530][gc,phases     ] GC(23)   Evacuate Collection Set: 16.6ms
[2024-03-12T03:37:32.240+0530][gc,phases     ] GC(23)   Post Evacuate Collection Set: 0.4ms
[2024-03-12T03:37:32.240+0530][gc,phases     ] GC(23)   Other: 1.3ms
[2024-03-12T03:37:32.240+0530][gc,heap       ] GC(23) Eden regions: 47->0(112)
[2024-03-12T03:37:32.240+0530][gc,heap       ] GC(23) Survivor regions: 4->4(7)
[2024-03-12T03:37:32.240+0530][gc,heap       ] GC(23) Old regions: 24->24
[2024-03-12T03:37:32.240+0530][gc,heap       ] GC(23) Humongous regions: 129->129
[2024-03-12T03:37:32.240+0530][gc,metaspace  ] GC(23) Metaspace: 51173K(54208K)->51173K(54208K) NonClass: 44861K(46528K)->44861K(46528K) Class: 6311K(7680K)->6311K(7680K)
[2024-03-12T03:37:32.240+0530][gc            ] GC(23) Pause Young (Normal) (G1 Evacuation Pause) 203M->155M(1024M) 18.769ms
[2024-03-12T03:37:32.240+0530][gc,cpu        ] GC(23) User=0.04s Sys=0.02s Real=0.02s
[2024-03-12T08:22:03.631+0530][gc,start      ] GC(24) Pause Young (Normal) (G1 Evacuation Pause)
[2024-03-12T08:22:03.634+0530][gc,task       ] GC(24) Using 9 workers of 9 for evacuation
[2024-03-12T08:22:03.652+0530][gc,phases     ] GC(24)   Pre Evacuate Collection Set: 0.7ms
[2024-03-12T08:22:03.652+0530][gc,phases     ] GC(24)   Evacuate Collection Set: 15.8ms
[2024-03-12T08:22:03.652+0530][gc,phases     ] GC(24)   Post Evacuate Collection Set: 0.7ms
[2024-03-12T08:22:03.652+0530][gc,phases     ] GC(24)   Other: 4.2ms
[2024-03-12T08:22:03.652+0530][gc,heap       ] GC(24) Eden regions: 112->0(217)
[2024-03-12T08:22:03.652+0530][gc,heap       ] GC(24) Survivor regions: 4->3(15)
[2024-03-12T08:22:03.652+0530][gc,heap       ] GC(24) Old regions: 24->24
[2024-03-12T08:22:03.652+0530][gc,heap       ] GC(24) Humongous regions: 129->129
[2024-03-12T08:22:03.652+0530][gc,metaspace  ] GC(24) Metaspace: 51190K(54208K)->51190K(54208K) NonClass: 44878K(46528K)->44878K(46528K) Class: 6311K(7680K)->6311K(7680K)
[2024-03-12T08:22:03.653+0530][gc            ] GC(24) Pause Young (Normal) (G1 Evacuation Pause) 267M->155M(1024M) 21.367ms
[2024-03-12T08:22:03.653+0530][gc,cpu        ] GC(24) User=0.02s Sys=0.02s Real=0.02s
[2024-03-12T13:53:24.346+0530][gc,start      ] GC(25) Pause Young (Normal) (G1 Evacuation Pause)
[2024-03-12T13:53:24.348+0530][gc,task       ] GC(25) Using 9 workers of 9 for evacuation
[2024-03-12T13:53:24.443+0530][gc,mmu        ] GC(25) MMU target violated: 21.0ms (20.0ms/21.0ms)
[2024-03-12T13:53:24.443+0530][gc,phases     ] GC(25)   Pre Evacuate Collection Set: 1.5ms
[2024-03-12T13:53:24.443+0530][gc,phases     ] GC(25)   Evacuate Collection Set: 88.7ms
[2024-03-12T13:53:24.443+0530][gc,phases     ] GC(25)   Post Evacuate Collection Set: 2.6ms
[2024-03-12T13:53:24.444+0530][gc,phases     ] GC(25)   Other: 5.8ms
[2024-03-12T13:53:24.444+0530][gc,heap       ] GC(25) Eden regions: 217->0(47)
[2024-03-12T13:53:24.444+0530][gc,heap       ] GC(25) Survivor regions: 3->4(28)
[2024-03-12T13:53:24.444+0530][gc,heap       ] GC(25) Old regions: 24->24
[2024-03-12T13:53:24.444+0530][gc,heap       ] GC(25) Humongous regions: 129->129
[2024-03-12T13:53:24.444+0530][gc,metaspace  ] GC(25) Metaspace: 51248K(54208K)->51248K(54208K) NonClass: 44932K(46528K)->44932K(46528K) Class: 6315K(7680K)->6315K(7680K)
[2024-03-12T13:53:24.447+0530][gc            ] GC(25) Pause Young (Normal) (G1 Evacuation Pause) 372M->156M(1024M) 98.158ms
[2024-03-12T13:53:24.447+0530][gc,cpu        ] GC(25) User=0.21s Sys=0.10s Real=0.10s
[2024-03-12T14:19:17.044+0530][gc,heap,exit  ] Heap
[2024-03-12T14:19:17.045+0530][gc,heap,exit  ]  garbage-first heap   total 1048576K, used 202922K [0x0000000780000000, 0x00000007c0000000)
[2024-03-12T14:19:17.045+0530][gc,heap,exit  ]   region size 1024K, 48 young (49152K), 4 survivors (4096K)
[2024-03-12T14:19:17.045+0530][gc,heap,exit  ]  Metaspace       used 52011K, capacity 54883K, committed 54976K, reserved 1095680K
[2024-03-12T14:19:17.045+0530][gc,heap,exit  ]   class space    used 6507K, capacity 7913K, committed 7936K, reserved 1048576K
