[2024-03-09T23:11:18.095+0530][gc,heap] Heap region size: 1M
[2024-03-09T23:11:18.096+0530][gc     ] Using G1
[2024-03-09T23:11:18.096+0530][gc,heap,coops] Heap address: 0x00000007a0000000, size: 512 MB, Compressed Oops mode: Zero based, Oop shift amount: 3
[2024-03-09T23:11:18.430+0530][gc,start     ] GC(0) Pause Young (Normal) (G1 Evacuation Pause)
[2024-03-09T23:11:18.431+0530][gc,task      ] GC(0) Using 9 workers of 9 for evacuation
[2024-03-09T23:11:18.434+0530][gc,phases    ] GC(0)   Pre Evacuate Collection Set: 0.0ms
[2024-03-09T23:11:18.434+0530][gc,phases    ] GC(0)   Evacuate Collection Set: 3.2ms
[2024-03-09T23:11:18.434+0530][gc,phases    ] GC(0)   Post Evacuate Collection Set: 0.2ms
[2024-03-09T23:11:18.434+0530][gc,phases    ] GC(0)   Other: 0.5ms
[2024-03-09T23:11:18.434+0530][gc,heap      ] GC(0) Eden regions: 25->0(21)
[2024-03-09T23:11:18.434+0530][gc,heap      ] GC(0) Survivor regions: 0->4(4)
[2024-03-09T23:11:18.434+0530][gc,heap      ] GC(0) Old regions: 0->4
[2024-03-09T23:11:18.434+0530][gc,heap      ] GC(0) Humongous regions: 0->0
[2024-03-09T23:11:18.434+0530][gc,metaspace ] GC(0) Metaspace: 14652K(15232K)->14652K(15232K) NonClass: 13154K(13568K)->13154K(13568K) Class: 1497K(1664K)->1497K(1664K)
[2024-03-09T23:11:18.434+0530][gc           ] GC(0) Pause Young (Normal) (G1 Evacuation Pause) 25M->7M(512M) 3.972ms
[2024-03-09T23:11:18.434+0530][gc,cpu       ] GC(0) User=0.01s Sys=0.01s Real=0.00s
[2024-03-10T01:26:50.728+0530][gc,start     ] GC(1) Pause Young (Normal) (G1 Evacuation Pause)
[2024-03-10T01:26:50.730+0530][gc,task      ] GC(1) Using 9 workers of 9 for evacuation
[2024-03-10T01:26:50.763+0530][gc,mmu       ] GC(1) MMU target violated: 21.0ms (20.0ms/21.0ms)
[2024-03-10T01:26:50.763+0530][gc,phases    ] GC(1)   Pre Evacuate Collection Set: 2.1ms
[2024-03-10T01:26:50.763+0530][gc,phases    ] GC(1)   Evacuate Collection Set: 30.1ms
[2024-03-10T01:26:50.763+0530][gc,phases    ] GC(1)   Post Evacuate Collection Set: 0.5ms
[2024-03-10T01:26:50.763+0530][gc,phases    ] GC(1)   Other: 3.0ms
[2024-03-10T01:26:50.763+0530][gc,heap      ] GC(1) Eden regions: 21->0(24)
[2024-03-10T01:26:50.763+0530][gc,heap      ] GC(1) Survivor regions: 4->1(4)
[2024-03-10T01:26:50.763+0530][gc,heap      ] GC(1) Old regions: 4->8
[2024-03-10T01:26:50.763+0530][gc,heap      ] GC(1) Humongous regions: 0->0
[2024-03-10T01:26:50.763+0530][gc,metaspace ] GC(1) Metaspace: 16691K(17280K)->16691K(17280K) NonClass: 15030K(15360K)->15030K(15360K) Class: 1660K(1920K)->1660K(1920K)
[2024-03-10T01:26:50.763+0530][gc           ] GC(1) Pause Young (Normal) (G1 Evacuation Pause) 28M->7M(512M) 35.305ms
[2024-03-10T01:26:50.763+0530][gc,cpu       ] GC(1) User=0.08s Sys=0.05s Real=0.04s
[2024-03-10T08:54:09.999+0530][gc,start     ] GC(2) Pause Young (Normal) (G1 Evacuation Pause)
[2024-03-10T08:54:10.001+0530][gc,task      ] GC(2) Using 9 workers of 9 for evacuation
[2024-03-10T08:54:10.025+0530][gc,mmu       ] GC(2) MMU target violated: 21.0ms (20.0ms/21.0ms)
[2024-03-10T08:54:10.025+0530][gc,phases    ] GC(2)   Pre Evacuate Collection Set: 4.4ms
[2024-03-10T08:54:10.025+0530][gc,phases    ] GC(2)   Evacuate Collection Set: 16.5ms
[2024-03-10T08:54:10.025+0530][gc,phases    ] GC(2)   Post Evacuate Collection Set: 1.4ms
[2024-03-10T08:54:10.025+0530][gc,phases    ] GC(2)   Other: 5.2ms
[2024-03-10T08:54:10.025+0530][gc,heap      ] GC(2) Eden regions: 24->0(24)
[2024-03-10T08:54:10.025+0530][gc,heap      ] GC(2) Survivor regions: 1->1(4)
[2024-03-10T08:54:10.025+0530][gc,heap      ] GC(2) Old regions: 8->8
[2024-03-10T08:54:10.025+0530][gc,heap      ] GC(2) Humongous regions: 0->0
[2024-03-10T08:54:10.025+0530][gc,metaspace ] GC(2) Metaspace: 16702K(17280K)->16702K(17280K) NonClass: 15041K(15360K)->15041K(15360K) Class: 1660K(1920K)->1660K(1920K)
[2024-03-10T08:54:10.026+0530][gc           ] GC(2) Pause Young (Normal) (G1 Evacuation Pause) 31M->7M(512M) 25.700ms
[2024-03-10T08:54:10.026+0530][gc,cpu       ] GC(2) User=0.03s Sys=0.02s Real=0.03s
[2024-03-10T20:37:18.471+0530][gc,start     ] GC(3) Pause Young (Normal) (G1 Evacuation Pause)
[2024-03-10T20:37:18.475+0530][gc,task      ] GC(3) Using 9 workers of 9 for evacuation
[2024-03-10T20:37:18.505+0530][gc,mmu       ] GC(3) MMU target violated: 21.0ms (20.0ms/21.0ms)
[2024-03-10T20:37:18.505+0530][gc,phases    ] GC(3)   Pre Evacuate Collection Set: 1.2ms
[2024-03-10T20:37:18.505+0530][gc,phases    ] GC(3)   Evacuate Collection Set: 24.3ms
[2024-03-10T20:37:18.505+0530][gc,phases    ] GC(3)   Post Evacuate Collection Set: 0.9ms
[2024-03-10T20:37:18.505+0530][gc,phases    ] GC(3)   Other: 10.6ms
[2024-03-10T20:37:18.505+0530][gc,heap      ] GC(3) Eden regions: 24->0(24)
[2024-03-10T20:37:18.505+0530][gc,heap      ] GC(3) Survivor regions: 1->1(4)
[2024-03-10T20:37:18.505+0530][gc,heap      ] GC(3) Old regions: 8->8
[2024-03-10T20:37:18.505+0530][gc,heap      ] GC(3) Humongous regions: 0->0
[2024-03-10T20:37:18.505+0530][gc,metaspace ] GC(3) Metaspace: 16730K(17280K)->16730K(17280K) NonClass: 15068K(15360K)->15068K(15360K) Class: 1661K(1920K)->1661K(1920K)
[2024-03-10T20:37:18.506+0530][gc           ] GC(3) Pause Young (Normal) (G1 Evacuation Pause) 31M->7M(512M) 34.927ms
[2024-03-10T20:37:18.506+0530][gc,cpu       ] GC(3) User=0.07s Sys=0.02s Real=0.03s
[2024-03-11T08:09:02.814+0530][gc,start     ] GC(4) Pause Young (Normal) (G1 Evacuation Pause)
[2024-03-11T08:09:02.816+0530][gc,task      ] GC(4) Using 9 workers of 9 for evacuation
[2024-03-11T08:09:02.829+0530][gc,phases    ] GC(4)   Pre Evacuate Collection Set: 1.1ms
[2024-03-11T08:09:02.829+0530][gc,phases    ] GC(4)   Evacuate Collection Set: 9.4ms
[2024-03-11T08:09:02.829+0530][gc,phases    ] GC(4)   Post Evacuate Collection Set: 1.0ms
[2024-03-11T08:09:02.829+0530][gc,phases    ] GC(4)   Other: 4.7ms
[2024-03-11T08:09:02.829+0530][gc,heap      ] GC(4) Eden regions: 24->0(24)
[2024-03-11T08:09:02.829+0530][gc,heap      ] GC(4) Survivor regions: 1->1(4)
[2024-03-11T08:09:02.829+0530][gc,heap      ] GC(4) Old regions: 8->8
[2024-03-11T08:09:02.829+0530][gc,heap      ] GC(4) Humongous regions: 0->0
[2024-03-11T08:09:02.829+0530][gc,metaspace ] GC(4) Metaspace: 16745K(17280K)->16745K(17280K) NonClass: 15084K(15360K)->15084K(15360K) Class: 1661K(1920K)->1661K(1920K)
[2024-03-11T08:09:02.830+0530][gc           ] GC(4) Pause Young (Normal) (G1 Evacuation Pause) 31M->7M(512M) 14.976ms
[2024-03-11T08:09:02.830+0530][gc,cpu       ] GC(4) User=0.01s Sys=0.01s Real=0.02s
[2024-03-11T11:02:19.896+0530][gc,heap,exit ] Heap
[2024-03-11T11:02:19.896+0530][gc,heap,exit ]  garbage-first heap   total 524288K, used 17292K [0x00000007a0000000, 0x00000007c0000000)
[2024-03-11T11:02:19.896+0530][gc,heap,exit ]   region size 1024K, 11 young (11264K), 1 survivors (1024K)
[2024-03-11T11:02:19.896+0530][gc,heap,exit ]  Metaspace       used 16762K, capacity 17121K, committed 17280K, reserved 1064960K
[2024-03-11T11:02:19.896+0530][gc,heap,exit ]   class space    used 1663K, capacity 1811K, committed 1920K, reserved 1048576K
