[2024-04-05T21:49:16.311+0530][gc,heap] Heap region size: 1M
[2024-04-05T21:49:16.312+0530][gc     ] Using G1
[2024-04-05T21:49:16.312+0530][gc,heap,coops] Heap address: 0x00000007a0000000, size: 512 MB, Compressed Oops mode: Zero based, Oop shift amount: 3
[2024-04-05T21:49:16.624+0530][gc,start     ] GC(0) Pause Young (Normal) (G1 Evacuation Pause)
[2024-04-05T21:49:16.625+0530][gc,task      ] GC(0) Using 9 workers of 9 for evacuation
[2024-04-05T21:49:16.628+0530][gc,phases    ] GC(0)   Pre Evacuate Collection Set: 0.0ms
[2024-04-05T21:49:16.628+0530][gc,phases    ] GC(0)   Evacuate Collection Set: 3.2ms
[2024-04-05T21:49:16.628+0530][gc,phases    ] GC(0)   Post Evacuate Collection Set: 0.2ms
[2024-04-05T21:49:16.628+0530][gc,phases    ] GC(0)   Other: 0.4ms
[2024-04-05T21:49:16.628+0530][gc,heap      ] GC(0) Eden regions: 25->0(21)
[2024-04-05T21:49:16.628+0530][gc,heap      ] GC(0) Survivor regions: 0->4(4)
[2024-04-05T21:49:16.628+0530][gc,heap      ] GC(0) Old regions: 0->4
[2024-04-05T21:49:16.628+0530][gc,heap      ] GC(0) Humongous regions: 0->0
[2024-04-05T21:49:16.628+0530][gc,metaspace ] GC(0) Metaspace: 14658K(15232K)->14658K(15232K) NonClass: 13160K(13568K)->13160K(13568K) Class: 1497K(1664K)->1497K(1664K)
[2024-04-05T21:49:16.628+0530][gc           ] GC(0) Pause Young (Normal) (G1 Evacuation Pause) 25M->7M(512M) 3.848ms
[2024-04-05T21:49:16.628+0530][gc,cpu       ] GC(0) User=0.02s Sys=0.00s Real=0.00s
[2024-04-06T06:23:53.403+0530][gc,start     ] GC(1) Pause Young (Normal) (G1 Evacuation Pause)
[2024-04-06T06:23:53.405+0530][gc,task      ] GC(1) Using 9 workers of 9 for evacuation
[2024-04-06T06:23:53.426+0530][gc,mmu       ] GC(1) MMU target violated: 20.7ms (20.0ms/21.0ms)
[2024-04-06T06:23:53.426+0530][gc,phases    ] GC(1)   Pre Evacuate Collection Set: 0.3ms
[2024-04-06T06:23:53.426+0530][gc,phases    ] GC(1)   Evacuate Collection Set: 19.5ms
[2024-04-06T06:23:53.426+0530][gc,phases    ] GC(1)   Post Evacuate Collection Set: 0.7ms
[2024-04-06T06:23:53.426+0530][gc,phases    ] GC(1)   Other: 2.8ms
[2024-04-06T06:23:53.426+0530][gc,heap      ] GC(1) Eden regions: 21->0(24)
[2024-04-06T06:23:53.426+0530][gc,heap      ] GC(1) Survivor regions: 4->1(4)
[2024-04-06T06:23:53.426+0530][gc,heap      ] GC(1) Old regions: 4->8
[2024-04-06T06:23:53.426+0530][gc,heap      ] GC(1) Humongous regions: 0->0
[2024-04-06T06:23:53.427+0530][gc,metaspace ] GC(1) Metaspace: 16748K(17280K)->16748K(17280K) NonClass: 15086K(15360K)->15086K(15360K) Class: 1661K(1920K)->1661K(1920K)
[2024-04-06T06:23:53.427+0530][gc           ] GC(1) Pause Young (Normal) (G1 Evacuation Pause) 28M->8M(512M) 23.274ms
[2024-04-06T06:23:53.427+0530][gc,cpu       ] GC(1) User=0.04s Sys=0.03s Real=0.02s
[2024-04-06T14:36:55.848+0530][gc,start     ] GC(2) Pause Young (Normal) (G1 Evacuation Pause)
[2024-04-06T14:36:55.849+0530][gc,task      ] GC(2) Using 9 workers of 9 for evacuation
[2024-04-06T14:36:55.874+0530][gc,mmu       ] GC(2) MMU target violated: 21.0ms (20.0ms/21.0ms)
[2024-04-06T14:36:55.874+0530][gc,phases    ] GC(2)   Pre Evacuate Collection Set: 1.6ms
[2024-04-06T14:36:55.874+0530][gc,phases    ] GC(2)   Evacuate Collection Set: 20.3ms
[2024-04-06T14:36:55.874+0530][gc,phases    ] GC(2)   Post Evacuate Collection Set: 1.0ms
[2024-04-06T14:36:55.874+0530][gc,phases    ] GC(2)   Other: 5.1ms
[2024-04-06T14:36:55.874+0530][gc,heap      ] GC(2) Eden regions: 24->0(24)
[2024-04-06T14:36:55.874+0530][gc,heap      ] GC(2) Survivor regions: 1->1(4)
[2024-04-06T14:36:55.874+0530][gc,heap      ] GC(2) Old regions: 8->8
[2024-04-06T14:36:55.874+0530][gc,heap      ] GC(2) Humongous regions: 0->0
[2024-04-06T14:36:55.875+0530][gc,metaspace ] GC(2) Metaspace: 16748K(17280K)->16748K(17280K) NonClass: 15086K(15360K)->15086K(15360K) Class: 1661K(1920K)->1661K(1920K)
[2024-04-06T14:36:55.875+0530][gc           ] GC(2) Pause Young (Normal) (G1 Evacuation Pause) 32M->8M(512M) 26.782ms
[2024-04-06T14:36:55.875+0530][gc,cpu       ] GC(2) User=0.07s Sys=0.02s Real=0.03s
[2024-04-07T15:23:44.034+0530][gc,start     ] GC(3) Pause Young (Normal) (G1 Evacuation Pause)
[2024-04-07T15:23:44.036+0530][gc,task      ] GC(3) Using 9 workers of 9 for evacuation
[2024-04-07T15:23:44.057+0530][gc,phases    ] GC(3)   Pre Evacuate Collection Set: 1.2ms
[2024-04-07T15:23:44.057+0530][gc,phases    ] GC(3)   Evacuate Collection Set: 17.1ms
[2024-04-07T15:23:44.057+0530][gc,phases    ] GC(3)   Post Evacuate Collection Set: 1.0ms
[2024-04-07T15:23:44.057+0530][gc,phases    ] GC(3)   Other: 5.3ms
[2024-04-07T15:23:44.057+0530][gc,heap      ] GC(3) Eden regions: 24->0(24)
[2024-04-07T15:23:44.057+0530][gc,heap      ] GC(3) Survivor regions: 1->1(4)
[2024-04-07T15:23:44.057+0530][gc,heap      ] GC(3) Old regions: 8->8
[2024-04-07T15:23:44.057+0530][gc,heap      ] GC(3) Humongous regions: 0->0
[2024-04-07T15:23:44.057+0530][gc,metaspace ] GC(3) Metaspace: 16748K(17280K)->16748K(17280K) NonClass: 15086K(15360K)->15086K(15360K) Class: 1661K(1920K)->1661K(1920K)
[2024-04-07T15:23:44.057+0530][gc           ] GC(3) Pause Young (Normal) (G1 Evacuation Pause) 32M->8M(512M) 23.430ms
[2024-04-07T15:23:44.057+0530][gc,cpu       ] GC(3) User=0.07s Sys=0.03s Real=0.02s
[2024-04-08T01:20:18.750+0530][gc,start     ] GC(4) Pause Young (Normal) (G1 Evacuation Pause)
[2024-04-08T01:20:18.751+0530][gc,task      ] GC(4) Using 9 workers of 9 for evacuation
[2024-04-08T01:20:18.775+0530][gc,mmu       ] GC(4) MMU target violated: 21.0ms (20.0ms/21.0ms)
[2024-04-08T01:20:18.775+0530][gc,phases    ] GC(4)   Pre Evacuate Collection Set: 0.8ms
[2024-04-08T01:20:18.775+0530][gc,phases    ] GC(4)   Evacuate Collection Set: 18.8ms
[2024-04-08T01:20:18.775+0530][gc,phases    ] GC(4)   Post Evacuate Collection Set: 0.7ms
[2024-04-08T01:20:18.775+0530][gc,phases    ] GC(4)   Other: 7.3ms
[2024-04-08T01:20:18.775+0530][gc,heap      ] GC(4) Eden regions: 24->0(24)
[2024-04-08T01:20:18.775+0530][gc,heap      ] GC(4) Survivor regions: 1->1(4)
[2024-04-08T01:20:18.775+0530][gc,heap      ] GC(4) Old regions: 8->8
[2024-04-08T01:20:18.775+0530][gc,heap      ] GC(4) Humongous regions: 0->0
[2024-04-08T01:20:18.775+0530][gc,metaspace ] GC(4) Metaspace: 16752K(17280K)->16752K(17280K) NonClass: 15090K(15360K)->15090K(15360K) Class: 1661K(1920K)->1661K(1920K)
[2024-04-08T01:20:18.775+0530][gc           ] GC(4) Pause Young (Normal) (G1 Evacuation Pause) 32M->8M(512M) 25.823ms
[2024-04-08T01:20:18.775+0530][gc,cpu       ] GC(4) User=0.08s Sys=0.02s Real=0.03s
[2024-04-09T00:10:02.009+0530][gc,start     ] GC(5) Pause Young (Normal) (G1 Evacuation Pause)
[2024-04-09T00:10:02.012+0530][gc,task      ] GC(5) Using 9 workers of 9 for evacuation
[2024-04-09T00:10:02.041+0530][gc,mmu       ] GC(5) MMU target violated: 21.0ms (20.0ms/21.0ms)
[2024-04-09T00:10:02.041+0530][gc,phases    ] GC(5)   Pre Evacuate Collection Set: 0.8ms
[2024-04-09T00:10:02.041+0530][gc,phases    ] GC(5)   Evacuate Collection Set: 22.5ms
[2024-04-09T00:10:02.041+0530][gc,phases    ] GC(5)   Post Evacuate Collection Set: 0.6ms
[2024-04-09T00:10:02.041+0530][gc,phases    ] GC(5)   Other: 11.2ms
[2024-04-09T00:10:02.041+0530][gc,heap      ] GC(5) Eden regions: 24->0(24)
[2024-04-09T00:10:02.041+0530][gc,heap      ] GC(5) Survivor regions: 1->1(4)
[2024-04-09T00:10:02.041+0530][gc,heap      ] GC(5) Old regions: 8->8
[2024-04-09T00:10:02.041+0530][gc,heap      ] GC(5) Humongous regions: 0->0
[2024-04-09T00:10:02.041+0530][gc,metaspace ] GC(5) Metaspace: 16754K(17280K)->16754K(17280K) NonClass: 15093K(15360K)->15093K(15360K) Class: 1661K(1920K)->1661K(1920K)
[2024-04-09T00:10:02.042+0530][gc           ] GC(5) Pause Young (Normal) (G1 Evacuation Pause) 32M->8M(512M) 32.837ms
[2024-04-09T00:10:02.042+0530][gc,cpu       ] GC(5) User=0.08s Sys=0.03s Real=0.04s
[2024-04-09T18:29:39.874+0530][gc,start     ] GC(6) Pause Young (Normal) (G1 Evacuation Pause)
[2024-04-09T18:29:39.876+0530][gc,task      ] GC(6) Using 9 workers of 9 for evacuation
[2024-04-09T18:29:39.902+0530][gc,mmu       ] GC(6) MMU target violated: 21.0ms (20.0ms/21.0ms)
[2024-04-09T18:29:39.902+0530][gc,phases    ] GC(6)   Pre Evacuate Collection Set: 2.1ms
[2024-04-09T18:29:39.902+0530][gc,phases    ] GC(6)   Evacuate Collection Set: 19.2ms
[2024-04-09T18:29:39.902+0530][gc,phases    ] GC(6)   Post Evacuate Collection Set: 0.6ms
[2024-04-09T18:29:39.902+0530][gc,phases    ] GC(6)   Other: 7.4ms
[2024-04-09T18:29:39.902+0530][gc,heap      ] GC(6) Eden regions: 24->0(24)
[2024-04-09T18:29:39.902+0530][gc,heap      ] GC(6) Survivor regions: 1->1(4)
[2024-04-09T18:29:39.902+0530][gc,heap      ] GC(6) Old regions: 8->8
[2024-04-09T18:29:39.902+0530][gc,heap      ] GC(6) Humongous regions: 0->0
[2024-04-09T18:29:39.902+0530][gc,metaspace ] GC(6) Metaspace: 16754K(17280K)->16754K(17280K) NonClass: 15093K(15360K)->15093K(15360K) Class: 1661K(1920K)->1661K(1920K)
[2024-04-09T18:29:39.902+0530][gc           ] GC(6) Pause Young (Normal) (G1 Evacuation Pause) 32M->8M(512M) 28.229ms
[2024-04-09T18:29:39.902+0530][gc,cpu       ] GC(6) User=0.06s Sys=0.01s Real=0.03s
[2024-04-19T16:07:18.798+0530][gc,heap,exit ] Heap
[2024-04-19T16:07:18.800+0530][gc,heap,exit ]  garbage-first heap   total 524288K, used 17474K [0x00000007a0000000, 0x00000007c0000000)
[2024-04-19T16:07:18.801+0530][gc,heap,exit ]   region size 1024K, 11 young (11264K), 1 survivors (1024K)
[2024-04-19T16:07:18.802+0530][gc,heap,exit ]  Metaspace       used 16821K, capacity 17216K, committed 17536K, reserved 1064960K
[2024-04-19T16:07:18.802+0530][gc,heap,exit ]   class space    used 1668K, capacity 1843K, committed 1920K, reserved 1048576K
