[2024-03-05T22:51:36.194+0530][gc,heap] Heap region size: 1M
[2024-03-05T22:51:36.196+0530][gc     ] Using G1
[2024-03-05T22:51:36.196+0530][gc,heap,coops] Heap address: 0x00000007a0000000, size: 512 MB, Compressed Oops mode: Zero based, Oop shift amount: 3
[2024-03-05T22:51:36.563+0530][gc,start     ] GC(0) Pause Young (Normal) (G1 Evacuation Pause)
[2024-03-05T22:51:36.564+0530][gc,task      ] GC(0) Using 9 workers of 9 for evacuation
[2024-03-05T22:51:36.567+0530][gc,phases    ] GC(0)   Pre Evacuate Collection Set: 0.0ms
[2024-03-05T22:51:36.568+0530][gc,phases    ] GC(0)   Evacuate Collection Set: 3.7ms
[2024-03-05T22:51:36.568+0530][gc,phases    ] GC(0)   Post Evacuate Collection Set: 0.2ms
[2024-03-05T22:51:36.568+0530][gc,phases    ] GC(0)   Other: 0.4ms
[2024-03-05T22:51:36.568+0530][gc,heap      ] GC(0) Eden regions: 25->0(21)
[2024-03-05T22:51:36.568+0530][gc,heap      ] GC(0) Survivor regions: 0->4(4)
[2024-03-05T22:51:36.568+0530][gc,heap      ] GC(0) Old regions: 0->4
[2024-03-05T22:51:36.568+0530][gc,heap      ] GC(0) Humongous regions: 0->0
[2024-03-05T22:51:36.568+0530][gc,metaspace ] GC(0) Metaspace: 14683K(15232K)->14683K(15232K) NonClass: 13185K(13568K)->13185K(13568K) Class: 1498K(1664K)->1498K(1664K)
[2024-03-05T22:51:36.568+0530][gc           ] GC(0) Pause Young (Normal) (G1 Evacuation Pause) 25M->7M(512M) 4.297ms
[2024-03-05T22:51:36.568+0530][gc,cpu       ] GC(0) User=0.02s Sys=0.00s Real=0.00s
[2024-03-06T03:20:57.462+0530][gc,start     ] GC(1) Pause Young (Normal) (G1 Evacuation Pause)
[2024-03-06T03:20:57.464+0530][gc,task      ] GC(1) Using 9 workers of 9 for evacuation
[2024-03-06T03:20:57.497+0530][gc,mmu       ] GC(1) MMU target violated: 21.0ms (20.0ms/21.0ms)
[2024-03-06T03:20:57.497+0530][gc,phases    ] GC(1)   Pre Evacuate Collection Set: 3.0ms
[2024-03-06T03:20:57.497+0530][gc,phases    ] GC(1)   Evacuate Collection Set: 28.5ms
[2024-03-06T03:20:57.497+0530][gc,phases    ] GC(1)   Post Evacuate Collection Set: 0.7ms
[2024-03-06T03:20:57.497+0530][gc,phases    ] GC(1)   Other: 2.3ms
[2024-03-06T03:20:57.497+0530][gc,heap      ] GC(1) Eden regions: 21->0(24)
[2024-03-06T03:20:57.497+0530][gc,heap      ] GC(1) Survivor regions: 4->1(4)
[2024-03-06T03:20:57.497+0530][gc,heap      ] GC(1) Old regions: 4->8
[2024-03-06T03:20:57.497+0530][gc,heap      ] GC(1) Humongous regions: 0->0
[2024-03-06T03:20:57.497+0530][gc,metaspace ] GC(1) Metaspace: 16699K(17280K)->16699K(17280K) NonClass: 15037K(15360K)->15037K(15360K) Class: 1661K(1920K)->1661K(1920K)
[2024-03-06T03:20:57.497+0530][gc           ] GC(1) Pause Young (Normal) (G1 Evacuation Pause) 28M->8M(512M) 34.426ms
[2024-03-06T03:20:57.497+0530][gc,cpu       ] GC(1) User=0.04s Sys=0.04s Real=0.03s
[2024-03-06T13:12:05.500+0530][gc,start     ] GC(2) Pause Young (Normal) (G1 Evacuation Pause)
[2024-03-06T13:12:05.502+0530][gc,task      ] GC(2) Using 9 workers of 9 for evacuation
[2024-03-06T13:12:05.528+0530][gc,mmu       ] GC(2) MMU target violated: 21.0ms (20.0ms/21.0ms)
[2024-03-06T13:12:05.528+0530][gc,phases    ] GC(2)   Pre Evacuate Collection Set: 2.4ms
[2024-03-06T13:12:05.528+0530][gc,phases    ] GC(2)   Evacuate Collection Set: 19.5ms
[2024-03-06T13:12:05.528+0530][gc,phases    ] GC(2)   Post Evacuate Collection Set: 0.8ms
[2024-03-06T13:12:05.528+0530][gc,phases    ] GC(2)   Other: 7.5ms
[2024-03-06T13:12:05.528+0530][gc,heap      ] GC(2) Eden regions: 24->0(24)
[2024-03-06T13:12:05.528+0530][gc,heap      ] GC(2) Survivor regions: 1->1(4)
[2024-03-06T13:12:05.528+0530][gc,heap      ] GC(2) Old regions: 8->8
[2024-03-06T13:12:05.528+0530][gc,heap      ] GC(2) Humongous regions: 0->0
[2024-03-06T13:12:05.528+0530][gc,metaspace ] GC(2) Metaspace: 16704K(17280K)->16704K(17280K) NonClass: 15043K(15360K)->15043K(15360K) Class: 1661K(1920K)->1661K(1920K)
[2024-03-06T13:12:05.528+0530][gc           ] GC(2) Pause Young (Normal) (G1 Evacuation Pause) 32M->7M(512M) 28.706ms
[2024-03-06T13:12:05.528+0530][gc,cpu       ] GC(2) User=0.07s Sys=0.02s Real=0.03s
[2024-03-07T15:40:18.836+0530][gc,start     ] GC(3) Pause Young (Normal) (G1 Evacuation Pause)
[2024-03-07T15:40:18.839+0530][gc,task      ] GC(3) Using 9 workers of 9 for evacuation
[2024-03-07T15:40:18.867+0530][gc,mmu       ] GC(3) MMU target violated: 21.0ms (20.0ms/21.0ms)
[2024-03-07T15:40:18.867+0530][gc,phases    ] GC(3)   Pre Evacuate Collection Set: 2.2ms
[2024-03-07T15:40:18.867+0530][gc,phases    ] GC(3)   Evacuate Collection Set: 20.3ms
[2024-03-07T15:40:18.867+0530][gc,phases    ] GC(3)   Post Evacuate Collection Set: 1.5ms
[2024-03-07T15:40:18.868+0530][gc,phases    ] GC(3)   Other: 10.9ms
[2024-03-07T15:40:18.868+0530][gc,heap      ] GC(3) Eden regions: 24->0(24)
[2024-03-07T15:40:18.868+0530][gc,heap      ] GC(3) Survivor regions: 1->1(4)
[2024-03-07T15:40:18.868+0530][gc,heap      ] GC(3) Old regions: 8->8
[2024-03-07T15:40:18.868+0530][gc,heap      ] GC(3) Humongous regions: 0->0
[2024-03-07T15:40:18.868+0530][gc,metaspace ] GC(3) Metaspace: 16704K(17280K)->16704K(17280K) NonClass: 15043K(15360K)->15043K(15360K) Class: 1661K(1920K)->1661K(1920K)
[2024-03-07T15:40:18.868+0530][gc           ] GC(3) Pause Young (Normal) (G1 Evacuation Pause) 31M->7M(512M) 32.135ms
[2024-03-07T15:40:18.868+0530][gc,cpu       ] GC(3) User=0.07s Sys=0.01s Real=0.03s
[2024-03-07T23:35:25.051+0530][gc,start     ] GC(4) Pause Young (Normal) (G1 Evacuation Pause)
[2024-03-07T23:35:25.053+0530][gc,task      ] GC(4) Using 9 workers of 9 for evacuation
[2024-03-07T23:35:25.077+0530][gc,mmu       ] GC(4) MMU target violated: 21.0ms (20.0ms/21.0ms)
[2024-03-07T23:35:25.077+0530][gc,phases    ] GC(4)   Pre Evacuate Collection Set: 1.3ms
[2024-03-07T23:35:25.077+0530][gc,phases    ] GC(4)   Evacuate Collection Set: 17.9ms
[2024-03-07T23:35:25.077+0530][gc,phases    ] GC(4)   Post Evacuate Collection Set: 1.2ms
[2024-03-07T23:35:25.077+0530][gc,phases    ] GC(4)   Other: 6.7ms
[2024-03-07T23:35:25.077+0530][gc,heap      ] GC(4) Eden regions: 24->0(24)
[2024-03-07T23:35:25.077+0530][gc,heap      ] GC(4) Survivor regions: 1->1(4)
[2024-03-07T23:35:25.077+0530][gc,heap      ] GC(4) Old regions: 8->8
[2024-03-07T23:35:25.077+0530][gc,heap      ] GC(4) Humongous regions: 0->0
[2024-03-07T23:35:25.077+0530][gc,metaspace ] GC(4) Metaspace: 16708K(17280K)->16708K(17280K) NonClass: 15047K(15360K)->15047K(15360K) Class: 1661K(1920K)->1661K(1920K)
[2024-03-07T23:35:25.078+0530][gc           ] GC(4) Pause Young (Normal) (G1 Evacuation Pause) 31M->7M(512M) 26.371ms
[2024-03-07T23:35:25.078+0530][gc,cpu       ] GC(4) User=0.03s Sys=0.02s Real=0.02s
[2024-03-09T17:13:46.234+0530][gc,start     ] GC(5) Pause Young (Normal) (G1 Evacuation Pause)
[2024-03-09T17:13:46.236+0530][gc,task      ] GC(5) Using 9 workers of 9 for evacuation
[2024-03-09T17:13:46.264+0530][gc,mmu       ] GC(5) MMU target violated: 21.0ms (20.0ms/21.0ms)
[2024-03-09T17:13:46.265+0530][gc,phases    ] GC(5)   Pre Evacuate Collection Set: 1.8ms
[2024-03-09T17:13:46.265+0530][gc,phases    ] GC(5)   Evacuate Collection Set: 21.2ms
[2024-03-09T17:13:46.265+0530][gc,phases    ] GC(5)   Post Evacuate Collection Set: 1.5ms
[2024-03-09T17:13:46.265+0530][gc,phases    ] GC(5)   Other: 8.4ms
[2024-03-09T17:13:46.265+0530][gc,heap      ] GC(5) Eden regions: 24->0(24)
[2024-03-09T17:13:46.265+0530][gc,heap      ] GC(5) Survivor regions: 1->1(4)
[2024-03-09T17:13:46.265+0530][gc,heap      ] GC(5) Old regions: 8->8
[2024-03-09T17:13:46.265+0530][gc,heap      ] GC(5) Humongous regions: 0->0
[2024-03-09T17:13:46.265+0530][gc,metaspace ] GC(5) Metaspace: 16712K(17280K)->16712K(17280K) NonClass: 15050K(15360K)->15050K(15360K) Class: 1661K(1920K)->1661K(1920K)
[2024-03-09T17:13:46.265+0530][gc           ] GC(5) Pause Young (Normal) (G1 Evacuation Pause) 31M->7M(512M) 31.530ms
[2024-03-09T17:13:46.265+0530][gc,cpu       ] GC(5) User=0.04s Sys=0.02s Real=0.03s
[2024-03-09T23:07:34.929+0530][gc,heap,exit ] Heap
[2024-03-09T23:07:34.931+0530][gc,heap,exit ]  garbage-first heap   total 524288K, used 21355K [0x00000007a0000000, 0x00000007c0000000)
[2024-03-09T23:07:34.931+0530][gc,heap,exit ]   region size 1024K, 15 young (15360K), 1 survivors (1024K)
[2024-03-09T23:07:34.931+0530][gc,heap,exit ]  Metaspace       used 16797K, capacity 17216K, committed 17536K, reserved 1064960K
[2024-03-09T23:07:34.931+0530][gc,heap,exit ]   class space    used 1668K, capacity 1843K, committed 1920K, reserved 1048576K
