[2024-03-11T11:03:17.822+0530][gc,heap] Heap region size: 1M
[2024-03-11T11:03:17.823+0530][gc     ] Using G1
[2024-03-11T11:03:17.823+0530][gc,heap,coops] Heap address: 0x00000007a0000000, size: 512 MB, Compressed Oops mode: Zero based, Oop shift amount: 3
[2024-03-11T11:03:18.175+0530][gc,start     ] GC(0) Pause Young (Normal) (G1 Evacuation Pause)
[2024-03-11T11:03:18.176+0530][gc,task      ] GC(0) Using 9 workers of 9 for evacuation
[2024-03-11T11:03:18.179+0530][gc,phases    ] GC(0)   Pre Evacuate Collection Set: 0.0ms
[2024-03-11T11:03:18.179+0530][gc,phases    ] GC(0)   Evacuate Collection Set: 3.0ms
[2024-03-11T11:03:18.179+0530][gc,phases    ] GC(0)   Post Evacuate Collection Set: 0.2ms
[2024-03-11T11:03:18.179+0530][gc,phases    ] GC(0)   Other: 0.3ms
[2024-03-11T11:03:18.179+0530][gc,heap      ] GC(0) Eden regions: 25->0(21)
[2024-03-11T11:03:18.179+0530][gc,heap      ] GC(0) Survivor regions: 0->4(4)
[2024-03-11T11:03:18.179+0530][gc,heap      ] GC(0) Old regions: 0->4
[2024-03-11T11:03:18.179+0530][gc,heap      ] GC(0) Humongous regions: 0->0
[2024-03-11T11:03:18.179+0530][gc,metaspace ] GC(0) Metaspace: 14700K(15232K)->14700K(15232K) NonClass: 13202K(13568K)->13202K(13568K) Class: 1498K(1664K)->1498K(1664K)
[2024-03-11T11:03:18.179+0530][gc           ] GC(0) Pause Young (Normal) (G1 Evacuation Pause) 25M->7M(512M) 3.551ms
[2024-03-11T11:03:18.179+0530][gc,cpu       ] GC(0) User=0.02s Sys=0.00s Real=0.00s
[2024-03-11T14:57:33.436+0530][gc,start     ] GC(1) Pause Young (Normal) (G1 Evacuation Pause)
[2024-03-11T14:57:33.436+0530][gc,task      ] GC(1) Using 9 workers of 9 for evacuation
[2024-03-11T14:57:33.476+0530][gc,mmu       ] GC(1) MMU target violated: 21.0ms (20.0ms/21.0ms)
[2024-03-11T14:57:33.477+0530][gc,phases    ] GC(1)   Pre Evacuate Collection Set: 0.1ms
[2024-03-11T14:57:33.477+0530][gc,phases    ] GC(1)   Evacuate Collection Set: 38.9ms
[2024-03-11T14:57:33.477+0530][gc,phases    ] GC(1)   Post Evacuate Collection Set: 0.6ms
[2024-03-11T14:57:33.477+0530][gc,phases    ] GC(1)   Other: 1.0ms
[2024-03-11T14:57:33.477+0530][gc,heap      ] GC(1) Eden regions: 21->0(24)
[2024-03-11T14:57:33.477+0530][gc,heap      ] GC(1) Survivor regions: 4->1(4)
[2024-03-11T14:57:33.477+0530][gc,heap      ] GC(1) Old regions: 4->8
[2024-03-11T14:57:33.477+0530][gc,heap      ] GC(1) Humongous regions: 0->0
[2024-03-11T14:57:33.477+0530][gc,metaspace ] GC(1) Metaspace: 16711K(17280K)->16711K(17280K) NonClass: 15050K(15360K)->15050K(15360K) Class: 1661K(1920K)->1661K(1920K)
[2024-03-11T14:57:33.477+0530][gc           ] GC(1) Pause Young (Normal) (G1 Evacuation Pause) 28M->7M(512M) 40.686ms
[2024-03-11T14:57:33.477+0530][gc,cpu       ] GC(1) User=0.04s Sys=0.04s Real=0.04s
[2024-03-12T11:57:13.739+0530][gc,start     ] GC(2) Pause Young (Normal) (G1 Evacuation Pause)
[2024-03-12T11:57:13.741+0530][gc,task      ] GC(2) Using 9 workers of 9 for evacuation
[2024-03-12T11:57:13.764+0530][gc,mmu       ] GC(2) MMU target violated: 21.0ms (20.0ms/21.0ms)
[2024-03-12T11:57:13.764+0530][gc,phases    ] GC(2)   Pre Evacuate Collection Set: 0.9ms
[2024-03-12T11:57:13.764+0530][gc,phases    ] GC(2)   Evacuate Collection Set: 18.1ms
[2024-03-12T11:57:13.764+0530][gc,phases    ] GC(2)   Post Evacuate Collection Set: 1.2ms
[2024-03-12T11:57:13.764+0530][gc,phases    ] GC(2)   Other: 6.3ms
[2024-03-12T11:57:13.764+0530][gc,heap      ] GC(2) Eden regions: 24->0(24)
[2024-03-12T11:57:13.764+0530][gc,heap      ] GC(2) Survivor regions: 1->1(4)
[2024-03-12T11:57:13.764+0530][gc,heap      ] GC(2) Old regions: 8->8
[2024-03-12T11:57:13.764+0530][gc,heap      ] GC(2) Humongous regions: 0->0
[2024-03-12T11:57:13.764+0530][gc,metaspace ] GC(2) Metaspace: 16722K(17280K)->16722K(17280K) NonClass: 15061K(15360K)->15061K(15360K) Class: 1661K(1920K)->1661K(1920K)
[2024-03-12T11:57:13.765+0530][gc           ] GC(2) Pause Young (Normal) (G1 Evacuation Pause) 31M->7M(512M) 25.335ms
[2024-03-12T11:57:13.765+0530][gc,cpu       ] GC(2) User=0.01s Sys=0.01s Real=0.03s
[2024-03-12T14:17:37.370+0530][gc,heap,exit ] Heap
[2024-03-12T14:17:37.371+0530][gc,heap,exit ]  garbage-first heap   total 524288K, used 14122K [0x00000007a0000000, 0x00000007c0000000)
[2024-03-12T14:17:37.371+0530][gc,heap,exit ]   region size 1024K, 8 young (8192K), 1 survivors (1024K)
[2024-03-12T14:17:37.371+0530][gc,heap,exit ]  Metaspace       used 16734K, capacity 17153K, committed 17280K, reserved 1064960K
[2024-03-12T14:17:37.371+0530][gc,heap,exit ]   class space    used 1663K, capacity 1843K, committed 1920K, reserved 1048576K
