[2024-04-02T14:04:28.164+0530][gc,heap] Heap region size: 1M
[2024-04-02T14:04:28.166+0530][gc     ] Using G1
[2024-04-02T14:04:28.166+0530][gc,heap,coops] Heap address: 0x00000007a0000000, size: 512 MB, Compressed Oops mode: Zero based, Oop shift amount: 3
[2024-04-02T14:04:28.766+0530][gc,start     ] GC(0) Pause Young (Normal) (G1 Evacuation Pause)
[2024-04-02T14:04:28.766+0530][gc,task      ] GC(0) Using 9 workers of 9 for evacuation
[2024-04-02T14:04:28.771+0530][gc,phases    ] GC(0)   Pre Evacuate Collection Set: 0.0ms
[2024-04-02T14:04:28.771+0530][gc,phases    ] GC(0)   Evacuate Collection Set: 3.9ms
[2024-04-02T14:04:28.771+0530][gc,phases    ] GC(0)   Post Evacuate Collection Set: 0.2ms
[2024-04-02T14:04:28.771+0530][gc,phases    ] GC(0)   Other: 0.4ms
[2024-04-02T14:04:28.771+0530][gc,heap      ] GC(0) Eden regions: 25->0(21)
[2024-04-02T14:04:28.771+0530][gc,heap      ] GC(0) Survivor regions: 0->4(4)
[2024-04-02T14:04:28.771+0530][gc,heap      ] GC(0) Old regions: 0->4
[2024-04-02T14:04:28.771+0530][gc,heap      ] GC(0) Humongous regions: 0->0
[2024-04-02T14:04:28.771+0530][gc,metaspace ] GC(0) Metaspace: 14667K(15232K)->14667K(15232K) NonClass: 13169K(13568K)->13169K(13568K) Class: 1497K(1664K)->1497K(1664K)
[2024-04-02T14:04:28.771+0530][gc           ] GC(0) Pause Young (Normal) (G1 Evacuation Pause) 25M->7M(512M) 4.632ms
[2024-04-02T14:04:28.771+0530][gc,cpu       ] GC(0) User=0.02s Sys=0.01s Real=0.01s
[2024-04-02T18:22:56.327+0530][gc,start     ] GC(1) Pause Young (Normal) (G1 Evacuation Pause)
[2024-04-02T18:22:56.329+0530][gc,task      ] GC(1) Using 9 workers of 9 for evacuation
[2024-04-02T18:22:56.357+0530][gc,mmu       ] GC(1) MMU target violated: 21.0ms (20.0ms/21.0ms)
[2024-04-02T18:22:56.357+0530][gc,phases    ] GC(1)   Pre Evacuate Collection Set: 1.2ms
[2024-04-02T18:22:56.357+0530][gc,phases    ] GC(1)   Evacuate Collection Set: 24.2ms
[2024-04-02T18:22:56.357+0530][gc,phases    ] GC(1)   Post Evacuate Collection Set: 0.8ms
[2024-04-02T18:22:56.357+0530][gc,phases    ] GC(1)   Other: 5.6ms
[2024-04-02T18:22:56.357+0530][gc,heap      ] GC(1) Eden regions: 21->0(24)
[2024-04-02T18:22:56.357+0530][gc,heap      ] GC(1) Survivor regions: 4->1(4)
[2024-04-02T18:22:56.357+0530][gc,heap      ] GC(1) Old regions: 4->8
[2024-04-02T18:22:56.357+0530][gc,heap      ] GC(1) Humongous regions: 0->0
[2024-04-02T18:22:56.357+0530][gc,metaspace ] GC(1) Metaspace: 16623K(17280K)->16623K(17280K) NonClass: 14961K(15360K)->14961K(15360K) Class: 1661K(1920K)->1661K(1920K)
[2024-04-02T18:22:56.357+0530][gc           ] GC(1) Pause Young (Normal) (G1 Evacuation Pause) 28M->7M(512M) 29.698ms
[2024-04-02T18:22:56.357+0530][gc,cpu       ] GC(1) User=0.05s Sys=0.04s Real=0.03s
[2024-04-03T12:46:51.672+0530][gc,start     ] GC(2) Pause Young (Normal) (G1 Evacuation Pause)
[2024-04-03T12:46:51.674+0530][gc,task      ] GC(2) Using 9 workers of 9 for evacuation
[2024-04-03T12:46:51.683+0530][gc,phases    ] GC(2)   Pre Evacuate Collection Set: 0.4ms
[2024-04-03T12:46:51.683+0530][gc,phases    ] GC(2)   Evacuate Collection Set: 7.4ms
[2024-04-03T12:46:51.683+0530][gc,phases    ] GC(2)   Post Evacuate Collection Set: 0.6ms
[2024-04-03T12:46:51.683+0530][gc,phases    ] GC(2)   Other: 2.9ms
[2024-04-03T12:46:51.683+0530][gc,heap      ] GC(2) Eden regions: 24->0(24)
[2024-04-03T12:46:51.684+0530][gc,heap      ] GC(2) Survivor regions: 1->1(4)
[2024-04-03T12:46:51.684+0530][gc,heap      ] GC(2) Old regions: 8->8
[2024-04-03T12:46:51.684+0530][gc,heap      ] GC(2) Humongous regions: 0->0
[2024-04-03T12:46:51.684+0530][gc,metaspace ] GC(2) Metaspace: 16633K(17280K)->16633K(17280K) NonClass: 14972K(15360K)->14972K(15360K) Class: 1661K(1920K)->1661K(1920K)
[2024-04-03T12:46:51.684+0530][gc           ] GC(2) Pause Young (Normal) (G1 Evacuation Pause) 31M->7M(512M) 11.375ms
[2024-04-03T12:46:51.684+0530][gc,cpu       ] GC(2) User=0.00s Sys=0.01s Real=0.01s
[2024-04-04T07:09:24.398+0530][gc,start     ] GC(3) Pause Young (Normal) (G1 Evacuation Pause)
[2024-04-04T07:09:24.399+0530][gc,task      ] GC(3) Using 9 workers of 9 for evacuation
[2024-04-04T07:09:24.417+0530][gc,phases    ] GC(3)   Pre Evacuate Collection Set: 0.7ms
[2024-04-04T07:09:24.417+0530][gc,phases    ] GC(3)   Evacuate Collection Set: 13.6ms
[2024-04-04T07:09:24.417+0530][gc,phases    ] GC(3)   Post Evacuate Collection Set: 1.0ms
[2024-04-04T07:09:24.417+0530][gc,phases    ] GC(3)   Other: 4.8ms
[2024-04-04T07:09:24.417+0530][gc,heap      ] GC(3) Eden regions: 24->0(24)
[2024-04-04T07:09:24.417+0530][gc,heap      ] GC(3) Survivor regions: 1->1(4)
[2024-04-04T07:09:24.417+0530][gc,heap      ] GC(3) Old regions: 8->8
[2024-04-04T07:09:24.417+0530][gc,heap      ] GC(3) Humongous regions: 0->0
[2024-04-04T07:09:24.417+0530][gc,metaspace ] GC(3) Metaspace: 16633K(17280K)->16633K(17280K) NonClass: 14972K(15360K)->14972K(15360K) Class: 1661K(1920K)->1661K(1920K)
[2024-04-04T07:09:24.417+0530][gc           ] GC(3) Pause Young (Normal) (G1 Evacuation Pause) 31M->7M(512M) 19.242ms
[2024-04-04T07:09:24.417+0530][gc,cpu       ] GC(3) User=0.00s Sys=0.01s Real=0.02s
[2024-04-04T17:46:59.871+0530][gc,start     ] GC(4) Pause Young (Normal) (G1 Evacuation Pause)
[2024-04-04T17:46:59.872+0530][gc,task      ] GC(4) Using 9 workers of 9 for evacuation
[2024-04-04T17:46:59.881+0530][gc,phases    ] GC(4)   Pre Evacuate Collection Set: 0.3ms
[2024-04-04T17:46:59.882+0530][gc,phases    ] GC(4)   Evacuate Collection Set: 8.1ms
[2024-04-04T17:46:59.882+0530][gc,phases    ] GC(4)   Post Evacuate Collection Set: 0.7ms
[2024-04-04T17:46:59.882+0530][gc,phases    ] GC(4)   Other: 1.7ms
[2024-04-04T17:46:59.882+0530][gc,heap      ] GC(4) Eden regions: 24->0(24)
[2024-04-04T17:46:59.882+0530][gc,heap      ] GC(4) Survivor regions: 1->1(4)
[2024-04-04T17:46:59.882+0530][gc,heap      ] GC(4) Old regions: 8->8
[2024-04-04T17:46:59.882+0530][gc,heap      ] GC(4) Humongous regions: 0->0
[2024-04-04T17:46:59.882+0530][gc,metaspace ] GC(4) Metaspace: 16640K(17280K)->16640K(17280K) NonClass: 14979K(15360K)->14979K(15360K) Class: 1661K(1920K)->1661K(1920K)
[2024-04-04T17:46:59.882+0530][gc           ] GC(4) Pause Young (Normal) (G1 Evacuation Pause) 31M->7M(512M) 10.984ms
[2024-04-04T17:46:59.882+0530][gc,cpu       ] GC(4) User=0.01s Sys=0.01s Real=0.01s
[2024-04-05T11:35:54.729+0530][gc,heap,exit ] Heap
[2024-04-05T11:35:54.731+0530][gc,heap,exit ]  garbage-first heap   total 524288K, used 9860K [0x00000007a0000000, 0x00000007c0000000)
[2024-04-05T11:35:54.731+0530][gc,heap,exit ]   region size 1024K, 4 young (4096K), 1 survivors (1024K)
[2024-04-05T11:35:54.732+0530][gc,heap,exit ]  Metaspace       used 16651K, capacity 17025K, committed 17280K, reserved 1064960K
[2024-04-05T11:35:54.732+0530][gc,heap,exit ]   class space    used 1663K, capacity 1843K, committed 1920K, reserved 1048576K
