[2024-03-27T13:51:58.529+0530][gc,heap] Heap region size: 1M
[2024-03-27T13:51:58.530+0530][gc     ] Using G1
[2024-03-27T13:51:58.530+0530][gc,heap,coops] Heap address: 0x00000007a0000000, size: 512 MB, Compressed Oops mode: Zero based, Oop shift amount: 3
[2024-03-27T13:51:59.100+0530][gc,start     ] GC(0) Pause Young (Normal) (G1 Evacuation Pause)
[2024-03-27T13:51:59.101+0530][gc,task      ] GC(0) Using 9 workers of 9 for evacuation
[2024-03-27T13:51:59.105+0530][gc,phases    ] GC(0)   Pre Evacuate Collection Set: 0.0ms
[2024-03-27T13:51:59.105+0530][gc,phases    ] GC(0)   Evacuate Collection Set: 3.7ms
[2024-03-27T13:51:59.105+0530][gc,phases    ] GC(0)   Post Evacuate Collection Set: 0.3ms
[2024-03-27T13:51:59.105+0530][gc,phases    ] GC(0)   Other: 0.5ms
[2024-03-27T13:51:59.105+0530][gc,heap      ] GC(0) Eden regions: 25->0(21)
[2024-03-27T13:51:59.105+0530][gc,heap      ] GC(0) Survivor regions: 0->4(4)
[2024-03-27T13:51:59.105+0530][gc,heap      ] GC(0) Old regions: 0->4
[2024-03-27T13:51:59.105+0530][gc,heap      ] GC(0) Humongous regions: 0->0
[2024-03-27T13:51:59.105+0530][gc,metaspace ] GC(0) Metaspace: 14662K(15232K)->14662K(15232K) NonClass: 13164K(13568K)->13164K(13568K) Class: 1497K(1664K)->1497K(1664K)
[2024-03-27T13:51:59.105+0530][gc           ] GC(0) Pause Young (Normal) (G1 Evacuation Pause) 25M->7M(512M) 4.540ms
[2024-03-27T13:51:59.105+0530][gc,cpu       ] GC(0) User=0.02s Sys=0.01s Real=0.00s
[2024-03-27T16:22:55.410+0530][gc,start     ] GC(1) Pause Young (Normal) (G1 Evacuation Pause)
[2024-03-27T16:22:55.412+0530][gc,task      ] GC(1) Using 9 workers of 9 for evacuation
[2024-03-27T16:22:55.430+0530][gc,phases    ] GC(1)   Pre Evacuate Collection Set: 0.2ms
[2024-03-27T16:22:55.430+0530][gc,phases    ] GC(1)   Evacuate Collection Set: 16.7ms
[2024-03-27T16:22:55.430+0530][gc,phases    ] GC(1)   Post Evacuate Collection Set: 0.5ms
[2024-03-27T16:22:55.430+0530][gc,phases    ] GC(1)   Other: 3.0ms
[2024-03-27T16:22:55.430+0530][gc,heap      ] GC(1) Eden regions: 21->0(24)
[2024-03-27T16:22:55.430+0530][gc,heap      ] GC(1) Survivor regions: 4->1(4)
[2024-03-27T16:22:55.430+0530][gc,heap      ] GC(1) Old regions: 4->8
[2024-03-27T16:22:55.430+0530][gc,heap      ] GC(1) Humongous regions: 0->0
[2024-03-27T16:22:55.430+0530][gc,metaspace ] GC(1) Metaspace: 16708K(17280K)->16708K(17280K) NonClass: 15047K(15360K)->15047K(15360K) Class: 1661K(1920K)->1661K(1920K)
[2024-03-27T16:22:55.430+0530][gc           ] GC(1) Pause Young (Normal) (G1 Evacuation Pause) 28M->7M(512M) 20.455ms
[2024-03-27T16:22:55.430+0530][gc,cpu       ] GC(1) User=0.03s Sys=0.06s Real=0.02s
[2024-03-28T16:08:50.930+0530][gc,heap,exit ] Heap
[2024-03-28T16:08:50.930+0530][gc,heap,exit ]  garbage-first heap   total 524288K, used 22442K [0x00000007a0000000, 0x00000007c0000000)
[2024-03-28T16:08:50.930+0530][gc,heap,exit ]   region size 1024K, 16 young (16384K), 1 survivors (1024K)
[2024-03-28T16:08:50.930+0530][gc,heap,exit ]  Metaspace       used 16789K, capacity 17217K, committed 17536K, reserved 1064960K
[2024-03-28T16:08:50.930+0530][gc,heap,exit ]   class space    used 1668K, capacity 1843K, committed 1920K, reserved 1048576K
