[2024-03-05T22:15:39.657+0530][gc,heap] Heap region size: 1M
[2024-03-05T22:15:39.658+0530][gc     ] Using G1
[2024-03-05T22:15:39.658+0530][gc,heap,coops] Heap address: 0x00000007a0000000, size: 512 MB, Compressed Oops mode: Zero based, Oop shift amount: 3
[2024-03-05T22:15:40.096+0530][gc,start     ] GC(0) Pause Young (Normal) (G1 Evacuation Pause)
[2024-03-05T22:15:40.097+0530][gc,task      ] GC(0) Using 9 workers of 9 for evacuation
[2024-03-05T22:15:40.102+0530][gc,phases    ] GC(0)   Pre Evacuate Collection Set: 0.0ms
[2024-03-05T22:15:40.102+0530][gc,phases    ] GC(0)   Evacuate Collection Set: 4.2ms
[2024-03-05T22:15:40.102+0530][gc,phases    ] GC(0)   Post Evacuate Collection Set: 0.4ms
[2024-03-05T22:15:40.102+0530][gc,phases    ] GC(0)   Other: 0.9ms
[2024-03-05T22:15:40.102+0530][gc,heap      ] GC(0) Eden regions: 25->0(21)
[2024-03-05T22:15:40.102+0530][gc,heap      ] GC(0) Survivor regions: 0->4(4)
[2024-03-05T22:15:40.102+0530][gc,heap      ] GC(0) Old regions: 0->4
[2024-03-05T22:15:40.102+0530][gc,heap      ] GC(0) Humongous regions: 0->0
[2024-03-05T22:15:40.102+0530][gc,metaspace ] GC(0) Metaspace: 14648K(15232K)->14648K(15232K) NonClass: 13150K(13568K)->13150K(13568K) Class: 1497K(1664K)->1497K(1664K)
[2024-03-05T22:15:40.102+0530][gc           ] GC(0) Pause Young (Normal) (G1 Evacuation Pause) 25M->7M(512M) 5.978ms
[2024-03-05T22:15:40.102+0530][gc,cpu       ] GC(0) User=0.02s Sys=0.01s Real=0.01s
[2024-03-05T22:28:15.466+0530][gc,heap,exit ] Heap
[2024-03-05T22:28:15.466+0530][gc,heap,exit ]  garbage-first heap   total 524288K, used 18635K [0x00000007a0000000, 0x00000007c0000000)
[2024-03-05T22:28:15.466+0530][gc,heap,exit ]   region size 1024K, 16 young (16384K), 4 survivors (4096K)
[2024-03-05T22:28:15.466+0530][gc,heap,exit ]  Metaspace       used 16350K, capacity 16705K, committed 17024K, reserved 1064960K
[2024-03-05T22:28:15.466+0530][gc,heap,exit ]   class space    used 1664K, capacity 1843K, committed 1920K, reserved 1048576K
