[2024-03-28T16:08:53.808+0530][gc,heap] Heap region size: 1M
[2024-03-28T16:08:53.810+0530][gc     ] Using G1
[2024-03-28T16:08:53.810+0530][gc,heap,coops] Heap address: 0x00000007a0000000, size: 512 MB, Compressed Oops mode: Zero based, Oop shift amount: 3
[2024-03-28T16:08:54.262+0530][gc,start     ] GC(0) Pause Young (Normal) (G1 Evacuation Pause)
[2024-03-28T16:08:54.262+0530][gc,task      ] GC(0) Using 9 workers of 9 for evacuation
[2024-03-28T16:08:54.266+0530][gc,phases    ] GC(0)   Pre Evacuate Collection Set: 0.0ms
[2024-03-28T16:08:54.266+0530][gc,phases    ] GC(0)   Evacuate Collection Set: 3.5ms
[2024-03-28T16:08:54.266+0530][gc,phases    ] GC(0)   Post Evacuate Collection Set: 0.1ms
[2024-03-28T16:08:54.266+0530][gc,phases    ] GC(0)   Other: 0.2ms
[2024-03-28T16:08:54.266+0530][gc,heap      ] GC(0) Eden regions: 25->0(21)
[2024-03-28T16:08:54.266+0530][gc,heap      ] GC(0) Survivor regions: 0->4(4)
[2024-03-28T16:08:54.266+0530][gc,heap      ] GC(0) Old regions: 0->4
[2024-03-28T16:08:54.266+0530][gc,heap      ] GC(0) Humongous regions: 0->0
[2024-03-28T16:08:54.266+0530][gc,metaspace ] GC(0) Metaspace: 14659K(15232K)->14659K(15232K) NonClass: 13162K(13568K)->13162K(13568K) Class: 1496K(1664K)->1496K(1664K)
[2024-03-28T16:08:54.266+0530][gc           ] GC(0) Pause Young (Normal) (G1 Evacuation Pause) 25M->7M(512M) 3.948ms
[2024-03-28T16:08:54.266+0530][gc,cpu       ] GC(0) User=0.03s Sys=0.01s Real=0.00s
[2024-03-28T16:42:23.544+0530][gc,heap,exit ] Heap
[2024-03-28T16:42:23.545+0530][gc,heap,exit ]  garbage-first heap   total 524288K, used 23715K [0x00000007a0000000, 0x00000007c0000000)
[2024-03-28T16:42:23.545+0530][gc,heap,exit ]   region size 1024K, 21 young (21504K), 4 survivors (4096K)
[2024-03-28T16:42:23.545+0530][gc,heap,exit ]  Metaspace       used 16661K, capacity 17089K, committed 17280K, reserved 1064960K
[2024-03-28T16:42:23.545+0530][gc,heap,exit ]   class space    used 1664K, capacity 1843K, committed 1920K, reserved 1048576K
